08-11-2026 15:23:38 RAM 3270/7607MB (lfb 100x4MB) SWAP 51/16384MB (cached 33MB) CPU [2%@1036,2%@1036,1%@1036,1%@1036,1%@729,1%@729] GR3D_FREQ 6% cpu@58.468C soc2@57.562C soc0@59.062C gpu@58.093C tj@59.062C soc1@58.625C VDD_IN 5328mW/5328mW VDD_CPU_GPU_CV 720mW/720mW VDD_SOC 1522mW/1522mW
08-11-2026 15:23:39 RAM 3469/7607MB (lfb 100x4MB) SWAP 51/16384MB (cached 33MB) CPU [31%@1344,10%@1344,53%@1344,11%@1344,7%@729,6%@729] GR3D_FREQ 0% cpu@58.281C soc2@57.531C soc0@58.875C gpu@57.968C tj@58.906C soc1@58.281C VDD_IN 5880mW/5604mW VDD_CPU_GPU_CV 1158mW/939mW VDD_SOC 1517mW/1520mW
08-11-2026 15:23:40 RAM 4179/7607MB (lfb 100x4MB) SWAP 51/16384MB (cached 33MB) CPU [64%@1344,27%@1344,23%@1344,28%@1344,22%@729,23%@729] GR3D_FREQ 0% cpu@58.281C soc2@57.281C soc0@58.781C gpu@58.125C tj@58.781C soc1@58.281C VDD_IN 6509mW/5906mW VDD_CPU_GPU_CV 1475mW/1118mW VDD_SOC 1637mW/1559mW
08-11-2026 15:23:41 RAM 5476/7607MB (lfb 5x4MB) SWAP 51/16384MB (cached 33MB) CPU [92%@1344,6%@1344,3%@1344,3%@1344,1%@729,1%@729] GR3D_FREQ 98% cpu@58.718C soc2@57.562C soc0@58.562C gpu@59.468C tj@59.468C soc1@58.125C VDD_IN 11546mW/7316mW VDD_CPU_GPU_CV 5102mW/2114mW VDD_SOC 2258mW/1734mW
08-11-2026 15:23:42 RAM 6024/7607MB (lfb 4x4MB) SWAP 51/16384MB (cached 33MB) CPU [9%@729,23%@729,6%@729,8%@729,87%@1344,0%@1344] GR3D_FREQ 97% cpu@59.375C soc2@57.968C soc0@58.937C gpu@59.968C tj@59.968C soc1@58.312C VDD_IN 15730mW/8999mW VDD_CPU_GPU_CV 7061mW/3103mW VDD_SOC 3542mW/2095mW
08-11-2026 15:23:43 RAM 6632/7607MB (lfb 2x4MB) SWAP 51/16384MB (cached 33MB) CPU [7%@1190,6%@1190,4%@1190,15%@1190,100%@1344,0%@1344] GR3D_FREQ 99% cpu@59.625C soc2@58.281C soc0@59.125C gpu@59.75C tj@59.75C soc1@58.468C VDD_IN 16491mW/10247mW VDD_CPU_GPU_CV 7089mW/3768mW VDD_SOC 4086mW/2427mW
08-11-2026 15:23:44 RAM 6794/7607MB (lfb 6x2MB) SWAP 51/16384MB (cached 33MB) CPU [5%@729,1%@729,0%@729,12%@729,91%@1344,0%@1344] GR3D_FREQ 99% cpu@59.468C soc2@58.531C soc0@59.312C gpu@60.437C tj@60.437C soc1@58.406C VDD_IN 17486mW/11281mW VDD_CPU_GPU_CV 8211mW/4402mW VDD_SOC 4080mW/2663mW
08-11-2026 15:23:45 RAM 6793/7607MB (lfb 2x4MB) SWAP 51/16384MB (cached 33MB) CPU [15%@729,2%@729,2%@729,3%@729,86%@1344,0%@1344] GR3D_FREQ 99% cpu@59.593C soc2@58.625C soc0@59.531C gpu@60.875C tj@60.875C soc1@58.531C VDD_IN 17761mW/12091mW VDD_CPU_GPU_CV 8446mW/4908mW VDD_SOC 4080mW/2840mW
08-11-2026 15:23:46 RAM 6793/7607MB (lfb 2x4MB) SWAP 51/16384MB (cached 33MB) CPU [6%@729,3%@729,2%@729,1%@729,89%@729,0%@729] GR3D_FREQ 99% cpu@59.687C soc2@58.812C soc0@59.375C gpu@60.937C tj@60.937C soc1@58.656C VDD_IN 17447mW/12686mW VDD_CPU_GPU_CV 8329mW/5288mW VDD_SOC 4001mW/2969mW
08-11-2026 15:23:47 RAM 6795/7607MB (lfb 2x4MB) SWAP 51/16384MB (cached 33MB) CPU [11%@729,6%@729,17%@729,3%@729,92%@1036,2%@1036] GR3D_FREQ 99% cpu@60C soc2@58.812C soc0@59.468C gpu@61.156C tj@61.156C soc1@58.718C VDD_IN 17722mW/13190mW VDD_CPU_GPU_CV 8602mW/5619mW VDD_SOC 3962mW/3069mW
08-11-2026 15:23:48 RAM 6795/7607MB (lfb 2x4MB) SWAP 51/16384MB (cached 33MB) CPU [1%@729,5%@729,2%@729,2%@729,91%@1344,0%@1344] GR3D_FREQ 98% cpu@59.937C soc2@58.937C soc0@59.625C gpu@61.281C tj@61.281C soc1@58.875C VDD_IN 17683mW/13598mW VDD_CPU_GPU_CV 8759mW/5905mW VDD_SOC 3923mW/3146mW
08-11-2026 15:23:49 RAM 6796/7607MB (lfb 2x4MB) SWAP 51/16384MB (cached 33MB) CPU [3%@729,3%@729,1%@729,5%@729,83%@1344,0%@1344] GR3D_FREQ 97% cpu@59.781C soc2@58.968C soc0@59.687C gpu@61.343C tj@61.343C soc1@58.75C VDD_IN 17604mW/13932mW VDD_CPU_GPU_CV 8641mW/6133mW VDD_SOC 3923mW/3211mW
08-11-2026 15:23:50 RAM 6857/7607MB (lfb 2x4MB) SWAP 51/16384MB (cached 33MB) CPU [3%@729,5%@729,2%@729,1%@729,93%@1344,0%@1344] GR3D_FREQ 97% cpu@59.812C soc2@59C soc0@59.781C gpu@61.406C tj@61.406C soc1@58.843C VDD_IN 17722mW/14224mW VDD_CPU_GPU_CV 8720mW/6332mW VDD_SOC 3923mW/3266mW
08-11-2026 15:23:51 RAM 6857/7607MB (lfb 2x4MB) SWAP 51/16384MB (cached 33MB) CPU [2%@729,4%@729,2%@729,1%@729,86%@1344,1%@1344] GR3D_FREQ 98% cpu@60.062C soc2@59.093C soc0@59.687C gpu@61.312C tj@61.312C soc1@58.937C VDD_IN 17722mW/14474mW VDD_CPU_GPU_CV 8641mW/6497mW VDD_SOC 3962mW/3315mW
08-11-2026 15:23:52 RAM 6856/7607MB (lfb 2x4MB) SWAP 51/16384MB (cached 33MB) CPU [10%@729,20%@729,6%@729,4%@729,85%@1344,1%@1344] GR3D_FREQ 98% cpu@60.312C soc2@59.156C soc0@59.843C gpu@61.406C tj@61.406C soc1@59C VDD_IN 17761mW/14693mW VDD_CPU_GPU_CV 8666mW/6641mW VDD_SOC 4001mW/3361mW
08-11-2026 15:23:53 RAM 6856/7607MB (lfb 2x4MB) SWAP 51/16384MB (cached 33MB) CPU [3%@729,4%@729,1%@729,1%@729,85%@1344,0%@1344] GR3D_FREQ 98% cpu@60.031C soc2@59.187C soc0@59.875C gpu@61.406C tj@61.406C soc1@59.031C VDD_IN 17604mW/14875mW VDD_CPU_GPU_CV 8485mW/6757mW VDD_SOC 4001mW/3401mW
08-11-2026 15:23:54 RAM 6856/7607MB (lfb 2x4MB) SWAP 51/16384MB (cached 33MB) CPU [5%@729,2%@729,0%@729,1%@729,85%@1344,0%@1344] GR3D_FREQ 98% cpu@60.156C soc2@59.25C soc0@60C gpu@61.468C tj@61.468C soc1@59.031C VDD_IN 17565mW/15033mW VDD_CPU_GPU_CV 8368mW/6851mW VDD_SOC 4040mW/3439mW
08-11-2026 15:23:55 RAM 6857/7607MB (lfb 2x4MB) SWAP 51/16384MB (cached 33MB) CPU [5%@729,2%@729,2%@729,1%@729,86%@1344,0%@1344] GR3D_FREQ 98% cpu@60.343C soc2@59.281C soc0@59.937C gpu@61.843C tj@61.843C soc1@59.125C VDD_IN 17722mW/15182mW VDD_CPU_GPU_CV 8407mW/6938mW VDD_SOC 4080mW/3474mW
08-11-2026 15:23:56 RAM 6857/7607MB (lfb 2x4MB) SWAP 51/16384MB (cached 33MB) CPU [21%@729,6%@729,2%@729,3%@729,65%@1344,0%@1344] GR3D_FREQ 97% cpu@60.25C soc2@59.375C soc0@60.031C gpu@61.812C tj@61.812C soc1@59.25C VDD_IN 17683mW/15314mW VDD_CPU_GPU_CV 8290mW/7009mW VDD_SOC 4119mW/3508mW
08-11-2026 15:23:57 RAM 6860/7607MB (lfb 2x4MB) SWAP 51/16384MB (cached 33MB) CPU [4%@729,11%@729,19%@729,0%@729,86%@1344,1%@1344] GR3D_FREQ 99% cpu@60.625C soc2@59.468C soc0@60.093C gpu@61.875C tj@61.875C soc1@59.406C VDD_IN 17761mW/15436mW VDD_CPU_GPU_CV 8250mW/7071mW VDD_SOC 4158mW/3541mW
08-11-2026 15:23:58 RAM 6861/7607MB (lfb 2x4MB) SWAP 51/16384MB (cached 33MB) CPU [3%@729,3%@729,3%@729,4%@729,82%@1344,2%@1344] GR3D_FREQ 97% cpu@60.281C soc2@59.531C soc0@60.281C gpu@61.906C tj@61.906C soc1@59.5C VDD_IN 17368mW/15528mW VDD_CPU_GPU_CV 7781mW/7105mW VDD_SOC 4197mW/3572mW
08-11-2026 15:23:59 RAM 6861/7607MB (lfb 2x4MB) SWAP 51/16384MB (cached 33MB) CPU [0%@729,2%@729,5%@729,4%@729,87%@1344,0%@1344] GR3D_FREQ 98% cpu@60.593C soc2@59.531C soc0@60.312C gpu@61.875C tj@61.875C soc1@59.343C VDD_IN 17604mW/15623mW VDD_CPU_GPU_CV 7820mW/7137mW VDD_SOC 4276mW/3604mW
08-11-2026 15:24:00 RAM 6862/7607MB (lfb 2x4MB) SWAP 51/16384MB (cached 33MB) CPU [3%@729,1%@729,4%@729,2%@729,85%@1344,3%@1344] GR3D_FREQ 99% cpu@60.968C soc2@59.625C soc0@60.187C gpu@61.406C tj@61.406C soc1@59.406C VDD_IN 17604mW/15709mW VDD_CPU_GPU_CV 7938mW/7172mW VDD_SOC 4237mW/3632mW
08-11-2026 15:24:01 RAM 6863/7607MB (lfb 2x4MB) SWAP 51/16384MB (cached 33MB) CPU [2%@729,2%@729,6%@729,2%@729,86%@1344,0%@1344] GR3D_FREQ 99% cpu@60.5C soc2@59.687C soc0@60.312C gpu@61.937C tj@61.937C soc1@59.5C VDD_IN 17486mW/15783mW VDD_CPU_GPU_CV 8290mW/7219mW VDD_SOC 4040mW/3649mW
08-11-2026 15:24:02 RAM 6862/7607MB (lfb 2x4MB) SWAP 51/16384MB (cached 33MB) CPU [7%@883,8%@883,5%@883,2%@883,87%@1344,2%@1344] GR3D_FREQ 99% cpu@60.968C soc2@59.843C soc0@60.406C gpu@62.093C tj@62.093C soc1@59.437C VDD_IN 17761mW/15862mW VDD_CPU_GPU_CV 8563mW/7272mW VDD_SOC 4080mW/3666mW
08-11-2026 15:24:03 RAM 6862/7607MB (lfb 2x4MB) SWAP 51/16384MB (cached 33MB) CPU [5%@729,9%@729,5%@729,5%@729,90%@729,0%@729] GR3D_FREQ 99% cpu@60.437C soc2@59.687C soc0@60.562C gpu@61.812C tj@61.812C soc1@59.437C VDD_IN 17082mW/15909mW VDD_CPU_GPU_CV 8094mW/7304mW VDD_SOC 3890mW/3674mW
08-11-2026 15:24:04 RAM 6863/7607MB (lfb 2x4MB) SWAP 51/16384MB (cached 33MB) CPU [1%@729,4%@729,1%@729,1%@729,91%@1344,0%@1344] GR3D_FREQ 98% cpu@60.718C soc2@59.781C soc0@60.5C gpu@62.375C tj@62.375C soc1@59.562C VDD_IN 17722mW/15976mW VDD_CPU_GPU_CV 8720mW/7357mW VDD_SOC 3923mW/3684mW
08-11-2026 15:24:05 RAM 6863/7607MB (lfb 2x4MB) SWAP 51/16384MB (cached 33MB) CPU [2%@729,4%@729,1%@729,3%@729,88%@1344,0%@1344] GR3D_FREQ 97% cpu@60.906C soc2@59.812C soc0@60.625C gpu@62.062C tj@62.062C soc1@59.656C VDD_IN 17722mW/16038mW VDD_CPU_GPU_CV 8759mW/7407mW VDD_SOC 3923mW/3692mW
08-11-2026 15:24:06 RAM 6863/7607MB (lfb 2x4MB) SWAP 51/16384MB (cached 33MB) CPU [3%@729,3%@729,2%@729,3%@729,85%@1344,0%@1344] GR3D_FREQ 99% cpu@60.656C soc2@59.937C soc0@60.625C gpu@62.062C tj@62.062C soc1@59.75C VDD_IN 17722mW/16096mW VDD_CPU_GPU_CV 8681mW/7451mW VDD_SOC 3962mW/3701mW
08-11-2026 15:24:07 RAM 6864/7607MB (lfb 2x4MB) SWAP 51/16384MB (cached 33MB) CPU [3%@729,5%@729,1%@729,2%@729,87%@1344,0%@1344] GR3D_FREQ 97% cpu@60.75C soc2@59.937C soc0@60.687C gpu@62.187C tj@62.187C soc1@59.875C VDD_IN 17801mW/16153mW VDD_CPU_GPU_CV 8759mW/7494mW VDD_SOC 3962mW/3710mW
08-11-2026 15:24:08 RAM 6982/7607MB (lfb 2x4MB) SWAP 106/16384MB (cached 66MB) CPU [10%@729,9%@729,28%@729,25%@729,94%@1344,2%@1344] GR3D_FREQ 98% cpu@60.906C soc2@59.937C soc0@60.843C gpu@62.375C tj@62.375C soc1@59.718C VDD_IN 17447mW/16195mW VDD_CPU_GPU_CV 8368mW/7522mW VDD_SOC 3962mW/3718mW
08-11-2026 15:24:09 RAM 6982/7607MB (lfb 2x4MB) SWAP 106/16384MB (cached 66MB) CPU [3%@729,3%@729,1%@729,2%@729,85%@1344,4%@1344] GR3D_FREQ 98% cpu@60.968C soc2@60.062C soc0@60.75C gpu@62.312C tj@62.312C soc1@59.843C VDD_IN 17722mW/16243mW VDD_CPU_GPU_CV 8407mW/7550mW VDD_SOC 4080mW/3730mW
08-11-2026 15:24:10 RAM 7204/7607MB (lfb 1x4MB) SWAP 153/16384MB (cached 85MB) CPU [5%@729,6%@729,28%@729,3%@729,45%@1344,50%@1344] GR3D_FREQ 98% cpu@61.218C soc2@59.968C soc0@60.656C gpu@62C tj@62C soc1@59.843C VDD_IN 15730mW/16227mW VDD_CPU_GPU_CV 6630mW/7522mW VDD_SOC 3975mW/3737mW
08-11-2026 15:24:11 RAM 7205/7607MB (lfb 1x4MB) SWAP 153/16384MB (cached 85MB) CPU [2%@729,5%@729,2%@729,2%@729,0%@1344,86%@1344] GR3D_FREQ 99% cpu@61.343C soc2@60.156C soc0@60.718C gpu@61.843C tj@61.843C soc1@60.031C VDD_IN 17526mW/16265mW VDD_CPU_GPU_CV 7703mW/7527mW VDD_SOC 4276mW/3753mW
08-11-2026 15:24:12 RAM 7205/7607MB (lfb 1x4MB) SWAP 156/16384MB (cached 87MB) CPU [1%@729,3%@729,3%@729,5%@729,0%@1344,86%@1344] GR3D_FREQ 99% cpu@61.281C soc2@60.218C soc0@61C gpu@62.093C tj@62.093C soc1@59.906C VDD_IN 17643mW/16305mW VDD_CPU_GPU_CV 8250mW/7548mW VDD_SOC 4158mW/3764mW
08-11-2026 15:24:13 RAM 7208/7607MB (lfb 1x4MB) SWAP 156/16384MB (cached 87MB) CPU [15%@729,16%@729,5%@729,13%@729,6%@729,83%@729] GR3D_FREQ 99% cpu@61.25C soc2@60.25C soc0@60.75C gpu@62.468C tj@62.468C soc1@60C VDD_IN 17526mW/16339mW VDD_CPU_GPU_CV 8368mW/7571mW VDD_SOC 4040mW/3772mW
08-11-2026 15:24:14 RAM 7208/7607MB (lfb 1x4MB) SWAP 156/16384MB (cached 87MB) CPU [7%@729,1%@729,2%@729,0%@729,0%@729,91%@729] GR3D_FREQ 99% cpu@61.312C soc2@60.156C soc0@60.875C gpu@62.468C tj@62.468C soc1@60.062C VDD_IN 17683mW/16375mW VDD_CPU_GPU_CV 8485mW/7596mW VDD_SOC 4001mW/3778mW
08-11-2026 15:24:15 RAM 7208/7607MB (lfb 1x4MB) SWAP 156/16384MB (cached 87MB) CPU [3%@729,1%@729,4%@729,2%@729,1%@1344,91%@1344] GR3D_FREQ 97% cpu@61.375C soc2@60.312C soc0@60.968C gpu@62.437C tj@62.437C soc1@60.093C VDD_IN 17840mW/16414mW VDD_CPU_GPU_CV 8759mW/7626mW VDD_SOC 3962mW/3783mW
08-11-2026 15:24:16 RAM 7209/7607MB (lfb 1x4MB) SWAP 156/16384MB (cached 87MB) CPU [5%@729,2%@729,3%@729,3%@729,0%@1344,85%@1344] GR3D_FREQ 97% cpu@61.187C soc2@60.437C soc0@61.031C gpu@62.531C tj@62.531C soc1@59.968C VDD_IN 17722mW/16447mW VDD_CPU_GPU_CV 8720mW/7654mW VDD_SOC 3923mW/3787mW
08-11-2026 15:24:17 RAM 7210/7607MB (lfb 1x4MB) SWAP 156/16384MB (cached 87MB) CPU [4%@729,1%@729,1%@729,3%@729,0%@1344,86%@1344] GR3D_FREQ 97% cpu@61.312C soc2@60.312C soc0@61.156C gpu@62.718C tj@62.718C soc1@60.031C VDD_IN 17722mW/16479mW VDD_CPU_GPU_CV 8641mW/7679mW VDD_SOC 3962mW/3791mW
08-11-2026 15:24:18 RAM 7217/7607MB (lfb 1x4MB) SWAP 156/16384MB (cached 87MB) CPU [10%@729,7%@729,17%@729,6%@729,2%@1344,86%@1344] GR3D_FREQ 97% cpu@61.343C soc2@60.375C soc0@61.031C gpu@62.906C tj@62.906C soc1@60.093C VDD_IN 18076mW/16518mW VDD_CPU_GPU_CV 8901mW/7709mW VDD_SOC 4001mW/3796mW
08-11-2026 15:24:19 RAM 7216/7607MB (lfb 1x4MB) SWAP 157/16384MB (cached 87MB) CPU [1%@729,5%@729,2%@729,3%@729,1%@1344,83%@1344] GR3D_FREQ 99% cpu@61.656C soc2@60.5C soc0@61.062C gpu@62.875C tj@62.875C soc1@60.218C VDD_IN 17722mW/16547mW VDD_CPU_GPU_CV 8563mW/7729mW VDD_SOC 4001mW/3801mW
08-11-2026 15:24:20 RAM 7214/7607MB (lfb 1x4MB) SWAP 157/16384MB (cached 87MB) CPU [2%@729,4%@729,2%@729,3%@729,0%@1344,84%@1344] GR3D_FREQ 98% cpu@61.25C soc2@60.437C soc0@61.125C gpu@63.031C tj@63.031C soc1@60.281C VDD_IN 17683mW/16573mW VDD_CPU_GPU_CV 8485mW/7747mW VDD_SOC 4001mW/3806mW
08-11-2026 15:24:21 RAM 7215/7607MB (lfb 1x4MB) SWAP 157/16384MB (cached 87MB) CPU [1%@729,5%@729,1%@729,4%@729,0%@1344,86%@1344] GR3D_FREQ 97% cpu@61.5C soc2@60.593C soc0@61.281C gpu@62.75C tj@62.75C soc1@60.281C VDD_IN 17722mW/16599mW VDD_CPU_GPU_CV 8446mW/7763mW VDD_SOC 4080mW/3812mW
08-11-2026 15:24:22 RAM 7216/7607MB (lfb 1x4MB) SWAP 158/16384MB (cached 87MB) CPU [3%@729,1%@729,3%@729,4%@729,0%@1344,84%@1344] GR3D_FREQ 98% cpu@61.406C soc2@60.562C soc0@61.093C gpu@62.843C tj@62.843C soc1@60.218C VDD_IN 17761mW/16625mW VDD_CPU_GPU_CV 8446mW/7778mW VDD_SOC 4080mW/3818mW
08-11-2026 15:24:23 RAM 7217/7607MB (lfb 1x4MB) SWAP 158/16384MB (cached 87MB) CPU [15%@960,3%@960,7%@960,7%@960,25%@1344,48%@1344] GR3D_FREQ 98% cpu@61.625C soc2@60.468C soc0@61.156C gpu@62.562C tj@62.562C soc1@60.312C VDD_IN 16452mW/16621mW VDD_CPU_GPU_CV 7481mW/7771mW VDD_SOC 3929mW/3820mW
08-11-2026 15:24:24 RAM 7223/7607MB (lfb 1x4MB) SWAP 158/16384MB (cached 87MB) CPU [10%@729,8%@729,8%@729,7%@729,56%@1344,14%@1344] GR3D_FREQ 0% cpu@61.343C soc2@60.187C soc0@61.25C gpu@61.187C tj@61.343C soc1@60.343C VDD_IN 12893mW/16542mW VDD_CPU_GPU_CV 5164mW/7716mW VDD_SOC 3361mW/3811mW
08-11-2026 15:24:25 RAM 6230/7607MB (lfb 10x4MB) SWAP 158/16384MB (cached 87MB) CPU [28%@1344,6%@1344,10%@1344,34%@1344,1%@729,3%@729] GR3D_FREQ 0% cpu@60.406C soc2@59.437C soc0@60.75C gpu@60.062C tj@60.75C soc1@60.156C VDD_IN 6459mW/16332mW VDD_CPU_GPU_CV 1433mW/7585mW VDD_SOC 1714mW/3767mW
