08-11-2026 15:19:43 RAM 3375/7607MB (lfb 42x4MB) SWAP 0/16384MB (cached 0MB) CPU [2%@729,4%@729,2%@960,2%@960,1%@729,1%@729] GR3D_FREQ 0% cpu@46.875C soc2@45.843C soc0@47.312C gpu@47.343C tj@47.343C soc1@47.093C VDD_IN 5096mW/5096mW VDD_CPU_GPU_CV 560mW/560mW VDD_SOC 1484mW/1484mW
08-11-2026 15:19:44 RAM 3600/7607MB (lfb 18x4MB) SWAP 0/16384MB (cached 0MB) CPU [23%@1113,53%@1113,17%@1113,8%@1113,8%@729,9%@729] GR3D_FREQ 0% cpu@47.25C soc2@45.968C soc0@47.312C gpu@47.781C tj@47.781C soc1@47.25C VDD_IN 5680mW/5388mW VDD_CPU_GPU_CV 1000mW/780mW VDD_SOC 1520mW/1502mW
08-11-2026 15:19:45 RAM 4577/7607MB (lfb 18x4MB) SWAP 0/16384MB (cached 0MB) CPU [29%@729,69%@729,33%@729,31%@729,37%@1344,29%@1344] GR3D_FREQ 52% cpu@47.406C soc2@46.187C soc0@47.562C gpu@48.25C tj@48.25C soc1@47C VDD_IN 7547mW/6108mW VDD_CPU_GPU_CV 2113mW/1224mW VDD_SOC 1794mW/1599mW
08-11-2026 15:19:46 RAM 5529/7607MB (lfb 28x1MB) SWAP 1/16384MB (cached 0MB) CPU [25%@729,18%@729,9%@729,7%@729,97%@1344,39%@1344] GR3D_FREQ 97% cpu@47.937C soc2@46.406C soc0@47.5C gpu@49.75C tj@49.75C soc1@47.218C VDD_IN 11388mW/7428mW VDD_CPU_GPU_CV 4944mW/2154mW VDD_SOC 2341mW/1785mW
08-11-2026 15:19:47 RAM 6088/7607MB (lfb 1x2MB) SWAP 1/16384MB (cached 0MB) CPU [63%@1344,32%@1344,16%@1344,20%@1344,37%@1344,27%@1344] GR3D_FREQ 99% cpu@48.781C soc2@47.062C soc0@48.031C gpu@50.125C tj@50.125C soc1@47.437C VDD_IN 13526mW/8647mW VDD_CPU_GPU_CV 6110mW/2945mW VDD_SOC 2966mW/2021mW
08-11-2026 15:19:48 RAM 6374/7607MB (lfb 7x2MB) SWAP 1/16384MB (cached 0MB) CPU [10%@1344,30%@1344,8%@1344,5%@1344,9%@1344,99%@1344] GR3D_FREQ 0% cpu@48.625C soc2@47.562C soc0@48.281C gpu@49.468C tj@49.468C soc1@47.812C VDD_IN 15084mW/9720mW VDD_CPU_GPU_CV 6916mW/3607mW VDD_SOC 3548mW/2276mW
08-11-2026 15:19:49 RAM 6528/7607MB (lfb 12x2MB) SWAP 2/16384MB (cached 1MB) CPU [14%@729,10%@729,8%@729,7%@729,4%@1344,95%@1344] GR3D_FREQ 98% cpu@49.093C soc2@47.593C soc0@48.468C gpu@50.75C tj@50.75C soc1@48.031C VDD_IN 15730mW/10579mW VDD_CPU_GPU_CV 7387mW/4147mW VDD_SOC 3508mW/2452mW
08-11-2026 15:19:50 RAM 6529/7607MB (lfb 12x2MB) SWAP 2/16384MB (cached 1MB) CPU [4%@729,3%@729,3%@729,2%@729,0%@1344,92%@1344] GR3D_FREQ 97% cpu@49.593C soc2@48.062C soc0@48.656C gpu@51.25C tj@51.25C soc1@47.968C VDD_IN 17200mW/11406mW VDD_CPU_GPU_CV 8107mW/4642mW VDD_SOC 3968mW/2641mW
08-11-2026 15:19:51 RAM 6535/7607MB (lfb 11x2MB) SWAP 2/16384MB (cached 1MB) CPU [9%@1344,45%@1344,11%@1344,14%@1344,1%@1344,91%@1344] GR3D_FREQ 97% cpu@49.906C soc2@48.406C soc0@49.062C gpu@51.5C tj@51.5C soc1@48.312C VDD_IN 17840mW/12121mW VDD_CPU_GPU_CV 8524mW/5073mW VDD_SOC 4086mW/2802mW
08-11-2026 15:19:52 RAM 6531/7607MB (lfb 11x2MB) SWAP 2/16384MB (cached 0MB) CPU [20%@1344,70%@1344,10%@1344,4%@1344,0%@1344,92%@1344] GR3D_FREQ 97% cpu@50.281C soc2@48.718C soc0@49.343C gpu@51.687C tj@51.687C soc1@48.718C VDD_IN 17801mW/12689mW VDD_CPU_GPU_CV 8407mW/5407mW VDD_SOC 4126mW/2934mW
08-11-2026 15:19:53 RAM 6532/7607MB (lfb 11x2MB) SWAP 2/16384MB (cached 0MB) CPU [6%@729,37%@729,18%@729,4%@729,0%@1344,92%@1344] GR3D_FREQ 97% cpu@50.281C soc2@48.937C soc0@49.718C gpu@51.75C tj@51.75C soc1@48.906C VDD_IN 17554mW/13131mW VDD_CPU_GPU_CV 7990mW/5642mW VDD_SOC 4204mW/3050mW
08-11-2026 15:19:54 RAM 6555/7607MB (lfb 5x2MB) SWAP 2/16384MB (cached 0MB) CPU [15%@729,14%@729,10%@729,11%@729,3%@1344,92%@1344] GR3D_FREQ 99% cpu@50.937C soc2@49.375C soc0@49.906C gpu@51.468C tj@51.468C soc1@48.937C VDD_IN 17643mW/13507mW VDD_CPU_GPU_CV 7911mW/5831mW VDD_SOC 4283mW/3152mW
08-11-2026 15:19:55 RAM 6553/7607MB (lfb 2x4MB) SWAP 2/16384MB (cached 0MB) CPU [10%@729,2%@729,1%@729,1%@729,1%@1344,92%@1344] GR3D_FREQ 99% cpu@50.968C soc2@49.281C soc0@50C gpu@52.125C tj@52.125C soc1@49.218C VDD_IN 17279mW/13798mW VDD_CPU_GPU_CV 8186mW/6012mW VDD_SOC 4008mW/3218mW
08-11-2026 15:19:56 RAM 6554/7607MB (lfb 2x4MB) SWAP 2/16384MB (cached 0MB) CPU [12%@1344,17%@1344,17%@1344,23%@1344,12%@1344,96%@1344] GR3D_FREQ 99% cpu@51.437C soc2@49.593C soc0@50.25C gpu@52.625C tj@52.625C soc1@49.5C VDD_IN 17840mW/14086mW VDD_CPU_GPU_CV 8798mW/6211mW VDD_SOC 4001mW/3274mW
08-11-2026 15:19:57 RAM 6558/7607MB (lfb 2x4MB) SWAP 2/16384MB (cached 0MB) CPU [73%@1344,14%@1344,13%@1344,46%@1344,30%@729,8%@729] GR3D_FREQ 99% cpu@51.468C soc2@49.968C soc0@50.531C gpu@53.125C tj@53.125C soc1@49.812C VDD_IN 18233mW/14363mW VDD_CPU_GPU_CV 9072mW/6402mW VDD_SOC 4080mW/3328mW
08-11-2026 15:19:58 RAM 6567/7607MB (lfb 2x4MB) SWAP 2/16384MB (cached 0MB) CPU [45%@1344,11%@1344,13%@1344,55%@1344,2%@1344,99%@1344] GR3D_FREQ 97% cpu@51.312C soc2@50.312C soc0@50.718C gpu@53.218C tj@53.218C soc1@50C VDD_IN 18272mW/14607mW VDD_CPU_GPU_CV 9267mW/6581mW VDD_SOC 3923mW/3365mW
08-11-2026 15:19:59 RAM 6559/7607MB (lfb 2x4MB) SWAP 2/16384MB (cached 0MB) CPU [31%@1344,70%@1344,9%@1344,21%@1344,0%@1344,93%@1344] GR3D_FREQ 97% cpu@51.781C soc2@50.468C soc0@51.062C gpu@53.406C tj@53.406C soc1@50.093C VDD_IN 18194mW/14818mW VDD_CPU_GPU_CV 9150mW/6732mW VDD_SOC 3923mW/3398mW
08-11-2026 15:20:00 RAM 6560/7607MB (lfb 2x4MB) SWAP 2/16384MB (cached 0MB) CPU [2%@729,3%@729,19%@729,2%@729,1%@1344,92%@1344] GR3D_FREQ 98% cpu@51.875C soc2@50.468C soc0@51.031C gpu@53.562C tj@53.562C soc1@50.281C VDD_IN 17593mW/14972mW VDD_CPU_GPU_CV 8641mW/6838mW VDD_SOC 3929mW/3427mW
08-11-2026 15:20:01 RAM 6560/7607MB (lfb 2x4MB) SWAP 2/16384MB (cached 0MB) CPU [4%@729,2%@729,2%@729,3%@729,0%@1344,93%@1344] GR3D_FREQ 98% cpu@52.281C soc2@50.812C soc0@51.343C gpu@53.718C tj@53.718C soc1@50.687C VDD_IN 17593mW/15110mW VDD_CPU_GPU_CV 8485mW/6925mW VDD_SOC 3968mW/3456mW
08-11-2026 15:20:02 RAM 6562/7607MB (lfb 2x4MB) SWAP 2/16384MB (cached 0MB) CPU [18%@729,6%@729,9%@729,2%@729,0%@1344,92%@1344] GR3D_FREQ 97% cpu@52.093C soc2@50.875C soc0@51.562C gpu@53.656C tj@53.656C soc1@50.812C VDD_IN 17593mW/15234mW VDD_CPU_GPU_CV 8485mW/7003mW VDD_SOC 4008mW/3483mW
08-11-2026 15:20:03 RAM 6563/7607MB (lfb 2x4MB) SWAP 2/16384MB (cached 0MB) CPU [6%@1344,6%@1344,46%@1344,4%@1344,0%@1344,92%@1344] GR3D_FREQ 97% cpu@52.562C soc2@51.125C soc0@51.875C gpu@53.937C tj@53.937C soc1@51.031C VDD_IN 17918mW/15362mW VDD_CPU_GPU_CV 8759mW/7086mW VDD_SOC 4001mW/3508mW
08-11-2026 15:20:04 RAM 6564/7607MB (lfb 2x4MB) SWAP 2/16384MB (cached 0MB) CPU [6%@729,19%@729,25%@729,5%@729,0%@1344,91%@1344] GR3D_FREQ 97% cpu@52.562C soc2@51.187C soc0@52.031C gpu@54.031C tj@54.031C soc1@51.125C VDD_IN 17593mW/15463mW VDD_CPU_GPU_CV 8329mW/7143mW VDD_SOC 4047mW/3533mW
08-11-2026 15:20:05 RAM 6564/7607MB (lfb 2x4MB) SWAP 2/16384MB (cached 0MB) CPU [2%@729,3%@729,2%@729,2%@729,1%@1344,91%@1344] GR3D_FREQ 97% cpu@52.906C soc2@51.468C soc0@52.093C gpu@54.125C tj@54.125C soc1@51.25C VDD_IN 17475mW/15551mW VDD_CPU_GPU_CV 8186mW/7188mW VDD_SOC 4086mW/3557mW
08-11-2026 15:20:06 RAM 6565/7607MB (lfb 2x4MB) SWAP 2/16384MB (cached 0MB) CPU [2%@729,4%@729,2%@729,3%@729,0%@1344,92%@1344] GR3D_FREQ 97% cpu@53.218C soc2@51.718C soc0@52.406C gpu@54.562C tj@54.562C soc1@51.531C VDD_IN 17436mW/15629mW VDD_CPU_GPU_CV 8029mW/7223mW VDD_SOC 4165mW/3582mW
08-11-2026 15:20:07 RAM 6566/7607MB (lfb 2x4MB) SWAP 2/16384MB (cached 0MB) CPU [12%@729,9%@729,13%@729,7%@729,0%@1344,92%@1344] GR3D_FREQ 98% cpu@53.062C soc2@51.812C soc0@52.562C gpu@54.718C tj@54.718C soc1@51.843C VDD_IN 17554mW/15706mW VDD_CPU_GPU_CV 7990mW/7254mW VDD_SOC 4204mW/3607mW
08-11-2026 15:20:08 RAM 6566/7607MB (lfb 2x4MB) SWAP 2/16384MB (cached 0MB) CPU [2%@729,4%@729,2%@729,3%@729,0%@1344,92%@1344] GR3D_FREQ 97% cpu@53.468C soc2@51.875C soc0@52.843C gpu@54.75C tj@54.75C soc1@51.812C VDD_IN 17397mW/15771mW VDD_CPU_GPU_CV 7755mW/7273mW VDD_SOC 4243mW/3631mW
08-11-2026 15:20:09 RAM 6568/7607MB (lfb 2x4MB) SWAP 2/16384MB (cached 0MB) CPU [5%@1344,4%@1344,61%@1344,6%@1344,0%@1344,92%@1344] GR3D_FREQ 99% cpu@53.937C soc2@52.375C soc0@52.75C gpu@54.437C tj@54.437C soc1@51.968C VDD_IN 17722mW/15844mW VDD_CPU_GPU_CV 8407mW/7315mW VDD_SOC 4158mW/3651mW
08-11-2026 15:20:10 RAM 6569/7607MB (lfb 2x4MB) SWAP 2/16384MB (cached 0MB) CPU [4%@729,22%@729,11%@729,3%@729,0%@1344,92%@1344] GR3D_FREQ 99% cpu@53.406C soc2@52.406C soc0@52.937C gpu@55.062C tj@55.062C soc1@52.187C VDD_IN 17515mW/15903mW VDD_CPU_GPU_CV 8485mW/7357mW VDD_SOC 4008mW/3664mW
08-11-2026 15:20:11 RAM 6569/7607MB (lfb 2x4MB) SWAP 2/16384MB (cached 0MB) CPU [3%@729,2%@729,2%@729,4%@729,0%@1344,92%@1344] GR3D_FREQ 99% cpu@53.937C soc2@52.625C soc0@53.343C gpu@55.312C tj@55.312C soc1@52.562C VDD_IN 17515mW/15959mW VDD_CPU_GPU_CV 8485mW/7396mW VDD_SOC 4008mW/3675mW
08-11-2026 15:20:12 RAM 6569/7607MB (lfb 2x4MB) SWAP 2/16384MB (cached 0MB) CPU [13%@729,16%@729,5%@729,7%@729,0%@806,95%@806] GR3D_FREQ 99% cpu@53.656C soc2@52.906C soc0@53.468C gpu@55.437C tj@55.437C soc1@52.531C VDD_IN 17761mW/16019mW VDD_CPU_GPU_CV 8759mW/7441mW VDD_SOC 3962mW/3685mW
08-11-2026 15:20:13 RAM 6569/7607MB (lfb 2x4MB) SWAP 2/16384MB (cached 0MB) CPU [2%@729,1%@729,4%@729,2%@729,0%@1344,98%@1344] GR3D_FREQ 97% cpu@54.031C soc2@52.875C soc0@53.5C gpu@55.812C tj@55.812C soc1@52.718C VDD_IN 17604mW/16070mW VDD_CPU_GPU_CV 8720mW/7482mW VDD_SOC 3929mW/3693mW
08-11-2026 15:20:14 RAM 6570/7607MB (lfb 2x4MB) SWAP 2/16384MB (cached 0MB) CPU [5%@729,2%@729,2%@729,1%@729,0%@1344,92%@1344] GR3D_FREQ 97% cpu@54.312C soc2@53C soc0@53.718C gpu@56.031C tj@56.031C soc1@52.843C VDD_IN 17554mW/16117mW VDD_CPU_GPU_CV 8602mW/7517mW VDD_SOC 3890mW/3699mW
08-11-2026 15:20:15 RAM 6568/7607MB (lfb 2x4MB) SWAP 2/16384MB (cached 0MB) CPU [8%@1344,72%@1344,2%@1344,4%@1344,0%@1344,92%@1344] GR3D_FREQ 97% cpu@54.281C soc2@53.281C soc0@53.875C gpu@56.25C tj@56.25C soc1@53.125C VDD_IN 18036mW/16175mW VDD_CPU_GPU_CV 9072mW/7565mW VDD_SOC 3883mW/3705mW
08-11-2026 15:20:16 RAM 6569/7607MB (lfb 2x4MB) SWAP 2/16384MB (cached 0MB) CPU [6%@729,17%@729,2%@729,5%@729,0%@1344,92%@1344] GR3D_FREQ 97% cpu@54.593C soc2@53.375C soc0@54C gpu@55.843C tj@55.843C soc1@53.343C VDD_IN 17604mW/16217mW VDD_CPU_GPU_CV 8641mW/7596mW VDD_SOC 3929mW/3711mW
08-11-2026 15:20:17 RAM 6570/7607MB (lfb 2x4MB) SWAP 2/16384MB (cached 0MB) CPU [4%@729,5%@729,10%@729,16%@729,1%@1344,92%@1344] GR3D_FREQ 97% cpu@54.531C soc2@53.593C soc0@54.25C gpu@56C tj@56C soc1@53.281C VDD_IN 17722mW/16260mW VDD_CPU_GPU_CV 8681mW/7627mW VDD_SOC 3923mW/3717mW
08-11-2026 15:20:18 RAM 6570/7607MB (lfb 2x4MB) SWAP 2/16384MB (cached 0MB) CPU [2%@729,1%@729,5%@729,2%@729,0%@1344,92%@1344] GR3D_FREQ 97% cpu@54.75C soc2@53.656C soc0@54.25C gpu@56.125C tj@56.125C soc1@53.437C VDD_IN 17515mW/16295mW VDD_CPU_GPU_CV 8407mW/7649mW VDD_SOC 3968mW/3724mW
08-11-2026 15:20:19 RAM 6571/7607MB (lfb 2x4MB) SWAP 2/16384MB (cached 0MB) CPU [2%@729,5%@729,1%@729,2%@729,1%@1344,91%@1344] GR3D_FREQ 97% cpu@55C soc2@53.812C soc0@54.375C gpu@56.375C tj@56.375C soc1@53.625C VDD_IN 17436mW/16325mW VDD_CPU_GPU_CV 8303mW/7667mW VDD_SOC 3968mW/3731mW
08-11-2026 15:20:20 RAM 6571/7607MB (lfb 2x4MB) SWAP 2/16384MB (cached 0MB) CPU [4%@729,1%@729,1%@729,1%@729,1%@1344,92%@1344] GR3D_FREQ 97% cpu@54.937C soc2@53.875C soc0@54.625C gpu@56.562C tj@56.562C soc1@53.843C VDD_IN 17475mW/16356mW VDD_CPU_GPU_CV 8211mW/7681mW VDD_SOC 4008mW/3738mW
08-11-2026 15:20:21 RAM 6572/7607MB (lfb 2x4MB) SWAP 2/16384MB (cached 0MB) CPU [68%@729,7%@729,3%@729,21%@729,0%@1344,92%@1344] GR3D_FREQ 97% cpu@55.375C soc2@54.25C soc0@54.875C gpu@56.687C tj@56.687C soc1@54.156C VDD_IN 17879mW/16395mW VDD_CPU_GPU_CV 8524mW/7703mW VDD_SOC 4080mW/3747mW
08-11-2026 15:20:22 RAM 6575/7607MB (lfb 2x4MB) SWAP 2/16384MB (cached 0MB) CPU [5%@883,7%@883,15%@883,3%@883,1%@1344,92%@1344] GR3D_FREQ 97% cpu@55.562C soc2@54.343C soc0@55C gpu@56.781C tj@56.781C soc1@54.031C VDD_IN 17604mW/16425mW VDD_CPU_GPU_CV 8094mW/7712mW VDD_SOC 4126mW/3756mW
08-11-2026 15:20:23 RAM 6578/7607MB (lfb 2x4MB) SWAP 2/16384MB (cached 0MB) CPU [5%@729,5%@729,7%@729,0%@729,0%@1344,93%@1344] GR3D_FREQ 98% cpu@55.781C soc2@54.343C soc0@55.062C gpu@56.562C tj@56.562C soc1@54.156C VDD_IN 17397mW/16449mW VDD_CPU_GPU_CV 7716mW/7712mW VDD_SOC 4204mW/3767mW
08-11-2026 15:20:24 RAM 6582/7607MB (lfb 2x4MB) SWAP 2/16384MB (cached 0MB) CPU [6%@729,4%@729,5%@729,5%@729,0%@1344,91%@1344] GR3D_FREQ 99% cpu@56C soc2@54.593C soc0@55.218C gpu@56.406C tj@56.406C soc1@54.406C VDD_IN 17318mW/16469mW VDD_CPU_GPU_CV 8068mW/7721mW VDD_SOC 4047mW/3774mW
08-11-2026 15:20:25 RAM 6583/7607MB (lfb 2x4MB) SWAP 2/16384MB (cached 0MB) CPU [5%@729,2%@729,3%@729,3%@729,0%@1344,92%@1344] GR3D_FREQ 99% cpu@55.5C soc2@54.656C soc0@55.375C gpu@57.062C tj@57.062C soc1@54.593C VDD_IN 17279mW/16488mW VDD_CPU_GPU_CV 8446mW/7738mW VDD_SOC 3890mW/3777mW
08-11-2026 15:20:26 RAM 6583/7607MB (lfb 2x4MB) SWAP 2/16384MB (cached 0MB) CPU [4%@729,1%@729,4%@729,1%@729,1%@1344,92%@1344] GR3D_FREQ 99% cpu@55.75C soc2@54.906C soc0@55.531C gpu@57.25C tj@57.25C soc1@54.5C VDD_IN 17604mW/16514mW VDD_CPU_GPU_CV 8563mW/7756mW VDD_SOC 3968mW/3781mW
08-11-2026 15:20:27 RAM 6573/7607MB (lfb 14x2MB) SWAP 2/16384MB (cached 0MB) CPU [13%@729,10%@729,13%@729,10%@729,3%@1190,97%@1190] GR3D_FREQ 98% cpu@56.312C soc2@54.968C soc0@55.437C gpu@57.156C tj@57.156C soc1@54.718C VDD_IN 17840mW/16543mW VDD_CPU_GPU_CV 8876mW/7781mW VDD_SOC 3923mW/3784mW
08-11-2026 15:20:28 RAM 6586/7607MB (lfb 1x4MB) SWAP 2/16384MB (cached 0MB) CPU [16%@1344,72%@1344,13%@1344,35%@1344,15%@1344,96%@1344] GR3D_FREQ 97% cpu@56.531C soc2@55.125C soc0@55.656C gpu@57.656C tj@57.656C soc1@54.812C VDD_IN 18233mW/16580mW VDD_CPU_GPU_CV 9267mW/7814mW VDD_SOC 3883mW/3786mW
08-11-2026 15:20:29 RAM 6587/7607MB (lfb 1x4MB) SWAP 2/16384MB (cached 0MB) CPU [6%@729,4%@729,3%@729,3%@729,1%@1344,92%@1344] GR3D_FREQ 97% cpu@56.25C soc2@55.187C soc0@55.812C gpu@57.687C tj@57.687C soc1@55.031C VDD_IN 16924mW/16587mW VDD_CPU_GPU_CV 8538mW/7829mW VDD_SOC 3615mW/3783mW
