
slorado base-caller version 0.5.0-beta
model path:         models/dna_r10.4.1_e8.2_400bps_hac@v5.0.0
input path:         test/PGXXXX230339/reads_20k.blow5
output path:        /dev/null
device:             cuda:all
chunk size:         12288
read batch size:    4096
gpu batch size:     128
no. threads:        8
overlap:            150
overlap decode:     yes
fixed-c batch:      no (narrow partials)
flush threshold:    128

[parse_qscore_params::INFO][1;34m mean_qscore_start_pos not found in config toml, setting default to 60[0m
[basecaller_main::1.088*1.59] 4096 Entries (201.7M bytes) loaded
[basecaller_main::178.370*0.95] 4096 Entries (201.7M bytes) processed
[basecaller_main::178.949*0.95] 4096 Entries (212.8M bytes) loaded
[basecaller_main::362.651*0.95] 4096 Entries (212.8M bytes) processed
[basecaller_main::363.222*0.95] 4096 Entries (198.2M bytes) loaded
[basecaller_main::535.336*0.95] 4096 Entries (198.2M bytes) processed
[basecaller_main::535.916*0.94] 4096 Entries (203.8M bytes) loaded
[basecaller_main::712.151*0.94] 4096 Entries (203.8M bytes) processed
[basecaller_main::712.695*0.94] 3616 Entries (181.5M bytes) loaded
[basecaller_main::870.414*0.94] 3616 Entries (181.5M bytes) processed

[basecaller_main] total entries: 20000
[basecaller_main] total bytes: 998.1 M
[basecaller_main] model initialization: 0.528 sec
[basecaller_main] data loading: 2.723 sec
[basecaller_main] data processing: 867.050 sec
[basecaller_main]     - parse: 4.165 sec
[basecaller_main]     - preprocess: 0.391 sec
[basecaller_main]     - runners: 862.217 sec
[basecaller_main]          - synchronisation: 0.000 sec
[basecaller_main]          - model runner [0]: 862.195 sec
[basecaller_main]             - accept: 2.730 sec
[basecaller_main]             - basecall: 859.464 sec
[basecaller_main]                 - inference: 858.332 sec
[basecaller_main]                     - conv_stack: 1.813 sec
[basecaller_main]                         - input [N,C,T]: [128, 1, 12288]
[basecaller_main]                         - conv[0]: 0.966 sec
[basecaller_main]                             in  [N,C,T]: [128, 1, 12288]
[basecaller_main]                             out [N,C,T]: [128, 16, 12288]
[basecaller_main]                             op: 0.922 sec  act: 0.044 sec
[basecaller_main]                         - conv[1]: 0.371 sec
[basecaller_main]                             in  [N,C,T]: [128, 16, 12288]
[basecaller_main]                             out [N,C,T]: [128, 16, 12288]
[basecaller_main]                             op: 0.350 sec  act: 0.020 sec
[basecaller_main]                         - conv[2]: 0.471 sec
[basecaller_main]                             in  [N,C,T]: [128, 16, 12288]
[basecaller_main]                             out [N,C,T]: [128, 384, 2048]
[basecaller_main]                             op: 0.359 sec  act: 0.111 sec
[basecaller_main]                         - transpose: 0.006 sec
[basecaller_main]                             in  [N,C,T]: [128, 384, 2048]
[basecaller_main]                             out [N,T,C]: [128, 2048, 384]
[basecaller_main]                     - rnns: 792.962 sec
[basecaller_main]                         - rnn[0] (reverse): 284.979 sec
[basecaller_main]                             in  [N,T,C]: [128, 2048, 384]
[basecaller_main]                             out [N,T,C]: [128, 2048, 384]
[basecaller_main]                             flip: 0.064 sec  lstm: 284.915 sec
[basecaller_main]                         - rnn[1] (forward): 127.007 sec
[basecaller_main]                             in  [N,T,C]: [128, 2048, 384]
[basecaller_main]                             out [N,T,C]: [128, 2048, 384]
[basecaller_main]                             flip: 0.076 sec  lstm: 126.931 sec
[basecaller_main]                         - rnn[2] (reverse): 126.988 sec
[basecaller_main]                             in  [N,T,C]: [128, 2048, 384]
[basecaller_main]                             out [N,T,C]: [128, 2048, 384]
[basecaller_main]                             flip: 0.065 sec  lstm: 126.923 sec
[basecaller_main]                         - rnn[3] (forward): 126.980 sec
[basecaller_main]                             in  [N,T,C]: [128, 2048, 384]
[basecaller_main]                             out [N,T,C]: [128, 2048, 384]
[basecaller_main]                             flip: 0.063 sec  lstm: 126.918 sec
[basecaller_main]                         - rnn[4] (reverse): 126.944 sec
[basecaller_main]                             in  [N,T,C]: [128, 2048, 384]
[basecaller_main]                             out [N,T,C]: [128, 2048, 384]
[basecaller_main]                             flip: 0.061 sec  lstm: 126.883 sec
[basecaller_main]                         - rnn_out_flip: 0.064 sec
[basecaller_main]                             out [N,T,C]: [128, 2048, 384]
[basecaller_main]                     - crf_1: 0.488 sec
[basecaller_main]                         in  [N,T,C]: [128, 2048, 384]
[basecaller_main]                         out [N,T,C]: [128, 2048, 1024]
[basecaller_main]                     - crf_2: 0.000 sec
[basecaller_main]                     - clamp: 0.071 sec
[basecaller_main]                 - decode: 852.981 sec
[basecaller_main]                     - scores [N,T,C]: [9, 2048, 1024]
[basecaller_main]                     - bwd_scan: 13.028 sec
[basecaller_main]                     - beam_search: 49.797 sec
[basecaller_main]                     - fwd_post_scan: 37.122 sec
[basecaller_main]                     - qual_data: 6.248 sec
[basecaller_main]                     - gen_sequence: 10.483 sec
[basecaller_main]                     - d2h_copy: 0.112 sec
[basecaller_main]             - modcall: 0.000 sec
[basecaller_main] load-imbalance: 800 GPU batches (5 tail), 102089 real chunks, 311 padded slots -> 0.3% of 102400 launched GPU slots wasted on padding
[basecaller_main]     - postprocess: 0.277 sec
[basecaller_main]     - mod_preprocess: 0.000 sec
[basecaller_main]     - mod_postprocess: 0.000 sec
[basecaller_main] data output: 0.115 sec
[basecaller_main] data free: 0.091 sec
[main] Version: 0.5.0-beta
[main] CMD: ./slorado basecaller -C 128 -c 12288 -K 4096 -p 150 --overlap-decode=yes --fixed-c-batch=no --flush-threshold=128 -o /dev/null models/dna_r10.4.1_e8.2_400bps_hac@v5.0.0 test/PGXXXX230339/reads_20k.blow5
[main] Real time: 870.539 sec; CPU time: 821.935 sec; Peak RAM: 6.066 GB

