
slorado base-caller version 0.5.0-beta
model path:         models/dna_r10.4.1_e8.2_400bps_fast@v5.0.0
input path:         test/PGXXXX230339/reads_1k.blow5
output path:        /dev/null
device:             cuda:all
chunk size:         12288
read batch size:    4096
gpu batch size:     128
no. threads:        8
overlap:            150
overlap decode:     yes
fixed-c batch:      no (narrow partials)
flush threshold:    4

[parse_qscore_params::INFO][1;34m mean_qscore_start_pos not found in config toml, setting default to 60[0m
[basecaller_main::0.253*4.44] 1000 Entries (49.5M bytes) loaded
[basecaller_main::56.934*0.21] 1000 Entries (49.5M bytes) processed

[basecaller_main] total entries: 1000
[basecaller_main] total bytes: 49.5 M
[basecaller_main] model initialization: 0.204 sec
[basecaller_main] data loading: 0.048 sec
[basecaller_main] data processing: 56.680 sec
[basecaller_main]     - parse: 0.332 sec
[basecaller_main]     - preprocess: 0.014 sec
[basecaller_main]     - runners: 56.308 sec
[basecaller_main]          - synchronisation: 0.000 sec
[basecaller_main]          - model runner [0]: 56.300 sec
[basecaller_main]             - accept: 0.413 sec
[basecaller_main]             - basecall: 55.886 sec
[basecaller_main]                 - inference: 8.437 sec
[basecaller_main]                     - conv_stack: 1.650 sec
[basecaller_main]                         - input [N,C,T]: [4, 1, 12288]
[basecaller_main]                         - conv[0]: 0.630 sec
[basecaller_main]                             in  [N,C,T]: [4, 1, 12288]
[basecaller_main]                             out [N,C,T]: [4, 16, 12288]
[basecaller_main]                             op: 0.496 sec  act: 0.135 sec
[basecaller_main]                         - conv[1]: 0.529 sec
[basecaller_main]                             in  [N,C,T]: [4, 16, 12288]
[basecaller_main]                             out [N,C,T]: [4, 16, 12288]
[basecaller_main]                             op: 0.431 sec  act: 0.098 sec
[basecaller_main]                         - conv[2]: 0.480 sec
[basecaller_main]                             in  [N,C,T]: [4, 16, 12288]
[basecaller_main]                             out [N,C,T]: [4, 96, 2048]
[basecaller_main]                             op: 0.384 sec  act: 0.096 sec
[basecaller_main]                         - transpose: 0.011 sec
[basecaller_main]                             in  [N,C,T]: [4, 96, 2048]
[basecaller_main]                             out [N,T,C]: [4, 2048, 96]
[basecaller_main]                     - rnns: 6.115 sec
[basecaller_main]                         - rnn[0] (reverse): 1.543 sec
[basecaller_main]                             in  [N,T,C]: [4, 2048, 96]
[basecaller_main]                             out [N,T,C]: [4, 2048, 96]
[basecaller_main]                             flip: 0.098 sec  lstm: 1.445 sec
[basecaller_main]                         - rnn[1] (forward): 1.155 sec
[basecaller_main]                             in  [N,T,C]: [4, 2048, 96]
[basecaller_main]                             out [N,T,C]: [4, 2048, 96]
[basecaller_main]                             flip: 0.106 sec  lstm: 1.050 sec
[basecaller_main]                         - rnn[2] (reverse): 1.112 sec
[basecaller_main]                             in  [N,T,C]: [4, 2048, 96]
[basecaller_main]                             out [N,T,C]: [4, 2048, 96]
[basecaller_main]                             flip: 0.098 sec  lstm: 1.014 sec
[basecaller_main]                         - rnn[3] (forward): 1.104 sec
[basecaller_main]                             in  [N,T,C]: [4, 2048, 96]
[basecaller_main]                             out [N,T,C]: [4, 2048, 96]
[basecaller_main]                             flip: 0.097 sec  lstm: 1.006 sec
[basecaller_main]                         - rnn[4] (reverse): 1.099 sec
[basecaller_main]                             in  [N,T,C]: [4, 2048, 96]
[basecaller_main]                             out [N,T,C]: [4, 2048, 96]
[basecaller_main]                             flip: 0.097 sec  lstm: 1.002 sec
[basecaller_main]                         - rnn_out_flip: 0.102 sec
[basecaller_main]                             out [N,T,C]: [4, 2048, 96]
[basecaller_main]                     - crf_1: 0.265 sec
[basecaller_main]                         in  [N,T,C]: [4, 2048, 96]
[basecaller_main]                         out [N,T,C]: [4, 2048, 256]
[basecaller_main]                     - crf_2: 0.000 sec
[basecaller_main]                     - clamp: 0.062 sec
[basecaller_main]                 - decode: 55.430 sec
[basecaller_main]                     - scores [N,T,C]: [4, 2048, 256]
[basecaller_main]                     - bwd_scan: 3.307 sec
[basecaller_main]                     - beam_search: 35.816 sec
[basecaller_main]                     - fwd_post_scan: 8.749 sec
[basecaller_main]                     - qual_data: 5.680 sec
[basecaller_main]                     - gen_sequence: 2.011 sec
[basecaller_main]                     - d2h_copy: 0.014 sec
[basecaller_main]             - modcall: 0.000 sec
[basecaller_main] load-imbalance: 1275 GPU batches (1275 tail), 5100 real chunks, 158100 padded slots -> 96.9% of 163200 launched GPU slots wasted on padding
[basecaller_main]     - postprocess: 0.026 sec
[basecaller_main]     - mod_preprocess: 0.000 sec
[basecaller_main]     - mod_postprocess: 0.000 sec
[basecaller_main] data output: 0.005 sec
[basecaller_main] data free: 0.011 sec
[main] Version: 0.5.0-beta
[main] CMD: ./slorado basecaller -C 128 -c 12288 -K 4096 -p 150 --overlap-decode=yes --fixed-c-batch=no --flush-threshold=4 -o /dev/null models/dna_r10.4.1_e8.2_400bps_fast@v5.0.0 test/PGXXXX230339/reads_1k.blow5
[main] Real time: 56.964 sec; CPU time: 11.711 sec; Peak RAM: 1.379 GB

