
slorado base-caller version 0.5.0-beta
model path:         models/dna_r10.4.1_e8.2_400bps_fast@v5.0.0
input path:         test/PGXXXX230339/reads_1k.blow5
output path:        /dev/null
device:             cuda:all
chunk size:         12288
read batch size:    4096
gpu batch size:     64
no. threads:        8
overlap:            150
overlap decode:     yes
fixed-c batch:      no (narrow partials)
flush threshold:    32

[parse_qscore_params::INFO][1;34m mean_qscore_start_pos not found in config toml, setting default to 60[0m
[basecaller_main::0.240*4.68] 1000 Entries (49.5M bytes) loaded
[basecaller_main::11.842*0.37] 1000 Entries (49.5M bytes) processed

[basecaller_main] total entries: 1000
[basecaller_main] total bytes: 49.5 M
[basecaller_main] model initialization: 0.192 sec
[basecaller_main] data loading: 0.047 sec
[basecaller_main] data processing: 11.602 sec
[basecaller_main]     - parse: 0.383 sec
[basecaller_main]     - preprocess: 0.018 sec
[basecaller_main]     - runners: 11.175 sec
[basecaller_main]          - synchronisation: 0.000 sec
[basecaller_main]          - model runner [0]: 11.174 sec
[basecaller_main]             - accept: 0.244 sec
[basecaller_main]             - basecall: 10.929 sec
[basecaller_main]                 - inference: 2.694 sec
[basecaller_main]                     - conv_stack: 0.487 sec
[basecaller_main]                         - input [N,C,T]: [32, 1, 12288]
[basecaller_main]                         - conv[0]: 0.305 sec
[basecaller_main]                             in  [N,C,T]: [32, 1, 12288]
[basecaller_main]                             out [N,C,T]: [32, 16, 12288]
[basecaller_main]                             op: 0.264 sec  act: 0.041 sec
[basecaller_main]                         - conv[1]: 0.104 sec
[basecaller_main]                             in  [N,C,T]: [32, 16, 12288]
[basecaller_main]                             out [N,C,T]: [32, 16, 12288]
[basecaller_main]                             op: 0.092 sec  act: 0.013 sec
[basecaller_main]                         - conv[2]: 0.076 sec
[basecaller_main]                             in  [N,C,T]: [32, 16, 12288]
[basecaller_main]                             out [N,C,T]: [32, 96, 2048]
[basecaller_main]                             op: 0.064 sec  act: 0.012 sec
[basecaller_main]                         - transpose: 0.001 sec
[basecaller_main]                             in  [N,C,T]: [32, 96, 2048]
[basecaller_main]                             out [N,T,C]: [32, 2048, 96]
[basecaller_main]                     - rnns: 1.066 sec
[basecaller_main]                         - rnn[0] (reverse): 0.443 sec
[basecaller_main]                             in  [N,T,C]: [32, 2048, 96]
[basecaller_main]                             out [N,T,C]: [32, 2048, 96]
[basecaller_main]                             flip: 0.025 sec  lstm: 0.418 sec
[basecaller_main]                         - rnn[1] (forward): 0.157 sec
[basecaller_main]                             in  [N,T,C]: [32, 2048, 96]
[basecaller_main]                             out [N,T,C]: [32, 2048, 96]
[basecaller_main]                             flip: 0.014 sec  lstm: 0.143 sec
[basecaller_main]                         - rnn[2] (reverse): 0.151 sec
[basecaller_main]                             in  [N,T,C]: [32, 2048, 96]
[basecaller_main]                             out [N,T,C]: [32, 2048, 96]
[basecaller_main]                             flip: 0.012 sec  lstm: 0.139 sec
[basecaller_main]                         - rnn[3] (forward): 0.151 sec
[basecaller_main]                             in  [N,T,C]: [32, 2048, 96]
[basecaller_main]                             out [N,T,C]: [32, 2048, 96]
[basecaller_main]                             flip: 0.012 sec  lstm: 0.139 sec
[basecaller_main]                         - rnn[4] (reverse): 0.152 sec
[basecaller_main]                             in  [N,T,C]: [32, 2048, 96]
[basecaller_main]                             out [N,T,C]: [32, 2048, 96]
[basecaller_main]                             flip: 0.012 sec  lstm: 0.140 sec
[basecaller_main]                         - rnn_out_flip: 0.013 sec
[basecaller_main]                             out [N,T,C]: [32, 2048, 96]
[basecaller_main]                     - crf_1: 0.044 sec
[basecaller_main]                         in  [N,T,C]: [32, 2048, 96]
[basecaller_main]                         out [N,T,C]: [32, 2048, 256]
[basecaller_main]                     - crf_2: 0.000 sec
[basecaller_main]                     - clamp: 0.008 sec
[basecaller_main]                 - decode: 10.403 sec
[basecaller_main]                     - scores [N,T,C]: [12, 2048, 256]
[basecaller_main]                     - bwd_scan: 0.365 sec
[basecaller_main]                     - beam_search: 5.770 sec
[basecaller_main]                     - fwd_post_scan: 1.823 sec
[basecaller_main]                     - qual_data: 0.748 sec
[basecaller_main]                     - gen_sequence: 0.505 sec
[basecaller_main]                     - d2h_copy: 0.004 sec
[basecaller_main]             - modcall: 0.000 sec
[basecaller_main] load-imbalance: 160 GPU batches (160 tail), 5100 real chunks, 5140 padded slots -> 50.2% of 10240 launched GPU slots wasted on padding
[basecaller_main]     - postprocess: 0.026 sec
[basecaller_main]     - mod_preprocess: 0.000 sec
[basecaller_main]     - mod_postprocess: 0.000 sec
[basecaller_main] data output: 0.006 sec
[basecaller_main] data free: 0.010 sec
[main] Version: 0.5.0-beta
[main] CMD: ./slorado basecaller -C 64 -c 12288 -K 4096 -p 150 --overlap-decode=yes --fixed-c-batch=no --flush-threshold=32 -o /dev/null models/dna_r10.4.1_e8.2_400bps_fast@v5.0.0 test/PGXXXX230339/reads_1k.blow5
[main] Real time: 11.865 sec; CPU time: 4.414 sec; Peak RAM: 1.849 GB

