
slorado base-caller version 0.5.0-beta
model path:         models/dna_r10.4.1_e8.2_400bps_fast@v5.0.0
input path:         test/PGXXXX230339/reads_1k.blow5
output path:        /dev/null
device:             cuda:all
chunk size:         12288
read batch size:    4096
gpu batch size:     64
no. threads:        8
overlap:            150
overlap decode:     yes
fixed-c batch:      yes (no narrow)
flush threshold:    4

[parse_qscore_params::INFO][1;34m mean_qscore_start_pos not found in config toml, setting default to 60[0m
[basecaller_main::0.234*4.78] 1000 Entries (49.5M bytes) loaded
[basecaller_main::125.397*0.11] 1000 Entries (49.5M bytes) processed

[basecaller_main] total entries: 1000
[basecaller_main] total bytes: 49.5 M
[basecaller_main] model initialization: 0.186 sec
[basecaller_main] data loading: 0.047 sec
[basecaller_main] data processing: 125.163 sec
[basecaller_main]     - parse: 0.371 sec
[basecaller_main]     - preprocess: 0.014 sec
[basecaller_main]     - runners: 124.755 sec
[basecaller_main]          - synchronisation: 0.000 sec
[basecaller_main]          - model runner [0]: 124.747 sec
[basecaller_main]             - accept: 0.404 sec
[basecaller_main]             - basecall: 124.343 sec
[basecaller_main]                 - inference: 60.247 sec
[basecaller_main]                     - conv_stack: 1.801 sec
[basecaller_main]                         - input [N,C,T]: [64, 1, 12288]
[basecaller_main]                         - conv[0]: 0.743 sec
[basecaller_main]                             in  [N,C,T]: [64, 1, 12288]
[basecaller_main]                             out [N,C,T]: [64, 16, 12288]
[basecaller_main]                             op: 0.597 sec  act: 0.145 sec
[basecaller_main]                         - conv[1]: 0.553 sec
[basecaller_main]                             in  [N,C,T]: [64, 16, 12288]
[basecaller_main]                             out [N,C,T]: [64, 16, 12288]
[basecaller_main]                             op: 0.452 sec  act: 0.101 sec
[basecaller_main]                         - conv[2]: 0.494 sec
[basecaller_main]                             in  [N,C,T]: [64, 16, 12288]
[basecaller_main]                             out [N,C,T]: [64, 96, 2048]
[basecaller_main]                             op: 0.395 sec  act: 0.100 sec
[basecaller_main]                         - transpose: 0.011 sec
[basecaller_main]                             in  [N,C,T]: [64, 96, 2048]
[basecaller_main]                             out [N,T,C]: [64, 2048, 96]
[basecaller_main]                     - rnns: 7.984 sec
[basecaller_main]                         - rnn[0] (reverse): 2.117 sec
[basecaller_main]                             in  [N,T,C]: [64, 2048, 96]
[basecaller_main]                             out [N,T,C]: [64, 2048, 96]
[basecaller_main]                             flip: 0.111 sec  lstm: 2.006 sec
[basecaller_main]                         - rnn[1] (forward): 1.471 sec
[basecaller_main]                             in  [N,T,C]: [64, 2048, 96]
[basecaller_main]                             out [N,T,C]: [64, 2048, 96]
[basecaller_main]                             flip: 0.108 sec  lstm: 1.363 sec
[basecaller_main]                         - rnn[2] (reverse): 1.434 sec
[basecaller_main]                             in  [N,T,C]: [64, 2048, 96]
[basecaller_main]                             out [N,T,C]: [64, 2048, 96]
[basecaller_main]                             flip: 0.100 sec  lstm: 1.335 sec
[basecaller_main]                         - rnn[3] (forward): 1.429 sec
[basecaller_main]                             in  [N,T,C]: [64, 2048, 96]
[basecaller_main]                             out [N,T,C]: [64, 2048, 96]
[basecaller_main]                             flip: 0.100 sec  lstm: 1.329 sec
[basecaller_main]                         - rnn[4] (reverse): 1.426 sec
[basecaller_main]                             in  [N,T,C]: [64, 2048, 96]
[basecaller_main]                             out [N,T,C]: [64, 2048, 96]
[basecaller_main]                             flip: 0.098 sec  lstm: 1.328 sec
[basecaller_main]                         - rnn_out_flip: 0.106 sec
[basecaller_main]                             out [N,T,C]: [64, 2048, 96]
[basecaller_main]                     - crf_1: 0.327 sec
[basecaller_main]                         in  [N,T,C]: [64, 2048, 96]
[basecaller_main]                         out [N,T,C]: [64, 2048, 256]
[basecaller_main]                     - crf_2: 0.000 sec
[basecaller_main]                     - clamp: 0.060 sec
[basecaller_main]                 - decode: 123.749 sec
[basecaller_main]                     - scores [N,T,C]: [64, 2048, 256]
[basecaller_main]                     - bwd_scan: 3.084 sec
[basecaller_main]                     - beam_search: 45.729 sec
[basecaller_main]                     - fwd_post_scan: 14.035 sec
[basecaller_main]                     - qual_data: 6.536 sec
[basecaller_main]                     - gen_sequence: 3.806 sec
[basecaller_main]                     - d2h_copy: 0.050 sec
[basecaller_main]             - modcall: 0.000 sec
[basecaller_main] load-imbalance: 1275 GPU batches (1275 tail), 5100 real chunks, 76500 padded slots -> 93.8% of 81600 launched GPU slots wasted on padding
[basecaller_main]     - postprocess: 0.022 sec
[basecaller_main]     - mod_preprocess: 0.000 sec
[basecaller_main]     - mod_postprocess: 0.000 sec
[basecaller_main] data output: 0.006 sec
[basecaller_main] data free: 0.010 sec
[main] Version: 0.5.0-beta
[main] CMD: ./slorado basecaller -C 64 -c 12288 -K 4096 -p 150 --overlap-decode=yes --fixed-c-batch=yes --flush-threshold=4 -o /dev/null models/dna_r10.4.1_e8.2_400bps_fast@v5.0.0 test/PGXXXX230339/reads_1k.blow5
[main] Real time: 125.420 sec; CPU time: 14.189 sec; Peak RAM: 2.420 GB

