
slorado base-caller version 0.5.0-beta
model path:         models/dna_r10.4.1_e8.2_400bps_fast@v5.0.0
input path:         test/PGXXXX230339/reads_1k.blow5
output path:        /dev/null
device:             cuda:all
chunk size:         12288
read batch size:    4096
gpu batch size:     128
no. threads:        8
overlap:            150
overlap decode:     yes
fixed-c batch:      yes (no narrow)
flush threshold:    128 (full batch)

[parse_qscore_params::INFO][1;34m mean_qscore_start_pos not found in config toml, setting default to 60[0m
[basecaller_main::0.609*2.28] 1000 Entries (49.5M bytes) loaded
[basecaller_main::11.035*0.43] 1000 Entries (49.5M bytes) processed

[basecaller_main] total entries: 1000
[basecaller_main] total bytes: 49.5 M
[basecaller_main] model initialization: 0.550 sec
[basecaller_main] data loading: 0.056 sec
[basecaller_main] data processing: 10.426 sec
[basecaller_main]     - parse: 0.335 sec
[basecaller_main]     - preprocess: 0.019 sec
[basecaller_main]     - runners: 10.054 sec
[basecaller_main]          - synchronisation: 0.000 sec
[basecaller_main]          - model runner [0]: 10.052 sec
[basecaller_main]             - accept: 0.242 sec
[basecaller_main]             - basecall: 9.810 sec
[basecaller_main]                 - inference: 5.710 sec
[basecaller_main]                     - conv_stack: 0.680 sec
[basecaller_main]                         - input [N,C,T]: [128, 1, 12288]
[basecaller_main]                         - conv[0]: 0.535 sec
[basecaller_main]                             in  [N,C,T]: [128, 1, 12288]
[basecaller_main]                             out [N,C,T]: [128, 16, 12288]
[basecaller_main]                             op: 0.485 sec  act: 0.050 sec
[basecaller_main]                         - conv[1]: 0.121 sec
[basecaller_main]                             in  [N,C,T]: [128, 16, 12288]
[basecaller_main]                             out [N,C,T]: [128, 16, 12288]
[basecaller_main]                             op: 0.117 sec  act: 0.003 sec
[basecaller_main]                         - conv[2]: 0.024 sec
[basecaller_main]                             in  [N,C,T]: [128, 16, 12288]
[basecaller_main]                             out [N,C,T]: [128, 96, 2048]
[basecaller_main]                             op: 0.020 sec  act: 0.003 sec
[basecaller_main]                         - transpose: 0.000 sec
[basecaller_main]                             in  [N,C,T]: [128, 96, 2048]
[basecaller_main]                             out [N,T,C]: [128, 2048, 96]
[basecaller_main]                     - rnns: 1.335 sec
[basecaller_main]                         - rnn[0] (reverse): 1.098 sec
[basecaller_main]                             in  [N,T,C]: [128, 2048, 96]
[basecaller_main]                             out [N,T,C]: [128, 2048, 96]
[basecaller_main]                             flip: 0.047 sec  lstm: 1.051 sec
[basecaller_main]                         - rnn[1] (forward): 0.060 sec
[basecaller_main]                             in  [N,T,C]: [128, 2048, 96]
[basecaller_main]                             out [N,T,C]: [128, 2048, 96]
[basecaller_main]                             flip: 0.004 sec  lstm: 0.056 sec
[basecaller_main]                         - rnn[2] (reverse): 0.058 sec
[basecaller_main]                             in  [N,T,C]: [128, 2048, 96]
[basecaller_main]                             out [N,T,C]: [128, 2048, 96]
[basecaller_main]                             flip: 0.003 sec  lstm: 0.055 sec
[basecaller_main]                         - rnn[3] (forward): 0.058 sec
[basecaller_main]                             in  [N,T,C]: [128, 2048, 96]
[basecaller_main]                             out [N,T,C]: [128, 2048, 96]
[basecaller_main]                             flip: 0.003 sec  lstm: 0.054 sec
[basecaller_main]                         - rnn[4] (reverse): 0.058 sec
[basecaller_main]                             in  [N,T,C]: [128, 2048, 96]
[basecaller_main]                             out [N,T,C]: [128, 2048, 96]
[basecaller_main]                             flip: 0.003 sec  lstm: 0.055 sec
[basecaller_main]                         - rnn_out_flip: 0.003 sec
[basecaller_main]                             out [N,T,C]: [128, 2048, 96]
[basecaller_main]                     - crf_1: 0.033 sec
[basecaller_main]                         in  [N,T,C]: [128, 2048, 96]
[basecaller_main]                         out [N,T,C]: [128, 2048, 256]
[basecaller_main]                     - crf_2: 0.000 sec
[basecaller_main]                     - clamp: 0.002 sec
[basecaller_main]                 - decode: 8.395 sec
[basecaller_main]                     - scores [N,T,C]: [128, 2048, 256]
[basecaller_main]                     - bwd_scan: 0.125 sec
[basecaller_main]                     - beam_search: 2.734 sec
[basecaller_main]                     - fwd_post_scan: 0.823 sec
[basecaller_main]                     - qual_data: 0.273 sec
[basecaller_main]                     - gen_sequence: 0.393 sec
[basecaller_main]                     - d2h_copy: 0.003 sec
[basecaller_main]             - modcall: 0.000 sec
[basecaller_main] load-imbalance: 40 GPU batches (1 tail), 5100 real chunks, 20 padded slots -> 0.4% of 5120 launched GPU slots wasted on padding
[basecaller_main]     - postprocess: 0.018 sec
[basecaller_main]     - mod_preprocess: 0.000 sec
[basecaller_main]     - mod_postprocess: 0.000 sec
[basecaller_main] data output: 0.006 sec
[basecaller_main] data free: 0.009 sec
[main] Version: 0.5.0-beta
[main] CMD: ./slorado basecaller -C 128 -c 12288 -K 4096 -p 150 --overlap-decode=yes --fixed-c-batch=yes -o /dev/null models/dna_r10.4.1_e8.2_400bps_fast@v5.0.0 test/PGXXXX230339/reads_1k.blow5
[main] Real time: 11.064 sec; CPU time: 4.775 sec; Peak RAM: 3.683 GB

