
slorado base-caller version 0.5.0-beta
model path:         models/dna_r10.4.1_e8.2_400bps_fast@v5.0.0
input path:         test/PGXXXX230339/reads_1k.blow5
output path:        /dev/null
device:             cuda:all
chunk size:         12288
read batch size:    4096
gpu batch size:     128
no. threads:        8
overlap:            150
overlap decode:     yes
fixed-c batch:      no (narrow partials)
flush threshold:    64

[parse_qscore_params::INFO][1;34m mean_qscore_start_pos not found in config toml, setting default to 60[0m
[basecaller_main::0.247*4.54] 1000 Entries (49.5M bytes) loaded
[basecaller_main::9.753*0.42] 1000 Entries (49.5M bytes) processed

[basecaller_main] total entries: 1000
[basecaller_main] total bytes: 49.5 M
[basecaller_main] model initialization: 0.193 sec
[basecaller_main] data loading: 0.052 sec
[basecaller_main] data processing: 9.506 sec
[basecaller_main]     - parse: 0.360 sec
[basecaller_main]     - preprocess: 0.014 sec
[basecaller_main]     - runners: 9.112 sec
[basecaller_main]          - synchronisation: 0.000 sec
[basecaller_main]          - model runner [0]: 9.110 sec
[basecaller_main]             - accept: 0.234 sec
[basecaller_main]             - basecall: 8.876 sec
[basecaller_main]                 - inference: 4.304 sec
[basecaller_main]                     - conv_stack: 0.358 sec
[basecaller_main]                         - input [N,C,T]: [64, 1, 12288]
[basecaller_main]                         - conv[0]: 0.236 sec
[basecaller_main]                             in  [N,C,T]: [64, 1, 12288]
[basecaller_main]                             out [N,C,T]: [64, 16, 12288]
[basecaller_main]                             op: 0.202 sec  act: 0.035 sec
[basecaller_main]                         - conv[1]: 0.075 sec
[basecaller_main]                             in  [N,C,T]: [64, 16, 12288]
[basecaller_main]                             out [N,C,T]: [64, 16, 12288]
[basecaller_main]                             op: 0.069 sec  act: 0.006 sec
[basecaller_main]                         - conv[2]: 0.046 sec
[basecaller_main]                             in  [N,C,T]: [64, 16, 12288]
[basecaller_main]                             out [N,C,T]: [64, 96, 2048]
[basecaller_main]                             op: 0.039 sec  act: 0.006 sec
[basecaller_main]                         - transpose: 0.001 sec
[basecaller_main]                             in  [N,C,T]: [64, 96, 2048]
[basecaller_main]                             out [N,T,C]: [64, 2048, 96]
[basecaller_main]                     - rnns: 0.906 sec
[basecaller_main]                         - rnn[0] (reverse): 0.547 sec
[basecaller_main]                             in  [N,T,C]: [64, 2048, 96]
[basecaller_main]                             out [N,T,C]: [64, 2048, 96]
[basecaller_main]                             flip: 0.027 sec  lstm: 0.520 sec
[basecaller_main]                         - rnn[1] (forward): 0.091 sec
[basecaller_main]                             in  [N,T,C]: [64, 2048, 96]
[basecaller_main]                             out [N,T,C]: [64, 2048, 96]
[basecaller_main]                             flip: 0.007 sec  lstm: 0.084 sec
[basecaller_main]                         - rnn[2] (reverse): 0.088 sec
[basecaller_main]                             in  [N,T,C]: [64, 2048, 96]
[basecaller_main]                             out [N,T,C]: [64, 2048, 96]
[basecaller_main]                             flip: 0.006 sec  lstm: 0.081 sec
[basecaller_main]                         - rnn[3] (forward): 0.087 sec
[basecaller_main]                             in  [N,T,C]: [64, 2048, 96]
[basecaller_main]                             out [N,T,C]: [64, 2048, 96]
[basecaller_main]                             flip: 0.006 sec  lstm: 0.081 sec
[basecaller_main]                         - rnn[4] (reverse): 0.087 sec
[basecaller_main]                             in  [N,T,C]: [64, 2048, 96]
[basecaller_main]                             out [N,T,C]: [64, 2048, 96]
[basecaller_main]                             flip: 0.006 sec  lstm: 0.080 sec
[basecaller_main]                         - rnn_out_flip: 0.007 sec
[basecaller_main]                             out [N,T,C]: [64, 2048, 96]
[basecaller_main]                     - crf_1: 0.030 sec
[basecaller_main]                         in  [N,T,C]: [64, 2048, 96]
[basecaller_main]                         out [N,T,C]: [64, 2048, 256]
[basecaller_main]                     - crf_2: 0.000 sec
[basecaller_main]                     - clamp: 0.004 sec
[basecaller_main]                 - decode: 8.319 sec
[basecaller_main]                     - scores [N,T,C]: [44, 2048, 256]
[basecaller_main]                     - bwd_scan: 0.199 sec
[basecaller_main]                     - beam_search: 3.365 sec
[basecaller_main]                     - fwd_post_scan: 0.803 sec
[basecaller_main]                     - qual_data: 0.398 sec
[basecaller_main]                     - gen_sequence: 0.263 sec
[basecaller_main]                     - d2h_copy: 0.003 sec
[basecaller_main]             - modcall: 0.000 sec
[basecaller_main] load-imbalance: 80 GPU batches (80 tail), 5100 real chunks, 5140 padded slots -> 50.2% of 10240 launched GPU slots wasted on padding
[basecaller_main]     - postprocess: 0.020 sec
[basecaller_main]     - mod_preprocess: 0.000 sec
[basecaller_main]     - mod_postprocess: 0.000 sec
[basecaller_main] data output: 0.005 sec
[basecaller_main] data free: 0.010 sec
[main] Version: 0.5.0-beta
[main] CMD: ./slorado basecaller -C 128 -c 12288 -K 4096 -p 150 --overlap-decode=yes --fixed-c-batch=no --flush-threshold=64 -o /dev/null models/dna_r10.4.1_e8.2_400bps_fast@v5.0.0 test/PGXXXX230339/reads_1k.blow5
[main] Real time: 9.782 sec; CPU time: 4.084 sec; Peak RAM: 2.554 GB

