
slorado base-caller version 0.5.0-beta
model path:         models/dna_r10.4.1_e8.2_400bps_fast@v5.0.0
input path:         test/PGXXXX230339/reads_1k.blow5
output path:        /dev/null
device:             cuda:all
chunk size:         12288
read batch size:    4096
gpu batch size:     128
no. threads:        8
overlap:            150
overlap decode:     yes
fixed-c batch:      yes (no narrow)
flush threshold:    8

[parse_qscore_params::INFO][1;34m mean_qscore_start_pos not found in config toml, setting default to 60[0m
[basecaller_main::0.242*4.73] 1000 Entries (49.5M bytes) loaded
[basecaller_main::126.658*0.09] 1000 Entries (49.5M bytes) processed

[basecaller_main] total entries: 1000
[basecaller_main] total bytes: 49.5 M
[basecaller_main] model initialization: 0.193 sec
[basecaller_main] data loading: 0.047 sec
[basecaller_main] data processing: 126.416 sec
[basecaller_main]     - parse: 0.347 sec
[basecaller_main]     - preprocess: 0.014 sec
[basecaller_main]     - runners: 126.026 sec
[basecaller_main]          - synchronisation: 0.000 sec
[basecaller_main]          - model runner [0]: 126.021 sec
[basecaller_main]             - accept: 0.336 sec
[basecaller_main]             - basecall: 125.685 sec
[basecaller_main]                 - inference: 80.654 sec
[basecaller_main]                     - conv_stack: 1.113 sec
[basecaller_main]                         - input [N,C,T]: [128, 1, 12288]
[basecaller_main]                         - conv[0]: 0.542 sec
[basecaller_main]                             in  [N,C,T]: [128, 1, 12288]
[basecaller_main]                             out [N,C,T]: [128, 16, 12288]
[basecaller_main]                             op: 0.450 sec  act: 0.092 sec
[basecaller_main]                         - conv[1]: 0.311 sec
[basecaller_main]                             in  [N,C,T]: [128, 16, 12288]
[basecaller_main]                             out [N,C,T]: [128, 16, 12288]
[basecaller_main]                             op: 0.261 sec  act: 0.050 sec
[basecaller_main]                         - conv[2]: 0.253 sec
[basecaller_main]                             in  [N,C,T]: [128, 16, 12288]
[basecaller_main]                             out [N,C,T]: [128, 96, 2048]
[basecaller_main]                             op: 0.205 sec  act: 0.049 sec
[basecaller_main]                         - transpose: 0.006 sec
[basecaller_main]                             in  [N,C,T]: [128, 96, 2048]
[basecaller_main]                             out [N,T,C]: [128, 2048, 96]
[basecaller_main]                     - rnns: 5.778 sec
[basecaller_main]                         - rnn[0] (reverse): 1.982 sec
[basecaller_main]                             in  [N,T,C]: [128, 2048, 96]
[basecaller_main]                             out [N,T,C]: [128, 2048, 96]
[basecaller_main]                             flip: 0.086 sec  lstm: 1.896 sec
[basecaller_main]                         - rnn[1] (forward): 0.954 sec
[basecaller_main]                             in  [N,T,C]: [128, 2048, 96]
[basecaller_main]                             out [N,T,C]: [128, 2048, 96]
[basecaller_main]                             flip: 0.054 sec  lstm: 0.901 sec
[basecaller_main]                         - rnn[2] (reverse): 0.933 sec
[basecaller_main]                             in  [N,T,C]: [128, 2048, 96]
[basecaller_main]                             out [N,T,C]: [128, 2048, 96]
[basecaller_main]                             flip: 0.050 sec  lstm: 0.884 sec
[basecaller_main]                         - rnn[3] (forward): 0.928 sec
[basecaller_main]                             in  [N,T,C]: [128, 2048, 96]
[basecaller_main]                             out [N,T,C]: [128, 2048, 96]
[basecaller_main]                             flip: 0.049 sec  lstm: 0.879 sec
[basecaller_main]                         - rnn[4] (reverse): 0.928 sec
[basecaller_main]                             in  [N,T,C]: [128, 2048, 96]
[basecaller_main]                             out [N,T,C]: [128, 2048, 96]
[basecaller_main]                             flip: 0.049 sec  lstm: 0.879 sec
[basecaller_main]                         - rnn_out_flip: 0.053 sec
[basecaller_main]                             out [N,T,C]: [128, 2048, 96]
[basecaller_main]                     - crf_1: 0.195 sec
[basecaller_main]                         in  [N,T,C]: [128, 2048, 96]
[basecaller_main]                         out [N,T,C]: [128, 2048, 256]
[basecaller_main]                     - crf_2: 0.000 sec
[basecaller_main]                     - clamp: 0.032 sec
[basecaller_main]                 - decode: 124.787 sec
[basecaller_main]                     - scores [N,T,C]: [128, 2048, 256]
[basecaller_main]                     - bwd_scan: 1.920 sec
[basecaller_main]                     - beam_search: 30.449 sec
[basecaller_main]                     - fwd_post_scan: 12.638 sec
[basecaller_main]                     - qual_data: 2.854 sec
[basecaller_main]                     - gen_sequence: 2.852 sec
[basecaller_main]                     - d2h_copy: 0.061 sec
[basecaller_main]             - modcall: 0.000 sec
[basecaller_main] load-imbalance: 638 GPU batches (638 tail), 5100 real chunks, 76564 padded slots -> 93.8% of 81664 launched GPU slots wasted on padding
[basecaller_main]     - postprocess: 0.028 sec
[basecaller_main]     - mod_preprocess: 0.000 sec
[basecaller_main]     - mod_postprocess: 0.000 sec
[basecaller_main] data output: 0.005 sec
[basecaller_main] data free: 0.008 sec
[main] Version: 0.5.0-beta
[main] CMD: ./slorado basecaller -C 128 -c 12288 -K 4096 -p 150 --overlap-decode=yes --fixed-c-batch=yes --flush-threshold=8 -o /dev/null models/dna_r10.4.1_e8.2_400bps_fast@v5.0.0 test/PGXXXX230339/reads_1k.blow5
[main] Real time: 126.681 sec; CPU time: 10.811 sec; Peak RAM: 3.649 GB

