
slorado base-caller version 0.5.0-beta
model path:         models/dna_r10.4.1_e8.2_400bps_fast@v5.0.0
input path:         test/PGXXXX230339/reads_1k.blow5
output path:        /dev/null
device:             cuda:all
chunk size:         12288
read batch size:    4096
gpu batch size:     64
no. threads:        8
overlap:            150
overlap decode:     yes
fixed-c batch:      no (narrow partials)
flush threshold:    8

[parse_qscore_params::INFO][1;34m mean_qscore_start_pos not found in config toml, setting default to 60[0m
[basecaller_main::0.242*4.60] 1000 Entries (49.5M bytes) loaded
[basecaller_main::30.849*0.24] 1000 Entries (49.5M bytes) processed

[basecaller_main] total entries: 1000
[basecaller_main] total bytes: 49.5 M
[basecaller_main] model initialization: 0.193 sec
[basecaller_main] data loading: 0.047 sec
[basecaller_main] data processing: 30.607 sec
[basecaller_main]     - parse: 0.367 sec
[basecaller_main]     - preprocess: 0.019 sec
[basecaller_main]     - runners: 30.195 sec
[basecaller_main]          - synchronisation: 0.000 sec
[basecaller_main]          - model runner [0]: 30.190 sec
[basecaller_main]             - accept: 0.329 sec
[basecaller_main]             - basecall: 29.862 sec
[basecaller_main]                 - inference: 4.619 sec
[basecaller_main]                     - conv_stack: 0.988 sec
[basecaller_main]                         - input [N,C,T]: [8, 1, 12288]
[basecaller_main]                         - conv[0]: 0.427 sec
[basecaller_main]                             in  [N,C,T]: [8, 1, 12288]
[basecaller_main]                             out [N,C,T]: [8, 16, 12288]
[basecaller_main]                             op: 0.341 sec  act: 0.086 sec
[basecaller_main]                         - conv[1]: 0.297 sec
[basecaller_main]                             in  [N,C,T]: [8, 16, 12288]
[basecaller_main]                             out [N,C,T]: [8, 16, 12288]
[basecaller_main]                             op: 0.245 sec  act: 0.052 sec
[basecaller_main]                         - conv[2]: 0.259 sec
[basecaller_main]                             in  [N,C,T]: [8, 16, 12288]
[basecaller_main]                             out [N,C,T]: [8, 96, 2048]
[basecaller_main]                             op: 0.208 sec  act: 0.051 sec
[basecaller_main]                         - transpose: 0.005 sec
[basecaller_main]                             in  [N,C,T]: [8, 96, 2048]
[basecaller_main]                             out [N,T,C]: [8, 2048, 96]
[basecaller_main]                     - rnns: 3.219 sec
[basecaller_main]                         - rnn[0] (reverse): 0.904 sec
[basecaller_main]                             in  [N,T,C]: [8, 2048, 96]
[basecaller_main]                             out [N,T,C]: [8, 2048, 96]
[basecaller_main]                             flip: 0.059 sec  lstm: 0.844 sec
[basecaller_main]                         - rnn[1] (forward): 0.584 sec
[basecaller_main]                             in  [N,T,C]: [8, 2048, 96]
[basecaller_main]                             out [N,T,C]: [8, 2048, 96]
[basecaller_main]                             flip: 0.053 sec  lstm: 0.531 sec
[basecaller_main]                         - rnn[2] (reverse): 0.564 sec
[basecaller_main]                             in  [N,T,C]: [8, 2048, 96]
[basecaller_main]                             out [N,T,C]: [8, 2048, 96]
[basecaller_main]                             flip: 0.049 sec  lstm: 0.515 sec
[basecaller_main]                         - rnn[3] (forward): 0.558 sec
[basecaller_main]                             in  [N,T,C]: [8, 2048, 96]
[basecaller_main]                             out [N,T,C]: [8, 2048, 96]
[basecaller_main]                             flip: 0.048 sec  lstm: 0.510 sec
[basecaller_main]                         - rnn[4] (reverse): 0.557 sec
[basecaller_main]                             in  [N,T,C]: [8, 2048, 96]
[basecaller_main]                             out [N,T,C]: [8, 2048, 96]
[basecaller_main]                             flip: 0.048 sec  lstm: 0.509 sec
[basecaller_main]                         - rnn_out_flip: 0.051 sec
[basecaller_main]                             out [N,T,C]: [8, 2048, 96]
[basecaller_main]                     - crf_1: 0.149 sec
[basecaller_main]                         in  [N,T,C]: [8, 2048, 96]
[basecaller_main]                         out [N,T,C]: [8, 2048, 256]
[basecaller_main]                     - crf_2: 0.000 sec
[basecaller_main]                     - clamp: 0.031 sec
[basecaller_main]                 - decode: 29.392 sec
[basecaller_main]                     - scores [N,T,C]: [4, 2048, 256]
[basecaller_main]                     - bwd_scan: 1.667 sec
[basecaller_main]                     - beam_search: 18.895 sec
[basecaller_main]                     - fwd_post_scan: 4.548 sec
[basecaller_main]                     - qual_data: 2.869 sec
[basecaller_main]                     - gen_sequence: 1.544 sec
[basecaller_main]                     - d2h_copy: 0.009 sec
[basecaller_main]             - modcall: 0.000 sec
[basecaller_main] load-imbalance: 638 GPU batches (638 tail), 5100 real chunks, 35732 padded slots -> 87.5% of 40832 launched GPU slots wasted on padding
[basecaller_main]     - postprocess: 0.026 sec
[basecaller_main]     - mod_preprocess: 0.000 sec
[basecaller_main]     - mod_postprocess: 0.000 sec
[basecaller_main] data output: 0.006 sec
[basecaller_main] data free: 0.011 sec
[main] Version: 0.5.0-beta
[main] CMD: ./slorado basecaller -C 64 -c 12288 -K 4096 -p 150 --overlap-decode=yes --fixed-c-batch=no --flush-threshold=8 -o /dev/null models/dna_r10.4.1_e8.2_400bps_fast@v5.0.0 test/PGXXXX230339/reads_1k.blow5
[main] Real time: 30.874 sec; CPU time: 7.555 sec; Peak RAM: 1.384 GB

