
slorado base-caller version 0.5.0-beta
model path:         models/dna_r10.4.1_e8.2_400bps_fast@v5.0.0
input path:         test/PGXXXX230339/reads_1k.blow5
output path:        /dev/null
device:             cuda:all
chunk size:         12288
read batch size:    4096
gpu batch size:     64
no. threads:        8
overlap:            150
overlap decode:     yes
fixed-c batch:      yes (no narrow)
flush threshold:    32

[parse_qscore_params::INFO][1;34m mean_qscore_start_pos not found in config toml, setting default to 60[0m
[basecaller_main::0.237*4.64] 1000 Entries (49.5M bytes) loaded
[basecaller_main::17.403*0.27] 1000 Entries (49.5M bytes) processed

[basecaller_main] total entries: 1000
[basecaller_main] total bytes: 49.5 M
[basecaller_main] model initialization: 0.188 sec
[basecaller_main] data loading: 0.047 sec
[basecaller_main] data processing: 17.166 sec
[basecaller_main]     - parse: 0.377 sec
[basecaller_main]     - preprocess: 0.014 sec
[basecaller_main]     - runners: 16.753 sec
[basecaller_main]          - synchronisation: 0.000 sec
[basecaller_main]          - model runner [0]: 16.751 sec
[basecaller_main]             - accept: 0.253 sec
[basecaller_main]             - basecall: 16.498 sec
[basecaller_main]                 - inference: 7.400 sec
[basecaller_main]                     - conv_stack: 0.432 sec
[basecaller_main]                         - input [N,C,T]: [64, 1, 12288]
[basecaller_main]                         - conv[0]: 0.265 sec
[basecaller_main]                             in  [N,C,T]: [64, 1, 12288]
[basecaller_main]                             out [N,C,T]: [64, 16, 12288]
[basecaller_main]                             op: 0.224 sec  act: 0.041 sec
[basecaller_main]                         - conv[1]: 0.099 sec
[basecaller_main]                             in  [N,C,T]: [64, 16, 12288]
[basecaller_main]                             out [N,C,T]: [64, 16, 12288]
[basecaller_main]                             op: 0.087 sec  act: 0.012 sec
[basecaller_main]                         - conv[2]: 0.066 sec
[basecaller_main]                             in  [N,C,T]: [64, 16, 12288]
[basecaller_main]                             out [N,C,T]: [64, 96, 2048]
[basecaller_main]                             op: 0.054 sec  act: 0.012 sec
[basecaller_main]                         - transpose: 0.001 sec
[basecaller_main]                             in  [N,C,T]: [64, 96, 2048]
[basecaller_main]                             out [N,T,C]: [64, 2048, 96]
[basecaller_main]                     - rnns: 1.387 sec
[basecaller_main]                         - rnn[0] (reverse): 0.678 sec
[basecaller_main]                             in  [N,T,C]: [64, 2048, 96]
[basecaller_main]                             out [N,T,C]: [64, 2048, 96]
[basecaller_main]                             flip: 0.049 sec  lstm: 0.629 sec
[basecaller_main]                         - rnn[1] (forward): 0.178 sec
[basecaller_main]                             in  [N,T,C]: [64, 2048, 96]
[basecaller_main]                             out [N,T,C]: [64, 2048, 96]
[basecaller_main]                             flip: 0.013 sec  lstm: 0.164 sec
[basecaller_main]                         - rnn[2] (reverse): 0.173 sec
[basecaller_main]                             in  [N,T,C]: [64, 2048, 96]
[basecaller_main]                             out [N,T,C]: [64, 2048, 96]
[basecaller_main]                             flip: 0.012 sec  lstm: 0.161 sec
[basecaller_main]                         - rnn[3] (forward): 0.172 sec
[basecaller_main]                             in  [N,T,C]: [64, 2048, 96]
[basecaller_main]                             out [N,T,C]: [64, 2048, 96]
[basecaller_main]                             flip: 0.012 sec  lstm: 0.160 sec
[basecaller_main]                         - rnn[4] (reverse): 0.172 sec
[basecaller_main]                             in  [N,T,C]: [64, 2048, 96]
[basecaller_main]                             out [N,T,C]: [64, 2048, 96]
[basecaller_main]                             flip: 0.012 sec  lstm: 0.160 sec
[basecaller_main]                         - rnn_out_flip: 0.013 sec
[basecaller_main]                             out [N,T,C]: [64, 2048, 96]
[basecaller_main]                     - crf_1: 0.051 sec
[basecaller_main]                         in  [N,T,C]: [64, 2048, 96]
[basecaller_main]                         out [N,T,C]: [64, 2048, 256]
[basecaller_main]                     - crf_2: 0.000 sec
[basecaller_main]                     - clamp: 0.008 sec
[basecaller_main]                 - decode: 15.906 sec
[basecaller_main]                     - scores [N,T,C]: [64, 2048, 256]
[basecaller_main]                     - bwd_scan: 0.384 sec
[basecaller_main]                     - beam_search: 6.486 sec
[basecaller_main]                     - fwd_post_scan: 1.913 sec
[basecaller_main]                     - qual_data: 0.847 sec
[basecaller_main]                     - gen_sequence: 0.522 sec
[basecaller_main]                     - d2h_copy: 0.006 sec
[basecaller_main]             - modcall: 0.000 sec
[basecaller_main] load-imbalance: 160 GPU batches (160 tail), 5100 real chunks, 5140 padded slots -> 50.2% of 10240 launched GPU slots wasted on padding
[basecaller_main]     - postprocess: 0.022 sec
[basecaller_main]     - mod_preprocess: 0.000 sec
[basecaller_main]     - mod_postprocess: 0.000 sec
[basecaller_main] data output: 0.005 sec
[basecaller_main] data free: 0.010 sec
[main] Version: 0.5.0-beta
[main] CMD: ./slorado basecaller -C 64 -c 12288 -K 4096 -p 150 --overlap-decode=yes --fixed-c-batch=yes --flush-threshold=32 -o /dev/null models/dna_r10.4.1_e8.2_400bps_fast@v5.0.0 test/PGXXXX230339/reads_1k.blow5
[main] Real time: 17.426 sec; CPU time: 4.701 sec; Peak RAM: 2.426 GB

