
slorado base-caller version 0.5.0-beta
model path:         models/dna_r10.4.1_e8.2_400bps_fast@v5.0.0
input path:         test/PGXXXX230339/reads_1k.blow5
output path:        /dev/null
device:             cuda:all
chunk size:         12288
read batch size:    4096
gpu batch size:     64
no. threads:        8
overlap:            150
overlap decode:     yes
fixed-c batch:      no (narrow partials)
flush threshold:    4

[parse_qscore_params::INFO][1;34m mean_qscore_start_pos not found in config toml, setting default to 60[0m
[basecaller_main::0.244*4.62] 1000 Entries (49.5M bytes) loaded
[basecaller_main::56.936*0.21] 1000 Entries (49.5M bytes) processed

[basecaller_main] total entries: 1000
[basecaller_main] total bytes: 49.5 M
[basecaller_main] model initialization: 0.195 sec
[basecaller_main] data loading: 0.047 sec
[basecaller_main] data processing: 56.692 sec
[basecaller_main]     - parse: 0.346 sec
[basecaller_main]     - preprocess: 0.018 sec
[basecaller_main]     - runners: 56.303 sec
[basecaller_main]          - synchronisation: 0.000 sec
[basecaller_main]          - model runner [0]: 56.295 sec
[basecaller_main]             - accept: 0.393 sec
[basecaller_main]             - basecall: 55.902 sec
[basecaller_main]                 - inference: 8.707 sec
[basecaller_main]                     - conv_stack: 1.675 sec
[basecaller_main]                         - input [N,C,T]: [4, 1, 12288]
[basecaller_main]                         - conv[0]: 0.631 sec
[basecaller_main]                             in  [N,C,T]: [4, 1, 12288]
[basecaller_main]                             out [N,C,T]: [4, 16, 12288]
[basecaller_main]                             op: 0.492 sec  act: 0.139 sec
[basecaller_main]                         - conv[1]: 0.538 sec
[basecaller_main]                             in  [N,C,T]: [4, 16, 12288]
[basecaller_main]                             out [N,C,T]: [4, 16, 12288]
[basecaller_main]                             op: 0.437 sec  act: 0.102 sec
[basecaller_main]                         - conv[2]: 0.496 sec
[basecaller_main]                             in  [N,C,T]: [4, 16, 12288]
[basecaller_main]                             out [N,C,T]: [4, 96, 2048]
[basecaller_main]                             op: 0.395 sec  act: 0.100 sec
[basecaller_main]                         - transpose: 0.010 sec
[basecaller_main]                             in  [N,C,T]: [4, 96, 2048]
[basecaller_main]                             out [N,T,C]: [4, 2048, 96]
[basecaller_main]                     - rnns: 6.356 sec
[basecaller_main]                         - rnn[0] (reverse): 1.565 sec
[basecaller_main]                             in  [N,T,C]: [4, 2048, 96]
[basecaller_main]                             out [N,T,C]: [4, 2048, 96]
[basecaller_main]                             flip: 0.099 sec  lstm: 1.467 sec
[basecaller_main]                         - rnn[1] (forward): 1.201 sec
[basecaller_main]                             in  [N,T,C]: [4, 2048, 96]
[basecaller_main]                             out [N,T,C]: [4, 2048, 96]
[basecaller_main]                             flip: 0.108 sec  lstm: 1.092 sec
[basecaller_main]                         - rnn[2] (reverse): 1.163 sec
[basecaller_main]                             in  [N,T,C]: [4, 2048, 96]
[basecaller_main]                             out [N,T,C]: [4, 2048, 96]
[basecaller_main]                             flip: 0.101 sec  lstm: 1.062 sec
[basecaller_main]                         - rnn[3] (forward): 1.161 sec
[basecaller_main]                             in  [N,T,C]: [4, 2048, 96]
[basecaller_main]                             out [N,T,C]: [4, 2048, 96]
[basecaller_main]                             flip: 0.101 sec  lstm: 1.060 sec
[basecaller_main]                         - rnn[4] (reverse): 1.159 sec
[basecaller_main]                             in  [N,T,C]: [4, 2048, 96]
[basecaller_main]                             out [N,T,C]: [4, 2048, 96]
[basecaller_main]                             flip: 0.100 sec  lstm: 1.059 sec
[basecaller_main]                         - rnn_out_flip: 0.107 sec
[basecaller_main]                             out [N,T,C]: [4, 2048, 96]
[basecaller_main]                     - crf_1: 0.268 sec
[basecaller_main]                         in  [N,T,C]: [4, 2048, 96]
[basecaller_main]                         out [N,T,C]: [4, 2048, 256]
[basecaller_main]                     - crf_2: 0.000 sec
[basecaller_main]                     - clamp: 0.067 sec
[basecaller_main]                 - decode: 55.451 sec
[basecaller_main]                     - scores [N,T,C]: [4, 2048, 256]
[basecaller_main]                     - bwd_scan: 3.308 sec
[basecaller_main]                     - beam_search: 35.829 sec
[basecaller_main]                     - fwd_post_scan: 8.719 sec
[basecaller_main]                     - qual_data: 5.666 sec
[basecaller_main]                     - gen_sequence: 2.043 sec
[basecaller_main]                     - d2h_copy: 0.014 sec
[basecaller_main]             - modcall: 0.000 sec
[basecaller_main] load-imbalance: 1275 GPU batches (1275 tail), 5100 real chunks, 76500 padded slots -> 93.8% of 81600 launched GPU slots wasted on padding
[basecaller_main]     - postprocess: 0.025 sec
[basecaller_main]     - mod_preprocess: 0.000 sec
[basecaller_main]     - mod_postprocess: 0.000 sec
[basecaller_main] data output: 0.005 sec
[basecaller_main] data free: 0.011 sec
[main] Version: 0.5.0-beta
[main] CMD: ./slorado basecaller -C 64 -c 12288 -K 4096 -p 150 --overlap-decode=yes --fixed-c-batch=no --flush-threshold=4 -o /dev/null models/dna_r10.4.1_e8.2_400bps_fast@v5.0.0 test/PGXXXX230339/reads_1k.blow5
[main] Real time: 56.959 sec; CPU time: 11.964 sec; Peak RAM: 1.275 GB

