
slorado base-caller version 0.5.0-beta
model path:         models/dna_r10.4.1_e8.2_400bps_hac@v5.0.0
input path:         test/PGXXXX230339/reads_1k.blow5
output path:        docs-riley/spec-decode-sweep/20260802T121510Z/fastq/output_hac_1k_baseline.fastq
device:             cuda:all
chunk size:         12288
read batch size:    4096
gpu batch size:     128
no. threads:        8
overlap:            150
overlap decode:     yes
fixed-c batch:      no (narrow partials)
flush threshold:    128
speculative decode: no

[parse_qscore_params::INFO][1;34m mean_qscore_start_pos not found in config toml, setting default to 60[0m
[basecaller_main::0.426*3.01] 1000 Entries (49.5M bytes) loaded
[basecaller_main::44.932*0.96] 1000 Entries (49.5M bytes) processed

[basecaller_main] total entries: 1000
[basecaller_main] total bytes: 49.5 M
[basecaller_main] model initialization: 0.377 sec
[basecaller_main] data loading: 0.048 sec
[basecaller_main] data processing: 44.505 sec
[basecaller_main]     - parse: 0.418 sec
[basecaller_main]     - preprocess: 0.022 sec
[basecaller_main]     - runners: 44.038 sec
[basecaller_main]          - synchronisation: 0.000 sec
[basecaller_main]          - model runner [0]: 44.037 sec
[basecaller_main]             - accept: 0.139 sec
[basecaller_main]             - basecall: 43.898 sec
[basecaller_main]                 - inference: 43.681 sec
[basecaller_main]                     - conv_stack: 0.526 sec
[basecaller_main]                         - input [N,C,T]: [128, 1, 12288]
[basecaller_main]                         - conv[0]: 0.201 sec
[basecaller_main]                             in  [N,C,T]: [128, 1, 12288]
[basecaller_main]                             out [N,C,T]: [128, 16, 12288]
[basecaller_main]                             op: 0.192 sec  act: 0.009 sec
[basecaller_main]                         - conv[1]: 0.086 sec
[basecaller_main]                             in  [N,C,T]: [128, 16, 12288]
[basecaller_main]                             out [N,C,T]: [128, 16, 12288]
[basecaller_main]                             op: 0.085 sec  act: 0.001 sec
[basecaller_main]                         - conv[2]: 0.238 sec
[basecaller_main]                             in  [N,C,T]: [128, 16, 12288]
[basecaller_main]                             out [N,C,T]: [128, 384, 2048]
[basecaller_main]                             op: 0.166 sec  act: 0.072 sec
[basecaller_main]                         - transpose: 0.000 sec
[basecaller_main]                             in  [N,C,T]: [128, 384, 2048]
[basecaller_main]                             out [N,T,C]: [128, 2048, 384]
[basecaller_main]                     - rnns: 39.763 sec
[basecaller_main]                         - rnn[0] (reverse): 14.395 sec
[basecaller_main]                             in  [N,T,C]: [128, 2048, 384]
[basecaller_main]                             out [N,T,C]: [128, 2048, 384]
[basecaller_main]                             flip: 0.017 sec  lstm: 14.379 sec
[basecaller_main]                         - rnn[1] (forward): 6.348 sec
[basecaller_main]                             in  [N,T,C]: [128, 2048, 384]
[basecaller_main]                             out [N,T,C]: [128, 2048, 384]
[basecaller_main]                             flip: 0.004 sec  lstm: 6.344 sec
[basecaller_main]                         - rnn[2] (reverse): 6.351 sec
[basecaller_main]                             in  [N,T,C]: [128, 2048, 384]
[basecaller_main]                             out [N,T,C]: [128, 2048, 384]
[basecaller_main]                             flip: 0.003 sec  lstm: 6.348 sec
[basecaller_main]                         - rnn[3] (forward): 6.343 sec
[basecaller_main]                             in  [N,T,C]: [128, 2048, 384]
[basecaller_main]                             out [N,T,C]: [128, 2048, 384]
[basecaller_main]                             flip: 0.003 sec  lstm: 6.340 sec
[basecaller_main]                         - rnn[4] (reverse): 6.323 sec
[basecaller_main]                             in  [N,T,C]: [128, 2048, 384]
[basecaller_main]                             out [N,T,C]: [128, 2048, 384]
[basecaller_main]                             flip: 0.003 sec  lstm: 6.320 sec
[basecaller_main]                         - rnn_out_flip: 0.003 sec
[basecaller_main]                             out [N,T,C]: [128, 2048, 384]
[basecaller_main]                     - crf_1: 0.290 sec
[basecaller_main]                         in  [N,T,C]: [128, 2048, 384]
[basecaller_main]                         out [N,T,C]: [128, 2048, 1024]
[basecaller_main]                     - crf_2: 0.000 sec
[basecaller_main]                     - clamp: 0.028 sec
[basecaller_main]                 - decode: 41.943 sec
[basecaller_main]                     - scores [N,T,C]: [108, 2048, 1024]
[basecaller_main]                     - bwd_scan: 0.666 sec
[basecaller_main]                     - beam_search: 2.483 sec
[basecaller_main]                     - fwd_post_scan: 1.758 sec
[basecaller_main]                     - qual_data: 0.343 sec
[basecaller_main]                     - gen_sequence: 0.496 sec
[basecaller_main]                     - d2h_copy: 0.006 sec
[basecaller_main]             - modcall: 0.000 sec
[basecaller_main] load-imbalance: 40 GPU batches (1 tail), 5100 real chunks, 20 padded slots -> 0.4% of 5120 launched GPU slots wasted on padding
[basecaller_main]     - postprocess: 0.027 sec
[basecaller_main]     - mod_preprocess: 0.000 sec
[basecaller_main]     - mod_postprocess: 0.000 sec
[basecaller_main] data output: 0.021 sec
[basecaller_main] data free: 0.010 sec
[main] Version: 0.5.0-beta
[main] CMD: ./slorado basecaller -C 128 -c 12288 -K 4096 -p 150 --overlap-decode=yes --fixed-c-batch=no --flush-threshold=128 -o docs-riley/spec-decode-sweep/20260802T121510Z/fastq/output_hac_1k_baseline.fastq models/dna_r10.4.1_e8.2_400bps_hac@v5.0.0 test/PGXXXX230339/reads_1k.blow5
[main] Real time: 44.991 sec; CPU time: 43.238 sec; Peak RAM: 4.255 GB

