
slorado base-caller version 0.5.0-beta
model path:         models/dna_r10.4.1_e8.2_400bps_hac@v5.0.0
input path:         test/PGXXXX230339/reads_1k.blow5
output path:        docs-riley/spec-decode-sweep/20260802T121510Z/fastq/output_hac_1k_q10_m2.fastq
device:             cuda:all
chunk size:         12288
read batch size:    4096
gpu batch size:     128
no. threads:        8
overlap:            150
overlap decode:     yes
fixed-c batch:      no (narrow partials)
flush threshold:    128
speculative decode: yes
spec repair thr:    10.00
spec margin thr:    2.00
spec overlap repair:no
spec agreement:     no

[parse_qscore_params::INFO][1;34m mean_qscore_start_pos not found in config toml, setting default to 60[0m
[basecaller_main::0.352*3.37] 1000 Entries (49.5M bytes) loaded
[basecaller_main::44.517*0.94] 1000 Entries (49.5M bytes) processed

[basecaller_main] total entries: 1000
[basecaller_main] total bytes: 49.5 M
[basecaller_main] model initialization: 0.298 sec
[basecaller_main] data loading: 0.053 sec
[basecaller_main] data processing: 44.165 sec
[basecaller_main]     - parse: 0.410 sec
[basecaller_main]     - preprocess: 0.017 sec
[basecaller_main]     - runners: 43.716 sec
[basecaller_main]          - synchronisation: 0.000 sec
[basecaller_main]          - model runner [0]: 43.715 sec
[basecaller_main]             - accept: 0.141 sec
[basecaller_main]             - basecall: 43.574 sec
[basecaller_main]                 - inference: 39.861 sec
[basecaller_main]                     - conv_stack: 0.513 sec
[basecaller_main]                         - input [N,C,T]: [128, 1, 12288]
[basecaller_main]                         - conv[0]: 0.204 sec
[basecaller_main]                             in  [N,C,T]: [128, 1, 12288]
[basecaller_main]                             out [N,C,T]: [128, 16, 12288]
[basecaller_main]                             op: 0.195 sec  act: 0.009 sec
[basecaller_main]                         - conv[1]: 0.057 sec
[basecaller_main]                             in  [N,C,T]: [128, 16, 12288]
[basecaller_main]                             out [N,C,T]: [128, 16, 12288]
[basecaller_main]                             op: 0.056 sec  act: 0.001 sec
[basecaller_main]                         - conv[2]: 0.252 sec
[basecaller_main]                             in  [N,C,T]: [128, 16, 12288]
[basecaller_main]                             out [N,C,T]: [128, 384, 2048]
[basecaller_main]                             op: 0.168 sec  act: 0.084 sec
[basecaller_main]                         - transpose: 0.000 sec
[basecaller_main]                             in  [N,C,T]: [128, 384, 2048]
[basecaller_main]                             out [N,T,C]: [128, 2048, 384]
[basecaller_main]                     - rnns: 38.420 sec
[basecaller_main]                         - rnn[0] (reverse): 13.077 sec
[basecaller_main]                             in  [N,T,C]: [128, 2048, 384]
[basecaller_main]                             out [N,T,C]: [128, 2048, 384]
[basecaller_main]                             flip: 0.018 sec  lstm: 13.059 sec
[basecaller_main]                         - rnn[1] (forward): 6.340 sec
[basecaller_main]                             in  [N,T,C]: [128, 2048, 384]
[basecaller_main]                             out [N,T,C]: [128, 2048, 384]
[basecaller_main]                             flip: 0.004 sec  lstm: 6.336 sec
[basecaller_main]                         - rnn[2] (reverse): 6.341 sec
[basecaller_main]                             in  [N,T,C]: [128, 2048, 384]
[basecaller_main]                             out [N,T,C]: [128, 2048, 384]
[basecaller_main]                             flip: 0.003 sec  lstm: 6.338 sec
[basecaller_main]                         - rnn[3] (forward): 6.327 sec
[basecaller_main]                             in  [N,T,C]: [128, 2048, 384]
[basecaller_main]                             out [N,T,C]: [128, 2048, 384]
[basecaller_main]                             flip: 0.003 sec  lstm: 6.324 sec
[basecaller_main]                         - rnn[4] (reverse): 6.333 sec
[basecaller_main]                             in  [N,T,C]: [128, 2048, 384]
[basecaller_main]                             out [N,T,C]: [128, 2048, 384]
[basecaller_main]                             flip: 0.003 sec  lstm: 6.330 sec
[basecaller_main]                         - rnn_out_flip: 0.003 sec
[basecaller_main]                             out [N,T,C]: [128, 2048, 384]
[basecaller_main]                     - crf_1: 0.286 sec
[basecaller_main]                         in  [N,T,C]: [128, 2048, 384]
[basecaller_main]                         out [N,T,C]: [128, 2048, 1024]
[basecaller_main]                     - crf_2: 0.000 sec
[basecaller_main]                     - clamp: 0.030 sec
[basecaller_main]                 - decode: 41.632 sec
[basecaller_main]                     - scores [N,T,C]: [29, 2048, 1024]
[basecaller_main]                     - bwd_scan: 0.823 sec
[basecaller_main]                     - beam_search: 1.348 sec
[basecaller_main]                     - draft (greedy): 0.216 sec
[basecaller_main]                     - fwd_post_scan: 1.647 sec
[basecaller_main]                     - qual_data: 0.505 sec
[basecaller_main]                     - gen_sequence: 1.008 sec
[basecaller_main]                     - d2h_copy: 0.004 sec
[basecaller_main]             - modcall: 0.000 sec
[basecaller_main] load-imbalance: 40 GPU batches (1 tail), 5100 real chunks, 20 padded slots -> 0.4% of 5120 launched GPU slots wasted on padding
[basecaller_main] speculative: drafted 5100, repaired 873 (alpha=0.829 accept), draft 0.025s repair 3.607s
[basecaller_main]     - postprocess: 0.022 sec
[basecaller_main]     - mod_preprocess: 0.000 sec
[basecaller_main]     - mod_postprocess: 0.000 sec
[basecaller_main] data output: 0.021 sec
[basecaller_main] data free: 0.010 sec
[main] Version: 0.5.0-beta
[main] CMD: ./slorado basecaller -C 128 -c 12288 -K 4096 -p 150 --overlap-decode=yes --fixed-c-batch=no --flush-threshold=128 -o docs-riley/spec-decode-sweep/20260802T121510Z/fastq/output_hac_1k_q10_m2.fastq --speculative-decode=yes --spec-repair-threshold=10 --spec-margin-threshold=2 models/dna_r10.4.1_e8.2_400bps_hac@v5.0.0 test/PGXXXX230339/reads_1k.blow5
[main] Real time: 44.581 sec; CPU time: 42.116 sec; Peak RAM: 4.995 GB

