
slorado base-caller version 0.5.0-beta
model path:         models/dna_r10.4.1_e8.2_400bps_hac@v5.0.0
input path:         test/PGXXXX230339/reads_1k.blow5
output path:        docs-riley/spec-decode-sweep/20260802T121510Z/fastq/output_hac_1k_q10_m3_brave.fastq
device:             cuda:all
chunk size:         12288
read batch size:    4096
gpu batch size:     128
no. threads:        8
overlap:            150
overlap decode:     yes
fixed-c batch:      no (narrow partials)
flush threshold:    128
speculative decode: yes
spec repair thr:    10.00
spec margin thr:    3.00
spec overlap repair:yes
spec agreement:     no

[parse_qscore_params::INFO][1;34m mean_qscore_start_pos not found in config toml, setting default to 60[0m
[basecaller_main::0.332*3.67] 1000 Entries (49.5M bytes) loaded
[basecaller_main::44.940*0.90] 1000 Entries (49.5M bytes) processed

[basecaller_main] total entries: 1000
[basecaller_main] total bytes: 49.5 M
[basecaller_main] model initialization: 0.280 sec
[basecaller_main] data loading: 0.051 sec
[basecaller_main] data processing: 44.608 sec
[basecaller_main]     - parse: 0.388 sec
[basecaller_main]     - preprocess: 0.017 sec
[basecaller_main]     - runners: 44.183 sec
[basecaller_main]          - synchronisation: 0.000 sec
[basecaller_main]          - model runner [0]: 44.182 sec
[basecaller_main]             - accept: 0.141 sec
[basecaller_main]             - basecall: 44.042 sec
[basecaller_main]                 - inference: 41.341 sec
[basecaller_main]                     - conv_stack: 0.508 sec
[basecaller_main]                         - input [N,C,T]: [128, 1, 12288]
[basecaller_main]                         - conv[0]: 0.204 sec
[basecaller_main]                             in  [N,C,T]: [128, 1, 12288]
[basecaller_main]                             out [N,C,T]: [128, 16, 12288]
[basecaller_main]                             op: 0.194 sec  act: 0.010 sec
[basecaller_main]                         - conv[1]: 0.055 sec
[basecaller_main]                             in  [N,C,T]: [128, 16, 12288]
[basecaller_main]                             out [N,C,T]: [128, 16, 12288]
[basecaller_main]                             op: 0.054 sec  act: 0.001 sec
[basecaller_main]                         - conv[2]: 0.248 sec
[basecaller_main]                             in  [N,C,T]: [128, 16, 12288]
[basecaller_main]                             out [N,C,T]: [128, 384, 2048]
[basecaller_main]                             op: 0.168 sec  act: 0.080 sec
[basecaller_main]                         - transpose: 0.000 sec
[basecaller_main]                             in  [N,C,T]: [128, 384, 2048]
[basecaller_main]                             out [N,T,C]: [128, 2048, 384]
[basecaller_main]                     - rnns: 36.848 sec
[basecaller_main]                         - rnn[0] (reverse): 11.474 sec
[basecaller_main]                             in  [N,T,C]: [128, 2048, 384]
[basecaller_main]                             out [N,T,C]: [128, 2048, 384]
[basecaller_main]                             flip: 0.017 sec  lstm: 11.457 sec
[basecaller_main]                         - rnn[1] (forward): 6.343 sec
[basecaller_main]                             in  [N,T,C]: [128, 2048, 384]
[basecaller_main]                             out [N,T,C]: [128, 2048, 384]
[basecaller_main]                             flip: 0.004 sec  lstm: 6.339 sec
[basecaller_main]                         - rnn[2] (reverse): 6.355 sec
[basecaller_main]                             in  [N,T,C]: [128, 2048, 384]
[basecaller_main]                             out [N,T,C]: [128, 2048, 384]
[basecaller_main]                             flip: 0.003 sec  lstm: 6.352 sec
[basecaller_main]                         - rnn[3] (forward): 6.341 sec
[basecaller_main]                             in  [N,T,C]: [128, 2048, 384]
[basecaller_main]                             out [N,T,C]: [128, 2048, 384]
[basecaller_main]                             flip: 0.003 sec  lstm: 6.338 sec
[basecaller_main]                         - rnn[4] (reverse): 6.332 sec
[basecaller_main]                             in  [N,T,C]: [128, 2048, 384]
[basecaller_main]                             out [N,T,C]: [128, 2048, 384]
[basecaller_main]                             flip: 0.003 sec  lstm: 6.328 sec
[basecaller_main]                         - rnn_out_flip: 0.003 sec
[basecaller_main]                             out [N,T,C]: [128, 2048, 384]
[basecaller_main]                     - crf_1: 0.289 sec
[basecaller_main]                         in  [N,T,C]: [128, 2048, 384]
[basecaller_main]                         out [N,T,C]: [128, 2048, 1024]
[basecaller_main]                     - crf_2: 0.000 sec
[basecaller_main]                     - clamp: 0.038 sec
[basecaller_main]                 - decode: 42.083 sec
[basecaller_main]                     - scores [N,T,C]: [53, 2048, 1024]
[basecaller_main]                     - bwd_scan: 0.886 sec
[basecaller_main]                     - beam_search: 1.415 sec
[basecaller_main]                     - draft (greedy): 0.132 sec
[basecaller_main]                     - fwd_post_scan: 1.707 sec
[basecaller_main]                     - qual_data: 0.837 sec
[basecaller_main]                     - gen_sequence: 0.754 sec
[basecaller_main]                     - d2h_copy: 0.004 sec
[basecaller_main]             - modcall: 0.000 sec
[basecaller_main] load-imbalance: 40 GPU batches (1 tail), 5100 real chunks, 20 padded slots -> 0.4% of 5120 launched GPU slots wasted on padding
[basecaller_main] speculative: drafted 5100, repaired 1485 (alpha=0.709 accept), draft 0.021s repair 0.543s
[basecaller_main]     - postprocess: 0.019 sec
[basecaller_main]     - mod_preprocess: 0.000 sec
[basecaller_main]     - mod_postprocess: 0.000 sec
[basecaller_main] data output: 0.022 sec
[basecaller_main] data free: 0.010 sec
[main] Version: 0.5.0-beta
[main] CMD: ./slorado basecaller -C 128 -c 12288 -K 4096 -p 150 --overlap-decode=yes --fixed-c-batch=no --flush-threshold=128 -o docs-riley/spec-decode-sweep/20260802T121510Z/fastq/output_hac_1k_q10_m3_brave.fastq --speculative-decode=yes --spec-repair-threshold=10 --spec-margin-threshold=3 --spec-overlap-repair=yes models/dna_r10.4.1_e8.2_400bps_hac@v5.0.0 test/PGXXXX230339/reads_1k.blow5
[main] Real time: 45.004 sec; CPU time: 40.536 sec; Peak RAM: 5.033 GB

