
slorado base-caller version 0.5.0-beta
model path:         models/dna_r10.4.1_e8.2_400bps_hac@v5.0.0
input path:         test/PGXXXX230339/reads_20k.blow5
output path:        /dev/null
device:             cuda:all
chunk size:         12288
read batch size:    4096
gpu batch size:     128
no. threads:        8
overlap:            150
overlap decode:     yes
fixed-c batch:      no (narrow partials)
flush threshold:    128
speculative decode: no

[parse_qscore_params::INFO][1;34m mean_qscore_start_pos not found in config toml, setting default to 60[0m
[basecaller_main::0.855*1.74] 4096 Entries (201.7M bytes) loaded
[basecaller_main::178.301*0.95] 4096 Entries (201.7M bytes) processed
[basecaller_main::178.858*0.95] 4096 Entries (212.8M bytes) loaded
[basecaller_main::362.812*0.95] 4096 Entries (212.8M bytes) processed
[basecaller_main::363.354*0.95] 4096 Entries (198.2M bytes) loaded
[basecaller_main::535.716*0.95] 4096 Entries (198.2M bytes) processed
[basecaller_main::536.319*0.94] 4096 Entries (203.8M bytes) loaded
[basecaller_main::712.861*0.94] 4096 Entries (203.8M bytes) processed
[basecaller_main::713.351*0.94] 3616 Entries (181.5M bytes) loaded
[basecaller_main::871.166*0.94] 3616 Entries (181.5M bytes) processed

[basecaller_main] total entries: 20000
[basecaller_main] total bytes: 998.1 M
[basecaller_main] model initialization: 0.293 sec
[basecaller_main] data loading: 2.648 sec
[basecaller_main] data processing: 868.119 sec
[basecaller_main]     - parse: 4.524 sec
[basecaller_main]     - preprocess: 0.370 sec
[basecaller_main]     - runners: 862.969 sec
[basecaller_main]          - synchronisation: 0.000 sec
[basecaller_main]          - model runner [0]: 862.951 sec
[basecaller_main]             - accept: 2.697 sec
[basecaller_main]             - basecall: 860.254 sec
[basecaller_main]                 - inference: 859.105 sec
[basecaller_main]                     - conv_stack: 1.582 sec
[basecaller_main]                         - input [N,C,T]: [128, 1, 12288]
[basecaller_main]                         - conv[0]: 0.806 sec
[basecaller_main]                             in  [N,C,T]: [128, 1, 12288]
[basecaller_main]                             out [N,C,T]: [128, 16, 12288]
[basecaller_main]                             op: 0.766 sec  act: 0.040 sec
[basecaller_main]                         - conv[1]: 0.307 sec
[basecaller_main]                             in  [N,C,T]: [128, 16, 12288]
[basecaller_main]                             out [N,C,T]: [128, 16, 12288]
[basecaller_main]                             op: 0.287 sec  act: 0.020 sec
[basecaller_main]                         - conv[2]: 0.463 sec
[basecaller_main]                             in  [N,C,T]: [128, 16, 12288]
[basecaller_main]                             out [N,C,T]: [128, 384, 2048]
[basecaller_main]                             op: 0.361 sec  act: 0.102 sec
[basecaller_main]                         - transpose: 0.006 sec
[basecaller_main]                             in  [N,C,T]: [128, 384, 2048]
[basecaller_main]                             out [N,T,C]: [128, 2048, 384]
[basecaller_main]                     - rnns: 793.856 sec
[basecaller_main]                         - rnn[0] (reverse): 284.181 sec
[basecaller_main]                             in  [N,T,C]: [128, 2048, 384]
[basecaller_main]                             out [N,T,C]: [128, 2048, 384]
[basecaller_main]                             flip: 0.058 sec  lstm: 284.123 sec
[basecaller_main]                         - rnn[1] (forward): 127.418 sec
[basecaller_main]                             in  [N,T,C]: [128, 2048, 384]
[basecaller_main]                             out [N,T,C]: [128, 2048, 384]
[basecaller_main]                             flip: 0.077 sec  lstm: 127.342 sec
[basecaller_main]                         - rnn[2] (reverse): 127.428 sec
[basecaller_main]                             in  [N,T,C]: [128, 2048, 384]
[basecaller_main]                             out [N,T,C]: [128, 2048, 384]
[basecaller_main]                             flip: 0.062 sec  lstm: 127.366 sec
[basecaller_main]                         - rnn[3] (forward): 127.316 sec
[basecaller_main]                             in  [N,T,C]: [128, 2048, 384]
[basecaller_main]                             out [N,T,C]: [128, 2048, 384]
[basecaller_main]                             flip: 0.059 sec  lstm: 127.257 sec
[basecaller_main]                         - rnn[4] (reverse): 127.452 sec
[basecaller_main]                             in  [N,T,C]: [128, 2048, 384]
[basecaller_main]                             out [N,T,C]: [128, 2048, 384]
[basecaller_main]                             flip: 0.058 sec  lstm: 127.394 sec
[basecaller_main]                         - rnn_out_flip: 0.061 sec
[basecaller_main]                             out [N,T,C]: [128, 2048, 384]
[basecaller_main]                     - crf_1: 0.466 sec
[basecaller_main]                         in  [N,T,C]: [128, 2048, 384]
[basecaller_main]                         out [N,T,C]: [128, 2048, 1024]
[basecaller_main]                     - crf_2: 0.000 sec
[basecaller_main]                     - clamp: 0.069 sec
[basecaller_main]                 - decode: 854.253 sec
[basecaller_main]                     - scores [N,T,C]: [9, 2048, 1024]
[basecaller_main]                     - bwd_scan: 13.066 sec
[basecaller_main]                     - beam_search: 49.724 sec
[basecaller_main]                     - fwd_post_scan: 37.092 sec
[basecaller_main]                     - qual_data: 6.237 sec
[basecaller_main]                     - gen_sequence: 10.501 sec
[basecaller_main]                     - d2h_copy: 0.117 sec
[basecaller_main]             - modcall: 0.000 sec
[basecaller_main] load-imbalance: 800 GPU batches (5 tail), 102089 real chunks, 311 padded slots -> 0.3% of 102400 launched GPU slots wasted on padding
[basecaller_main]     - postprocess: 0.255 sec
[basecaller_main]     - mod_preprocess: 0.000 sec
[basecaller_main]     - mod_postprocess: 0.000 sec
[basecaller_main] data output: 0.115 sec
[basecaller_main] data free: 0.086 sec
[main] Version: 0.5.0-beta
[main] CMD: ./slorado basecaller -C 128 -c 12288 -K 4096 -p 150 --overlap-decode=yes --fixed-c-batch=no --flush-threshold=128 -o /dev/null models/dna_r10.4.1_e8.2_400bps_hac@v5.0.0 test/PGXXXX230339/reads_20k.blow5
[main] Real time: 871.297 sec; CPU time: 822.945 sec; Peak RAM: 6.047 GB

