
slorado base-caller version 0.5.0-beta
model path:         models/dna_r10.4.1_e8.2_400bps_hac@v5.0.0
input path:         test/PGXXXX230339/reads_20k.blow5
output path:        /dev/null
device:             cuda:all
chunk size:         12288
read batch size:    4096
gpu batch size:     128
no. threads:        8
overlap:            150
overlap decode:     yes
fixed-c batch:      no (narrow partials)
flush threshold:    128
speculative decode: yes
spec repair thr:    10.00
spec margin thr:    2.00
spec overlap repair:yes
spec agreement:     no

[parse_qscore_params::INFO][1;34m mean_qscore_start_pos not found in config toml, setting default to 60[0m
[basecaller_main::1.195*1.43] 4096 Entries (201.7M bytes) loaded
[basecaller_main::177.826*0.88] 4096 Entries (201.7M bytes) processed
[basecaller_main::178.404*0.88] 4096 Entries (212.8M bytes) loaded
NvMapMemAllocInternalTagged: 1075072515 error 12
NvMapMemHandleAlloc: error 0
NvMapMemAllocInternalTagged: 1075072515 error 12
NvMapMemHandleAlloc: error 0
[basecaller_main::361.399*0.88] 4096 Entries (212.8M bytes) processed
[basecaller_main::361.916*0.88] 4096 Entries (198.2M bytes) loaded
NvMapMemAllocInternalTagged: 1075072515 error 12
NvMapMemHandleAlloc: error 0
NvMapMemAllocInternalTagged: 1075072515 error 12
NvMapMemHandleAlloc: error 0
[basecaller_main::533.236*0.88] 4096 Entries (198.2M bytes) processed
[basecaller_main::533.767*0.88] 4096 Entries (203.8M bytes) loaded
[basecaller_main::708.964*0.88] 4096 Entries (203.8M bytes) processed
[basecaller_main::709.451*0.88] 3616 Entries (181.5M bytes) loaded
[basecaller_main::865.947*0.88] 3616 Entries (181.5M bytes) processed

[basecaller_main] total entries: 20000
[basecaller_main] total bytes: 998.1 M
[basecaller_main] model initialization: 0.520 sec
[basecaller_main] data loading: 2.676 sec
[basecaller_main] data processing: 862.639 sec
[basecaller_main]     - parse: 4.148 sec
[basecaller_main]     - preprocess: 0.416 sec
[basecaller_main]     - runners: 857.793 sec
[basecaller_main]          - synchronisation: 0.000 sec
[basecaller_main]          - model runner [0]: 857.772 sec
[basecaller_main]             - accept: 2.792 sec
[basecaller_main]             - basecall: 854.980 sec
[basecaller_main]                 - inference: 808.308 sec
[basecaller_main]                     - conv_stack: 1.727 sec
[basecaller_main]                         - input [N,C,T]: [128, 1, 12288]
[basecaller_main]                         - conv[0]: 0.831 sec
[basecaller_main]                             in  [N,C,T]: [128, 1, 12288]
[basecaller_main]                             out [N,C,T]: [128, 16, 12288]
[basecaller_main]                             op: 0.788 sec  act: 0.043 sec
[basecaller_main]                         - conv[1]: 0.391 sec
[basecaller_main]                             in  [N,C,T]: [128, 16, 12288]
[basecaller_main]                             out [N,C,T]: [128, 16, 12288]
[basecaller_main]                             op: 0.369 sec  act: 0.022 sec
[basecaller_main]                         - conv[2]: 0.499 sec
[basecaller_main]                             in  [N,C,T]: [128, 16, 12288]
[basecaller_main]                             out [N,C,T]: [128, 384, 2048]
[basecaller_main]                             op: 0.393 sec  act: 0.106 sec
[basecaller_main]                         - transpose: 0.006 sec
[basecaller_main]                             in  [N,C,T]: [128, 384, 2048]
[basecaller_main]                             out [N,T,C]: [128, 2048, 384]
[basecaller_main]                     - rnns: 728.933 sec
[basecaller_main]                         - rnn[0] (reverse): 221.064 sec
[basecaller_main]                             in  [N,T,C]: [128, 2048, 384]
[basecaller_main]                             out [N,T,C]: [128, 2048, 384]
[basecaller_main]                             flip: 0.063 sec  lstm: 221.000 sec
[basecaller_main]                         - rnn[1] (forward): 126.968 sec
[basecaller_main]                             in  [N,T,C]: [128, 2048, 384]
[basecaller_main]                             out [N,T,C]: [128, 2048, 384]
[basecaller_main]                             flip: 0.076 sec  lstm: 126.892 sec
[basecaller_main]                         - rnn[2] (reverse): 126.948 sec
[basecaller_main]                             in  [N,T,C]: [128, 2048, 384]
[basecaller_main]                             out [N,T,C]: [128, 2048, 384]
[basecaller_main]                             flip: 0.067 sec  lstm: 126.881 sec
[basecaller_main]                         - rnn[3] (forward): 126.893 sec
[basecaller_main]                             in  [N,T,C]: [128, 2048, 384]
[basecaller_main]                             out [N,T,C]: [128, 2048, 384]
[basecaller_main]                             flip: 0.064 sec  lstm: 126.828 sec
[basecaller_main]                         - rnn[4] (reverse): 126.993 sec
[basecaller_main]                             in  [N,T,C]: [128, 2048, 384]
[basecaller_main]                             out [N,T,C]: [128, 2048, 384]
[basecaller_main]                             flip: 0.063 sec  lstm: 126.930 sec
[basecaller_main]                         - rnn_out_flip: 0.068 sec
[basecaller_main]                             out [N,T,C]: [128, 2048, 384]
[basecaller_main]                     - crf_1: 0.498 sec
[basecaller_main]                         in  [N,T,C]: [128, 2048, 384]
[basecaller_main]                         out [N,T,C]: [128, 2048, 1024]
[basecaller_main]                     - crf_2: 0.000 sec
[basecaller_main]                     - clamp: 0.077 sec
[basecaller_main]                 - decode: 848.767 sec
[basecaller_main]                     - scores [N,T,C]: [8, 2048, 1024]
[basecaller_main]                     - bwd_scan: 16.885 sec
[basecaller_main]                     - beam_search: 27.229 sec
[basecaller_main]                     - draft (greedy): 2.686 sec
[basecaller_main]                     - fwd_post_scan: 34.067 sec
[basecaller_main]                     - qual_data: 18.932 sec
[basecaller_main]                     - gen_sequence: 9.828 sec
[basecaller_main]                     - d2h_copy: 0.074 sec
[basecaller_main]             - modcall: 0.000 sec
[basecaller_main] load-imbalance: 800 GPU batches (5 tail), 102089 real chunks, 311 padded slots -> 0.3% of 102400 launched GPU slots wasted on padding
[basecaller_main] speculative: drafted 102089, repaired 19517 (alpha=0.809 accept), draft 0.178s repair 2.136s
[basecaller_main]     - postprocess: 0.281 sec
[basecaller_main]     - mod_preprocess: 0.000 sec
[basecaller_main]     - mod_postprocess: 0.000 sec
[basecaller_main] data output: 0.120 sec
[basecaller_main] data free: 0.091 sec
[main] Version: 0.5.0-beta
[main] CMD: ./slorado basecaller -C 128 -c 12288 -K 4096 -p 150 --overlap-decode=yes --fixed-c-batch=no --flush-threshold=128 -o /dev/null --speculative-decode=yes --spec-repair-threshold=10 --spec-margin-threshold=2 --spec-overlap-repair=yes models/dna_r10.4.1_e8.2_400bps_hac@v5.0.0 test/PGXXXX230339/reads_20k.blow5
[main] Real time: 866.079 sec; CPU time: 759.367 sec; Peak RAM: 6.237 GB

