
slorado base-caller version 0.5.0-beta
model path:         models/dna_r10.4.1_e8.2_400bps_hac@v5.0.0
input path:         test/PGXXXX230339/reads_20k.blow5
output path:        docs-riley/spec-decode-sweep/20260802T121510Z/fastq/output_hac_20k_q10_m2_brave.fastq
device:             cuda:all
chunk size:         12288
read batch size:    4096
gpu batch size:     128
no. threads:        8
overlap:            150
overlap decode:     yes
fixed-c batch:      no (narrow partials)
flush threshold:    128
speculative decode: yes
spec repair thr:    10.00
spec margin thr:    2.00
spec overlap repair:yes
spec agreement:     no

[parse_qscore_params::INFO][1;34m mean_qscore_start_pos not found in config toml, setting default to 60[0m
[basecaller_main::1.075*1.57] 4096 Entries (201.7M bytes) loaded
[basecaller_main::177.577*0.88] 4096 Entries (201.7M bytes) processed
[basecaller_main::178.246*0.88] 4096 Entries (212.8M bytes) loaded
NvMapMemAllocInternalTagged: 1075072515 error 12
NvMapMemHandleAlloc: error 0
NvMapMemAllocInternalTagged: 1075072515 error 12
NvMapMemHandleAlloc: error 0
[basecaller_main::362.123*0.88] 4096 Entries (212.8M bytes) processed
[basecaller_main::362.698*0.88] 4096 Entries (198.2M bytes) loaded
NvMapMemAllocInternalTagged: 1075072515 error 12
NvMapMemHandleAlloc: error 0
NvMapMemAllocInternalTagged: 1075072515 error 12
NvMapMemHandleAlloc: error 0
[basecaller_main::534.330*0.88] 4096 Entries (198.2M bytes) processed
[basecaller_main::534.971*0.88] 4096 Entries (203.8M bytes) loaded
[basecaller_main::710.791*0.88] 4096 Entries (203.8M bytes) processed
[basecaller_main::711.350*0.88] 3616 Entries (181.5M bytes) loaded
[basecaller_main::868.558*0.88] 3616 Entries (181.5M bytes) processed

[basecaller_main] total entries: 20000
[basecaller_main] total bytes: 998.1 M
[basecaller_main] model initialization: 0.515 sec
[basecaller_main] data loading: 2.656 sec
[basecaller_main] data processing: 865.037 sec
[basecaller_main]     - parse: 4.215 sec
[basecaller_main]     - preprocess: 0.402 sec
[basecaller_main]     - runners: 860.145 sec
[basecaller_main]          - synchronisation: 0.000 sec
[basecaller_main]          - model runner [0]: 860.115 sec
[basecaller_main]             - accept: 2.941 sec
[basecaller_main]             - basecall: 857.174 sec
[basecaller_main]                 - inference: 810.378 sec
[basecaller_main]                     - conv_stack: 1.964 sec
[basecaller_main]                         - input [N,C,T]: [128, 1, 12288]
[basecaller_main]                         - conv[0]: 1.059 sec
[basecaller_main]                             in  [N,C,T]: [128, 1, 12288]
[basecaller_main]                             out [N,C,T]: [128, 16, 12288]
[basecaller_main]                             op: 1.010 sec  act: 0.049 sec
[basecaller_main]                         - conv[1]: 0.383 sec
[basecaller_main]                             in  [N,C,T]: [128, 16, 12288]
[basecaller_main]                             out [N,C,T]: [128, 16, 12288]
[basecaller_main]                             op: 0.362 sec  act: 0.022 sec
[basecaller_main]                         - conv[2]: 0.515 sec
[basecaller_main]                             in  [N,C,T]: [128, 16, 12288]
[basecaller_main]                             out [N,C,T]: [128, 384, 2048]
[basecaller_main]                             op: 0.398 sec  act: 0.116 sec
[basecaller_main]                         - transpose: 0.006 sec
[basecaller_main]                             in  [N,C,T]: [128, 384, 2048]
[basecaller_main]                             out [N,T,C]: [128, 2048, 384]
[basecaller_main]                     - rnns: 730.030 sec
[basecaller_main]                         - rnn[0] (reverse): 221.632 sec
[basecaller_main]                             in  [N,T,C]: [128, 2048, 384]
[basecaller_main]                             out [N,T,C]: [128, 2048, 384]
[basecaller_main]                             flip: 0.068 sec  lstm: 221.564 sec
[basecaller_main]                         - rnn[1] (forward): 127.095 sec
[basecaller_main]                             in  [N,T,C]: [128, 2048, 384]
[basecaller_main]                             out [N,T,C]: [128, 2048, 384]
[basecaller_main]                             flip: 0.079 sec  lstm: 127.017 sec
[basecaller_main]                         - rnn[2] (reverse): 127.062 sec
[basecaller_main]                             in  [N,T,C]: [128, 2048, 384]
[basecaller_main]                             out [N,T,C]: [128, 2048, 384]
[basecaller_main]                             flip: 0.069 sec  lstm: 126.993 sec
[basecaller_main]                         - rnn[3] (forward): 127.059 sec
[basecaller_main]                             in  [N,T,C]: [128, 2048, 384]
[basecaller_main]                             out [N,T,C]: [128, 2048, 384]
[basecaller_main]                             flip: 0.068 sec  lstm: 126.991 sec
[basecaller_main]                         - rnn[4] (reverse): 127.111 sec
[basecaller_main]                             in  [N,T,C]: [128, 2048, 384]
[basecaller_main]                             out [N,T,C]: [128, 2048, 384]
[basecaller_main]                             flip: 0.067 sec  lstm: 127.044 sec
[basecaller_main]                         - rnn_out_flip: 0.070 sec
[basecaller_main]                             out [N,T,C]: [128, 2048, 384]
[basecaller_main]                     - crf_1: 0.532 sec
[basecaller_main]                         in  [N,T,C]: [128, 2048, 384]
[basecaller_main]                         out [N,T,C]: [128, 2048, 1024]
[basecaller_main]                     - crf_2: 0.000 sec
[basecaller_main]                     - clamp: 0.078 sec
[basecaller_main]                 - decode: 850.547 sec
[basecaller_main]                     - scores [N,T,C]: [8, 2048, 1024]
[basecaller_main]                     - bwd_scan: 16.902 sec
[basecaller_main]                     - beam_search: 27.036 sec
[basecaller_main]                     - draft (greedy): 2.695 sec
[basecaller_main]                     - fwd_post_scan: 33.744 sec
[basecaller_main]                     - qual_data: 18.196 sec
[basecaller_main]                     - gen_sequence: 9.432 sec
[basecaller_main]                     - d2h_copy: 0.073 sec
[basecaller_main]             - modcall: 0.000 sec
[basecaller_main] load-imbalance: 800 GPU batches (5 tail), 102089 real chunks, 311 padded slots -> 0.3% of 102400 launched GPU slots wasted on padding
[basecaller_main] speculative: drafted 102089, repaired 19517 (alpha=0.809 accept), draft 0.187s repair 2.272s
[basecaller_main]     - postprocess: 0.275 sec
[basecaller_main]     - mod_preprocess: 0.000 sec
[basecaller_main]     - mod_postprocess: 0.000 sec
[basecaller_main] data output: 0.416 sec
[basecaller_main] data free: 0.087 sec
[main] Version: 0.5.0-beta
[main] CMD: ./slorado basecaller -C 128 -c 12288 -K 4096 -p 150 --overlap-decode=yes --fixed-c-batch=no --flush-threshold=128 -o docs-riley/spec-decode-sweep/20260802T121510Z/fastq/output_hac_20k_q10_m2_brave.fastq --speculative-decode=yes --spec-repair-threshold=10 --spec-margin-threshold=2 --spec-overlap-repair=yes models/dna_r10.4.1_e8.2_400bps_hac@v5.0.0 test/PGXXXX230339/reads_20k.blow5
[main] Real time: 868.746 sec; CPU time: 760.984 sec; Peak RAM: 6.240 GB

