
slorado base-caller version 0.5.0-beta
model path:         models/dna_r10.4.1_e8.2_400bps_hac@v5.0.0
input path:         test/PGXXXX230339/reads_20k.blow5
output path:        docs-riley/spec-decode-sweep/20260802T121510Z/fastq/output_hac_20k_q10_m3_brave.fastq
device:             cuda:all
chunk size:         12288
read batch size:    4096
gpu batch size:     128
no. threads:        8
overlap:            150
overlap decode:     yes
fixed-c batch:      no (narrow partials)
flush threshold:    128
speculative decode: yes
spec repair thr:    10.00
spec margin thr:    3.00
spec overlap repair:yes
spec agreement:     no

[parse_qscore_params::INFO][1;34m mean_qscore_start_pos not found in config toml, setting default to 60[0m
[basecaller_main::1.073*1.55] 4096 Entries (201.7M bytes) loaded
[basecaller_main::179.796*0.87] 4096 Entries (201.7M bytes) processed
[basecaller_main::180.913*0.87] 4096 Entries (212.8M bytes) loaded
NvMapMemAllocInternalTagged: 1075072515 error 12
NvMapMemHandleAlloc: error 0
NvMapMemAllocInternalTagged: 1075072515 error 12
NvMapMemHandleAlloc: error 0
[basecaller_main::366.715*0.87] 4096 Entries (212.8M bytes) processed
[basecaller_main::367.295*0.87] 4096 Entries (198.2M bytes) loaded
[basecaller_main::540.540*0.87] 4096 Entries (198.2M bytes) processed
[basecaller_main::541.162*0.87] 4096 Entries (203.8M bytes) loaded
[basecaller_main::718.449*0.87] 4096 Entries (203.8M bytes) processed
[basecaller_main::719.114*0.87] 3616 Entries (181.5M bytes) loaded
[basecaller_main::877.687*0.87] 3616 Entries (181.5M bytes) processed

[basecaller_main] total entries: 20000
[basecaller_main] total bytes: 998.1 M
[basecaller_main] model initialization: 0.518 sec
[basecaller_main] data loading: 3.119 sec
[basecaller_main] data processing: 873.630 sec
[basecaller_main]     - parse: 5.535 sec
[basecaller_main]     - preprocess: 0.522 sec
[basecaller_main]     - runners: 867.221 sec
[basecaller_main]          - synchronisation: 0.000 sec
[basecaller_main]          - model runner [0]: 867.136 sec
[basecaller_main]             - accept: 3.451 sec
[basecaller_main]             - basecall: 863.685 sec
[basecaller_main]                 - inference: 815.902 sec
[basecaller_main]                     - conv_stack: 2.416 sec
[basecaller_main]                         - input [N,C,T]: [128, 1, 12288]
[basecaller_main]                         - conv[0]: 1.465 sec
[basecaller_main]                             in  [N,C,T]: [128, 1, 12288]
[basecaller_main]                             out [N,C,T]: [128, 16, 12288]
[basecaller_main]                             op: 1.408 sec  act: 0.056 sec
[basecaller_main]                         - conv[1]: 0.426 sec
[basecaller_main]                             in  [N,C,T]: [128, 16, 12288]
[basecaller_main]                             out [N,C,T]: [128, 16, 12288]
[basecaller_main]                             op: 0.403 sec  act: 0.023 sec
[basecaller_main]                         - conv[2]: 0.519 sec
[basecaller_main]                             in  [N,C,T]: [128, 16, 12288]
[basecaller_main]                             out [N,C,T]: [128, 384, 2048]
[basecaller_main]                             op: 0.407 sec  act: 0.112 sec
[basecaller_main]                         - transpose: 0.006 sec
[basecaller_main]                             in  [N,C,T]: [128, 384, 2048]
[basecaller_main]                             out [N,T,C]: [128, 2048, 384]
[basecaller_main]                     - rnns: 727.121 sec
[basecaller_main]                         - rnn[0] (reverse): 220.488 sec
[basecaller_main]                             in  [N,T,C]: [128, 2048, 384]
[basecaller_main]                             out [N,T,C]: [128, 2048, 384]
[basecaller_main]                             flip: 0.071 sec  lstm: 220.417 sec
[basecaller_main]                         - rnn[1] (forward): 126.625 sec
[basecaller_main]                             in  [N,T,C]: [128, 2048, 384]
[basecaller_main]                             out [N,T,C]: [128, 2048, 384]
[basecaller_main]                             flip: 0.077 sec  lstm: 126.548 sec
[basecaller_main]                         - rnn[2] (reverse): 126.676 sec
[basecaller_main]                             in  [N,T,C]: [128, 2048, 384]
[basecaller_main]                             out [N,T,C]: [128, 2048, 384]
[basecaller_main]                             flip: 0.064 sec  lstm: 126.612 sec
[basecaller_main]                         - rnn[3] (forward): 126.676 sec
[basecaller_main]                             in  [N,T,C]: [128, 2048, 384]
[basecaller_main]                             out [N,T,C]: [128, 2048, 384]
[basecaller_main]                             flip: 0.063 sec  lstm: 126.613 sec
[basecaller_main]                         - rnn[4] (reverse): 126.589 sec
[basecaller_main]                             in  [N,T,C]: [128, 2048, 384]
[basecaller_main]                             out [N,T,C]: [128, 2048, 384]
[basecaller_main]                             flip: 0.062 sec  lstm: 126.527 sec
[basecaller_main]                         - rnn_out_flip: 0.066 sec
[basecaller_main]                             out [N,T,C]: [128, 2048, 384]
[basecaller_main]                     - crf_1: 0.688 sec
[basecaller_main]                         in  [N,T,C]: [128, 2048, 384]
[basecaller_main]                         out [N,T,C]: [128, 2048, 1024]
[basecaller_main]                     - crf_2: 0.000 sec
[basecaller_main]                     - clamp: 0.104 sec
[basecaller_main]                 - decode: 857.160 sec
[basecaller_main]                     - scores [N,T,C]: [8, 2048, 1024]
[basecaller_main]                     - bwd_scan: 18.560 sec
[basecaller_main]                     - beam_search: 28.490 sec
[basecaller_main]                     - draft (greedy): 2.705 sec
[basecaller_main]                     - fwd_post_scan: 35.074 sec
[basecaller_main]                     - qual_data: 16.616 sec
[basecaller_main]                     - gen_sequence: 12.344 sec
[basecaller_main]                     - d2h_copy: 0.083 sec
[basecaller_main]             - modcall: 0.000 sec
[basecaller_main] load-imbalance: 800 GPU batches (5 tail), 102089 real chunks, 311 padded slots -> 0.3% of 102400 launched GPU slots wasted on padding
[basecaller_main] speculative: drafted 102089, repaired 33235 (alpha=0.674 accept), draft 0.195s repair 2.836s
[basecaller_main]     - postprocess: 0.352 sec
[basecaller_main]     - mod_preprocess: 0.000 sec
[basecaller_main]     - mod_postprocess: 0.000 sec
[basecaller_main] data output: 0.464 sec
[basecaller_main] data free: 0.093 sec
[main] Version: 0.5.0-beta
[main] CMD: ./slorado basecaller -C 128 -c 12288 -K 4096 -p 150 --overlap-decode=yes --fixed-c-batch=no --flush-threshold=128 -o docs-riley/spec-decode-sweep/20260802T121510Z/fastq/output_hac_20k_q10_m3_brave.fastq --speculative-decode=yes --spec-repair-threshold=10 --spec-margin-threshold=3 --spec-overlap-repair=yes models/dna_r10.4.1_e8.2_400bps_hac@v5.0.0 test/PGXXXX230339/reads_20k.blow5
[main] Real time: 877.863 sec; CPU time: 760.593 sec; Peak RAM: 6.320 GB

