
slorado base-caller version 0.5.0-beta
model path:         models/dna_r10.4.1_e8.2_400bps_fast@v5.0.0
input path:         test/PGXXXX230339/reads_1k.blow5
output path:        /dev/null
device:             cuda:all
chunk size:         12288
read batch size:    4096
gpu batch size:     128
no. threads:        8
overlap:            150
overlap decode:     yes
fixed-c batch:      no (narrow partials)
flush threshold:    12

[parse_qscore_params::INFO][1;34m mean_qscore_start_pos not found in config toml, setting default to 60[0m
[basecaller_main::0.247*4.65] 1000 Entries (49.5M bytes) loaded
[basecaller_main::22.503*0.27] 1000 Entries (49.5M bytes) processed

[basecaller_main] total entries: 1000
[basecaller_main] total bytes: 49.5 M
[basecaller_main] model initialization: 0.195 sec
[basecaller_main] data loading: 0.050 sec
[basecaller_main] data processing: 22.256 sec
[basecaller_main]     - parse: 0.402 sec
[basecaller_main]     - preprocess: 0.016 sec
[basecaller_main]     - runners: 21.814 sec
[basecaller_main]          - synchronisation: 0.000 sec
[basecaller_main]          - model runner [0]: 21.810 sec
[basecaller_main]             - accept: 0.302 sec
[basecaller_main]             - basecall: 21.508 sec
[basecaller_main]                 - inference: 3.260 sec
[basecaller_main]                     - conv_stack: 0.713 sec
[basecaller_main]                         - input [N,C,T]: [12, 1, 12288]
[basecaller_main]                         - conv[0]: 0.343 sec
[basecaller_main]                             in  [N,C,T]: [12, 1, 12288]
[basecaller_main]                             out [N,C,T]: [12, 16, 12288]
[basecaller_main]                             op: 0.278 sec  act: 0.065 sec
[basecaller_main]                         - conv[1]: 0.198 sec
[basecaller_main]                             in  [N,C,T]: [12, 16, 12288]
[basecaller_main]                             out [N,C,T]: [12, 16, 12288]
[basecaller_main]                             op: 0.165 sec  act: 0.033 sec
[basecaller_main]                         - conv[2]: 0.168 sec
[basecaller_main]                             in  [N,C,T]: [12, 16, 12288]
[basecaller_main]                             out [N,C,T]: [12, 96, 2048]
[basecaller_main]                             op: 0.135 sec  act: 0.033 sec
[basecaller_main]                         - transpose: 0.003 sec
[basecaller_main]                             in  [N,C,T]: [12, 96, 2048]
[basecaller_main]                             out [N,T,C]: [12, 2048, 96]
[basecaller_main]                     - rnns: 2.225 sec
[basecaller_main]                         - rnn[0] (reverse): 0.684 sec
[basecaller_main]                             in  [N,T,C]: [12, 2048, 96]
[basecaller_main]                             out [N,T,C]: [12, 2048, 96]
[basecaller_main]                             flip: 0.043 sec  lstm: 0.641 sec
[basecaller_main]                         - rnn[1] (forward): 0.387 sec
[basecaller_main]                             in  [N,T,C]: [12, 2048, 96]
[basecaller_main]                             out [N,T,C]: [12, 2048, 96]
[basecaller_main]                             flip: 0.035 sec  lstm: 0.353 sec
[basecaller_main]                         - rnn[2] (reverse): 0.376 sec
[basecaller_main]                             in  [N,T,C]: [12, 2048, 96]
[basecaller_main]                             out [N,T,C]: [12, 2048, 96]
[basecaller_main]                             flip: 0.032 sec  lstm: 0.344 sec
[basecaller_main]                         - rnn[3] (forward): 0.373 sec
[basecaller_main]                             in  [N,T,C]: [12, 2048, 96]
[basecaller_main]                             out [N,T,C]: [12, 2048, 96]
[basecaller_main]                             flip: 0.032 sec  lstm: 0.341 sec
[basecaller_main]                         - rnn[4] (reverse): 0.372 sec
[basecaller_main]                             in  [N,T,C]: [12, 2048, 96]
[basecaller_main]                             out [N,T,C]: [12, 2048, 96]
[basecaller_main]                             flip: 0.031 sec  lstm: 0.340 sec
[basecaller_main]                         - rnn_out_flip: 0.033 sec
[basecaller_main]                             out [N,T,C]: [12, 2048, 96]
[basecaller_main]                     - crf_1: 0.103 sec
[basecaller_main]                         in  [N,T,C]: [12, 2048, 96]
[basecaller_main]                         out [N,T,C]: [12, 2048, 256]
[basecaller_main]                     - crf_2: 0.000 sec
[basecaller_main]                     - clamp: 0.021 sec
[basecaller_main]                 - decode: 21.021 sec
[basecaller_main]                     - scores [N,T,C]: [12, 2048, 256]
[basecaller_main]                     - bwd_scan: 1.112 sec
[basecaller_main]                     - beam_search: 13.115 sec
[basecaller_main]                     - fwd_post_scan: 3.827 sec
[basecaller_main]                     - qual_data: 2.186 sec
[basecaller_main]                     - gen_sequence: 0.927 sec
[basecaller_main]                     - d2h_copy: 0.008 sec
[basecaller_main]             - modcall: 0.000 sec
[basecaller_main] load-imbalance: 425 GPU batches (425 tail), 5100 real chunks, 49300 padded slots -> 90.6% of 54400 launched GPU slots wasted on padding
[basecaller_main]     - postprocess: 0.024 sec
[basecaller_main]     - mod_preprocess: 0.000 sec
[basecaller_main]     - mod_postprocess: 0.000 sec
[basecaller_main] data output: 0.006 sec
[basecaller_main] data free: 0.011 sec
[main] Version: 0.5.0-beta
[main] CMD: ./slorado basecaller -C 128 -c 12288 -K 4096 -p 150 --overlap-decode=yes --fixed-c-batch=no --flush-threshold=12 -o /dev/null models/dna_r10.4.1_e8.2_400bps_fast@v5.0.0 test/PGXXXX230339/reads_1k.blow5
[main] Real time: 22.534 sec; CPU time: 6.153 sec; Peak RAM: 1.547 GB

