
slorado base-caller version 0.5.0-beta
model path:         models/dna_r10.4.1_e8.2_400bps_fast@v5.0.0
input path:         test/PGXXXX230339/reads_1k.blow5
output path:        /dev/null
device:             cuda:all
chunk size:         12288
read batch size:    4096
gpu batch size:     128
no. threads:        8
overlap:            150
overlap decode:     yes
fixed-c batch:      no (narrow partials)
flush threshold:    24

[parse_qscore_params::INFO][1;34m mean_qscore_start_pos not found in config toml, setting default to 60[0m
[basecaller_main::0.253*4.59] 1000 Entries (49.5M bytes) loaded
[basecaller_main::14.183*0.34] 1000 Entries (49.5M bytes) processed

[basecaller_main] total entries: 1000
[basecaller_main] total bytes: 49.5 M
[basecaller_main] model initialization: 0.203 sec
[basecaller_main] data loading: 0.049 sec
[basecaller_main] data processing: 13.929 sec
[basecaller_main]     - parse: 0.361 sec
[basecaller_main]     - preprocess: 0.014 sec
[basecaller_main]     - runners: 13.528 sec
[basecaller_main]          - synchronisation: 0.000 sec
[basecaller_main]          - model runner [0]: 13.526 sec
[basecaller_main]             - accept: 0.259 sec
[basecaller_main]             - basecall: 13.267 sec
[basecaller_main]                 - inference: 2.434 sec
[basecaller_main]                     - conv_stack: 0.545 sec
[basecaller_main]                         - input [N,C,T]: [24, 1, 12288]
[basecaller_main]                         - conv[0]: 0.323 sec
[basecaller_main]                             in  [N,C,T]: [24, 1, 12288]
[basecaller_main]                             out [N,C,T]: [24, 16, 12288]
[basecaller_main]                             op: 0.277 sec  act: 0.046 sec
[basecaller_main]                         - conv[1]: 0.126 sec
[basecaller_main]                             in  [N,C,T]: [24, 16, 12288]
[basecaller_main]                             out [N,C,T]: [24, 16, 12288]
[basecaller_main]                             op: 0.109 sec  act: 0.016 sec
[basecaller_main]                         - conv[2]: 0.095 sec
[basecaller_main]                             in  [N,C,T]: [24, 16, 12288]
[basecaller_main]                             out [N,C,T]: [24, 96, 2048]
[basecaller_main]                             op: 0.079 sec  act: 0.016 sec
[basecaller_main]                         - transpose: 0.002 sec
[basecaller_main]                             in  [N,C,T]: [24, 96, 2048]
[basecaller_main]                             out [N,T,C]: [24, 2048, 96]
[basecaller_main]                     - rnns: 1.311 sec
[basecaller_main]                         - rnn[0] (reverse): 0.496 sec
[basecaller_main]                             in  [N,T,C]: [24, 2048, 96]
[basecaller_main]                             out [N,T,C]: [24, 2048, 96]
[basecaller_main]                             flip: 0.029 sec  lstm: 0.467 sec
[basecaller_main]                         - rnn[1] (forward): 0.206 sec
[basecaller_main]                             in  [N,T,C]: [24, 2048, 96]
[basecaller_main]                             out [N,T,C]: [24, 2048, 96]
[basecaller_main]                             flip: 0.018 sec  lstm: 0.188 sec
[basecaller_main]                         - rnn[2] (reverse): 0.200 sec
[basecaller_main]                             in  [N,T,C]: [24, 2048, 96]
[basecaller_main]                             out [N,T,C]: [24, 2048, 96]
[basecaller_main]                             flip: 0.016 sec  lstm: 0.183 sec
[basecaller_main]                         - rnn[3] (forward): 0.196 sec
[basecaller_main]                             in  [N,T,C]: [24, 2048, 96]
[basecaller_main]                             out [N,T,C]: [24, 2048, 96]
[basecaller_main]                             flip: 0.016 sec  lstm: 0.180 sec
[basecaller_main]                         - rnn[4] (reverse): 0.196 sec
[basecaller_main]                             in  [N,T,C]: [24, 2048, 96]
[basecaller_main]                             out [N,T,C]: [24, 2048, 96]
[basecaller_main]                             flip: 0.016 sec  lstm: 0.180 sec
[basecaller_main]                         - rnn_out_flip: 0.017 sec
[basecaller_main]                             out [N,T,C]: [24, 2048, 96]
[basecaller_main]                     - crf_1: 0.059 sec
[basecaller_main]                         in  [N,T,C]: [24, 2048, 96]
[basecaller_main]                         out [N,T,C]: [24, 2048, 256]
[basecaller_main]                     - crf_2: 0.000 sec
[basecaller_main]                     - clamp: 0.011 sec
[basecaller_main]                 - decode: 12.758 sec
[basecaller_main]                     - scores [N,T,C]: [12, 2048, 256]
[basecaller_main]                     - bwd_scan: 0.569 sec
[basecaller_main]                     - beam_search: 7.521 sec
[basecaller_main]                     - fwd_post_scan: 2.310 sec
[basecaller_main]                     - qual_data: 1.143 sec
[basecaller_main]                     - gen_sequence: 0.710 sec
[basecaller_main]                     - d2h_copy: 0.006 sec
[basecaller_main]             - modcall: 0.000 sec
[basecaller_main] load-imbalance: 213 GPU batches (213 tail), 5100 real chunks, 22164 padded slots -> 81.3% of 27264 launched GPU slots wasted on padding
[basecaller_main]     - postprocess: 0.026 sec
[basecaller_main]     - mod_preprocess: 0.000 sec
[basecaller_main]     - mod_postprocess: 0.000 sec
[basecaller_main] data output: 0.006 sec
[basecaller_main] data free: 0.014 sec
[main] Version: 0.5.0-beta
[main] CMD: ./slorado basecaller -C 128 -c 12288 -K 4096 -p 150 --overlap-decode=yes --fixed-c-batch=no --flush-threshold=24 -o /dev/null models/dna_r10.4.1_e8.2_400bps_fast@v5.0.0 test/PGXXXX230339/reads_1k.blow5
[main] Real time: 14.216 sec; CPU time: 4.839 sec; Peak RAM: 1.816 GB

