
slorado base-caller version 0.5.0-beta
model path:         models/dna_r10.4.1_e8.2_400bps_fast@v5.0.0
input path:         test/PGXXXX230339/reads_1k.blow5
output path:        /dev/null
device:             cuda:all
chunk size:         12288
read batch size:    4096
gpu batch size:     128
no. threads:        8
overlap:            150
overlap decode:     yes
fixed-c batch:      yes (no narrow)
flush threshold:    96

[parse_qscore_params::INFO][1;34m mean_qscore_start_pos not found in config toml, setting default to 60[0m
[basecaller_main::0.255*4.56] 1000 Entries (49.5M bytes) loaded
[basecaller_main::12.856*0.34] 1000 Entries (49.5M bytes) processed

[basecaller_main] total entries: 1000
[basecaller_main] total bytes: 49.5 M
[basecaller_main] model initialization: 0.206 sec
[basecaller_main] data loading: 0.048 sec
[basecaller_main] data processing: 12.601 sec
[basecaller_main]     - parse: 0.381 sec
[basecaller_main]     - preprocess: 0.014 sec
[basecaller_main]     - runners: 12.182 sec
[basecaller_main]          - synchronisation: 0.000 sec
[basecaller_main]          - model runner [0]: 12.181 sec
[basecaller_main]             - accept: 0.222 sec
[basecaller_main]             - basecall: 11.959 sec
[basecaller_main]                 - inference: 7.545 sec
[basecaller_main]                     - conv_stack: 0.323 sec
[basecaller_main]                         - input [N,C,T]: [128, 1, 12288]
[basecaller_main]                         - conv[0]: 0.234 sec
[basecaller_main]                             in  [N,C,T]: [128, 1, 12288]
[basecaller_main]                             out [N,C,T]: [128, 16, 12288]
[basecaller_main]                             op: 0.201 sec  act: 0.033 sec
[basecaller_main]                         - conv[1]: 0.062 sec
[basecaller_main]                             in  [N,C,T]: [128, 16, 12288]
[basecaller_main]                             out [N,C,T]: [128, 16, 12288]
[basecaller_main]                             op: 0.057 sec  act: 0.004 sec
[basecaller_main]                         - conv[2]: 0.027 sec
[basecaller_main]                             in  [N,C,T]: [128, 16, 12288]
[basecaller_main]                             out [N,C,T]: [128, 96, 2048]
[basecaller_main]                             op: 0.023 sec  act: 0.004 sec
[basecaller_main]                         - transpose: 0.001 sec
[basecaller_main]                             in  [N,C,T]: [128, 96, 2048]
[basecaller_main]                             out [N,T,C]: [128, 2048, 96]
[basecaller_main]                     - rnns: 1.226 sec
[basecaller_main]                         - rnn[0] (reverse): 0.916 sec
[basecaller_main]                             in  [N,T,C]: [128, 2048, 96]
[basecaller_main]                             out [N,T,C]: [128, 2048, 96]
[basecaller_main]                             flip: 0.036 sec  lstm: 0.879 sec
[basecaller_main]                         - rnn[1] (forward): 0.079 sec
[basecaller_main]                             in  [N,T,C]: [128, 2048, 96]
[basecaller_main]                             out [N,T,C]: [128, 2048, 96]
[basecaller_main]                             flip: 0.005 sec  lstm: 0.074 sec
[basecaller_main]                         - rnn[2] (reverse): 0.076 sec
[basecaller_main]                             in  [N,T,C]: [128, 2048, 96]
[basecaller_main]                             out [N,T,C]: [128, 2048, 96]
[basecaller_main]                             flip: 0.004 sec  lstm: 0.072 sec
[basecaller_main]                         - rnn[3] (forward): 0.076 sec
[basecaller_main]                             in  [N,T,C]: [128, 2048, 96]
[basecaller_main]                             out [N,T,C]: [128, 2048, 96]
[basecaller_main]                             flip: 0.004 sec  lstm: 0.071 sec
[basecaller_main]                         - rnn[4] (reverse): 0.076 sec
[basecaller_main]                             in  [N,T,C]: [128, 2048, 96]
[basecaller_main]                             out [N,T,C]: [128, 2048, 96]
[basecaller_main]                             flip: 0.004 sec  lstm: 0.072 sec
[basecaller_main]                         - rnn_out_flip: 0.004 sec
[basecaller_main]                             out [N,T,C]: [128, 2048, 96]
[basecaller_main]                     - crf_1: 0.024 sec
[basecaller_main]                         in  [N,T,C]: [128, 2048, 96]
[basecaller_main]                         out [N,T,C]: [128, 2048, 256]
[basecaller_main]                     - crf_2: 0.000 sec
[basecaller_main]                     - clamp: 0.003 sec
[basecaller_main]                 - decode: 11.109 sec
[basecaller_main]                     - scores [N,T,C]: [128, 2048, 256]
[basecaller_main]                     - bwd_scan: 0.164 sec
[basecaller_main]                     - beam_search: 2.976 sec
[basecaller_main]                     - fwd_post_scan: 1.042 sec
[basecaller_main]                     - qual_data: 0.326 sec
[basecaller_main]                     - gen_sequence: 0.206 sec
[basecaller_main]                     - d2h_copy: 0.004 sec
[basecaller_main]             - modcall: 0.000 sec
[basecaller_main] load-imbalance: 54 GPU batches (54 tail), 5100 real chunks, 1812 padded slots -> 26.2% of 6912 launched GPU slots wasted on padding
[basecaller_main]     - postprocess: 0.024 sec
[basecaller_main]     - mod_preprocess: 0.000 sec
[basecaller_main]     - mod_postprocess: 0.000 sec
[basecaller_main] data output: 0.005 sec
[basecaller_main] data free: 0.010 sec
[main] Version: 0.5.0-beta
[main] CMD: ./slorado basecaller -C 128 -c 12288 -K 4096 -p 150 --overlap-decode=yes --fixed-c-batch=yes --flush-threshold=96 -o /dev/null models/dna_r10.4.1_e8.2_400bps_fast@v5.0.0 test/PGXXXX230339/reads_1k.blow5
[main] Real time: 12.884 sec; CPU time: 4.361 sec; Peak RAM: 3.643 GB

