
slorado base-caller version 0.5.0-beta
model path:         models/dna_r10.4.1_e8.2_400bps_fast@v5.0.0
input path:         test/PGXXXX230339/reads_1k.blow5
output path:        /dev/null
device:             cuda:all
chunk size:         12288
read batch size:    4096
gpu batch size:     128
no. threads:        8
overlap:            150
overlap decode:     yes
fixed-c batch:      yes (no narrow)
flush threshold:    24

[parse_qscore_params::INFO][1;34m mean_qscore_start_pos not found in config toml, setting default to 60[0m
[basecaller_main::0.240*4.46] 1000 Entries (49.5M bytes) loaded
[basecaller_main::43.744*0.14] 1000 Entries (49.5M bytes) processed

[basecaller_main] total entries: 1000
[basecaller_main] total bytes: 49.5 M
[basecaller_main] model initialization: 0.190 sec
[basecaller_main] data loading: 0.048 sec
[basecaller_main] data processing: 43.504 sec
[basecaller_main]     - parse: 0.371 sec
[basecaller_main]     - preprocess: 0.016 sec
[basecaller_main]     - runners: 43.099 sec
[basecaller_main]          - synchronisation: 0.000 sec
[basecaller_main]          - model runner [0]: 43.096 sec
[basecaller_main]             - accept: 0.272 sec
[basecaller_main]             - basecall: 42.825 sec
[basecaller_main]                 - inference: 27.602 sec
[basecaller_main]                     - conv_stack: 0.536 sec
[basecaller_main]                         - input [N,C,T]: [128, 1, 12288]
[basecaller_main]                         - conv[0]: 0.318 sec
[basecaller_main]                             in  [N,C,T]: [128, 1, 12288]
[basecaller_main]                             out [N,C,T]: [128, 16, 12288]
[basecaller_main]                             op: 0.271 sec  act: 0.047 sec
[basecaller_main]                         - conv[1]: 0.129 sec
[basecaller_main]                             in  [N,C,T]: [128, 16, 12288]
[basecaller_main]                             out [N,C,T]: [128, 16, 12288]
[basecaller_main]                             op: 0.112 sec  act: 0.017 sec
[basecaller_main]                         - conv[2]: 0.087 sec
[basecaller_main]                             in  [N,C,T]: [128, 16, 12288]
[basecaller_main]                             out [N,C,T]: [128, 96, 2048]
[basecaller_main]                             op: 0.071 sec  act: 0.016 sec
[basecaller_main]                         - transpose: 0.002 sec
[basecaller_main]                             in  [N,C,T]: [128, 96, 2048]
[basecaller_main]                             out [N,T,C]: [128, 2048, 96]
[basecaller_main]                     - rnns: 2.461 sec
[basecaller_main]                         - rnn[0] (reverse): 1.203 sec
[basecaller_main]                             in  [N,T,C]: [128, 2048, 96]
[basecaller_main]                             out [N,T,C]: [128, 2048, 96]
[basecaller_main]                             flip: 0.051 sec  lstm: 1.152 sec
[basecaller_main]                         - rnn[1] (forward): 0.316 sec
[basecaller_main]                             in  [N,T,C]: [128, 2048, 96]
[basecaller_main]                             out [N,T,C]: [128, 2048, 96]
[basecaller_main]                             flip: 0.018 sec  lstm: 0.298 sec
[basecaller_main]                         - rnn[2] (reverse): 0.309 sec
[basecaller_main]                             in  [N,T,C]: [128, 2048, 96]
[basecaller_main]                             out [N,T,C]: [128, 2048, 96]
[basecaller_main]                             flip: 0.017 sec  lstm: 0.292 sec
[basecaller_main]                         - rnn[3] (forward): 0.307 sec
[basecaller_main]                             in  [N,T,C]: [128, 2048, 96]
[basecaller_main]                             out [N,T,C]: [128, 2048, 96]
[basecaller_main]                             flip: 0.017 sec  lstm: 0.290 sec
[basecaller_main]                         - rnn[4] (reverse): 0.309 sec
[basecaller_main]                             in  [N,T,C]: [128, 2048, 96]
[basecaller_main]                             out [N,T,C]: [128, 2048, 96]
[basecaller_main]                             flip: 0.017 sec  lstm: 0.292 sec
[basecaller_main]                         - rnn_out_flip: 0.018 sec
[basecaller_main]                             out [N,T,C]: [128, 2048, 96]
[basecaller_main]                     - crf_1: 0.072 sec
[basecaller_main]                         in  [N,T,C]: [128, 2048, 96]
[basecaller_main]                         out [N,T,C]: [128, 2048, 256]
[basecaller_main]                     - crf_2: 0.000 sec
[basecaller_main]                     - clamp: 0.011 sec
[basecaller_main]                 - decode: 41.960 sec
[basecaller_main]                     - scores [N,T,C]: [128, 2048, 256]
[basecaller_main]                     - bwd_scan: 0.643 sec
[basecaller_main]                     - beam_search: 10.267 sec
[basecaller_main]                     - fwd_post_scan: 4.116 sec
[basecaller_main]                     - qual_data: 1.155 sec
[basecaller_main]                     - gen_sequence: 0.821 sec
[basecaller_main]                     - d2h_copy: 0.015 sec
[basecaller_main]             - modcall: 0.000 sec
[basecaller_main] load-imbalance: 213 GPU batches (213 tail), 5100 real chunks, 22164 padded slots -> 81.3% of 27264 launched GPU slots wasted on padding
[basecaller_main]     - postprocess: 0.019 sec
[basecaller_main]     - mod_preprocess: 0.000 sec
[basecaller_main]     - mod_postprocess: 0.000 sec
[basecaller_main] data output: 0.005 sec
[basecaller_main] data free: 0.010 sec
[main] Version: 0.5.0-beta
[main] CMD: ./slorado basecaller -C 128 -c 12288 -K 4096 -p 150 --overlap-decode=yes --fixed-c-batch=yes --flush-threshold=24 -o /dev/null models/dna_r10.4.1_e8.2_400bps_fast@v5.0.0 test/PGXXXX230339/reads_1k.blow5
[main] Real time: 43.773 sec; CPU time: 6.040 sec; Peak RAM: 3.650 GB

