
slorado base-caller version 0.5.0-beta
model path:         models/dna_r10.4.1_e8.2_400bps_fast@v5.0.0
input path:         test/PGXXXX230339/reads_20k.blow5
output path:        /dev/null
device:             cuda:all
chunk size:         12288
read batch size:    4096
gpu batch size:     128
no. threads:        8
overlap:            150

[basecaller_main::0.767*1.74] 4096 Entries (201.7M bytes) loaded
[basecaller_main::41.636*0.25] 4096 Entries (201.7M bytes) processed
[basecaller_main::42.186*0.25] 4096 Entries (212.8M bytes) loaded
[basecaller_main::83.266*0.22] 4096 Entries (212.8M bytes) processed
[basecaller_main::83.771*0.22] 4096 Entries (198.2M bytes) loaded
[basecaller_main::122.340*0.21] 4096 Entries (198.2M bytes) processed
[basecaller_main::122.860*0.21] 4096 Entries (203.8M bytes) loaded
[basecaller_main::162.354*0.21] 4096 Entries (203.8M bytes) processed
[basecaller_main::162.805*0.21] 3616 Entries (181.5M bytes) loaded
[basecaller_main::198.165*0.20] 3616 Entries (181.5M bytes) processed
[basecaller_main] total entries: 20000
[basecaller_main] total bytes: 998.1 M
[basecaller_main] model initialization: 0.186 sec (0.1%)
[basecaller_main] data loading: 2.495 sec (1.3%)
[basecaller_main] data processing: 195.374 sec (98.5%)
[basecaller_main]     - parse: 4.055 sec (2.0%)
[basecaller_main]     - preprocess: 0.360 sec (0.2%)
[basecaller_main]     - runners: 190.697 sec (96.2%)
[basecaller_main]          - synchronisation: 0.000 sec (0.0%)
[basecaller_main]          - model runner [0]: 190.690 sec (96.2% util)
[basecaller_main]             - accept: 5.315 sec (2.7% util)
[basecaller_main]             - basecall: 185.375 sec (93.5% util)
[basecaller_main]                 - inference: 117.695 sec (59.4% util)
[basecaller_main]                     - conv_stack: 27.742 sec (14.0% util)
[basecaller_main]                     - rnns: 84.541 sec (42.6% util)
[basecaller_main]                     - crf_1: 3.046 sec (1.5% util)
[basecaller_main]                     - crf_2: 0.000 sec (0.0% util)
[basecaller_main]                     - clamp: 2.350 sec (1.2% util)
[basecaller_main]                 - decode: 67.062 sec (33.8% util)
[basecaller_main]             - modcall: 0.000 sec (0.0% util)
[basecaller_main]     - postprocess: 0.262 sec (0.1%)
[basecaller_main]     - mod_preprocess: 0.000 sec (0.0%)
[basecaller_main]     - mod_postprocess: 0.000 sec (0.0%)
[basecaller_main] data output: 0.118 sec (0.1%)
[basecaller_main] data free: 0.076 sec (0.0%)
[main] Version: 0.5.0-beta
[main] CMD: ./slorado basecaller -C 128 -c 12288 -K 4096 -p 150 -o /dev/null --cpu-beam=no models/dna_r10.4.1_e8.2_400bps_fast@v5.0.0 test/PGXXXX230339/reads_20k.blow5
[main] Real time: 198.260 sec; CPU time: 40.148 sec; Peak RAM: 4.505 GB

