
slorado base-caller version 0.5.0-beta
model path:         models/dna_r10.4.1_e8.2_400bps_fast@v5.0.0
input path:         test/PGXXXX230339/reads_20k.blow5
output path:        /dev/null
device:             cuda:all
chunk size:         12288
read batch size:    4096
gpu batch size:     128
no. threads:        8
overlap:            150

[basecaller_main::0.363*3.39] 4096 Entries (201.7M bytes) loaded
[basecaller_main::41.481*0.25] 4096 Entries (201.7M bytes) processed
[basecaller_main::41.597*0.25] 4096 Entries (212.8M bytes) loaded
[basecaller_main::82.958*0.22] 4096 Entries (212.8M bytes) processed
[basecaller_main::83.051*0.22] 4096 Entries (198.2M bytes) loaded
[basecaller_main::121.786*0.21] 4096 Entries (198.2M bytes) processed
[basecaller_main::121.897*0.21] 4096 Entries (203.8M bytes) loaded
[basecaller_main::161.517*0.21] 4096 Entries (203.8M bytes) processed
[basecaller_main::161.618*0.21] 3616 Entries (181.5M bytes) loaded
[basecaller_main::197.056*0.20] 3616 Entries (181.5M bytes) processed
[basecaller_main] total entries: 20000
[basecaller_main] total bytes: 998.1 M
[basecaller_main] model initialization: 0.182 sec (0.1%)
[basecaller_main] data loading: 0.502 sec (0.3%)
[basecaller_main] data processing: 196.270 sec (99.6%)
[basecaller_main]     - parse: 3.963 sec (2.0%)
[basecaller_main]     - preprocess: 0.363 sec (0.2%)
[basecaller_main]     - runners: 191.676 sec (97.2%)
[basecaller_main]          - synchronisation: 0.000 sec (0.0%)
[basecaller_main]          - model runner [0]: 191.670 sec (97.2% util)
[basecaller_main]             - accept: 5.458 sec (2.8% util)
[basecaller_main]             - basecall: 186.212 sec (94.5% util)
[basecaller_main]                 - inference: 118.555 sec (60.1% util)
[basecaller_main]                     - conv_stack: 27.678 sec (14.0% util)
[basecaller_main]                     - rnns: 85.444 sec (43.3% util)
[basecaller_main]                     - crf_1: 3.065 sec (1.6% util)
[basecaller_main]                     - crf_2: 0.000 sec (0.0% util)
[basecaller_main]                     - clamp: 2.351 sec (1.2% util)
[basecaller_main]                 - decode: 67.041 sec (34.0% util)
[basecaller_main]             - modcall: 0.000 sec (0.0% util)
[basecaller_main]     - postprocess: 0.268 sec (0.1%)
[basecaller_main]     - mod_preprocess: 0.000 sec (0.0%)
[basecaller_main]     - mod_postprocess: 0.000 sec (0.0%)
[basecaller_main] data output: 0.110 sec (0.1%)
[basecaller_main] data free: 0.084 sec (0.0%)
[main] Version: 0.5.0-beta
[main] CMD: ./slorado basecaller -C 128 -c 12288 -K 4096 -p 150 -o /dev/null --cpu-beam=no models/dna_r10.4.1_e8.2_400bps_fast@v5.0.0 test/PGXXXX230339/reads_20k.blow5
[main] Real time: 197.159 sec; CPU time: 39.852 sec; Peak RAM: 4.486 GB

