
slorado base-caller version 0.5.0-beta
model path:         models/dna_r10.4.1_e8.2_400bps_fast@v5.0.0
input path:         test/PGXXXX230339/reads_1k.blow5
output path:        /dev/null
device:             cuda:all
chunk size:         12288
read batch size:    4096
gpu batch size:     128
no. threads:        8
overlap:            150

[basecaller_main::0.229*4.79] 1000 Entries (49.5M bytes) loaded
[basecaller_main::11.016*0.35] 1000 Entries (49.5M bytes) processed
[basecaller_main] total entries: 1000
[basecaller_main] total bytes: 49.5 M
[basecaller_main] model initialization: 0.183 sec (1.7%)
[basecaller_main] data loading: 0.045 sec (0.4%)
[basecaller_main] data processing: 10.786 sec (97.8%)
[basecaller_main]     - parse: 0.390 sec (3.5%)
[basecaller_main]     - preprocess: 0.014 sec (0.1%)
[basecaller_main]     - runners: 10.360 sec (93.9%)
[basecaller_main]          - synchronisation: 0.000 sec (0.0%)
[basecaller_main]          - model runner [0]: 10.359 sec (93.9% util)
[basecaller_main]             - accept: 0.269 sec (2.4% util)
[basecaller_main]             - basecall: 10.090 sec (91.5% util)
[basecaller_main]                 - inference: 6.633 sec (60.1% util)
[basecaller_main]                     - conv_stack: 1.647 sec (14.9% util)
[basecaller_main]                     - rnns: 4.699 sec (42.6% util)
[basecaller_main]                     - crf_1: 0.162 sec (1.5% util)
[basecaller_main]                     - crf_2: 0.000 sec (0.0% util)
[basecaller_main]                     - clamp: 0.125 sec (1.1% util)
[basecaller_main]                 - decode: 3.424 sec (31.0% util)
[basecaller_main]             - modcall: 0.000 sec (0.0% util)
[basecaller_main]     - postprocess: 0.022 sec (0.2%)
[basecaller_main]     - mod_preprocess: 0.000 sec (0.0%)
[basecaller_main]     - mod_postprocess: 0.000 sec (0.0%)
[basecaller_main] data output: 0.004 sec (0.0%)
[basecaller_main] data free: 0.009 sec (0.1%)
[main] Version: 0.5.0-beta
[main] CMD: ./slorado basecaller -C 128 -c 12288 -K 4096 -p 150 -o /dev/null --cpu-beam=no models/dna_r10.4.1_e8.2_400bps_fast@v5.0.0 test/PGXXXX230339/reads_1k.blow5
[main] Real time: 11.042 sec; CPU time: 3.828 sec; Peak RAM: 2.606 GB

