
slorado base-caller version 0.5.0-beta
model path:         models/dna_r10.4.1_e8.2_400bps_hac@v5.0.0
input path:         test/PGXXXX230339/reads_20k.blow5
output path:        /dev/null
device:             cuda:all
chunk size:         12288
read batch size:    4096
gpu batch size:     128
no. threads:        8
overlap:            150

[basecaller_main::0.384*3.31] 4096 Entries (201.7M bytes) loaded
[basecaller_main::182.620*0.80] 4096 Entries (201.7M bytes) processed
[basecaller_main::182.717*0.80] 4096 Entries (212.8M bytes) loaded
[basecaller_main::372.003*0.80] 4096 Entries (212.8M bytes) processed
[basecaller_main::372.385*0.80] 4096 Entries (198.2M bytes) loaded
[basecaller_main::549.558*0.80] 4096 Entries (198.2M bytes) processed
[basecaller_main::550.164*0.80] 4096 Entries (203.8M bytes) loaded
[basecaller_main::731.762*0.80] 4096 Entries (203.8M bytes) processed
[basecaller_main::732.258*0.80] 3616 Entries (181.5M bytes) loaded
[basecaller_main::894.766*0.80] 3616 Entries (181.5M bytes) processed
[basecaller_main] total entries: 20000
[basecaller_main] total bytes: 998.1 M
[basecaller_main] model initialization: 0.220 sec (0.0%)
[basecaller_main] data loading: 1.636 sec (0.2%)
[basecaller_main] data processing: 892.800 sec (99.8%)
[basecaller_main]     - parse: 4.160 sec (0.5%)
[basecaller_main]     - preprocess: 0.359 sec (0.0%)
[basecaller_main]     - runners: 888.015 sec (99.2%)
[basecaller_main]          - synchronisation: 0.000 sec (0.0%)
[basecaller_main]          - model runner [0]: 888.008 sec (99.2% util)
[basecaller_main]             - accept: 5.428 sec (0.6% util)
[basecaller_main]             - basecall: 882.580 sec (98.6% util)
[basecaller_main]                 - inference: 798.463 sec (89.2% util)
[basecaller_main]                     - conv_stack: 56.153 sec (6.3% util)
[basecaller_main]                     - rnns: 708.325 sec (79.2% util)
[basecaller_main]                     - crf_1: 24.890 sec (2.8% util)
[basecaller_main]                     - crf_2: 0.000 sec (0.0% util)
[basecaller_main]                     - clamp: 9.080 sec (1.0% util)
[basecaller_main]                 - decode: 83.497 sec (9.3% util)
[basecaller_main]             - modcall: 0.000 sec (0.0% util)
[basecaller_main]     - postprocess: 0.266 sec (0.0%)
[basecaller_main]     - mod_preprocess: 0.000 sec (0.0%)
[basecaller_main]     - mod_postprocess: 0.000 sec (0.0%)
[basecaller_main] data output: 0.116 sec (0.0%)
[basecaller_main] data free: 0.087 sec (0.0%)
[main] Version: 0.5.0-beta
[main] CMD: ./slorado basecaller -C 128 -c 12288 -K 4096 -p 150 -o /dev/null --cpu-beam=no models/dna_r10.4.1_e8.2_400bps_hac@v5.0.0 test/PGXXXX230339/reads_20k.blow5
[main] Real time: 894.890 sec; CPU time: 711.597 sec; Peak RAM: 5.613 GB

