
slorado base-caller version 0.5.0-beta
model path:         models/dna_r10.4.1_e8.2_400bps_fast@v5.0.0
input path:         test/PGXXXX230339/reads_1k.blow5
output path:        output_fast_1k_overlap-li-C128-f8-fixedc.fastq
device:             cuda:all
chunk size:         12288
read batch size:    4096
gpu batch size:     128
no. threads:        8
overlap:            150
overlap decode:     yes
fixed-c batch:      yes (no narrow)
flush threshold:    8

[parse_qscore_params::INFO][1;34m mean_qscore_start_pos not found in config toml, setting default to 60[0m
[basecaller_main::0.244*4.77] 1000 Entries (49.5M bytes) loaded
[basecaller_main::126.655*0.09] 1000 Entries (49.5M bytes) processed

[basecaller_main] total entries: 1000
[basecaller_main] total bytes: 49.5 M
[basecaller_main] model initialization: 0.194 sec
[basecaller_main] data loading: 0.048 sec
[basecaller_main] data processing: 126.411 sec
[basecaller_main]     - parse: 0.404 sec
[basecaller_main]     - preprocess: 0.015 sec
[basecaller_main]     - runners: 125.967 sec
[basecaller_main]          - synchronisation: 0.000 sec
[basecaller_main]          - model runner [0]: 125.962 sec
[basecaller_main]             - accept: 0.337 sec
[basecaller_main]             - basecall: 125.625 sec
[basecaller_main]                 - inference: 80.854 sec
[basecaller_main]                     - conv_stack: 1.110 sec
[basecaller_main]                         - input [N,C,T]: [128, 1, 12288]
[basecaller_main]                         - conv[0]: 0.533 sec
[basecaller_main]                             in  [N,C,T]: [128, 1, 12288]
[basecaller_main]                             out [N,C,T]: [128, 16, 12288]
[basecaller_main]                             op: 0.443 sec  act: 0.090 sec
[basecaller_main]                         - conv[1]: 0.315 sec
[basecaller_main]                             in  [N,C,T]: [128, 16, 12288]
[basecaller_main]                             out [N,C,T]: [128, 16, 12288]
[basecaller_main]                             op: 0.264 sec  act: 0.051 sec
[basecaller_main]                         - conv[2]: 0.256 sec
[basecaller_main]                             in  [N,C,T]: [128, 16, 12288]
[basecaller_main]                             out [N,C,T]: [128, 96, 2048]
[basecaller_main]                             op: 0.207 sec  act: 0.049 sec
[basecaller_main]                         - transpose: 0.006 sec
[basecaller_main]                             in  [N,C,T]: [128, 96, 2048]
[basecaller_main]                             out [N,T,C]: [128, 2048, 96]
[basecaller_main]                     - rnns: 5.808 sec
[basecaller_main]                         - rnn[0] (reverse): 1.963 sec
[basecaller_main]                             in  [N,T,C]: [128, 2048, 96]
[basecaller_main]                             out [N,T,C]: [128, 2048, 96]
[basecaller_main]                             flip: 0.092 sec  lstm: 1.871 sec
[basecaller_main]                         - rnn[1] (forward): 0.963 sec
[basecaller_main]                             in  [N,T,C]: [128, 2048, 96]
[basecaller_main]                             out [N,T,C]: [128, 2048, 96]
[basecaller_main]                             flip: 0.054 sec  lstm: 0.909 sec
[basecaller_main]                         - rnn[2] (reverse): 0.949 sec
[basecaller_main]                             in  [N,T,C]: [128, 2048, 96]
[basecaller_main]                             out [N,T,C]: [128, 2048, 96]
[basecaller_main]                             flip: 0.052 sec  lstm: 0.897 sec
[basecaller_main]                         - rnn[3] (forward): 0.940 sec
[basecaller_main]                             in  [N,T,C]: [128, 2048, 96]
[basecaller_main]                             out [N,T,C]: [128, 2048, 96]
[basecaller_main]                             flip: 0.050 sec  lstm: 0.890 sec
[basecaller_main]                         - rnn[4] (reverse): 0.938 sec
[basecaller_main]                             in  [N,T,C]: [128, 2048, 96]
[basecaller_main]                             out [N,T,C]: [128, 2048, 96]
[basecaller_main]                             flip: 0.050 sec  lstm: 0.888 sec
[basecaller_main]                         - rnn_out_flip: 0.054 sec
[basecaller_main]                             out [N,T,C]: [128, 2048, 96]
[basecaller_main]                     - crf_1: 0.196 sec
[basecaller_main]                         in  [N,T,C]: [128, 2048, 96]
[basecaller_main]                         out [N,T,C]: [128, 2048, 256]
[basecaller_main]                     - crf_2: 0.000 sec
[basecaller_main]                     - clamp: 0.033 sec
[basecaller_main]                 - decode: 124.728 sec
[basecaller_main]                     - scores [N,T,C]: [128, 2048, 256]
[basecaller_main]                     - bwd_scan: 1.922 sec
[basecaller_main]                     - beam_search: 30.379 sec
[basecaller_main]                     - fwd_post_scan: 12.626 sec
[basecaller_main]                     - qual_data: 2.829 sec
[basecaller_main]                     - gen_sequence: 2.786 sec
[basecaller_main]                     - d2h_copy: 0.058 sec
[basecaller_main]             - modcall: 0.000 sec
[basecaller_main] load-imbalance: 638 GPU batches (638 tail), 5100 real chunks, 76564 padded slots -> 93.8% of 81664 launched GPU slots wasted on padding
[basecaller_main]     - postprocess: 0.026 sec
[basecaller_main]     - mod_preprocess: 0.000 sec
[basecaller_main]     - mod_postprocess: 0.000 sec
[basecaller_main] data output: 0.031 sec
[basecaller_main] data free: 0.010 sec
[main] Version: 0.5.0-beta
[main] CMD: ./slorado basecaller -C 128 -c 12288 -K 4096 -p 150 --overlap-decode=yes --fixed-c-batch=yes --flush-threshold=8 -o output_fast_1k_overlap-li-C128-f8-fixedc.fastq models/dna_r10.4.1_e8.2_400bps_fast@v5.0.0 test/PGXXXX230339/reads_1k.blow5
[main] Real time: 126.706 sec; CPU time: 10.901 sec; Peak RAM: 3.640 GB

