
slorado base-caller version 0.5.0-beta
model path:         models/dna_r10.4.1_e8.2_400bps_fast@v5.0.0
input path:         test/PGXXXX230339/reads_1k.blow5
output path:        output_fast_1k_overlap-li-C128-f4-narrow.fastq
device:             cuda:all
chunk size:         12288
read batch size:    4096
gpu batch size:     128
no. threads:        8
overlap:            150
overlap decode:     yes
fixed-c batch:      no (narrow partials)
flush threshold:    4

[parse_qscore_params::INFO][1;34m mean_qscore_start_pos not found in config toml, setting default to 60[0m
[basecaller_main::0.261*4.26] 1000 Entries (49.5M bytes) loaded
[basecaller_main::56.971*0.21] 1000 Entries (49.5M bytes) processed

[basecaller_main] total entries: 1000
[basecaller_main] total bytes: 49.5 M
[basecaller_main] model initialization: 0.211 sec
[basecaller_main] data loading: 0.048 sec
[basecaller_main] data processing: 56.710 sec
[basecaller_main]     - parse: 0.381 sec
[basecaller_main]     - preprocess: 0.017 sec
[basecaller_main]     - runners: 56.286 sec
[basecaller_main]          - synchronisation: 0.000 sec
[basecaller_main]          - model runner [0]: 56.277 sec
[basecaller_main]             - accept: 0.411 sec
[basecaller_main]             - basecall: 55.866 sec
[basecaller_main]                 - inference: 8.664 sec
[basecaller_main]                     - conv_stack: 1.711 sec
[basecaller_main]                         - input [N,C,T]: [4, 1, 12288]
[basecaller_main]                         - conv[0]: 0.654 sec
[basecaller_main]                             in  [N,C,T]: [4, 1, 12288]
[basecaller_main]                             out [N,C,T]: [4, 16, 12288]
[basecaller_main]                             op: 0.513 sec  act: 0.140 sec
[basecaller_main]                         - conv[1]: 0.548 sec
[basecaller_main]                             in  [N,C,T]: [4, 16, 12288]
[basecaller_main]                             out [N,C,T]: [4, 16, 12288]
[basecaller_main]                             op: 0.448 sec  act: 0.100 sec
[basecaller_main]                         - conv[2]: 0.499 sec
[basecaller_main]                             in  [N,C,T]: [4, 16, 12288]
[basecaller_main]                             out [N,C,T]: [4, 96, 2048]
[basecaller_main]                             op: 0.402 sec  act: 0.097 sec
[basecaller_main]                         - transpose: 0.010 sec
[basecaller_main]                             in  [N,C,T]: [4, 96, 2048]
[basecaller_main]                             out [N,T,C]: [4, 2048, 96]
[basecaller_main]                     - rnns: 6.256 sec
[basecaller_main]                         - rnn[0] (reverse): 1.585 sec
[basecaller_main]                             in  [N,T,C]: [4, 2048, 96]
[basecaller_main]                             out [N,T,C]: [4, 2048, 96]
[basecaller_main]                             flip: 0.099 sec  lstm: 1.486 sec
[basecaller_main]                         - rnn[1] (forward): 1.180 sec
[basecaller_main]                             in  [N,T,C]: [4, 2048, 96]
[basecaller_main]                             out [N,T,C]: [4, 2048, 96]
[basecaller_main]                             flip: 0.106 sec  lstm: 1.074 sec
[basecaller_main]                         - rnn[2] (reverse): 1.137 sec
[basecaller_main]                             in  [N,T,C]: [4, 2048, 96]
[basecaller_main]                             out [N,T,C]: [4, 2048, 96]
[basecaller_main]                             flip: 0.099 sec  lstm: 1.038 sec
[basecaller_main]                         - rnn[3] (forward): 1.128 sec
[basecaller_main]                             in  [N,T,C]: [4, 2048, 96]
[basecaller_main]                             out [N,T,C]: [4, 2048, 96]
[basecaller_main]                             flip: 0.096 sec  lstm: 1.031 sec
[basecaller_main]                         - rnn[4] (reverse): 1.126 sec
[basecaller_main]                             in  [N,T,C]: [4, 2048, 96]
[basecaller_main]                             out [N,T,C]: [4, 2048, 96]
[basecaller_main]                             flip: 0.096 sec  lstm: 1.029 sec
[basecaller_main]                         - rnn_out_flip: 0.102 sec
[basecaller_main]                             out [N,T,C]: [4, 2048, 96]
[basecaller_main]                     - crf_1: 0.278 sec
[basecaller_main]                         in  [N,T,C]: [4, 2048, 96]
[basecaller_main]                         out [N,T,C]: [4, 2048, 256]
[basecaller_main]                     - crf_2: 0.000 sec
[basecaller_main]                     - clamp: 0.066 sec
[basecaller_main]                 - decode: 55.420 sec
[basecaller_main]                     - scores [N,T,C]: [4, 2048, 256]
[basecaller_main]                     - bwd_scan: 3.314 sec
[basecaller_main]                     - beam_search: 35.760 sec
[basecaller_main]                     - fwd_post_scan: 8.745 sec
[basecaller_main]                     - qual_data: 5.686 sec
[basecaller_main]                     - gen_sequence: 2.022 sec
[basecaller_main]                     - d2h_copy: 0.014 sec
[basecaller_main]             - modcall: 0.000 sec
[basecaller_main] load-imbalance: 1275 GPU batches (1275 tail), 5100 real chunks, 158100 padded slots -> 96.9% of 163200 launched GPU slots wasted on padding
[basecaller_main]     - postprocess: 0.026 sec
[basecaller_main]     - mod_preprocess: 0.000 sec
[basecaller_main]     - mod_postprocess: 0.000 sec
[basecaller_main] data output: 0.033 sec
[basecaller_main] data free: 0.012 sec
[main] Version: 0.5.0-beta
[main] CMD: ./slorado basecaller -C 128 -c 12288 -K 4096 -p 150 --overlap-decode=yes --fixed-c-batch=no --flush-threshold=4 -o output_fast_1k_overlap-li-C128-f4-narrow.fastq models/dna_r10.4.1_e8.2_400bps_fast@v5.0.0 test/PGXXXX230339/reads_1k.blow5
[main] Real time: 57.029 sec; CPU time: 11.977 sec; Peak RAM: 1.374 GB

