
slorado base-caller version 0.5.0-beta
model path:         models/dna_r10.4.1_e8.2_400bps_fast@v5.0.0
input path:         test/PGXXXX230339/reads_1k.blow5
output path:        output_fast_1k_overlap-li-C128-f32-fixedc.fastq
device:             cuda:all
chunk size:         12288
read batch size:    4096
gpu batch size:     128
no. threads:        8
overlap:            150
overlap decode:     yes
fixed-c batch:      yes (no narrow)
flush threshold:    32

[parse_qscore_params::INFO][1;34m mean_qscore_start_pos not found in config toml, setting default to 60[0m
[basecaller_main::0.253*4.44] 1000 Entries (49.5M bytes) loaded
[basecaller_main::33.539*0.17] 1000 Entries (49.5M bytes) processed

[basecaller_main] total entries: 1000
[basecaller_main] total bytes: 49.5 M
[basecaller_main] model initialization: 0.203 sec
[basecaller_main] data loading: 0.048 sec
[basecaller_main] data processing: 33.286 sec
[basecaller_main]     - parse: 0.375 sec
[basecaller_main]     - preprocess: 0.015 sec
[basecaller_main]     - runners: 32.875 sec
[basecaller_main]          - synchronisation: 0.000 sec
[basecaller_main]          - model runner [0]: 32.873 sec
[basecaller_main]             - accept: 0.262 sec
[basecaller_main]             - basecall: 32.611 sec
[basecaller_main]                 - inference: 21.049 sec
[basecaller_main]                     - conv_stack: 0.474 sec
[basecaller_main]                         - input [N,C,T]: [128, 1, 12288]
[basecaller_main]                         - conv[0]: 0.292 sec
[basecaller_main]                             in  [N,C,T]: [128, 1, 12288]
[basecaller_main]                             out [N,C,T]: [128, 16, 12288]
[basecaller_main]                             op: 0.250 sec  act: 0.042 sec
[basecaller_main]                         - conv[1]: 0.110 sec
[basecaller_main]                             in  [N,C,T]: [128, 16, 12288]
[basecaller_main]                             out [N,C,T]: [128, 16, 12288]
[basecaller_main]                             op: 0.097 sec  act: 0.013 sec
[basecaller_main]                         - conv[2]: 0.070 sec
[basecaller_main]                             in  [N,C,T]: [128, 16, 12288]
[basecaller_main]                             out [N,C,T]: [128, 96, 2048]
[basecaller_main]                             op: 0.057 sec  act: 0.013 sec
[basecaller_main]                         - transpose: 0.002 sec
[basecaller_main]                             in  [N,C,T]: [128, 96, 2048]
[basecaller_main]                             out [N,T,C]: [128, 2048, 96]
[basecaller_main]                     - rnns: 2.083 sec
[basecaller_main]                         - rnn[0] (reverse): 1.143 sec
[basecaller_main]                             in  [N,T,C]: [128, 2048, 96]
[basecaller_main]                             out [N,T,C]: [128, 2048, 96]
[basecaller_main]                             flip: 0.057 sec  lstm: 1.086 sec
[basecaller_main]                         - rnn[1] (forward): 0.236 sec
[basecaller_main]                             in  [N,T,C]: [128, 2048, 96]
[basecaller_main]                             out [N,T,C]: [128, 2048, 96]
[basecaller_main]                             flip: 0.014 sec  lstm: 0.222 sec
[basecaller_main]                         - rnn[2] (reverse): 0.231 sec
[basecaller_main]                             in  [N,T,C]: [128, 2048, 96]
[basecaller_main]                             out [N,T,C]: [128, 2048, 96]
[basecaller_main]                             flip: 0.013 sec  lstm: 0.219 sec
[basecaller_main]                         - rnn[3] (forward): 0.230 sec
[basecaller_main]                             in  [N,T,C]: [128, 2048, 96]
[basecaller_main]                             out [N,T,C]: [128, 2048, 96]
[basecaller_main]                             flip: 0.012 sec  lstm: 0.217 sec
[basecaller_main]                         - rnn[4] (reverse): 0.230 sec
[basecaller_main]                             in  [N,T,C]: [128, 2048, 96]
[basecaller_main]                             out [N,T,C]: [128, 2048, 96]
[basecaller_main]                             flip: 0.012 sec  lstm: 0.218 sec
[basecaller_main]                         - rnn_out_flip: 0.013 sec
[basecaller_main]                             out [N,T,C]: [128, 2048, 96]
[basecaller_main]                     - crf_1: 0.057 sec
[basecaller_main]                         in  [N,T,C]: [128, 2048, 96]
[basecaller_main]                         out [N,T,C]: [128, 2048, 256]
[basecaller_main]                     - crf_2: 0.000 sec
[basecaller_main]                     - clamp: 0.008 sec
[basecaller_main]                 - decode: 31.733 sec
[basecaller_main]                     - scores [N,T,C]: [128, 2048, 256]
[basecaller_main]                     - bwd_scan: 0.481 sec
[basecaller_main]                     - beam_search: 7.794 sec
[basecaller_main]                     - fwd_post_scan: 3.046 sec
[basecaller_main]                     - qual_data: 0.930 sec
[basecaller_main]                     - gen_sequence: 0.607 sec
[basecaller_main]                     - d2h_copy: 0.011 sec
[basecaller_main]             - modcall: 0.000 sec
[basecaller_main] load-imbalance: 160 GPU batches (160 tail), 5100 real chunks, 15380 padded slots -> 75.1% of 20480 launched GPU slots wasted on padding
[basecaller_main]     - postprocess: 0.021 sec
[basecaller_main]     - mod_preprocess: 0.000 sec
[basecaller_main]     - mod_postprocess: 0.000 sec
[basecaller_main] data output: 0.032 sec
[basecaller_main] data free: 0.010 sec
[main] Version: 0.5.0-beta
[main] CMD: ./slorado basecaller -C 128 -c 12288 -K 4096 -p 150 --overlap-decode=yes --fixed-c-batch=yes --flush-threshold=32 -o output_fast_1k_overlap-li-C128-f32-fixedc.fastq models/dna_r10.4.1_e8.2_400bps_fast@v5.0.0 test/PGXXXX230339/reads_1k.blow5
[main] Real time: 33.591 sec; CPU time: 5.606 sec; Peak RAM: 3.644 GB

