
slorado base-caller version 0.5.0-beta
model path:         models/dna_r10.4.1_e8.2_400bps_fast@v5.0.0
input path:         test/PGXXXX230339/reads_1k.blow5
output path:        output_fast_1k_overlap-li-C128-f4-fixedc.fastq
device:             cuda:all
chunk size:         12288
read batch size:    4096
gpu batch size:     128
no. threads:        8
overlap:            150
overlap decode:     yes
fixed-c batch:      yes (no narrow)
flush threshold:    4

[parse_qscore_params::INFO][1;34m mean_qscore_start_pos not found in config toml, setting default to 60[0m
[basecaller_main::0.244*4.58] 1000 Entries (49.5M bytes) loaded
[basecaller_main::250.700*0.07] 1000 Entries (49.5M bytes) processed

[basecaller_main] total entries: 1000
[basecaller_main] total bytes: 49.5 M
[basecaller_main] model initialization: 0.195 sec
[basecaller_main] data loading: 0.048 sec
[basecaller_main] data processing: 250.456 sec
[basecaller_main]     - parse: 0.370 sec
[basecaller_main]     - preprocess: 0.017 sec
[basecaller_main]     - runners: 250.046 sec
[basecaller_main]          - synchronisation: 0.000 sec
[basecaller_main]          - model runner [0]: 250.036 sec
[basecaller_main]             - accept: 0.443 sec
[basecaller_main]             - basecall: 249.593 sec
[basecaller_main]                 - inference: 159.776 sec
[basecaller_main]                     - conv_stack: 1.945 sec
[basecaller_main]                         - input [N,C,T]: [128, 1, 12288]
[basecaller_main]                         - conv[0]: 0.863 sec
[basecaller_main]                             in  [N,C,T]: [128, 1, 12288]
[basecaller_main]                             out [N,C,T]: [128, 16, 12288]
[basecaller_main]                             op: 0.714 sec  act: 0.149 sec
[basecaller_main]                         - conv[1]: 0.576 sec
[basecaller_main]                             in  [N,C,T]: [128, 16, 12288]
[basecaller_main]                             out [N,C,T]: [128, 16, 12288]
[basecaller_main]                             op: 0.477 sec  act: 0.099 sec
[basecaller_main]                         - conv[2]: 0.494 sec
[basecaller_main]                             in  [N,C,T]: [128, 16, 12288]
[basecaller_main]                             out [N,C,T]: [128, 96, 2048]
[basecaller_main]                             op: 0.398 sec  act: 0.096 sec
[basecaller_main]                         - transpose: 0.013 sec
[basecaller_main]                             in  [N,C,T]: [128, 96, 2048]
[basecaller_main]                             out [N,T,C]: [128, 2048, 96]
[basecaller_main]                     - rnns: 10.507 sec
[basecaller_main]                         - rnn[0] (reverse): 3.003 sec
[basecaller_main]                             in  [N,T,C]: [128, 2048, 96]
[basecaller_main]                             out [N,T,C]: [128, 2048, 96]
[basecaller_main]                             flip: 0.123 sec  lstm: 2.880 sec
[basecaller_main]                         - rnn[1] (forward): 1.887 sec
[basecaller_main]                             in  [N,T,C]: [128, 2048, 96]
[basecaller_main]                             out [N,T,C]: [128, 2048, 96]
[basecaller_main]                             flip: 0.107 sec  lstm: 1.781 sec
[basecaller_main]                         - rnn[2] (reverse): 1.843 sec
[basecaller_main]                             in  [N,T,C]: [128, 2048, 96]
[basecaller_main]                             out [N,T,C]: [128, 2048, 96]
[basecaller_main]                             flip: 0.100 sec  lstm: 1.743 sec
[basecaller_main]                         - rnn[3] (forward): 1.833 sec
[basecaller_main]                             in  [N,T,C]: [128, 2048, 96]
[basecaller_main]                             out [N,T,C]: [128, 2048, 96]
[basecaller_main]                             flip: 0.097 sec  lstm: 1.736 sec
[basecaller_main]                         - rnn[4] (reverse): 1.836 sec
[basecaller_main]                             in  [N,T,C]: [128, 2048, 96]
[basecaller_main]                             out [N,T,C]: [128, 2048, 96]
[basecaller_main]                             flip: 0.097 sec  lstm: 1.739 sec
[basecaller_main]                         - rnn_out_flip: 0.104 sec
[basecaller_main]                             out [N,T,C]: [128, 2048, 96]
[basecaller_main]                     - crf_1: 0.382 sec
[basecaller_main]                         in  [N,T,C]: [128, 2048, 96]
[basecaller_main]                         out [N,T,C]: [128, 2048, 256]
[basecaller_main]                     - crf_2: 0.000 sec
[basecaller_main]                     - clamp: 0.063 sec
[basecaller_main]                 - decode: 248.741 sec
[basecaller_main]                     - scores [N,T,C]: [128, 2048, 256]
[basecaller_main]                     - bwd_scan: 3.844 sec
[basecaller_main]                     - beam_search: 60.396 sec
[basecaller_main]                     - fwd_post_scan: 25.230 sec
[basecaller_main]                     - qual_data: 5.790 sec
[basecaller_main]                     - gen_sequence: 6.039 sec
[basecaller_main]                     - d2h_copy: 0.135 sec
[basecaller_main]             - modcall: 0.000 sec
[basecaller_main] load-imbalance: 1275 GPU batches (1275 tail), 5100 real chunks, 158100 padded slots -> 96.9% of 163200 launched GPU slots wasted on padding
[basecaller_main]     - postprocess: 0.023 sec
[basecaller_main]     - mod_preprocess: 0.000 sec
[basecaller_main]     - mod_postprocess: 0.000 sec
[basecaller_main] data output: 0.038 sec
[basecaller_main] data free: 0.010 sec
[main] Version: 0.5.0-beta
[main] CMD: ./slorado basecaller -C 128 -c 12288 -K 4096 -p 150 --overlap-decode=yes --fixed-c-batch=yes --flush-threshold=4 -o output_fast_1k_overlap-li-C128-f4-fixedc.fastq models/dna_r10.4.1_e8.2_400bps_fast@v5.0.0 test/PGXXXX230339/reads_1k.blow5
[main] Real time: 250.758 sec; CPU time: 17.596 sec; Peak RAM: 3.646 GB

