
slorado base-caller version 0.5.0-beta
model path:         models/dna_r10.4.1_e8.2_400bps_fast@v5.0.0
input path:         test/PGXXXX230339/reads_1k.blow5
output path:        output_fast_1k_overlap-li-C64-f32-fixedc.fastq
device:             cuda:all
chunk size:         12288
read batch size:    4096
gpu batch size:     64
no. threads:        8
overlap:            150
overlap decode:     yes
fixed-c batch:      yes (no narrow)
flush threshold:    32

[parse_qscore_params::INFO][1;34m mean_qscore_start_pos not found in config toml, setting default to 60[0m
[basecaller_main::0.243*4.56] 1000 Entries (49.5M bytes) loaded
[basecaller_main::17.431*0.27] 1000 Entries (49.5M bytes) processed

[basecaller_main] total entries: 1000
[basecaller_main] total bytes: 49.5 M
[basecaller_main] model initialization: 0.194 sec
[basecaller_main] data loading: 0.048 sec
[basecaller_main] data processing: 17.188 sec
[basecaller_main]     - parse: 0.355 sec
[basecaller_main]     - preprocess: 0.014 sec
[basecaller_main]     - runners: 16.798 sec
[basecaller_main]          - synchronisation: 0.000 sec
[basecaller_main]          - model runner [0]: 16.796 sec
[basecaller_main]             - accept: 0.258 sec
[basecaller_main]             - basecall: 16.539 sec
[basecaller_main]                 - inference: 7.556 sec
[basecaller_main]                     - conv_stack: 0.444 sec
[basecaller_main]                         - input [N,C,T]: [64, 1, 12288]
[basecaller_main]                         - conv[0]: 0.272 sec
[basecaller_main]                             in  [N,C,T]: [64, 1, 12288]
[basecaller_main]                             out [N,C,T]: [64, 16, 12288]
[basecaller_main]                             op: 0.231 sec  act: 0.042 sec
[basecaller_main]                         - conv[1]: 0.101 sec
[basecaller_main]                             in  [N,C,T]: [64, 16, 12288]
[basecaller_main]                             out [N,C,T]: [64, 16, 12288]
[basecaller_main]                             op: 0.088 sec  act: 0.013 sec
[basecaller_main]                         - conv[2]: 0.069 sec
[basecaller_main]                             in  [N,C,T]: [64, 16, 12288]
[basecaller_main]                             out [N,C,T]: [64, 96, 2048]
[basecaller_main]                             op: 0.056 sec  act: 0.013 sec
[basecaller_main]                         - transpose: 0.002 sec
[basecaller_main]                             in  [N,C,T]: [64, 96, 2048]
[basecaller_main]                             out [N,T,C]: [64, 2048, 96]
[basecaller_main]                     - rnns: 1.388 sec
[basecaller_main]                         - rnn[0] (reverse): 0.661 sec
[basecaller_main]                             in  [N,T,C]: [64, 2048, 96]
[basecaller_main]                             out [N,T,C]: [64, 2048, 96]
[basecaller_main]                             flip: 0.036 sec  lstm: 0.625 sec
[basecaller_main]                         - rnn[1] (forward): 0.183 sec
[basecaller_main]                             in  [N,T,C]: [64, 2048, 96]
[basecaller_main]                             out [N,T,C]: [64, 2048, 96]
[basecaller_main]                             flip: 0.014 sec  lstm: 0.170 sec
[basecaller_main]                         - rnn[2] (reverse): 0.178 sec
[basecaller_main]                             in  [N,T,C]: [64, 2048, 96]
[basecaller_main]                             out [N,T,C]: [64, 2048, 96]
[basecaller_main]                             flip: 0.013 sec  lstm: 0.165 sec
[basecaller_main]                         - rnn[3] (forward): 0.175 sec
[basecaller_main]                             in  [N,T,C]: [64, 2048, 96]
[basecaller_main]                             out [N,T,C]: [64, 2048, 96]
[basecaller_main]                             flip: 0.013 sec  lstm: 0.163 sec
[basecaller_main]                         - rnn[4] (reverse): 0.176 sec
[basecaller_main]                             in  [N,T,C]: [64, 2048, 96]
[basecaller_main]                             out [N,T,C]: [64, 2048, 96]
[basecaller_main]                             flip: 0.012 sec  lstm: 0.164 sec
[basecaller_main]                         - rnn_out_flip: 0.014 sec
[basecaller_main]                             out [N,T,C]: [64, 2048, 96]
[basecaller_main]                     - crf_1: 0.053 sec
[basecaller_main]                         in  [N,T,C]: [64, 2048, 96]
[basecaller_main]                         out [N,T,C]: [64, 2048, 256]
[basecaller_main]                     - crf_2: 0.000 sec
[basecaller_main]                     - clamp: 0.008 sec
[basecaller_main]                 - decode: 15.959 sec
[basecaller_main]                     - scores [N,T,C]: [64, 2048, 256]
[basecaller_main]                     - bwd_scan: 0.396 sec
[basecaller_main]                     - beam_search: 6.440 sec
[basecaller_main]                     - fwd_post_scan: 1.869 sec
[basecaller_main]                     - qual_data: 0.843 sec
[basecaller_main]                     - gen_sequence: 0.518 sec
[basecaller_main]                     - d2h_copy: 0.006 sec
[basecaller_main]             - modcall: 0.000 sec
[basecaller_main] load-imbalance: 160 GPU batches (160 tail), 5100 real chunks, 5140 padded slots -> 50.2% of 10240 launched GPU slots wasted on padding
[basecaller_main]     - postprocess: 0.020 sec
[basecaller_main]     - mod_preprocess: 0.000 sec
[basecaller_main]     - mod_postprocess: 0.000 sec
[basecaller_main] data output: 0.030 sec
[basecaller_main] data free: 0.010 sec
[main] Version: 0.5.0-beta
[main] CMD: ./slorado basecaller -C 64 -c 12288 -K 4096 -p 150 --overlap-decode=yes --fixed-c-batch=yes --flush-threshold=32 -o output_fast_1k_overlap-li-C64-f32-fixedc.fastq models/dna_r10.4.1_e8.2_400bps_fast@v5.0.0 test/PGXXXX230339/reads_1k.blow5
[main] Real time: 17.478 sec; CPU time: 4.782 sec; Peak RAM: 2.414 GB

