
slorado base-caller version 0.5.0-beta
model path:         models/dna_r10.4.1_e8.2_400bps_fast@v5.0.0
input path:         test/PGXXXX230339/reads_1k.blow5
output path:        output_fast_1k_overlap-li-f32-fixedc.fastq
device:             cuda:all
chunk size:         12288
read batch size:    4096
gpu batch size:     128
no. threads:        8
overlap:            150
overlap decode:     yes
fixed-c batch:      yes (no narrow)
flush threshold:    32

[parse_qscore_params::INFO][1;34m mean_qscore_start_pos not found in config toml, setting default to 60[0m
[basecaller_main::0.246*4.53] 1000 Entries (49.5M bytes) loaded
[basecaller_main::33.534*0.17] 1000 Entries (49.5M bytes) processed

[basecaller_main] total entries: 1000
[basecaller_main] total bytes: 49.5 M
[basecaller_main] model initialization: 0.198 sec
[basecaller_main] data loading: 0.047 sec
[basecaller_main] data processing: 33.287 sec
[basecaller_main]     - parse: 0.386 sec
[basecaller_main]     - preprocess: 0.015 sec
[basecaller_main]     - runners: 32.863 sec
[basecaller_main]          - synchronisation: 0.000 sec
[basecaller_main]          - model runner [0]: 32.861 sec
[basecaller_main]             - accept: 0.258 sec
[basecaller_main]             - basecall: 32.603 sec
[basecaller_main]                 - inference: 21.024 sec
[basecaller_main]                     - conv_stack: 0.472 sec
[basecaller_main]                         - input [N,C,T]: [128, 1, 12288]
[basecaller_main]                         - conv[0]: 0.291 sec
[basecaller_main]                             in  [N,C,T]: [128, 1, 12288]
[basecaller_main]                             out [N,C,T]: [128, 16, 12288]
[basecaller_main]                             op: 0.247 sec  act: 0.043 sec
[basecaller_main]                         - conv[1]: 0.110 sec
[basecaller_main]                             in  [N,C,T]: [128, 16, 12288]
[basecaller_main]                             out [N,C,T]: [128, 16, 12288]
[basecaller_main]                             op: 0.097 sec  act: 0.013 sec
[basecaller_main]                         - conv[2]: 0.070 sec
[basecaller_main]                             in  [N,C,T]: [128, 16, 12288]
[basecaller_main]                             out [N,C,T]: [128, 96, 2048]
[basecaller_main]                             op: 0.058 sec  act: 0.013 sec
[basecaller_main]                         - transpose: 0.002 sec
[basecaller_main]                             in  [N,C,T]: [128, 96, 2048]
[basecaller_main]                             out [N,T,C]: [128, 2048, 96]
[basecaller_main]                     - rnns: 2.092 sec
[basecaller_main]                         - rnn[0] (reverse): 1.120 sec
[basecaller_main]                             in  [N,T,C]: [128, 2048, 96]
[basecaller_main]                             out [N,T,C]: [128, 2048, 96]
[basecaller_main]                             flip: 0.053 sec  lstm: 1.067 sec
[basecaller_main]                         - rnn[1] (forward): 0.245 sec
[basecaller_main]                             in  [N,T,C]: [128, 2048, 96]
[basecaller_main]                             out [N,T,C]: [128, 2048, 96]
[basecaller_main]                             flip: 0.014 sec  lstm: 0.231 sec
[basecaller_main]                         - rnn[2] (reverse): 0.239 sec
[basecaller_main]                             in  [N,T,C]: [128, 2048, 96]
[basecaller_main]                             out [N,T,C]: [128, 2048, 96]
[basecaller_main]                             flip: 0.013 sec  lstm: 0.226 sec
[basecaller_main]                         - rnn[3] (forward): 0.237 sec
[basecaller_main]                             in  [N,T,C]: [128, 2048, 96]
[basecaller_main]                             out [N,T,C]: [128, 2048, 96]
[basecaller_main]                             flip: 0.013 sec  lstm: 0.224 sec
[basecaller_main]                         - rnn[4] (reverse): 0.237 sec
[basecaller_main]                             in  [N,T,C]: [128, 2048, 96]
[basecaller_main]                             out [N,T,C]: [128, 2048, 96]
[basecaller_main]                             flip: 0.013 sec  lstm: 0.225 sec
[basecaller_main]                         - rnn_out_flip: 0.013 sec
[basecaller_main]                             out [N,T,C]: [128, 2048, 96]
[basecaller_main]                     - crf_1: 0.056 sec
[basecaller_main]                         in  [N,T,C]: [128, 2048, 96]
[basecaller_main]                         out [N,T,C]: [128, 2048, 256]
[basecaller_main]                     - crf_2: 0.000 sec
[basecaller_main]                     - clamp: 0.008 sec
[basecaller_main]                 - decode: 31.739 sec
[basecaller_main]                     - scores [N,T,C]: [128, 2048, 256]
[basecaller_main]                     - bwd_scan: 0.489 sec
[basecaller_main]                     - beam_search: 7.808 sec
[basecaller_main]                     - fwd_post_scan: 3.050 sec
[basecaller_main]                     - qual_data: 0.939 sec
[basecaller_main]                     - gen_sequence: 0.610 sec
[basecaller_main]                     - d2h_copy: 0.011 sec
[basecaller_main]             - modcall: 0.000 sec
[basecaller_main] load-imbalance: 160 GPU batches (160 tail), 5100 real chunks, 15380 padded slots -> 75.1% of 20480 launched GPU slots wasted on padding
[basecaller_main]     - postprocess: 0.024 sec
[basecaller_main]     - mod_preprocess: 0.000 sec
[basecaller_main]     - mod_postprocess: 0.000 sec
[basecaller_main] data output: 0.032 sec
[basecaller_main] data free: 0.010 sec
[main] Version: 0.5.0-beta
[main] CMD: ./slorado basecaller -C 128 -c 12288 -K 4096 -p 150 --overlap-decode=yes --fixed-c-batch=yes --flush-threshold=32 -o output_fast_1k_overlap-li-f32-fixedc.fastq models/dna_r10.4.1_e8.2_400bps_fast@v5.0.0 test/PGXXXX230339/reads_1k.blow5
[main] Real time: 33.588 sec; CPU time: 5.601 sec; Peak RAM: 3.642 GB

