
slorado base-caller version 0.5.0-beta
model path:         models/dna_r10.4.1_e8.2_400bps_fast@v5.0.0
input path:         test/PGXXXX230339/reads_1k.blow5
output path:        output_fast_1k_overlap-li-f24-narrow.fastq
device:             cuda:all
chunk size:         12288
read batch size:    4096
gpu batch size:     128
no. threads:        8
overlap:            150
overlap decode:     yes
fixed-c batch:      no (narrow partials)
flush threshold:    24

[parse_qscore_params::INFO][1;34m mean_qscore_start_pos not found in config toml, setting default to 60[0m
[basecaller_main::0.250*4.49] 1000 Entries (49.5M bytes) loaded
[basecaller_main::14.167*0.34] 1000 Entries (49.5M bytes) processed

[basecaller_main] total entries: 1000
[basecaller_main] total bytes: 49.5 M
[basecaller_main] model initialization: 0.201 sec
[basecaller_main] data loading: 0.047 sec
[basecaller_main] data processing: 13.917 sec
[basecaller_main]     - parse: 0.362 sec
[basecaller_main]     - preprocess: 0.015 sec
[basecaller_main]     - runners: 13.512 sec
[basecaller_main]          - synchronisation: 0.000 sec
[basecaller_main]          - model runner [0]: 13.509 sec
[basecaller_main]             - accept: 0.266 sec
[basecaller_main]             - basecall: 13.243 sec
[basecaller_main]                 - inference: 2.470 sec
[basecaller_main]                     - conv_stack: 0.548 sec
[basecaller_main]                         - input [N,C,T]: [24, 1, 12288]
[basecaller_main]                         - conv[0]: 0.319 sec
[basecaller_main]                             in  [N,C,T]: [24, 1, 12288]
[basecaller_main]                             out [N,C,T]: [24, 16, 12288]
[basecaller_main]                             op: 0.272 sec  act: 0.048 sec
[basecaller_main]                         - conv[1]: 0.129 sec
[basecaller_main]                             in  [N,C,T]: [24, 16, 12288]
[basecaller_main]                             out [N,C,T]: [24, 16, 12288]
[basecaller_main]                             op: 0.111 sec  act: 0.018 sec
[basecaller_main]                         - conv[2]: 0.099 sec
[basecaller_main]                             in  [N,C,T]: [24, 16, 12288]
[basecaller_main]                             out [N,C,T]: [24, 96, 2048]
[basecaller_main]                             op: 0.082 sec  act: 0.017 sec
[basecaller_main]                         - transpose: 0.002 sec
[basecaller_main]                             in  [N,C,T]: [24, 96, 2048]
[basecaller_main]                             out [N,T,C]: [24, 2048, 96]
[basecaller_main]                     - rnns: 1.337 sec
[basecaller_main]                         - rnn[0] (reverse): 0.494 sec
[basecaller_main]                             in  [N,T,C]: [24, 2048, 96]
[basecaller_main]                             out [N,T,C]: [24, 2048, 96]
[basecaller_main]                             flip: 0.029 sec  lstm: 0.465 sec
[basecaller_main]                         - rnn[1] (forward): 0.215 sec
[basecaller_main]                             in  [N,T,C]: [24, 2048, 96]
[basecaller_main]                             out [N,T,C]: [24, 2048, 96]
[basecaller_main]                             flip: 0.019 sec  lstm: 0.196 sec
[basecaller_main]                         - rnn[2] (reverse): 0.206 sec
[basecaller_main]                             in  [N,T,C]: [24, 2048, 96]
[basecaller_main]                             out [N,T,C]: [24, 2048, 96]
[basecaller_main]                             flip: 0.017 sec  lstm: 0.189 sec
[basecaller_main]                         - rnn[3] (forward): 0.203 sec
[basecaller_main]                             in  [N,T,C]: [24, 2048, 96]
[basecaller_main]                             out [N,T,C]: [24, 2048, 96]
[basecaller_main]                             flip: 0.017 sec  lstm: 0.186 sec
[basecaller_main]                         - rnn[4] (reverse): 0.202 sec
[basecaller_main]                             in  [N,T,C]: [24, 2048, 96]
[basecaller_main]                             out [N,T,C]: [24, 2048, 96]
[basecaller_main]                             flip: 0.017 sec  lstm: 0.186 sec
[basecaller_main]                         - rnn_out_flip: 0.018 sec
[basecaller_main]                             out [N,T,C]: [24, 2048, 96]
[basecaller_main]                     - crf_1: 0.060 sec
[basecaller_main]                         in  [N,T,C]: [24, 2048, 96]
[basecaller_main]                         out [N,T,C]: [24, 2048, 256]
[basecaller_main]                     - crf_2: 0.000 sec
[basecaller_main]                     - clamp: 0.011 sec
[basecaller_main]                 - decode: 12.736 sec
[basecaller_main]                     - scores [N,T,C]: [12, 2048, 256]
[basecaller_main]                     - bwd_scan: 0.566 sec
[basecaller_main]                     - beam_search: 7.494 sec
[basecaller_main]                     - fwd_post_scan: 2.300 sec
[basecaller_main]                     - qual_data: 1.158 sec
[basecaller_main]                     - gen_sequence: 0.699 sec
[basecaller_main]                     - d2h_copy: 0.006 sec
[basecaller_main]             - modcall: 0.000 sec
[basecaller_main] load-imbalance: 213 GPU batches (213 tail), 5100 real chunks, 22164 padded slots -> 81.3% of 27264 launched GPU slots wasted on padding
[basecaller_main]     - postprocess: 0.028 sec
[basecaller_main]     - mod_preprocess: 0.000 sec
[basecaller_main]     - mod_postprocess: 0.000 sec
[basecaller_main] data output: 0.033 sec
[basecaller_main] data free: 0.011 sec
[main] Version: 0.5.0-beta
[main] CMD: ./slorado basecaller -C 128 -c 12288 -K 4096 -p 150 --overlap-decode=yes --fixed-c-batch=no --flush-threshold=24 -o output_fast_1k_overlap-li-f24-narrow.fastq models/dna_r10.4.1_e8.2_400bps_fast@v5.0.0 test/PGXXXX230339/reads_1k.blow5
[main] Real time: 14.224 sec; CPU time: 4.904 sec; Peak RAM: 1.807 GB

