
slorado base-caller version 0.5.0-beta
model path:         models/dna_r10.4.1_e8.2_400bps_fast@v5.0.0
input path:         test/PGXXXX230339/reads_1k.blow5
output path:        output_fast_1k_overlap-li-f4-fixedc.fastq
device:             cuda:all
chunk size:         12288
read batch size:    4096
gpu batch size:     128
no. threads:        8
overlap:            150
overlap decode:     yes
fixed-c batch:      yes (no narrow)
flush threshold:    4

[parse_qscore_params::INFO][1;34m mean_qscore_start_pos not found in config toml, setting default to 60[0m
[basecaller_main::0.244*4.76] 1000 Entries (49.5M bytes) loaded
[basecaller_main::250.630*0.07] 1000 Entries (49.5M bytes) processed

[basecaller_main] total entries: 1000
[basecaller_main] total bytes: 49.5 M
[basecaller_main] model initialization: 0.195 sec
[basecaller_main] data loading: 0.047 sec
[basecaller_main] data processing: 250.386 sec
[basecaller_main]     - parse: 0.356 sec
[basecaller_main]     - preprocess: 0.016 sec
[basecaller_main]     - runners: 249.990 sec
[basecaller_main]          - synchronisation: 0.000 sec
[basecaller_main]          - model runner [0]: 249.981 sec
[basecaller_main]             - accept: 0.441 sec
[basecaller_main]             - basecall: 249.540 sec
[basecaller_main]                 - inference: 160.155 sec
[basecaller_main]                     - conv_stack: 1.961 sec
[basecaller_main]                         - input [N,C,T]: [128, 1, 12288]
[basecaller_main]                         - conv[0]: 0.865 sec
[basecaller_main]                             in  [N,C,T]: [128, 1, 12288]
[basecaller_main]                             out [N,C,T]: [128, 16, 12288]
[basecaller_main]                             op: 0.713 sec  act: 0.151 sec
[basecaller_main]                         - conv[1]: 0.583 sec
[basecaller_main]                             in  [N,C,T]: [128, 16, 12288]
[basecaller_main]                             out [N,C,T]: [128, 16, 12288]
[basecaller_main]                             op: 0.481 sec  act: 0.102 sec
[basecaller_main]                         - conv[2]: 0.502 sec
[basecaller_main]                             in  [N,C,T]: [128, 16, 12288]
[basecaller_main]                             out [N,C,T]: [128, 96, 2048]
[basecaller_main]                             op: 0.402 sec  act: 0.099 sec
[basecaller_main]                         - transpose: 0.012 sec
[basecaller_main]                             in  [N,C,T]: [128, 96, 2048]
[basecaller_main]                             out [N,T,C]: [128, 2048, 96]
[basecaller_main]                     - rnns: 10.519 sec
[basecaller_main]                         - rnn[0] (reverse): 3.018 sec
[basecaller_main]                             in  [N,T,C]: [128, 2048, 96]
[basecaller_main]                             out [N,T,C]: [128, 2048, 96]
[basecaller_main]                             flip: 0.134 sec  lstm: 2.884 sec
[basecaller_main]                         - rnn[1] (forward): 1.894 sec
[basecaller_main]                             in  [N,T,C]: [128, 2048, 96]
[basecaller_main]                             out [N,T,C]: [128, 2048, 96]
[basecaller_main]                             flip: 0.107 sec  lstm: 1.787 sec
[basecaller_main]                         - rnn[2] (reverse): 1.847 sec
[basecaller_main]                             in  [N,T,C]: [128, 2048, 96]
[basecaller_main]                             out [N,T,C]: [128, 2048, 96]
[basecaller_main]                             flip: 0.100 sec  lstm: 1.747 sec
[basecaller_main]                         - rnn[3] (forward): 1.832 sec
[basecaller_main]                             in  [N,T,C]: [128, 2048, 96]
[basecaller_main]                             out [N,T,C]: [128, 2048, 96]
[basecaller_main]                             flip: 0.097 sec  lstm: 1.735 sec
[basecaller_main]                         - rnn[4] (reverse): 1.825 sec
[basecaller_main]                             in  [N,T,C]: [128, 2048, 96]
[basecaller_main]                             out [N,T,C]: [128, 2048, 96]
[basecaller_main]                             flip: 0.096 sec  lstm: 1.729 sec
[basecaller_main]                         - rnn_out_flip: 0.103 sec
[basecaller_main]                             out [N,T,C]: [128, 2048, 96]
[basecaller_main]                     - crf_1: 0.378 sec
[basecaller_main]                         in  [N,T,C]: [128, 2048, 96]
[basecaller_main]                         out [N,T,C]: [128, 2048, 256]
[basecaller_main]                     - crf_2: 0.000 sec
[basecaller_main]                     - clamp: 0.062 sec
[basecaller_main]                 - decode: 248.667 sec
[basecaller_main]                     - scores [N,T,C]: [128, 2048, 256]
[basecaller_main]                     - bwd_scan: 3.830 sec
[basecaller_main]                     - beam_search: 60.391 sec
[basecaller_main]                     - fwd_post_scan: 25.166 sec
[basecaller_main]                     - qual_data: 5.754 sec
[basecaller_main]                     - gen_sequence: 5.756 sec
[basecaller_main]                     - d2h_copy: 0.127 sec
[basecaller_main]             - modcall: 0.000 sec
[basecaller_main] load-imbalance: 1275 GPU batches (1275 tail), 5100 real chunks, 158100 padded slots -> 96.9% of 163200 launched GPU slots wasted on padding
[basecaller_main]     - postprocess: 0.023 sec
[basecaller_main]     - mod_preprocess: 0.000 sec
[basecaller_main]     - mod_postprocess: 0.000 sec
[basecaller_main] data output: 0.031 sec
[basecaller_main] data free: 0.010 sec
[main] Version: 0.5.0-beta
[main] CMD: ./slorado basecaller -C 128 -c 12288 -K 4096 -p 150 --overlap-decode=yes --fixed-c-batch=yes --flush-threshold=4 -o output_fast_1k_overlap-li-f4-fixedc.fastq models/dna_r10.4.1_e8.2_400bps_fast@v5.0.0 test/PGXXXX230339/reads_1k.blow5
[main] Real time: 250.682 sec; CPU time: 17.668 sec; Peak RAM: 3.645 GB

