08-11-2026 20:52:41 RAM 2030/7607MB (lfb 134x4MB) SWAP 1407/16384MB (cached 133MB) CPU [2%@729,1%@729,2%@729,1%@729,0%@729,2%@729] GR3D_FREQ 0% cpu@54.25C soc2@53.093C soc0@54.656C gpu@53.937C tj@54.656C soc1@54.437C VDD_IN 5096mW/5096mW VDD_CPU_GPU_CV 600mW/600mW VDD_SOC 1444mW/1444mW
08-11-2026 20:52:42 RAM 2264/7607MB (lfb 134x4MB) SWAP 1407/16384MB (cached 133MB) CPU [13%@1344,14%@1344,79%@1344,14%@1344,7%@729,8%@729] GR3D_FREQ 5% cpu@54.218C soc2@52.937C soc0@54.718C gpu@53.906C tj@54.718C soc1@54.125C VDD_IN 5880mW/5488mW VDD_CPU_GPU_CV 1118mW/859mW VDD_SOC 1520mW/1482mW
08-11-2026 20:52:43 RAM 3390/7607MB (lfb 85x4MB) SWAP 1407/16384MB (cached 133MB) CPU [31%@1344,70%@1344,24%@1344,20%@1344,23%@729,23%@729] GR3D_FREQ 4% cpu@54.125C soc2@53C soc0@54.5C gpu@54.031C tj@54.5C soc1@54.281C VDD_IN 7148mW/6041mW VDD_CPU_GPU_CV 1834mW/1184mW VDD_SOC 1757mW/1574mW
08-11-2026 20:52:44 RAM 4224/7607MB (lfb 61x4MB) SWAP 1407/16384MB (cached 133MB) CPU [4%@1344,99%@1344,2%@1344,4%@1344,0%@729,1%@729] GR3D_FREQ 97% cpu@54.843C soc2@53.718C soc0@54.687C gpu@56.093C tj@56.093C soc1@54.25C VDD_IN 14436mW/8140mW VDD_CPU_GPU_CV 6888mW/2610mW VDD_SOC 2961mW/1921mW
08-11-2026 20:52:45 RAM 4768/7607MB (lfb 34x4MB) SWAP 1406/16384MB (cached 133MB) CPU [16%@729,53%@729,11%@729,16%@729,41%@1344,1%@1344] GR3D_FREQ 98% cpu@55.218C soc2@54.187C soc0@54.937C gpu@56.406C tj@56.406C soc1@54.5C VDD_IN 16649mW/9842mW VDD_CPU_GPU_CV 7951mW/3678mW VDD_SOC 3699mW/2276mW
08-11-2026 20:52:46 RAM 5284/7607MB (lfb 21x4MB) SWAP 1406/16384MB (cached 133MB) CPU [7%@1344,4%@1344,1%@1344,2%@1344,97%@1344,2%@1344] GR3D_FREQ 97% cpu@55.531C soc2@54.468C soc0@55.312C gpu@56.625C tj@56.625C soc1@54.562C VDD_IN 16885mW/11016mW VDD_CPU_GPU_CV 7676mW/4345mW VDD_SOC 3968mW/2558mW
08-11-2026 20:52:47 RAM 5283/7607MB (lfb 32x4MB) SWAP 1406/16384MB (cached 133MB) CPU [11%@729,5%@729,2%@729,2%@729,92%@1344,0%@1344] GR3D_FREQ 97% cpu@55.812C soc2@54.593C soc0@55.468C gpu@56.937C tj@56.937C soc1@54.718C VDD_IN 17397mW/11927mW VDD_CPU_GPU_CV 7951mW/4860mW VDD_SOC 4126mW/2782mW
08-11-2026 20:52:48 RAM 5284/7607MB (lfb 32x4MB) SWAP 1406/16384MB (cached 133MB) CPU [1%@729,2%@729,2%@729,2%@729,92%@1344,2%@1344] GR3D_FREQ 99% cpu@56.062C soc2@54.843C soc0@55.531C gpu@56.937C tj@56.937C soc1@54.812C VDD_IN 17357mW/12606mW VDD_CPU_GPU_CV 7755mW/5222mW VDD_SOC 4165mW/2955mW
08-11-2026 20:52:49 RAM 5285/7607MB (lfb 32x4MB) SWAP 1406/16384MB (cached 133MB) CPU [2%@729,6%@729,0%@729,2%@729,91%@1344,1%@1344] GR3D_FREQ 99% cpu@56.375C soc2@55C soc0@55.75C gpu@56.968C tj@56.968C soc1@55.031C VDD_IN 17239mW/13121mW VDD_CPU_GPU_CV 7990mW/5529mW VDD_SOC 4086mW/3081mW
08-11-2026 20:52:50 RAM 5285/7607MB (lfb 32x4MB) SWAP 1406/16384MB (cached 133MB) CPU [2%@729,2%@729,1%@729,2%@729,93%@1344,1%@1344] GR3D_FREQ 99% cpu@56.093C soc2@55.187C soc0@55.843C gpu@57.687C tj@57.687C soc1@55.187C VDD_IN 17279mW/13537mW VDD_CPU_GPU_CV 8421mW/5818mW VDD_SOC 3890mW/3162mW
08-11-2026 20:52:51 RAM 5286/7607MB (lfb 32x4MB) SWAP 1406/16384MB (cached 133MB) CPU [2%@729,0%@729,2%@729,1%@729,92%@1344,2%@1344] GR3D_FREQ 99% cpu@56.187C soc2@55.312C soc0@56.031C gpu@57.75C tj@57.75C soc1@55.187C VDD_IN 17554mW/13902mW VDD_CPU_GPU_CV 8524mW/6064mW VDD_SOC 3929mW/3231mW
08-11-2026 20:52:52 RAM 5290/7607MB (lfb 32x4MB) SWAP 1406/16384MB (cached 133MB) CPU [4%@729,16%@729,9%@729,7%@729,96%@960,1%@960] GR3D_FREQ 97% cpu@56.437C soc2@55.437C soc0@56.031C gpu@57.781C tj@57.781C soc1@55.218C VDD_IN 17554mW/14206mW VDD_CPU_GPU_CV 8681mW/6282mW VDD_SOC 3890mW/3286mW
08-11-2026 20:52:53 RAM 5290/7607MB (lfb 32x4MB) SWAP 1406/16384MB (cached 133MB) CPU [4%@729,3%@729,2%@729,2%@729,97%@1344,2%@1344] GR3D_FREQ 97% cpu@56.812C soc2@55.562C soc0@56.156C gpu@57.968C tj@57.968C soc1@55.468C VDD_IN 17565mW/14465mW VDD_CPU_GPU_CV 8759mW/6473mW VDD_SOC 3890mW/3333mW
08-11-2026 20:52:54 RAM 5291/7607MB (lfb 32x4MB) SWAP 1406/16384MB (cached 133MB) CPU [5%@729,1%@729,2%@729,1%@729,92%@1344,2%@1344] GR3D_FREQ 99% cpu@56.75C soc2@55.718C soc0@56.312C gpu@58C tj@58C soc1@55.562C VDD_IN 17593mW/14688mW VDD_CPU_GPU_CV 8641mW/6628mW VDD_SOC 3890mW/3373mW
08-11-2026 20:52:55 RAM 5291/7607MB (lfb 32x4MB) SWAP 1406/16384MB (cached 133MB) CPU [4%@729,1%@729,7%@729,3%@729,92%@1344,0%@1344] GR3D_FREQ 97% cpu@56.593C soc2@55.75C soc0@56.5C gpu@58C tj@58C soc1@55.531C VDD_IN 17633mW/14884mW VDD_CPU_GPU_CV 8641mW/6762mW VDD_SOC 3890mW/3407mW
08-11-2026 20:52:56 RAM 5292/7607MB (lfb 32x4MB) SWAP 1406/16384MB (cached 133MB) CPU [4%@729,2%@729,1%@729,0%@729,92%@1344,2%@1344] GR3D_FREQ 97% cpu@56.781C soc2@55.937C soc0@56.656C gpu@58.156C tj@58.156C soc1@55.625C VDD_IN 17593mW/15054mW VDD_CPU_GPU_CV 8563mW/6875mW VDD_SOC 3929mW/3440mW
08-11-2026 20:52:57 RAM 5292/7607MB (lfb 32x4MB) SWAP 1405/16384MB (cached 132MB) CPU [3%@729,5%@729,4%@729,4%@729,94%@1344,2%@1344] GR3D_FREQ 97% cpu@56.937C soc2@55.906C soc0@56.562C gpu@58.25C tj@58.25C soc1@55.718C VDD_IN 17565mW/15201mW VDD_CPU_GPU_CV 8563mW/6974mW VDD_SOC 3929mW/3468mW
08-11-2026 20:52:58 RAM 5293/7607MB (lfb 32x4MB) SWAP 1405/16384MB (cached 132MB) CPU [5%@1344,5%@1344,7%@1344,2%@1344,93%@1344,0%@1344] GR3D_FREQ 97% cpu@57.25C soc2@56.031C soc0@56.656C gpu@58.343C tj@58.343C soc1@55.937C VDD_IN 17672mW/15339mW VDD_CPU_GPU_CV 8485mW/7058mW VDD_SOC 3968mW/3496mW
08-11-2026 20:52:59 RAM 5298/7607MB (lfb 32x4MB) SWAP 1405/16384MB (cached 132MB) CPU [4%@729,9%@729,12%@729,6%@729,91%@1344,0%@1344] GR3D_FREQ 97% cpu@57.125C soc2@56.093C soc0@56.781C gpu@58.406C tj@58.406C soc1@56.062C VDD_IN 17593mW/15457mW VDD_CPU_GPU_CV 8368mW/7127mW VDD_SOC 4008mW/3523mW
08-11-2026 20:53:00 RAM 5299/7607MB (lfb 32x4MB) SWAP 1405/16384MB (cached 132MB) CPU [3%@729,5%@729,1%@729,2%@729,92%@1344,0%@1344] GR3D_FREQ 98% cpu@57.125C soc2@56.25C soc0@56.968C gpu@58.75C tj@58.75C soc1@56.031C VDD_IN 17486mW/15559mW VDD_CPU_GPU_CV 8250mW/7183mW VDD_SOC 4047mW/3549mW
08-11-2026 20:53:01 RAM 5299/7607MB (lfb 32x4MB) SWAP 1405/16384MB (cached 132MB) CPU [3%@729,4%@729,2%@729,2%@729,92%@1344,0%@1344] GR3D_FREQ 97% cpu@57.25C soc2@56.281C soc0@57.125C gpu@58.718C tj@58.718C soc1@56.125C VDD_IN 17475mW/15650mW VDD_CPU_GPU_CV 8055mW/7224mW VDD_SOC 4086mW/3575mW
08-11-2026 20:53:02 RAM 5300/7607MB (lfb 32x4MB) SWAP 1405/16384MB (cached 132MB) CPU [2%@729,2%@729,4%@729,2%@729,93%@1344,0%@1344] GR3D_FREQ 97% cpu@57.5C soc2@56.375C soc0@57.031C gpu@58.843C tj@58.843C soc1@56.218C VDD_IN 17436mW/15731mW VDD_CPU_GPU_CV 7899mW/7255mW VDD_SOC 4165mW/3602mW
08-11-2026 20:53:03 RAM 5300/7607MB (lfb 32x4MB) SWAP 1405/16384MB (cached 132MB) CPU [3%@729,0%@729,4%@729,2%@729,92%@1344,0%@1344] GR3D_FREQ 99% cpu@58.125C soc2@56.5C soc0@57.187C gpu@58.406C tj@58.406C soc1@56.406C VDD_IN 17436mW/15805mW VDD_CPU_GPU_CV 7703mW/7275mW VDD_SOC 4243mW/3630mW
08-11-2026 20:53:04 RAM 5301/7607MB (lfb 32x4MB) SWAP 1405/16384MB (cached 132MB) CPU [3%@729,2%@729,5%@729,2%@729,92%@1344,0%@1344] GR3D_FREQ 99% cpu@57.625C soc2@56.625C soc0@57.312C gpu@58.562C tj@58.562C soc1@56.5C VDD_IN 17357mW/15870mW VDD_CPU_GPU_CV 8186mW/7313mW VDD_SOC 4008mW/3645mW
08-11-2026 20:53:05 RAM 5299/7607MB (lfb 32x4MB) SWAP 1405/16384MB (cached 132MB) CPU [12%@729,16%@729,3%@729,7%@729,92%@1344,0%@1344] GR3D_FREQ 99% cpu@57.562C soc2@56.718C soc0@57.343C gpu@58.968C tj@58.968C soc1@56.468C VDD_IN 17526mW/15936mW VDD_CPU_GPU_CV 8602mW/7364mW VDD_SOC 3890mW/3655mW
08-11-2026 20:53:06 RAM 5300/7607MB (lfb 32x4MB) SWAP 1405/16384MB (cached 132MB) CPU [2%@729,9%@729,2%@729,2%@729,92%@1344,0%@1344] GR3D_FREQ 99% cpu@57.781C soc2@56.718C soc0@57.468C gpu@59.187C tj@59.187C soc1@56.531C VDD_IN 17840mW/16009mW VDD_CPU_GPU_CV 8681mW/7415mW VDD_SOC 4001mW/3668mW
08-11-2026 20:53:07 RAM 5299/7607MB (lfb 32x4MB) SWAP 1405/16384MB (cached 132MB) CPU [2%@729,5%@729,2%@729,3%@729,98%@1344,0%@1344] GR3D_FREQ 96% cpu@57.781C soc2@56.781C soc0@57.468C gpu@59.093C tj@59.093C soc1@56.656C VDD_IN 17633mW/16070mW VDD_CPU_GPU_CV 8720mW/7463mW VDD_SOC 3851mW/3675mW
08-11-2026 20:53:08 RAM 5300/7607MB (lfb 32x4MB) SWAP 1405/16384MB (cached 132MB) CPU [3%@729,2%@729,2%@729,5%@729,95%@1344,0%@1344] GR3D_FREQ 97% cpu@58.187C soc2@56.843C soc0@57.593C gpu@59.25C tj@59.25C soc1@56.906C VDD_IN 17643mW/16126mW VDD_CPU_GPU_CV 8759mW/7509mW VDD_SOC 3890mW/3683mW
08-11-2026 20:53:09 RAM 5301/7607MB (lfb 32x4MB) SWAP 1404/16384MB (cached 132MB) CPU [2%@729,9%@729,3%@729,2%@729,92%@1344,0%@1344] GR3D_FREQ 97% cpu@57.937C soc2@57.062C soc0@57.75C gpu@59.125C tj@59.125C soc1@56.843C VDD_IN 17643mW/16178mW VDD_CPU_GPU_CV 8641mW/7548mW VDD_SOC 3929mW/3691mW
08-11-2026 20:53:10 RAM 5301/7607MB (lfb 32x4MB) SWAP 1404/16384MB (cached 132MB) CPU [3%@729,3%@729,1%@729,4%@729,92%@1344,0%@1344] GR3D_FREQ 97% cpu@58.062C soc2@56.968C soc0@57.906C gpu@59.25C tj@59.25C soc1@56.875C VDD_IN 17604mW/16226mW VDD_CPU_GPU_CV 8681mW/7586mW VDD_SOC 3929mW/3699mW
08-11-2026 20:53:11 RAM 5302/7607MB (lfb 32x4MB) SWAP 1404/16384MB (cached 132MB) CPU [3%@729,4%@729,4%@729,2%@729,92%@1344,0%@1344] GR3D_FREQ 99% cpu@58.281C soc2@57.125C soc0@57.781C gpu@59.312C tj@59.312C soc1@57C VDD_IN 17526mW/16268mW VDD_CPU_GPU_CV 8563mW/7618mW VDD_SOC 3929mW/3707mW
08-11-2026 20:53:12 RAM 5304/7607MB (lfb 32x4MB) SWAP 1404/16384MB (cached 132MB) CPU [8%@729,17%@729,4%@729,7%@729,92%@1344,0%@1344] GR3D_FREQ 97% cpu@58.25C soc2@57.25C soc0@58C gpu@59.437C tj@59.437C soc1@57.093C VDD_IN 17643mW/16311mW VDD_CPU_GPU_CV 8602mW/7648mW VDD_SOC 3968mW/3715mW
08-11-2026 20:53:13 RAM 5305/7607MB (lfb 32x4MB) SWAP 1404/16384MB (cached 132MB) CPU [3%@729,2%@729,2%@729,5%@729,92%@1344,0%@1344] GR3D_FREQ 98% cpu@58.531C soc2@57.343C soc0@58.031C gpu@59.687C tj@59.687C soc1@57.187C VDD_IN 17604mW/16350mW VDD_CPU_GPU_CV 8446mW/7673mW VDD_SOC 4008mW/3724mW
08-11-2026 20:53:14 RAM 5306/7607MB (lfb 32x4MB) SWAP 1404/16384MB (cached 132MB) CPU [2%@1344,2%@1344,1%@1344,3%@1344,92%@1344,1%@1344] GR3D_FREQ 97% cpu@58.218C soc2@57.437C soc0@58.156C gpu@59.75C tj@59.75C soc1@57.156C VDD_IN 17593mW/16386mW VDD_CPU_GPU_CV 8329mW/7692mW VDD_SOC 4047mW/3733mW
08-11-2026 20:53:15 RAM 5306/7607MB (lfb 32x4MB) SWAP 1404/16384MB (cached 132MB) CPU [3%@729,0%@729,1%@729,4%@729,92%@1344,0%@1344] GR3D_FREQ 97% cpu@58.5C soc2@57.437C soc0@58.25C gpu@59.906C tj@59.906C soc1@57.281C VDD_IN 17515mW/16419mW VDD_CPU_GPU_CV 8133mW/7705mW VDD_SOC 4086mW/3743mW
08-11-2026 20:53:16 RAM 5307/7607MB (lfb 32x4MB) SWAP 1404/16384MB (cached 132MB) CPU [2%@729,10%@729,2%@729,1%@729,92%@1344,0%@1344] GR3D_FREQ 97% cpu@58.687C soc2@57.531C soc0@58.156C gpu@59.875C tj@59.875C soc1@57.406C VDD_IN 17565mW/16450mW VDD_CPU_GPU_CV 8094mW/7715mW VDD_SOC 4126mW/3754mW
08-11-2026 20:53:17 RAM 5307/7607MB (lfb 32x4MB) SWAP 1404/16384MB (cached 132MB) CPU [2%@1344,1%@1344,5%@1344,2%@1344,92%@1344,0%@1344] GR3D_FREQ 97% cpu@58.593C soc2@57.625C soc0@58.25C gpu@59.781C tj@59.781C soc1@57.5C VDD_IN 17447mW/16477mW VDD_CPU_GPU_CV 7820mW/7718mW VDD_SOC 4204mW/3766mW
08-11-2026 20:53:18 RAM 5309/7607MB (lfb 32x4MB) SWAP 1404/16384MB (cached 132MB) CPU [2%@883,14%@883,5%@883,5%@883,92%@1344,0%@1344] GR3D_FREQ 99% cpu@59.187C soc2@57.812C soc0@58.406C gpu@59.281C tj@59.281C soc1@57.562C VDD_IN 17486mW/16504mW VDD_CPU_GPU_CV 8016mW/7726mW VDD_SOC 4165mW/3777mW
08-11-2026 20:53:19 RAM 5310/7607MB (lfb 32x4MB) SWAP 1403/16384MB (cached 132MB) CPU [5%@729,6%@729,10%@729,2%@729,92%@1344,0%@1344] GR3D_FREQ 99% cpu@58.656C soc2@57.75C soc0@58.625C gpu@59.812C tj@59.812C soc1@57.5C VDD_IN 17475mW/16529mW VDD_CPU_GPU_CV 8446mW/7744mW VDD_SOC 3968mW/3782mW
08-11-2026 20:53:20 RAM 5310/7607MB (lfb 32x4MB) SWAP 1403/16384MB (cached 132MB) CPU [1%@1344,5%@1344,2%@1344,2%@1344,92%@1344,0%@1344] GR3D_FREQ 99% cpu@58.718C soc2@57.75C soc0@58.468C gpu@60C tj@60C soc1@57.531C VDD_IN 17447mW/16552mW VDD_CPU_GPU_CV 8485mW/7763mW VDD_SOC 3968mW/3786mW
08-11-2026 20:53:21 RAM 5310/7607MB (lfb 32x4MB) SWAP 1403/16384MB (cached 132MB) CPU [3%@729,4%@729,1%@729,2%@729,94%@729,0%@729] GR3D_FREQ 99% cpu@58.937C soc2@57.906C soc0@58.593C gpu@60.187C tj@60.187C soc1@57.718C VDD_IN 17722mW/16580mW VDD_CPU_GPU_CV 8759mW/7787mW VDD_SOC 3923mW/3790mW
08-11-2026 20:53:22 RAM 5311/7607MB (lfb 32x4MB) SWAP 1403/16384MB (cached 132MB) CPU [3%@729,4%@729,1%@729,1%@729,99%@1344,0%@1344] GR3D_FREQ 98% cpu@58.656C soc2@58C soc0@58.656C gpu@60.375C tj@60.375C soc1@57.875C VDD_IN 17643mW/16606mW VDD_CPU_GPU_CV 8759mW/7810mW VDD_SOC 3883mW/3792mW
08-11-2026 20:53:23 RAM 5311/7607MB (lfb 32x4MB) SWAP 1403/16384MB (cached 132MB) CPU [3%@729,2%@729,6%@729,2%@729,92%@1344,0%@1344] GR3D_FREQ 98% cpu@59.156C soc2@58.062C soc0@58.843C gpu@60.375C tj@60.375C soc1@57.718C VDD_IN 17643mW/16630mW VDD_CPU_GPU_CV 8681mW/7831mW VDD_SOC 3890mW/3794mW
08-11-2026 20:53:24 RAM 5312/7607MB (lfb 32x4MB) SWAP 1403/16384MB (cached 132MB) CPU [1%@729,2%@729,6%@729,2%@729,92%@1344,0%@1344] GR3D_FREQ 97% cpu@59.093C soc2@57.937C soc0@58.875C gpu@60.5C tj@60.5C soc1@57.843C VDD_IN 17643mW/16653mW VDD_CPU_GPU_CV 8720mW/7851mW VDD_SOC 3929mW/3797mW
08-11-2026 20:53:25 RAM 5309/7607MB (lfb 32x4MB) SWAP 1403/16384MB (cached 132MB) CPU [9%@729,3%@729,23%@729,3%@729,92%@1344,0%@1344] GR3D_FREQ 97% cpu@59.062C soc2@58.093C soc0@58.781C gpu@60.562C tj@60.562C soc1@57.937C VDD_IN 17722mW/16676mW VDD_CPU_GPU_CV 8720mW/7870mW VDD_SOC 3923mW/3800mW
08-11-2026 20:53:26 RAM 5310/7607MB (lfb 32x4MB) SWAP 1403/16384MB (cached 132MB) CPU [2%@729,1%@729,8%@729,2%@729,91%@1344,0%@1344] GR3D_FREQ 97% cpu@59.187C soc2@58.187C soc0@58.781C gpu@60.687C tj@60.687C soc1@58C VDD_IN 17683mW/16698mW VDD_CPU_GPU_CV 8641mW/7887mW VDD_SOC 3962mW/3803mW
08-11-2026 20:53:27 RAM 4365/7607MB (lfb 53x4MB) SWAP 1403/16384MB (cached 132MB) CPU [21%@1344,4%@1344,2%@1344,20%@1344,62%@729,1%@729] GR3D_FREQ 2% cpu@58.468C soc2@57.75C soc0@58.812C gpu@58.406C tj@58.812C soc1@58.062C VDD_IN 10333mW/16563mW VDD_CPU_GPU_CV 3446mW/7792mW VDD_SOC 2941mW/3785mW
