
slorado base-caller version 0.5.0-beta
model path:         models/dna_r10.4.1_e8.2_400bps_hac@v5.0.0
input path:         test/PGXXXX230339/reads_20k.blow5
output path:        /dev/null
device:             cuda:all
chunk size:         12288
read batch size:    4096
gpu batch size:     128
no. threads:        8
overlap:            150
overlap decode:     no

[parse_qscore_params::INFO][1;34m mean_qscore_start_pos not found in config toml, setting default to 60[0m
[basecaller_main::0.931*1.65] 4096 Entries (201.7M bytes) loaded
[basecaller_main::184.529*0.66] 4096 Entries (201.7M bytes) processed
[basecaller_main::185.083*0.66] 4096 Entries (212.8M bytes) loaded
[basecaller_main::375.731*0.66] 4096 Entries (212.8M bytes) processed
[basecaller_main::376.275*0.66] 4096 Entries (198.2M bytes) loaded
[basecaller_main::554.683*0.66] 4096 Entries (198.2M bytes) processed
[basecaller_main::555.137*0.66] 4096 Entries (203.8M bytes) loaded
[basecaller_main::738.078*0.65] 4096 Entries (203.8M bytes) processed
[basecaller_main::738.539*0.65] 3616 Entries (181.5M bytes) loaded
[basecaller_main::902.331*0.65] 3616 Entries (181.5M bytes) processed

[basecaller_main] total entries: 20000
[basecaller_main] total bytes: 998.1 M
[basecaller_main] model initialization: 0.344 sec
[basecaller_main] data loading: 2.486 sec
[basecaller_main] data processing: 899.387 sec
[basecaller_main]     - parse: 4.233 sec
[basecaller_main]     - preprocess: 0.349 sec
[basecaller_main]     - runners: 894.540 sec
[basecaller_main]          - synchronisation: 0.000 sec
[basecaller_main]          - model runner [0]: 894.533 sec
[basecaller_main]             - accept: 5.671 sec
[basecaller_main]             - basecall: 888.862 sec
[basecaller_main]                 - inference: 805.224 sec
[basecaller_main]                     - conv_stack: 57.092 sec
[basecaller_main]                         - input [N,C,T]: [128, 1, 12288]
[basecaller_main]                         - conv[0]: 6.241 sec
[basecaller_main]                             in  [N,C,T]: [128, 1, 12288]
[basecaller_main]                             out [N,C,T]: [128, 16, 12288]
[basecaller_main]                             op: 5.277 sec  act: 0.963 sec
[basecaller_main]                         - conv[1]: 9.440 sec
[basecaller_main]                             in  [N,C,T]: [128, 16, 12288]
[basecaller_main]                             out [N,C,T]: [128, 16, 12288]
[basecaller_main]                             op: 8.494 sec  act: 0.947 sec
[basecaller_main]                         - conv[2]: 41.389 sec
[basecaller_main]                             in  [N,C,T]: [128, 16, 12288]
[basecaller_main]                             out [N,C,T]: [128, 384, 2048]
[basecaller_main]                             op: 37.874 sec  act: 3.515 sec
[basecaller_main]                         - transpose: 0.022 sec
[basecaller_main]                             in  [N,C,T]: [128, 384, 2048]
[basecaller_main]                             out [N,T,C]: [128, 2048, 384]
[basecaller_main]                     - rnns: 709.714 sec
[basecaller_main]                         - rnn[0] (reverse): 188.177 sec
[basecaller_main]                             in  [N,T,C]: [128, 2048, 384]
[basecaller_main]                             out [N,T,C]: [128, 2048, 384]
[basecaller_main]                             flip: 7.544 sec  lstm: 180.633 sec
[basecaller_main]                         - rnn[1] (forward): 128.527 sec
[basecaller_main]                             in  [N,T,C]: [128, 2048, 384]
[basecaller_main]                             out [N,T,C]: [128, 2048, 384]
[basecaller_main]                             flip: 7.506 sec  lstm: 121.021 sec
[basecaller_main]                         - rnn[2] (reverse): 128.445 sec
[basecaller_main]                             in  [N,T,C]: [128, 2048, 384]
[basecaller_main]                             out [N,T,C]: [128, 2048, 384]
[basecaller_main]                             flip: 7.496 sec  lstm: 120.949 sec
[basecaller_main]                         - rnn[3] (forward): 128.571 sec
[basecaller_main]                             in  [N,T,C]: [128, 2048, 384]
[basecaller_main]                             out [N,T,C]: [128, 2048, 384]
[basecaller_main]                             flip: 7.468 sec  lstm: 121.103 sec
[basecaller_main]                         - rnn[4] (reverse): 128.479 sec
[basecaller_main]                             in  [N,T,C]: [128, 2048, 384]
[basecaller_main]                             out [N,T,C]: [128, 2048, 384]
[basecaller_main]                             flip: 7.502 sec  lstm: 120.977 sec
[basecaller_main]                         - rnn_out_flip: 7.514 sec
[basecaller_main]                             out [N,T,C]: [128, 2048, 384]
[basecaller_main]                     - crf_1: 28.539 sec
[basecaller_main]                         in  [N,T,C]: [128, 2048, 384]
[basecaller_main]                         out [N,T,C]: [128, 2048, 1024]
[basecaller_main]                     - crf_2: 0.000 sec
[basecaller_main]                     - clamp: 9.183 sec
[basecaller_main]                 - decode: 83.609 sec
[basecaller_main]                     - scores [N,T,C]: [128, 2048, 1024]
[basecaller_main]                     - bwd_scan: 13.737 sec
[basecaller_main]                     - beam_search: 42.015 sec
[basecaller_main]                     - fwd_post_scan: 21.708 sec
[basecaller_main]                     - qual_data: 3.331 sec
[basecaller_main]                     - gen_sequence: 2.120 sec
[basecaller_main]                     - d2h_copy: 0.068 sec
[basecaller_main]             - modcall: 0.000 sec
[basecaller_main]     - postprocess: 0.264 sec
[basecaller_main]     - mod_preprocess: 0.000 sec
[basecaller_main]     - mod_postprocess: 0.000 sec
[basecaller_main] data output: 0.123 sec
[basecaller_main] data free: 0.096 sec
[main] Version: 0.5.0-beta
[main] CMD: ./slorado basecaller -C 128 -c 12288 -K 4096 -p 150 --overlap-decode=no -o /dev/null models/dna_r10.4.1_e8.2_400bps_hac@v5.0.0 test/PGXXXX230339/reads_20k.blow5
[main] Real time: 902.478 sec; CPU time: 590.015 sec; Peak RAM: 5.612 GB

