
slorado base-caller version 0.5.0-beta
model path:         models/dna_r10.4.1_e8.2_400bps_fast@v5.0.0
input path:         test/PGXXXX230339/reads_1k.blow5
output path:        /dev/null
device:             cuda:all
chunk size:         12288
read batch size:    4096
gpu batch size:     128
no. threads:        8
overlap:            150
overlap decode:     no

[parse_qscore_params::INFO][1;34m mean_qscore_start_pos not found in config toml, setting default to 60[0m
[basecaller_main::0.585*2.40] 1000 Entries (49.5M bytes) loaded
[basecaller_main::12.328*0.37] 1000 Entries (49.5M bytes) processed

[basecaller_main] total entries: 1000
[basecaller_main] total bytes: 49.5 M
[basecaller_main] model initialization: 0.528 sec
[basecaller_main] data loading: 0.054 sec
[basecaller_main] data processing: 11.743 sec
[basecaller_main]     - parse: 0.358 sec
[basecaller_main]     - preprocess: 0.017 sec
[basecaller_main]     - runners: 11.343 sec
[basecaller_main]          - synchronisation: 0.000 sec
[basecaller_main]          - model runner [0]: 11.343 sec
[basecaller_main]             - accept: 0.292 sec
[basecaller_main]             - basecall: 11.050 sec
[basecaller_main]                 - inference: 7.595 sec
[basecaller_main]                     - conv_stack: 2.077 sec
[basecaller_main]                         - input [N,C,T]: [128, 1, 12288]
[basecaller_main]                         - conv[0]: 0.852 sec
[basecaller_main]                             in  [N,C,T]: [128, 1, 12288]
[basecaller_main]                             out [N,C,T]: [128, 16, 12288]
[basecaller_main]                             op: 0.716 sec  act: 0.137 sec
[basecaller_main]                         - conv[1]: 0.643 sec
[basecaller_main]                             in  [N,C,T]: [128, 16, 12288]
[basecaller_main]                             out [N,C,T]: [128, 16, 12288]
[basecaller_main]                             op: 0.539 sec  act: 0.104 sec
[basecaller_main]                         - conv[2]: 0.581 sec
[basecaller_main]                             in  [N,C,T]: [128, 16, 12288]
[basecaller_main]                             out [N,C,T]: [128, 96, 2048]
[basecaller_main]                             op: 0.479 sec  act: 0.102 sec
[basecaller_main]                         - transpose: 0.001 sec
[basecaller_main]                             in  [N,C,T]: [128, 96, 2048]
[basecaller_main]                             out [N,T,C]: [128, 2048, 96]
[basecaller_main]                     - rnns: 5.091 sec
[basecaller_main]                         - rnn[0] (reverse): 1.687 sec
[basecaller_main]                             in  [N,T,C]: [128, 2048, 96]
[basecaller_main]                             out [N,T,C]: [128, 2048, 96]
[basecaller_main]                             flip: 0.125 sec  lstm: 1.563 sec
[basecaller_main]                         - rnn[1] (forward): 0.830 sec
[basecaller_main]                             in  [N,T,C]: [128, 2048, 96]
[basecaller_main]                             out [N,T,C]: [128, 2048, 96]
[basecaller_main]                             flip: 0.102 sec  lstm: 0.728 sec
[basecaller_main]                         - rnn[2] (reverse): 0.828 sec
[basecaller_main]                             in  [N,T,C]: [128, 2048, 96]
[basecaller_main]                             out [N,T,C]: [128, 2048, 96]
[basecaller_main]                             flip: 0.098 sec  lstm: 0.730 sec
[basecaller_main]                         - rnn[3] (forward): 0.823 sec
[basecaller_main]                             in  [N,T,C]: [128, 2048, 96]
[basecaller_main]                             out [N,T,C]: [128, 2048, 96]
[basecaller_main]                             flip: 0.099 sec  lstm: 0.725 sec
[basecaller_main]                         - rnn[4] (reverse): 0.825 sec
[basecaller_main]                             in  [N,T,C]: [128, 2048, 96]
[basecaller_main]                             out [N,T,C]: [128, 2048, 96]
[basecaller_main]                             flip: 0.097 sec  lstm: 0.728 sec
[basecaller_main]                         - rnn_out_flip: 0.098 sec
[basecaller_main]                             out [N,T,C]: [128, 2048, 96]
[basecaller_main]                     - crf_1: 0.267 sec
[basecaller_main]                         in  [N,T,C]: [128, 2048, 96]
[basecaller_main]                         out [N,T,C]: [128, 2048, 256]
[basecaller_main]                     - crf_2: 0.000 sec
[basecaller_main]                     - clamp: 0.121 sec
[basecaller_main]                 - decode: 3.453 sec
[basecaller_main]                     - scores [N,T,C]: [128, 2048, 256]
[basecaller_main]                     - bwd_scan: 0.132 sec
[basecaller_main]                     - beam_search: 2.419 sec
[basecaller_main]                     - fwd_post_scan: 0.582 sec
[basecaller_main]                     - qual_data: 0.167 sec
[basecaller_main]                     - gen_sequence: 0.114 sec
[basecaller_main]                     - d2h_copy: 0.003 sec
[basecaller_main]             - modcall: 0.000 sec
[basecaller_main]     - postprocess: 0.024 sec
[basecaller_main]     - mod_preprocess: 0.000 sec
[basecaller_main]     - mod_postprocess: 0.000 sec
[basecaller_main] data output: 0.005 sec
[basecaller_main] data free: 0.009 sec
[main] Version: 0.5.0-beta
[main] CMD: ./slorado basecaller -C 128 -c 12288 -K 4096 -p 150 --overlap-decode=no -o /dev/null models/dna_r10.4.1_e8.2_400bps_fast@v5.0.0 test/PGXXXX230339/reads_1k.blow5
[main] Real time: 12.356 sec; CPU time: 4.587 sec; Peak RAM: 2.607 GB

