08-11-2026 17:34:35 RAM 2059/7607MB (lfb 161x4MB) SWAP 1418/16384MB (cached 142MB) CPU [4%@729,5%@729,3%@729,2%@729,2%@1036,1%@1036] GR3D_FREQ 0% cpu@54.593C soc2@53.812C soc0@55.625C gpu@54.531C tj@55.625C soc1@55.093C VDD_IN 5096mW/5096mW VDD_CPU_GPU_CV 600mW/600mW VDD_SOC 1444mW/1444mW
08-11-2026 17:34:36 RAM 2313/7607MB (lfb 161x4MB) SWAP 1418/16384MB (cached 142MB) CPU [14%@1344,9%@1344,8%@1344,82%@1344,7%@729,6%@729] GR3D_FREQ 27% cpu@55.062C soc2@53.875C soc0@55.343C gpu@54.562C tj@55.343C soc1@55.031C VDD_IN 5880mW/5488mW VDD_CPU_GPU_CV 1118mW/859mW VDD_SOC 1520mW/1482mW
08-11-2026 17:34:37 RAM 3567/7607MB (lfb 69x4MB) SWAP 1418/16384MB (cached 142MB) CPU [24%@1344,23%@1344,22%@1344,76%@1344,24%@729,25%@729] GR3D_FREQ 99% cpu@55.281C soc2@53.875C soc0@55.281C gpu@54.687C tj@55.281C soc1@55C VDD_IN 7507mW/6161mW VDD_CPU_GPU_CV 1870mW/1196mW VDD_SOC 1834mW/1599mW
08-11-2026 17:34:38 RAM 4249/7607MB (lfb 62x4MB) SWAP 1418/16384MB (cached 142MB) CPU [1%@1344,1%@1344,3%@1344,100%@1344,2%@729,1%@729] GR3D_FREQ 97% cpu@55.656C soc2@54.625C soc0@55.5C gpu@56.906C tj@56.906C soc1@54.937C VDD_IN 14926mW/8352mW VDD_CPU_GPU_CV 7269mW/2714mW VDD_SOC 3075mW/1968mW
08-11-2026 17:34:40 RAM 4801/7607MB (lfb 32x4MB) SWAP 1418/16384MB (cached 142MB) CPU [8%@1344,3%@1344,4%@1344,89%@1344,3%@729,17%@729] GR3D_FREQ 97% cpu@56.125C soc2@54.875C soc0@55.843C gpu@57.375C tj@57.375C soc1@55.062C VDD_IN 16728mW/10027mW VDD_CPU_GPU_CV 8029mW/3777mW VDD_SOC 3739mW/2322mW
08-11-2026 17:34:41 RAM 5315/7607MB (lfb 16x4MB) SWAP 1418/16384MB (cached 142MB) CPU [1%@1344,1%@1344,1%@1344,97%@1344,0%@729,2%@729] GR3D_FREQ 97% cpu@56.375C soc2@55.125C soc0@55.968C gpu@57.656C tj@57.656C soc1@55.343C VDD_IN 16924mW/11177mW VDD_CPU_GPU_CV 7872mW/4460mW VDD_SOC 3929mW/2590mW
08-11-2026 17:34:42 RAM 5315/7607MB (lfb 16x4MB) SWAP 1418/16384MB (cached 142MB) CPU [3%@729,1%@729,2%@729,48%@729,46%@1344,2%@1344] GR3D_FREQ 98% cpu@56.531C soc2@55.437C soc0@56.187C gpu@57.812C tj@57.812C soc1@55.531C VDD_IN 17436mW/12071mW VDD_CPU_GPU_CV 8107mW/4981mW VDD_SOC 4047mW/2798mW
08-11-2026 17:34:43 RAM 5315/7607MB (lfb 16x4MB) SWAP 1418/16384MB (cached 142MB) CPU [2%@1344,1%@1344,2%@1344,1%@1344,93%@1344,0%@1344] GR3D_FREQ 97% cpu@57C soc2@55.593C soc0@56.312C gpu@57.968C tj@57.968C soc1@55.75C VDD_IN 17475mW/12746mW VDD_CPU_GPU_CV 8029mW/5362mW VDD_SOC 4126mW/2964mW
08-11-2026 17:34:44 RAM 5316/7607MB (lfb 16x4MB) SWAP 1418/16384MB (cached 142MB) CPU [3%@729,2%@729,2%@729,1%@729,92%@1344,0%@1344] GR3D_FREQ 97% cpu@56.812C soc2@55.75C soc0@56.562C gpu@57.843C tj@57.843C soc1@55.625C VDD_IN 17397mW/13263mW VDD_CPU_GPU_CV 7833mW/5636mW VDD_SOC 4165mW/3098mW
08-11-2026 17:34:45 RAM 5320/7607MB (lfb 16x4MB) SWAP 1418/16384MB (cached 142MB) CPU [7%@729,8%@729,19%@729,3%@729,92%@1344,1%@1344] GR3D_FREQ 99% cpu@57.281C soc2@55.906C soc0@56.687C gpu@57.531C tj@57.531C soc1@55.781C VDD_IN 17475mW/13684mW VDD_CPU_GPU_CV 7951mW/5868mW VDD_SOC 4165mW/3204mW
08-11-2026 17:34:46 RAM 5321/7607MB (lfb 16x4MB) SWAP 1418/16384MB (cached 142MB) CPU [3%@729,1%@729,2%@729,1%@729,93%@1344,0%@1344] GR3D_FREQ 99% cpu@57.281C soc2@55.968C soc0@56.687C gpu@58.062C tj@58.062C soc1@55.937C VDD_IN 17397mW/14022mW VDD_CPU_GPU_CV 8381mW/6096mW VDD_SOC 3968mW/3274mW
08-11-2026 17:34:47 RAM 5322/7607MB (lfb 16x4MB) SWAP 1418/16384MB (cached 142MB) CPU [3%@729,1%@729,2%@729,2%@729,92%@1344,0%@1344] GR3D_FREQ 99% cpu@57C soc2@56.156C soc0@56.843C gpu@58.343C tj@58.343C soc1@56.062C VDD_IN 17436mW/14306mW VDD_CPU_GPU_CV 8446mW/6292mW VDD_SOC 3929mW/3328mW
08-11-2026 17:34:48 RAM 5322/7607MB (lfb 16x4MB) SWAP 1418/16384MB (cached 142MB) CPU [3%@729,1%@729,2%@729,2%@729,92%@1344,1%@1344] GR3D_FREQ 99% cpu@57.375C soc2@56.406C soc0@57C gpu@58.843C tj@58.843C soc1@56.062C VDD_IN 17879mW/14581mW VDD_CPU_GPU_CV 8759mW/6482mW VDD_SOC 4001mW/3380mW
08-11-2026 17:34:49 RAM 5322/7607MB (lfb 16x4MB) SWAP 1418/16384MB (cached 142MB) CPU [3%@729,2%@729,2%@729,1%@729,98%@1344,0%@1344] GR3D_FREQ 97% cpu@57.218C soc2@56.437C soc0@57.062C gpu@58.781C tj@58.781C soc1@56.156C VDD_IN 17593mW/14796mW VDD_CPU_GPU_CV 8720mW/6642mW VDD_SOC 3851mW/3414mW
08-11-2026 17:34:50 RAM 5324/7607MB (lfb 16x4MB) SWAP 1418/16384MB (cached 142MB) CPU [4%@1190,22%@1190,8%@1190,7%@1190,94%@1344,0%@1344] GR3D_FREQ 97% cpu@57.718C soc2@56.593C soc0@57.156C gpu@59.187C tj@59.187C soc1@56.312C VDD_IN 17840mW/14999mW VDD_CPU_GPU_CV 8954mW/6796mW VDD_SOC 3883mW/3445mW
08-11-2026 17:34:51 RAM 5325/7607MB (lfb 16x4MB) SWAP 1418/16384MB (cached 142MB) CPU [3%@729,2%@729,4%@729,1%@729,91%@1344,0%@1344] GR3D_FREQ 98% cpu@57.781C soc2@56.593C soc0@57.218C gpu@59.093C tj@59.093C soc1@56.468C VDD_IN 17643mW/15164mW VDD_CPU_GPU_CV 8681mW/6914mW VDD_SOC 3890mW/3473mW
08-11-2026 17:34:52 RAM 5325/7607MB (lfb 16x4MB) SWAP 1418/16384MB (cached 142MB) CPU [2%@729,1%@729,3%@729,1%@729,92%@1344,0%@1344] GR3D_FREQ 97% cpu@57.562C soc2@56.656C soc0@57.281C gpu@59.218C tj@59.218C soc1@56.625C VDD_IN 17604mW/15308mW VDD_CPU_GPU_CV 8681mW/7018mW VDD_SOC 3890mW/3497mW
08-11-2026 17:34:53 RAM 5326/7607MB (lfb 16x4MB) SWAP 1418/16384MB (cached 142MB) CPU [3%@1113,2%@1113,2%@1113,1%@1113,92%@1344,0%@1344] GR3D_FREQ 97% cpu@57.625C soc2@56.781C soc0@57.531C gpu@59.062C tj@59.062C soc1@56.5C VDD_IN 17604mW/15436mW VDD_CPU_GPU_CV 8602mW/7106mW VDD_SOC 3929mW/3521mW
08-11-2026 17:34:54 RAM 5326/7607MB (lfb 16x4MB) SWAP 1418/16384MB (cached 142MB) CPU [3%@729,2%@729,2%@729,1%@729,92%@1344,0%@1344] GR3D_FREQ 97% cpu@57.812C soc2@56.843C soc0@57.656C gpu@59.156C tj@59.156C soc1@56.656C VDD_IN 17643mW/15552mW VDD_CPU_GPU_CV 8602mW/7184mW VDD_SOC 3929mW/3543mW
08-11-2026 17:34:55 RAM 5326/7607MB (lfb 16x4MB) SWAP 1418/16384MB (cached 142MB) CPU [4%@1344,2%@1344,2%@1344,2%@1344,93%@1344,0%@1344] GR3D_FREQ 97% cpu@58.312C soc2@56.937C soc0@57.718C gpu@59.593C tj@59.593C soc1@56.843C VDD_IN 17604mW/15654mW VDD_CPU_GPU_CV 8524mW/7251mW VDD_SOC 3968mW/3564mW
08-11-2026 17:34:56 RAM 5327/7607MB (lfb 16x4MB) SWAP 1418/16384MB (cached 142MB) CPU [8%@1113,12%@1113,13%@1113,3%@1113,92%@1344,0%@1344] GR3D_FREQ 97% cpu@58.218C soc2@57.093C soc0@57.75C gpu@59.562C tj@59.562C soc1@57C VDD_IN 17643mW/15749mW VDD_CPU_GPU_CV 8446mW/7308mW VDD_SOC 4001mW/3585mW
08-11-2026 17:34:57 RAM 5328/7607MB (lfb 16x4MB) SWAP 1418/16384MB (cached 142MB) CPU [4%@729,1%@729,3%@729,3%@729,92%@1344,0%@1344] GR3D_FREQ 97% cpu@58.25C soc2@57.187C soc0@57.875C gpu@59.718C tj@59.718C soc1@56.937C VDD_IN 17565mW/15832mW VDD_CPU_GPU_CV 8329mW/7355mW VDD_SOC 4047mW/3606mW
08-11-2026 17:34:58 RAM 5328/7607MB (lfb 16x4MB) SWAP 1418/16384MB (cached 142MB) CPU [2%@729,2%@729,3%@729,2%@729,92%@1344,1%@1344] GR3D_FREQ 98% cpu@58.312C soc2@57.187C soc0@57.937C gpu@59.406C tj@59.406C soc1@57C VDD_IN 17486mW/15904mW VDD_CPU_GPU_CV 8133mW/7389mW VDD_SOC 4086mW/3627mW
08-11-2026 17:34:59 RAM 5329/7607MB (lfb 16x4MB) SWAP 1418/16384MB (cached 142MB) CPU [4%@1344,3%@1344,2%@1344,2%@1344,93%@1344,0%@1344] GR3D_FREQ 97% cpu@58.5C soc2@57.343C soc0@58C gpu@59.375C tj@59.375C soc1@57.187C VDD_IN 17475mW/15969mW VDD_CPU_GPU_CV 8055mW/7416mW VDD_SOC 4126mW/3648mW
08-11-2026 17:35:00 RAM 5329/7607MB (lfb 16x4MB) SWAP 1418/16384MB (cached 142MB) CPU [1%@729,6%@729,2%@729,1%@729,92%@1344,0%@1344] GR3D_FREQ 97% cpu@58.718C soc2@57.343C soc0@58.093C gpu@59.437C tj@59.437C soc1@57.437C VDD_IN 17397mW/16026mW VDD_CPU_GPU_CV 7794mW/7431mW VDD_SOC 4165mW/3668mW
08-11-2026 17:35:01 RAM 5332/7607MB (lfb 16x4MB) SWAP 1418/16384MB (cached 142MB) CPU [6%@729,19%@729,6%@729,6%@729,92%@1344,0%@1344] GR3D_FREQ 99% cpu@58.593C soc2@57.531C soc0@58.218C gpu@59.437C tj@59.437C soc1@57.312C VDD_IN 17397mW/16079mW VDD_CPU_GPU_CV 7820mW/7446mW VDD_SOC 4165mW/3687mW
08-11-2026 17:35:02 RAM 5333/7607MB (lfb 16x4MB) SWAP 1418/16384MB (cached 142MB) CPU [2%@729,2%@729,2%@729,2%@729,92%@1344,0%@1344] GR3D_FREQ 99% cpu@58.593C soc2@57.531C soc0@58.312C gpu@59.937C tj@59.937C soc1@57.437C VDD_IN 17239mW/16122mW VDD_CPU_GPU_CV 8303mW/7478mW VDD_SOC 3929mW/3696mW
08-11-2026 17:35:03 RAM 5334/7607MB (lfb 16x4MB) SWAP 1418/16384MB (cached 142MB) CPU [2%@729,3%@729,3%@729,1%@729,92%@1344,0%@1344] GR3D_FREQ 99% cpu@58.875C soc2@57.593C soc0@58.281C gpu@59.593C tj@59.593C soc1@57.468C VDD_IN 17318mW/16165mW VDD_CPU_GPU_CV 8407mW/7511mW VDD_SOC 3929mW/3705mW
08-11-2026 17:35:04 RAM 5334/7607MB (lfb 16x4MB) SWAP 1418/16384MB (cached 142MB) CPU [3%@729,1%@729,2%@729,2%@729,91%@1344,0%@1344] GR3D_FREQ 99% cpu@58.812C soc2@57.781C soc0@58.437C gpu@59.875C tj@59.875C soc1@57.687C VDD_IN 17722mW/16218mW VDD_CPU_GPU_CV 8641mW/7550mW VDD_SOC 4001mW/3715mW
08-11-2026 17:35:05 RAM 5334/7607MB (lfb 16x4MB) SWAP 1418/16384MB (cached 142MB) CPU [1%@729,3%@729,1%@729,2%@729,97%@1344,0%@1344] GR3D_FREQ 96% cpu@58.968C soc2@57.812C soc0@58.687C gpu@59.875C tj@59.875C soc1@57.75C VDD_IN 17436mW/16259mW VDD_CPU_GPU_CV 8641mW/7587mW VDD_SOC 3851mW/3719mW
08-11-2026 17:35:06 RAM 5332/7607MB (lfb 16x4MB) SWAP 1418/16384MB (cached 142MB) CPU [5%@729,9%@729,18%@729,5%@729,95%@1344,0%@1344] GR3D_FREQ 98% cpu@58.843C soc2@57.906C soc0@58.718C gpu@60.187C tj@60.187C soc1@57.781C VDD_IN 17722mW/16306mW VDD_CPU_GPU_CV 8837mW/7627mW VDD_SOC 3883mW/3725mW
08-11-2026 17:35:07 RAM 5333/7607MB (lfb 16x4MB) SWAP 1418/16384MB (cached 142MB) CPU [3%@729,3%@729,1%@729,1%@729,92%@1344,0%@1344] GR3D_FREQ 98% cpu@58.937C soc2@58C soc0@58.656C gpu@60.156C tj@60.156C soc1@57.687C VDD_IN 17486mW/16343mW VDD_CPU_GPU_CV 8641mW/7659mW VDD_SOC 3890mW/3730mW
08-11-2026 17:35:08 RAM 5333/7607MB (lfb 16x4MB) SWAP 1418/16384MB (cached 142MB) CPU [4%@729,1%@729,1%@729,1%@729,92%@1344,0%@1344] GR3D_FREQ 97% cpu@59.156C soc2@57.968C soc0@58.718C gpu@60.375C tj@60.375C soc1@57.843C VDD_IN 17526mW/16379mW VDD_CPU_GPU_CV 8641mW/7688mW VDD_SOC 3890mW/3735mW
08-11-2026 17:35:09 RAM 5334/7607MB (lfb 16x4MB) SWAP 1418/16384MB (cached 142MB) CPU [2%@729,3%@729,2%@729,4%@729,92%@1344,0%@1344] GR3D_FREQ 97% cpu@59.281C soc2@58.093C soc0@58.812C gpu@60.437C tj@60.437C soc1@58C VDD_IN 17526mW/16413mW VDD_CPU_GPU_CV 8563mW/7714mW VDD_SOC 3929mW/3740mW
08-11-2026 17:35:10 RAM 5334/7607MB (lfb 16x4MB) SWAP 1418/16384MB (cached 142MB) CPU [4%@729,1%@729,2%@729,2%@729,92%@1344,0%@1344] GR3D_FREQ 97% cpu@59.406C soc2@58.218C soc0@59C gpu@60.531C tj@60.531C soc1@58.125C VDD_IN 17526mW/16444mW VDD_CPU_GPU_CV 8485mW/7736mW VDD_SOC 3929mW/3746mW
08-11-2026 17:35:11 RAM 5335/7607MB (lfb 16x4MB) SWAP 1418/16384MB (cached 142MB) CPU [3%@729,3%@729,2%@729,2%@729,92%@1344,0%@1344] GR3D_FREQ 97% cpu@59.125C soc2@58.25C soc0@59.031C gpu@60.437C tj@60.437C soc1@58.062C VDD_IN 17526mW/16474mW VDD_CPU_GPU_CV 8407mW/7755mW VDD_SOC 3968mW/3752mW
08-11-2026 17:35:12 RAM 5336/7607MB (lfb 16x4MB) SWAP 1418/16384MB (cached 142MB) CPU [12%@729,11%@729,7%@729,6%@729,92%@1344,0%@1344] GR3D_FREQ 97% cpu@59.281C soc2@58.312C soc0@58.968C gpu@60.437C tj@60.437C soc1@58.187C VDD_IN 17526mW/16503mW VDD_CPU_GPU_CV 8368mW/7771mW VDD_SOC 3968mW/3758mW
08-11-2026 17:35:13 RAM 5336/7607MB (lfb 16x4MB) SWAP 1418/16384MB (cached 142MB) CPU [3%@729,2%@729,2%@729,3%@729,93%@1344,0%@1344] GR3D_FREQ 97% cpu@59.5C soc2@58.437C soc0@59.093C gpu@60.531C tj@60.531C soc1@58.343C VDD_IN 17486mW/16529mW VDD_CPU_GPU_CV 8250mW/7784mW VDD_SOC 4047mW/3765mW
08-11-2026 17:35:14 RAM 5337/7607MB (lfb 16x4MB) SWAP 1418/16384MB (cached 142MB) CPU [3%@729,3%@729,3%@729,2%@729,92%@1344,0%@1344] GR3D_FREQ 97% cpu@59.375C soc2@58.5C soc0@59.281C gpu@60.656C tj@60.656C soc1@58.375C VDD_IN 17475mW/16553mW VDD_CPU_GPU_CV 8055mW/7791mW VDD_SOC 4086mW/3774mW
08-11-2026 17:35:15 RAM 5337/7607MB (lfb 16x4MB) SWAP 1418/16384MB (cached 142MB) CPU [62%@1344,3%@1344,1%@1344,1%@1344,31%@729,0%@729] GR3D_FREQ 97% cpu@59.687C soc2@58.687C soc0@59.343C gpu@60.656C tj@60.656C soc1@58.312C VDD_IN 17475mW/16576mW VDD_CPU_GPU_CV 7977mW/7796mW VDD_SOC 4126mW/3782mW
08-11-2026 17:35:16 RAM 5337/7607MB (lfb 16x4MB) SWAP 1418/16384MB (cached 142MB) CPU [92%@1344,2%@1344,2%@1344,3%@1344,1%@729,0%@729] GR3D_FREQ 98% cpu@59.5C soc2@58.75C soc0@59.406C gpu@60.656C tj@60.656C soc1@58.406C VDD_IN 17436mW/16597mW VDD_CPU_GPU_CV 7794mW/7795mW VDD_SOC 4204mW/3793mW
08-11-2026 17:35:17 RAM 5338/7607MB (lfb 16x4MB) SWAP 1418/16384MB (cached 142MB) CPU [42%@729,7%@729,16%@729,7%@729,54%@1344,2%@1344] GR3D_FREQ 99% cpu@59.968C soc2@58.75C soc0@59.437C gpu@60.375C tj@60.375C soc1@58.5C VDD_IN 17368mW/16615mW VDD_CPU_GPU_CV 7977mW/7800mW VDD_SOC 4126mW/3801mW
08-11-2026 17:35:18 RAM 5339/7607MB (lfb 16x4MB) SWAP 1418/16384MB (cached 142MB) CPU [1%@729,1%@729,2%@729,3%@729,92%@1344,0%@1344] GR3D_FREQ 99% cpu@59.937C soc2@58.781C soc0@59.468C gpu@61.093C tj@61.093C soc1@58.625C VDD_IN 17329mW/16632mW VDD_CPU_GPU_CV 8368mW/7813mW VDD_SOC 3929mW/3804mW
08-11-2026 17:35:19 RAM 5339/7607MB (lfb 16x4MB) SWAP 1418/16384MB (cached 142MB) CPU [3%@729,2%@729,1%@729,3%@729,92%@1344,0%@1344] GR3D_FREQ 99% cpu@59.687C soc2@58.875C soc0@59.625C gpu@61.312C tj@61.312C soc1@58.781C VDD_IN 17408mW/16650mW VDD_CPU_GPU_CV 8407mW/7827mW VDD_SOC 3968mW/3807mW
08-11-2026 17:35:20 RAM 5339/7607MB (lfb 16x4MB) SWAP 1418/16384MB (cached 142MB) CPU [3%@729,2%@729,5%@729,3%@729,92%@729,0%@729] GR3D_FREQ 99% cpu@60C soc2@59.031C soc0@59.718C gpu@61.5C tj@61.5C soc1@58.656C VDD_IN 17801mW/16675mW VDD_CPU_GPU_CV 8759mW/7847mW VDD_SOC 4001mW/3812mW
08-11-2026 17:35:21 RAM 5340/7607MB (lfb 16x4MB) SWAP 1418/16384MB (cached 142MB) CPU [1%@729,1%@729,1%@729,4%@729,90%@729,0%@729] GR3D_FREQ 99% cpu@59.781C soc2@58.906C soc0@59.875C gpu@61.5C tj@61.25C soc1@58.718C VDD_IN 17042mW/16683mW VDD_CPU_GPU_CV 8303mW/7857mW VDD_SOC 3811mW/3812mW
