
slorado base-caller version 0.5.0-beta
model path:         models/dna_r10.4.1_e8.2_400bps_hac@v5.0.0
input path:         test/PGXXXX230339/reads_1k.blow5
output path:        /dev/null
device:             cuda:all
chunk size:         12288
read batch size:    4096
gpu batch size:     128
no. threads:        8
overlap:            150
overlap decode:     yes
fixed-c batch:      yes (no narrow)
flush threshold:    128 (full batch)

[parse_qscore_params::INFO][1;34m mean_qscore_start_pos not found in config toml, setting default to 60[0m
[basecaller_main::0.433*2.85] 1000 Entries (49.5M bytes) loaded
[basecaller_main::44.980*0.96] 1000 Entries (49.5M bytes) processed

[basecaller_main] total entries: 1000
[basecaller_main] total bytes: 49.5 M
[basecaller_main] model initialization: 0.379 sec
[basecaller_main] data loading: 0.052 sec
[basecaller_main] data processing: 44.546 sec
[basecaller_main]     - parse: 0.354 sec
[basecaller_main]     - preprocess: 0.014 sec
[basecaller_main]     - runners: 44.153 sec
[basecaller_main]          - synchronisation: 0.000 sec
[basecaller_main]          - model runner [0]: 44.152 sec
[basecaller_main]             - accept: 0.143 sec
[basecaller_main]             - basecall: 44.009 sec
[basecaller_main]                 - inference: 43.779 sec
[basecaller_main]                     - conv_stack: 0.482 sec
[basecaller_main]                         - input [N,C,T]: [128, 1, 12288]
[basecaller_main]                         - conv[0]: 0.197 sec
[basecaller_main]                             in  [N,C,T]: [128, 1, 12288]
[basecaller_main]                             out [N,C,T]: [128, 16, 12288]
[basecaller_main]                             op: 0.189 sec  act: 0.009 sec
[basecaller_main]                         - conv[1]: 0.049 sec
[basecaller_main]                             in  [N,C,T]: [128, 16, 12288]
[basecaller_main]                             out [N,C,T]: [128, 16, 12288]
[basecaller_main]                             op: 0.048 sec  act: 0.001 sec
[basecaller_main]                         - conv[2]: 0.235 sec
[basecaller_main]                             in  [N,C,T]: [128, 16, 12288]
[basecaller_main]                             out [N,C,T]: [128, 384, 2048]
[basecaller_main]                             op: 0.161 sec  act: 0.074 sec
[basecaller_main]                         - transpose: 0.000 sec
[basecaller_main]                             in  [N,C,T]: [128, 384, 2048]
[basecaller_main]                             out [N,T,C]: [128, 2048, 384]
[basecaller_main]                     - rnns: 39.912 sec
[basecaller_main]                         - rnn[0] (reverse): 14.467 sec
[basecaller_main]                             in  [N,T,C]: [128, 2048, 384]
[basecaller_main]                             out [N,T,C]: [128, 2048, 384]
[basecaller_main]                             flip: 0.017 sec  lstm: 14.450 sec
[basecaller_main]                         - rnn[1] (forward): 6.366 sec
[basecaller_main]                             in  [N,T,C]: [128, 2048, 384]
[basecaller_main]                             out [N,T,C]: [128, 2048, 384]
[basecaller_main]                             flip: 0.004 sec  lstm: 6.362 sec
[basecaller_main]                         - rnn[2] (reverse): 6.358 sec
[basecaller_main]                             in  [N,T,C]: [128, 2048, 384]
[basecaller_main]                             out [N,T,C]: [128, 2048, 384]
[basecaller_main]                             flip: 0.003 sec  lstm: 6.355 sec
[basecaller_main]                         - rnn[3] (forward): 6.365 sec
[basecaller_main]                             in  [N,T,C]: [128, 2048, 384]
[basecaller_main]                             out [N,T,C]: [128, 2048, 384]
[basecaller_main]                             flip: 0.003 sec  lstm: 6.362 sec
[basecaller_main]                         - rnn[4] (reverse): 6.353 sec
[basecaller_main]                             in  [N,T,C]: [128, 2048, 384]
[basecaller_main]                             out [N,T,C]: [128, 2048, 384]
[basecaller_main]                             flip: 0.003 sec  lstm: 6.350 sec
[basecaller_main]                         - rnn_out_flip: 0.003 sec
[basecaller_main]                             out [N,T,C]: [128, 2048, 384]
[basecaller_main]                     - crf_1: 0.286 sec
[basecaller_main]                         in  [N,T,C]: [128, 2048, 384]
[basecaller_main]                         out [N,T,C]: [128, 2048, 1024]
[basecaller_main]                     - crf_2: 0.000 sec
[basecaller_main]                     - clamp: 0.030 sec
[basecaller_main]                 - decode: 42.026 sec
[basecaller_main]                     - scores [N,T,C]: [128, 2048, 1024]
[basecaller_main]                     - bwd_scan: 0.660 sec
[basecaller_main]                     - beam_search: 2.486 sec
[basecaller_main]                     - fwd_post_scan: 1.752 sec
[basecaller_main]                     - qual_data: 0.349 sec
[basecaller_main]                     - gen_sequence: 0.498 sec
[basecaller_main]                     - d2h_copy: 0.006 sec
[basecaller_main]             - modcall: 0.000 sec
[basecaller_main] load-imbalance: 40 GPU batches (1 tail), 5100 real chunks, 20 padded slots -> 0.4% of 5120 launched GPU slots wasted on padding
[basecaller_main]     - postprocess: 0.026 sec
[basecaller_main]     - mod_preprocess: 0.000 sec
[basecaller_main]     - mod_postprocess: 0.000 sec
[basecaller_main] data output: 0.005 sec
[basecaller_main] data free: 0.010 sec
[main] Version: 0.5.0-beta
[main] CMD: ./slorado basecaller -C 128 -c 12288 -K 4096 -p 150 --overlap-decode=yes --fixed-c-batch=yes -o /dev/null models/dna_r10.4.1_e8.2_400bps_hac@v5.0.0 test/PGXXXX230339/reads_1k.blow5
[main] Real time: 45.033 sec; CPU time: 43.290 sec; Peak RAM: 4.307 GB

