08-11-2026 17:33:40 RAM 2051/7607MB (lfb 92x4MB) SWAP 1428/16384MB (cached 139MB) CPU [3%@729,2%@729,3%@729,2%@729,0%@729,0%@729] GR3D_FREQ 0% cpu@49.437C soc2@48.343C soc0@50.031C gpu@49.781C tj@50.031C soc1@49.593C VDD_IN 5096mW/5096mW VDD_CPU_GPU_CV 560mW/560mW VDD_SOC 1482mW/1482mW
08-11-2026 17:33:41 RAM 2262/7607MB (lfb 92x4MB) SWAP 1428/16384MB (cached 139MB) CPU [15%@729,12%@729,27%@729,20%@729,60%@1344,8%@1344] GR3D_FREQ 0% cpu@49.781C soc2@48.343C soc0@49.875C gpu@49.875C tj@49.875C soc1@49.562C VDD_IN 5800mW/5448mW VDD_CPU_GPU_CV 1078mW/819mW VDD_SOC 1520mW/1501mW
08-11-2026 17:33:42 RAM 3164/7607MB (lfb 56x4MB) SWAP 1428/16384MB (cached 139MB) CPU [45%@1344,29%@1344,21%@1344,21%@1344,40%@1267,25%@1267] GR3D_FREQ 99% cpu@49.812C soc2@48.5C soc0@49.937C gpu@50.593C tj@50.593C soc1@49.718C VDD_IN 7108mW/6001mW VDD_CPU_GPU_CV 1873mW/1170mW VDD_SOC 1717mW/1573mW
08-11-2026 17:33:43 RAM 4247/7607MB (lfb 34x4MB) SWAP 1428/16384MB (cached 139MB) CPU [3%@729,1%@729,2%@729,4%@729,1%@1344,97%@1344] GR3D_FREQ 98% cpu@50.968C soc2@49.062C soc0@50.218C gpu@51.812C tj@51.812C soc1@49.843C VDD_IN 13192mW/7799mW VDD_CPU_GPU_CV 6110mW/2405mW VDD_SOC 2729mW/1862mW
08-11-2026 17:33:44 RAM 4797/7607MB (lfb 11x4MB) SWAP 1425/16384MB (cached 141MB) CPU [86%@1344,5%@1344,7%@1344,8%@1344,2%@1344,88%@1344] GR3D_FREQ 98% cpu@51.218C soc2@49.906C soc0@50.562C gpu@52.375C tj@52.375C soc1@50.031C VDD_IN 16400mW/9519mW VDD_CPU_GPU_CV 7728mW/3470mW VDD_SOC 3660mW/2222mW
08-11-2026 17:33:45 RAM 5314/7607MB (lfb 82x1MB) SWAP 1425/16384MB (cached 141MB) CPU [22%@729,4%@729,67%@729,7%@729,0%@1344,97%@1344] GR3D_FREQ 98% cpu@51.75C soc2@50.062C soc0@50.843C gpu@52.843C tj@52.843C soc1@50.218C VDD_IN 16806mW/10734mW VDD_CPU_GPU_CV 7481mW/4138mW VDD_SOC 4086mW/2532mW
08-11-2026 17:33:46 RAM 5315/7607MB (lfb 82x1MB) SWAP 1424/16384MB (cached 141MB) CPU [5%@729,4%@729,7%@729,18%@729,0%@1344,91%@1344] GR3D_FREQ 99% cpu@52.468C soc2@50.468C soc0@51.156C gpu@52.687C tj@52.687C soc1@50.593C VDD_IN 17357mW/11680mW VDD_CPU_GPU_CV 7833mW/4666mW VDD_SOC 4204mW/2771mW
08-11-2026 17:33:47 RAM 5316/7607MB (lfb 82x1MB) SWAP 1424/16384MB (cached 141MB) CPU [2%@729,2%@729,1%@729,2%@729,0%@1344,92%@1344] GR3D_FREQ 99% cpu@52.093C soc2@50.718C soc0@51.437C gpu@53.625C tj@53.625C soc1@50.812C VDD_IN 17279mW/12380mW VDD_CPU_GPU_CV 8264mW/5116mW VDD_SOC 4008mW/2926mW
08-11-2026 17:33:48 RAM 5316/7607MB (lfb 82x1MB) SWAP 1424/16384MB (cached 141MB) CPU [3%@729,3%@729,1%@729,1%@729,0%@1344,91%@1344] GR3D_FREQ 99% cpu@52.343C soc2@51C soc0@51.656C gpu@53.812C tj@53.812C soc1@50.937C VDD_IN 17357mW/12933mW VDD_CPU_GPU_CV 8303mW/5470mW VDD_SOC 4008mW/3046mW
08-11-2026 17:33:49 RAM 5317/7607MB (lfb 82x1MB) SWAP 1424/16384MB (cached 141MB) CPU [3%@1190,2%@1190,2%@1190,5%@1190,0%@729,92%@729] GR3D_FREQ 99% cpu@52.5C soc2@51.187C soc0@52.062C gpu@54.187C tj@54.187C soc1@51.062C VDD_IN 17830mW/13423mW VDD_CPU_GPU_CV 8641mW/5787mW VDD_SOC 4047mW/3146mW
08-11-2026 17:33:50 RAM 5316/7607MB (lfb 1x2MB) SWAP 1424/16384MB (cached 141MB) CPU [69%@729,5%@729,19%@729,7%@729,0%@1344,99%@1344] GR3D_FREQ 98% cpu@52.781C soc2@51.437C soc0@52.062C gpu@54.281C tj@54.281C soc1@51.312C VDD_IN 17958mW/13835mW VDD_CPU_GPU_CV 9033mW/6082mW VDD_SOC 3923mW/3217mW
08-11-2026 17:33:51 RAM 5317/7607MB (lfb 1x2MB) SWAP 1424/16384MB (cached 141MB) CPU [5%@806,4%@729,2%@729,9%@729,0%@1344,94%@1344] GR3D_FREQ 97% cpu@53.125C soc2@51.562C soc0@52.312C gpu@54.437C tj@54.437C soc1@51.531C VDD_IN 17790mW/14164mW VDD_CPU_GPU_CV 8759mW/6305mW VDD_SOC 3929mW/3276mW
08-11-2026 17:33:52 RAM 5320/7607MB (lfb 82x1MB) SWAP 1424/16384MB (cached 141MB) CPU [4%@729,6%@729,2%@729,8%@729,0%@1344,92%@1344] GR3D_FREQ 98% cpu@52.968C soc2@51.843C soc0@52.593C gpu@54.437C tj@54.437C soc1@51.812C VDD_IN 17554mW/14425mW VDD_CPU_GPU_CV 8538mW/6477mW VDD_SOC 3968mW/3329mW
08-11-2026 17:33:53 RAM 5320/7607MB (lfb 82x1MB) SWAP 1424/16384MB (cached 141MB) CPU [3%@729,2%@729,0%@729,0%@729,0%@1344,92%@1344] GR3D_FREQ 97% cpu@53.312C soc2@52C soc0@52.718C gpu@54.718C tj@54.718C soc1@51.781C VDD_IN 17593mW/14651mW VDD_CPU_GPU_CV 8524mW/6623mW VDD_SOC 3968mW/3375mW
08-11-2026 17:33:54 RAM 5321/7607MB (lfb 82x1MB) SWAP 1423/16384MB (cached 141MB) CPU [3%@729,3%@729,1%@729,6%@729,0%@1344,92%@1344] GR3D_FREQ 98% cpu@53.562C soc2@52.187C soc0@52.812C gpu@54.843C tj@54.843C soc1@52.062C VDD_IN 17593mW/14848mW VDD_CPU_GPU_CV 8499mW/6748mW VDD_SOC 4008mW/3417mW
08-11-2026 17:33:55 RAM 5321/7607MB (lfb 82x1MB) SWAP 1423/16384MB (cached 141MB) CPU [2%@1344,6%@1344,3%@1344,13%@1344,0%@1344,93%@1344] GR3D_FREQ 98% cpu@53.75C soc2@52.375C soc0@53C gpu@55.031C tj@55.031C soc1@52.218C VDD_IN 17751mW/15029mW VDD_CPU_GPU_CV 8602mW/6864mW VDD_SOC 4008mW/3454mW
08-11-2026 17:33:56 RAM 5322/7607MB (lfb 82x1MB) SWAP 1423/16384MB (cached 141MB) CPU [4%@729,9%@729,20%@729,57%@729,0%@1344,92%@1344] GR3D_FREQ 98% cpu@54.031C soc2@52.5C soc0@53.281C gpu@55.156C tj@55.156C soc1@52.531C VDD_IN 17801mW/15192mW VDD_CPU_GPU_CV 8602mW/6966mW VDD_SOC 4047mW/3489mW
08-11-2026 17:33:57 RAM 5323/7607MB (lfb 82x1MB) SWAP 1423/16384MB (cached 141MB) CPU [17%@729,5%@729,4%@729,7%@729,0%@1344,92%@1344] GR3D_FREQ 97% cpu@53.875C soc2@52.75C soc0@53.406C gpu@55.625C tj@55.625C soc1@52.75C VDD_IN 17593mW/15325mW VDD_CPU_GPU_CV 8368mW/7044mW VDD_SOC 4047mW/3520mW
08-11-2026 17:33:58 RAM 5323/7607MB (lfb 82x1MB) SWAP 1423/16384MB (cached 141MB) CPU [3%@729,1%@729,1%@729,1%@729,0%@1344,93%@1344] GR3D_FREQ 98% cpu@54.187C soc2@52.906C soc0@53.656C gpu@55.812C tj@55.812C soc1@52.781C VDD_IN 17515mW/15441mW VDD_CPU_GPU_CV 8186mW/7104mW VDD_SOC 4126mW/3552mW
08-11-2026 17:33:59 RAM 5324/7607MB (lfb 82x1MB) SWAP 1423/16384MB (cached 141MB) CPU [3%@729,2%@729,2%@729,1%@729,0%@1344,92%@1344] GR3D_FREQ 97% cpu@54.5C soc2@52.968C soc0@53.75C gpu@55.843C tj@55.843C soc1@52.906C VDD_IN 17357mW/15537mW VDD_CPU_GPU_CV 7990mW/7149mW VDD_SOC 4086mW/3579mW
08-11-2026 17:34:00 RAM 5324/7607MB (lfb 82x1MB) SWAP 1423/16384MB (cached 141MB) CPU [3%@729,4%@729,1%@729,1%@729,0%@1344,92%@1344] GR3D_FREQ 98% cpu@54.843C soc2@53.187C soc0@53.875C gpu@55.968C tj@55.968C soc1@53.093C VDD_IN 17397mW/15625mW VDD_CPU_GPU_CV 7911mW/7185mW VDD_SOC 4126mW/3605mW
08-11-2026 17:34:01 RAM 5326/7607MB (lfb 82x1MB) SWAP 1423/16384MB (cached 141MB) CPU [25%@1344,8%@1344,7%@1344,3%@1344,2%@1344,91%@1344] GR3D_FREQ 99% cpu@55.093C soc2@53.562C soc0@54.125C gpu@56.031C tj@56.031C soc1@53.343C VDD_IN 17672mW/15718mW VDD_CPU_GPU_CV 7977mW/7221mW VDD_SOC 4204mW/3632mW
08-11-2026 17:34:02 RAM 5325/7607MB (lfb 82x1MB) SWAP 1423/16384MB (cached 141MB) CPU [55%@729,6%@729,17%@729,22%@729,0%@1344,92%@1344] GR3D_FREQ 99% cpu@54.906C soc2@53.687C soc0@54.281C gpu@55.75C tj@55.75C soc1@53.343C VDD_IN 17633mW/15801mW VDD_CPU_GPU_CV 8303mW/7268mW VDD_SOC 4047mW/3650mW
08-11-2026 17:34:03 RAM 5326/7607MB (lfb 82x1MB) SWAP 1423/16384MB (cached 141MB) CPU [2%@729,1%@729,2%@729,2%@729,0%@1344,93%@1344] GR3D_FREQ 99% cpu@54.843C soc2@53.812C soc0@54.562C gpu@56.312C tj@56.312C soc1@53.562C VDD_IN 17279mW/15863mW VDD_CPU_GPU_CV 8421mW/7316mW VDD_SOC 3890mW/3660mW
08-11-2026 17:34:04 RAM 5326/7607MB (lfb 82x1MB) SWAP 1423/16384MB (cached 141MB) CPU [3%@729,2%@729,2%@729,2%@729,0%@1344,92%@1344] GR3D_FREQ 99% cpu@55C soc2@53.875C soc0@54.562C gpu@56.406C tj@56.406C soc1@53.687C VDD_IN 17475mW/15927mW VDD_CPU_GPU_CV 8499mW/7363mW VDD_SOC 3929mW/3671mW
08-11-2026 17:34:05 RAM 5326/7607MB (lfb 82x1MB) SWAP 1423/16384MB (cached 141MB) CPU [3%@729,2%@729,1%@729,6%@729,0%@806,94%@806] GR3D_FREQ 99% cpu@55.375C soc2@54C soc0@54.656C gpu@56.625C tj@56.625C soc1@53.937C VDD_IN 17554mW/15990mW VDD_CPU_GPU_CV 8641mW/7412mW VDD_SOC 3890mW/3679mW
08-11-2026 17:34:06 RAM 5327/7607MB (lfb 82x1MB) SWAP 1423/16384MB (cached 141MB) CPU [1%@729,1%@729,3%@729,0%@729,0%@1344,98%@1344] GR3D_FREQ 98% cpu@55.468C soc2@54.187C soc0@54.843C gpu@56.687C tj@56.687C soc1@54.093C VDD_IN 17593mW/16049mW VDD_CPU_GPU_CV 8734mW/7461mW VDD_SOC 3851mW/3685mW
08-11-2026 17:34:07 RAM 5327/7607MB (lfb 82x1MB) SWAP 1423/16384MB (cached 141MB) CPU [8%@1344,12%@1344,16%@1344,34%@1344,0%@1344,92%@1344] GR3D_FREQ 98% cpu@55.531C soc2@54.406C soc0@54.968C gpu@56.968C tj@56.968C soc1@54.031C VDD_IN 18115mW/16123mW VDD_CPU_GPU_CV 9072mW/7519mW VDD_SOC 3883mW/3693mW
08-11-2026 17:34:08 RAM 5328/7607MB (lfb 82x1MB) SWAP 1423/16384MB (cached 141MB) CPU [21%@729,3%@729,6%@729,34%@729,1%@1344,93%@1344] GR3D_FREQ 98% cpu@55.593C soc2@54.562C soc0@55.343C gpu@56.937C tj@56.937C soc1@54.25C VDD_IN 17761mW/16180mW VDD_CPU_GPU_CV 8798mW/7563mW VDD_SOC 3890mW/3699mW
08-11-2026 17:34:09 RAM 5328/7607MB (lfb 82x1MB) SWAP 1423/16384MB (cached 141MB) CPU [3%@729,2%@729,2%@729,1%@729,0%@1344,92%@1344] GR3D_FREQ 98% cpu@55.812C soc2@54.593C soc0@55.281C gpu@57C tj@57C soc1@54.406C VDD_IN 17633mW/16228mW VDD_CPU_GPU_CV 8616mW/7598mW VDD_SOC 3929mW/3707mW
08-11-2026 17:34:10 RAM 5329/7607MB (lfb 82x1MB) SWAP 1423/16384MB (cached 141MB) CPU [2%@729,2%@729,3%@729,1%@729,0%@1344,92%@1344] GR3D_FREQ 97% cpu@56.156C soc2@54.687C soc0@55.343C gpu@57C tj@57C soc1@54.625C VDD_IN 17515mW/16270mW VDD_CPU_GPU_CV 8499mW/7627mW VDD_SOC 3929mW/3714mW
08-11-2026 17:34:11 RAM 5329/7607MB (lfb 82x1MB) SWAP 1423/16384MB (cached 141MB) CPU [2%@729,2%@729,0%@729,2%@729,0%@1344,92%@1344] GR3D_FREQ 98% cpu@56.125C soc2@54.843C soc0@55.5C gpu@57.281C tj@57.281C soc1@54.75C VDD_IN 17554mW/16310mW VDD_CPU_GPU_CV 8407mW/7652mW VDD_SOC 3968mW/3722mW
08-11-2026 17:34:12 RAM 5330/7607MB (lfb 82x1MB) SWAP 1423/16384MB (cached 141MB) CPU [2%@729,3%@729,3%@729,1%@729,0%@1344,93%@1344] GR3D_FREQ 98% cpu@56.062C soc2@54.968C soc0@55.75C gpu@57.218C tj@57.218C soc1@55.031C VDD_IN 17475mW/16345mW VDD_CPU_GPU_CV 8303mW/7671mW VDD_SOC 4008mW/3731mW
08-11-2026 17:34:13 RAM 5328/7607MB (lfb 83x1MB) SWAP 1423/16384MB (cached 141MB) CPU [22%@1344,51%@1344,8%@1344,3%@1344,0%@1344,92%@1344] GR3D_FREQ 98% cpu@56.343C soc2@55.312C soc0@56C gpu@57.468C tj@57.468C soc1@55C VDD_IN 17918mW/16391mW VDD_CPU_GPU_CV 8681mW/7701mW VDD_SOC 4040mW/3740mW
08-11-2026 17:34:14 RAM 5329/7607MB (lfb 83x1MB) SWAP 1423/16384MB (cached 141MB) CPU [3%@729,24%@729,23%@729,2%@729,1%@1344,92%@1344] GR3D_FREQ 98% cpu@56.5C soc2@55.312C soc0@55.875C gpu@57.75C tj@57.75C soc1@55.093C VDD_IN 17604mW/16426mW VDD_CPU_GPU_CV 8250mW/7717mW VDD_SOC 4086mW/3750mW
08-11-2026 17:34:15 RAM 5329/7607MB (lfb 82x1MB) SWAP 1423/16384MB (cached 141MB) CPU [2%@729,1%@729,5%@729,3%@729,2%@1344,92%@1344] GR3D_FREQ 98% cpu@56.906C soc2@55.343C soc0@56.031C gpu@57.937C tj@57.937C soc1@55.218C VDD_IN 17515mW/16456mW VDD_CPU_GPU_CV 8029mW/7725mW VDD_SOC 4126mW/3760mW
08-11-2026 17:34:16 RAM 5330/7607MB (lfb 82x1MB) SWAP 1423/16384MB (cached 141MB) CPU [3%@729,2%@729,2%@729,1%@729,0%@1344,91%@1344] GR3D_FREQ 98% cpu@56.687C soc2@55.593C soc0@56.218C gpu@57.875C tj@57.875C soc1@55.5C VDD_IN 17436mW/16483mW VDD_CPU_GPU_CV 7833mW/7728mW VDD_SOC 4165mW/3771mW
08-11-2026 17:34:17 RAM 5331/7607MB (lfb 82x1MB) SWAP 1423/16384MB (cached 141MB) CPU [1%@729,1%@729,3%@729,2%@729,0%@1344,93%@1344] GR3D_FREQ 99% cpu@56.875C soc2@55.781C soc0@56.375C gpu@57.656C tj@57.656C soc1@55.625C VDD_IN 17318mW/16505mW VDD_CPU_GPU_CV 7833mW/7731mW VDD_SOC 4165mW/3782mW
08-11-2026 17:34:18 RAM 5331/7607MB (lfb 2x4MB) SWAP 1423/16384MB (cached 141MB) CPU [5%@729,18%@729,11%@729,7%@729,0%@1344,92%@1344] GR3D_FREQ 99% cpu@56.875C soc2@55.75C soc0@56.625C gpu@58.218C tj@58.218C soc1@55.625C VDD_IN 17436mW/16529mW VDD_CPU_GPU_CV 8368mW/7747mW VDD_SOC 3968mW/3786mW
08-11-2026 17:34:19 RAM 5333/7607MB (lfb 2x4MB) SWAP 1423/16384MB (cached 141MB) CPU [4%@1344,7%@1344,1%@1344,59%@1344,0%@1344,92%@1344] GR3D_FREQ 99% cpu@57.25C soc2@55.906C soc0@56.593C gpu@58.218C tj@58.218C soc1@55.718C VDD_IN 17879mW/16562mW VDD_CPU_GPU_CV 8837mW/7775mW VDD_SOC 3962mW/3791mW
08-11-2026 17:34:20 RAM 5333/7607MB (lfb 2x4MB) SWAP 1423/16384MB (cached 141MB) CPU [4%@729,6%@729,20%@729,10%@729,0%@729,92%@729] GR3D_FREQ 99% cpu@57.5C soc2@56.125C soc0@56.718C gpu@58.375C tj@58.375C soc1@55.906C VDD_IN 17918mW/16595mW VDD_CPU_GPU_CV 8798mW/7800mW VDD_SOC 4001mW/3796mW
08-11-2026 17:34:21 RAM 5333/7607MB (lfb 2x4MB) SWAP 1423/16384MB (cached 141MB) CPU [2%@729,3%@729,2%@729,2%@729,0%@1344,98%@1344] GR3D_FREQ 97% cpu@57.125C soc2@56.25C soc0@56.781C gpu@58.437C tj@58.437C soc1@56.031C VDD_IN 17633mW/16620mW VDD_CPU_GPU_CV 8720mW/7821mW VDD_SOC 3890mW/3798mW
08-11-2026 17:34:22 RAM 5334/7607MB (lfb 2x4MB) SWAP 1423/16384MB (cached 141MB) CPU [2%@729,0%@729,2%@729,1%@729,0%@1344,94%@1344] GR3D_FREQ 98% cpu@57.312C soc2@56.187C soc0@57C gpu@58.593C tj@58.593C soc1@56.031C VDD_IN 17643mW/16644mW VDD_CPU_GPU_CV 8681mW/7841mW VDD_SOC 3890mW/3800mW
08-11-2026 17:34:23 RAM 5335/7607MB (lfb 2x4MB) SWAP 1423/16384MB (cached 141MB) CPU [12%@729,5%@729,13%@729,6%@729,0%@1344,92%@1344] GR3D_FREQ 97% cpu@57.375C soc2@56.312C soc0@56.968C gpu@58.625C tj@58.625C soc1@56.093C VDD_IN 17722mW/16668mW VDD_CPU_GPU_CV 8720mW/7861mW VDD_SOC 3923mW/3803mW
08-11-2026 17:34:24 RAM 5335/7607MB (lfb 2x4MB) SWAP 1423/16384MB (cached 141MB) CPU [3%@729,2%@729,1%@729,4%@729,0%@1344,92%@1344] GR3D_FREQ 98% cpu@57.531C soc2@56.375C soc0@57.156C gpu@59.031C tj@59.031C soc1@56.156C VDD_IN 17672mW/16691mW VDD_CPU_GPU_CV 8641mW/7879mW VDD_SOC 3929mW/3806mW
08-11-2026 17:34:25 RAM 5335/7607MB (lfb 2x4MB) SWAP 1423/16384MB (cached 141MB) CPU [10%@1344,3%@1344,7%@1344,67%@1344,0%@1344,93%@1344] GR3D_FREQ 99% cpu@58C soc2@56.656C soc0@57.156C gpu@59.218C tj@59.218C soc1@56.468C VDD_IN 18115mW/16722mW VDD_CPU_GPU_CV 8993mW/7903mW VDD_SOC 3962mW/3809mW
08-11-2026 17:34:26 RAM 4395/7607MB (lfb 43x4MB) SWAP 1423/16384MB (cached 141MB) CPU [48%@729,6%@729,3%@729,3%@729,1%@1344,64%@1344] GR3D_FREQ 0% cpu@56.812C soc2@56.093C soc0@57.093C gpu@57.125C tj@57.125C soc1@56.5C VDD_IN 9952mW/16578mW VDD_CPU_GPU_CV 3293mW/7805mW VDD_SOC 2782mW/3787mW
