
slorado base-caller version 0.5.0-beta
model path:         models/dna_r10.4.1_e8.2_400bps_fast@v5.0.0
input path:         test/PGXXXX230339/reads_20k.blow5
output path:        output_fast_20k_overlap-li-f64-fixedc.fastq
device:             cuda:all
chunk size:         12288
read batch size:    4096
gpu batch size:     128
no. threads:        8
overlap:            150
overlap decode:     yes
fixed-c batch:      yes (no narrow)
flush threshold:    64

[parse_qscore_params::INFO][1;34m mean_qscore_start_pos not found in config toml, setting default to 60[0m
[basecaller_main::0.708*2.01] 4096 Entries (201.7M bytes) loaded
[basecaller_main::69.091*0.18] 4096 Entries (201.7M bytes) processed
[basecaller_main::69.792*0.19] 4096 Entries (212.8M bytes) loaded
[basecaller_main::139.383*0.16] 4096 Entries (212.8M bytes) processed
[basecaller_main::140.125*0.16] 4096 Entries (198.2M bytes) loaded
[basecaller_main::205.234*0.16] 4096 Entries (198.2M bytes) processed
[basecaller_main::205.943*0.16] 4096 Entries (203.8M bytes) loaded
[basecaller_main::272.637*0.15] 4096 Entries (203.8M bytes) processed
[basecaller_main::273.282*0.15] 3616 Entries (181.5M bytes) loaded
[basecaller_main::332.782*0.15] 3616 Entries (181.5M bytes) processed

[basecaller_main] total entries: 20000
[basecaller_main] total bytes: 998.1 M
[basecaller_main] model initialization: 0.223 sec
[basecaller_main] data loading: 2.810 sec
[basecaller_main] data processing: 329.277 sec
[basecaller_main]     - parse: 4.472 sec
[basecaller_main]     - preprocess: 0.367 sec
[basecaller_main]     - runners: 324.178 sec
[basecaller_main]          - synchronisation: 0.000 sec
[basecaller_main]          - model runner [0]: 324.156 sec
[basecaller_main]             - accept: 4.641 sec
[basecaller_main]             - basecall: 319.515 sec
[basecaller_main]                 - inference: 198.608 sec
[basecaller_main]                     - conv_stack: 2.638 sec
[basecaller_main]                         - input [N,C,T]: [128, 1, 12288]
[basecaller_main]                         - conv[0]: 1.181 sec
[basecaller_main]                             in  [N,C,T]: [128, 1, 12288]
[basecaller_main]                             out [N,C,T]: [128, 16, 12288]
[basecaller_main]                             op: 0.981 sec  act: 0.200 sec
[basecaller_main]                         - conv[1]: 0.777 sec
[basecaller_main]                             in  [N,C,T]: [128, 16, 12288]
[basecaller_main]                             out [N,C,T]: [128, 16, 12288]
[basecaller_main]                             op: 0.644 sec  act: 0.133 sec
[basecaller_main]                         - conv[2]: 0.663 sec
[basecaller_main]                             in  [N,C,T]: [128, 16, 12288]
[basecaller_main]                             out [N,C,T]: [128, 96, 2048]
[basecaller_main]                             op: 0.535 sec  act: 0.128 sec
[basecaller_main]                         - transpose: 0.017 sec
[basecaller_main]                             in  [N,C,T]: [128, 96, 2048]
[basecaller_main]                             out [N,T,C]: [128, 2048, 96]
[basecaller_main]                     - rnns: 13.490 sec
[basecaller_main]                         - rnn[0] (reverse): 4.042 sec
[basecaller_main]                             in  [N,T,C]: [128, 2048, 96]
[basecaller_main]                             out [N,T,C]: [128, 2048, 96]
[basecaller_main]                             flip: 0.162 sec  lstm: 3.880 sec
[basecaller_main]                         - rnn[1] (forward): 2.387 sec
[basecaller_main]                             in  [N,T,C]: [128, 2048, 96]
[basecaller_main]                             out [N,T,C]: [128, 2048, 96]
[basecaller_main]                             flip: 0.135 sec  lstm: 2.252 sec
[basecaller_main]                         - rnn[2] (reverse): 2.323 sec
[basecaller_main]                             in  [N,T,C]: [128, 2048, 96]
[basecaller_main]                             out [N,T,C]: [128, 2048, 96]
[basecaller_main]                             flip: 0.123 sec  lstm: 2.200 sec
[basecaller_main]                         - rnn[3] (forward): 2.305 sec
[basecaller_main]                             in  [N,T,C]: [128, 2048, 96]
[basecaller_main]                             out [N,T,C]: [128, 2048, 96]
[basecaller_main]                             flip: 0.122 sec  lstm: 2.184 sec
[basecaller_main]                         - rnn[4] (reverse): 2.303 sec
[basecaller_main]                             in  [N,T,C]: [128, 2048, 96]
[basecaller_main]                             out [N,T,C]: [128, 2048, 96]
[basecaller_main]                             flip: 0.121 sec  lstm: 2.182 sec
[basecaller_main]                         - rnn_out_flip: 0.130 sec
[basecaller_main]                             out [N,T,C]: [128, 2048, 96]
[basecaller_main]                     - crf_1: 0.480 sec
[basecaller_main]                         in  [N,T,C]: [128, 2048, 96]
[basecaller_main]                         out [N,T,C]: [128, 2048, 256]
[basecaller_main]                     - crf_2: 0.000 sec
[basecaller_main]                     - clamp: 0.079 sec
[basecaller_main]                 - decode: 318.564 sec
[basecaller_main]                     - scores [N,T,C]: [128, 2048, 256]
[basecaller_main]                     - bwd_scan: 4.809 sec
[basecaller_main]                     - beam_search: 83.839 sec
[basecaller_main]                     - fwd_post_scan: 30.900 sec
[basecaller_main]                     - qual_data: 8.964 sec
[basecaller_main]                     - gen_sequence: 6.428 sec
[basecaller_main]                     - d2h_copy: 0.119 sec
[basecaller_main]             - modcall: 0.000 sec
[basecaller_main] load-imbalance: 1598 GPU batches (1598 tail), 102089 real chunks, 102455 padded slots -> 50.1% of 204544 launched GPU slots wasted on padding
[basecaller_main]     - postprocess: 0.260 sec
[basecaller_main]     - mod_preprocess: 0.000 sec
[basecaller_main]     - mod_postprocess: 0.000 sec
[basecaller_main] data output: 0.556 sec
[basecaller_main] data free: 0.074 sec
[main] Version: 0.5.0-beta
[main] CMD: ./slorado basecaller -C 128 -c 12288 -K 4096 -p 150 --overlap-decode=yes --fixed-c-batch=yes --flush-threshold=64 -o output_fast_20k_overlap-li-f64-fixedc.fastq models/dna_r10.4.1_e8.2_400bps_fast@v5.0.0 test/PGXXXX230339/reads_20k.blow5
[main] Real time: 332.967 sec; CPU time: 49.562 sec; Peak RAM: 5.441 GB

