
slorado base-caller version 0.5.0-beta
model path:         models/dna_r10.4.1_e8.2_400bps_fast@v5.0.0
input path:         test/PGXXXX230339/reads_20k.blow5
output path:        output_fast_20k_overlap-li-f64-narrow.fastq
device:             cuda:all
chunk size:         12288
read batch size:    4096
gpu batch size:     128
no. threads:        8
overlap:            150
overlap decode:     yes
fixed-c batch:      no (narrow partials)
flush threshold:    64

[parse_qscore_params::INFO][1;34m mean_qscore_start_pos not found in config toml, setting default to 60[0m
[basecaller_main::0.943*1.76] 4096 Entries (201.7M bytes) loaded
[basecaller_main::37.261*0.32] 4096 Entries (201.7M bytes) processed
[basecaller_main::37.918*0.32] 4096 Entries (212.8M bytes) loaded
[basecaller_main::73.919*0.28] 4096 Entries (212.8M bytes) processed
[basecaller_main::74.546*0.28] 4096 Entries (198.2M bytes) loaded
[basecaller_main::108.412*0.27] 4096 Entries (198.2M bytes) processed
[basecaller_main::109.041*0.27] 4096 Entries (203.8M bytes) loaded
[basecaller_main::143.679*0.26] 4096 Entries (203.8M bytes) processed
[basecaller_main::144.285*0.26] 3616 Entries (181.5M bytes) loaded
[basecaller_main::175.115*0.26] 3616 Entries (181.5M bytes) processed

[basecaller_main] total entries: 20000
[basecaller_main] total bytes: 998.1 M
[basecaller_main] model initialization: 0.369 sec
[basecaller_main] data loading: 2.627 sec
[basecaller_main] data processing: 171.653 sec
[basecaller_main]     - parse: 4.271 sec
[basecaller_main]     - preprocess: 0.371 sec
[basecaller_main]     - runners: 166.734 sec
[basecaller_main]          - synchronisation: 0.000 sec
[basecaller_main]          - model runner [0]: 166.715 sec
[basecaller_main]             - accept: 4.720 sec
[basecaller_main]             - basecall: 161.995 sec
[basecaller_main]                 - inference: 73.012 sec
[basecaller_main]                     - conv_stack: 2.715 sec
[basecaller_main]                         - input [N,C,T]: [64, 1, 12288]
[basecaller_main]                         - conv[0]: 1.189 sec
[basecaller_main]                             in  [N,C,T]: [64, 1, 12288]
[basecaller_main]                             out [N,C,T]: [64, 16, 12288]
[basecaller_main]                             op: 1.010 sec  act: 0.179 sec
[basecaller_main]                         - conv[1]: 0.809 sec
[basecaller_main]                             in  [N,C,T]: [64, 16, 12288]
[basecaller_main]                             out [N,C,T]: [64, 16, 12288]
[basecaller_main]                             op: 0.678 sec  act: 0.131 sec
[basecaller_main]                         - conv[2]: 0.702 sec
[basecaller_main]                             in  [N,C,T]: [64, 16, 12288]
[basecaller_main]                             out [N,C,T]: [64, 96, 2048]
[basecaller_main]                             op: 0.577 sec  act: 0.125 sec
[basecaller_main]                         - transpose: 0.015 sec
[basecaller_main]                             in  [N,C,T]: [64, 96, 2048]
[basecaller_main]                             out [N,T,C]: [64, 2048, 96]
[basecaller_main]                     - rnns: 10.107 sec
[basecaller_main]                         - rnn[0] (reverse): 2.904 sec
[basecaller_main]                             in  [N,T,C]: [64, 2048, 96]
[basecaller_main]                             out [N,T,C]: [64, 2048, 96]
[basecaller_main]                             flip: 0.135 sec  lstm: 2.768 sec
[basecaller_main]                         - rnn[1] (forward): 1.826 sec
[basecaller_main]                             in  [N,T,C]: [64, 2048, 96]
[basecaller_main]                             out [N,T,C]: [64, 2048, 96]
[basecaller_main]                             flip: 0.134 sec  lstm: 1.692 sec
[basecaller_main]                         - rnn[2] (reverse): 1.764 sec
[basecaller_main]                             in  [N,T,C]: [64, 2048, 96]
[basecaller_main]                             out [N,T,C]: [64, 2048, 96]
[basecaller_main]                             flip: 0.124 sec  lstm: 1.639 sec
[basecaller_main]                         - rnn[3] (forward): 1.746 sec
[basecaller_main]                             in  [N,T,C]: [64, 2048, 96]
[basecaller_main]                             out [N,T,C]: [64, 2048, 96]
[basecaller_main]                             flip: 0.122 sec  lstm: 1.624 sec
[basecaller_main]                         - rnn[4] (reverse): 1.740 sec
[basecaller_main]                             in  [N,T,C]: [64, 2048, 96]
[basecaller_main]                             out [N,T,C]: [64, 2048, 96]
[basecaller_main]                             flip: 0.121 sec  lstm: 1.620 sec
[basecaller_main]                         - rnn_out_flip: 0.128 sec
[basecaller_main]                             out [N,T,C]: [64, 2048, 96]
[basecaller_main]                     - crf_1: 0.436 sec
[basecaller_main]                         in  [N,T,C]: [64, 2048, 96]
[basecaller_main]                         out [N,T,C]: [64, 2048, 256]
[basecaller_main]                     - crf_2: 0.000 sec
[basecaller_main]                     - clamp: 0.078 sec
[basecaller_main]                 - decode: 161.067 sec
[basecaller_main]                     - scores [N,T,C]: [9, 2048, 256]
[basecaller_main]                     - bwd_scan: 3.853 sec
[basecaller_main]                     - beam_search: 67.022 sec
[basecaller_main]                     - fwd_post_scan: 16.135 sec
[basecaller_main]                     - qual_data: 7.851 sec
[basecaller_main]                     - gen_sequence: 5.177 sec
[basecaller_main]                     - d2h_copy: 0.069 sec
[basecaller_main]             - modcall: 0.000 sec
[basecaller_main] load-imbalance: 1598 GPU batches (1598 tail), 102089 real chunks, 102455 padded slots -> 50.1% of 204544 launched GPU slots wasted on padding
[basecaller_main]     - postprocess: 0.277 sec
[basecaller_main]     - mod_preprocess: 0.000 sec
[basecaller_main]     - mod_postprocess: 0.000 sec
[basecaller_main] data output: 0.551 sec
[basecaller_main] data free: 0.078 sec
[main] Version: 0.5.0-beta
[main] CMD: ./slorado basecaller -C 128 -c 12288 -K 4096 -p 150 --overlap-decode=yes --fixed-c-batch=no --flush-threshold=64 -o output_fast_20k_overlap-li-f64-narrow.fastq models/dna_r10.4.1_e8.2_400bps_fast@v5.0.0 test/PGXXXX230339/reads_20k.blow5
[main] Real time: 175.291 sec; CPU time: 45.130 sec; Peak RAM: 4.405 GB

