
slorado base-caller version 0.5.0-beta
model path:         models/dna_r10.4.1_e8.2_400bps_hac@v5.0.0
input path:         test/PGXXXX230339/reads_1k.blow5
output path:        output_hac_1k_overlap-li-f128-narrow.fastq
device:             cuda:all
chunk size:         12288
read batch size:    4096
gpu batch size:     128
no. threads:        8
overlap:            150
overlap decode:     yes
fixed-c batch:      no (narrow partials)
flush threshold:    128

[parse_qscore_params::INFO][1;34m mean_qscore_start_pos not found in config toml, setting default to 60[0m
[basecaller_main::0.670*2.25] 1000 Entries (49.5M bytes) loaded
[basecaller_main::45.515*0.96] 1000 Entries (49.5M bytes) processed

[basecaller_main] total entries: 1000
[basecaller_main] total bytes: 49.5 M
[basecaller_main] model initialization: 0.528 sec
[basecaller_main] data loading: 0.136 sec
[basecaller_main] data processing: 44.845 sec
[basecaller_main]     - parse: 0.368 sec
[basecaller_main]     - preprocess: 0.015 sec
[basecaller_main]     - runners: 44.441 sec
[basecaller_main]          - synchronisation: 0.000 sec
[basecaller_main]          - model runner [0]: 44.440 sec
[basecaller_main]             - accept: 0.143 sec
[basecaller_main]             - basecall: 44.297 sec
[basecaller_main]                 - inference: 44.075 sec
[basecaller_main]                     - conv_stack: 0.713 sec
[basecaller_main]                         - input [N,C,T]: [128, 1, 12288]
[basecaller_main]                         - conv[0]: 0.336 sec
[basecaller_main]                             in  [N,C,T]: [128, 1, 12288]
[basecaller_main]                             out [N,C,T]: [128, 16, 12288]
[basecaller_main]                             op: 0.316 sec  act: 0.020 sec
[basecaller_main]                         - conv[1]: 0.115 sec
[basecaller_main]                             in  [N,C,T]: [128, 16, 12288]
[basecaller_main]                             out [N,C,T]: [128, 16, 12288]
[basecaller_main]                             op: 0.114 sec  act: 0.001 sec
[basecaller_main]                         - conv[2]: 0.262 sec
[basecaller_main]                             in  [N,C,T]: [128, 16, 12288]
[basecaller_main]                             out [N,C,T]: [128, 384, 2048]
[basecaller_main]                             op: 0.174 sec  act: 0.089 sec
[basecaller_main]                         - transpose: 0.000 sec
[basecaller_main]                             in  [N,C,T]: [128, 384, 2048]
[basecaller_main]                             out [N,T,C]: [128, 2048, 384]
[basecaller_main]                     - rnns: 39.945 sec
[basecaller_main]                         - rnn[0] (reverse): 14.511 sec
[basecaller_main]                             in  [N,T,C]: [128, 2048, 384]
[basecaller_main]                             out [N,T,C]: [128, 2048, 384]
[basecaller_main]                             flip: 0.020 sec  lstm: 14.491 sec
[basecaller_main]                         - rnn[1] (forward): 6.362 sec
[basecaller_main]                             in  [N,T,C]: [128, 2048, 384]
[basecaller_main]                             out [N,T,C]: [128, 2048, 384]
[basecaller_main]                             flip: 0.005 sec  lstm: 6.357 sec
[basecaller_main]                         - rnn[2] (reverse): 6.360 sec
[basecaller_main]                             in  [N,T,C]: [128, 2048, 384]
[basecaller_main]                             out [N,T,C]: [128, 2048, 384]
[basecaller_main]                             flip: 0.004 sec  lstm: 6.356 sec
[basecaller_main]                         - rnn[3] (forward): 6.359 sec
[basecaller_main]                             in  [N,T,C]: [128, 2048, 384]
[basecaller_main]                             out [N,T,C]: [128, 2048, 384]
[basecaller_main]                             flip: 0.004 sec  lstm: 6.355 sec
[basecaller_main]                         - rnn[4] (reverse): 6.350 sec
[basecaller_main]                             in  [N,T,C]: [128, 2048, 384]
[basecaller_main]                             out [N,T,C]: [128, 2048, 384]
[basecaller_main]                             flip: 0.004 sec  lstm: 6.346 sec
[basecaller_main]                         - rnn_out_flip: 0.004 sec
[basecaller_main]                             out [N,T,C]: [128, 2048, 384]
[basecaller_main]                     - crf_1: 0.294 sec
[basecaller_main]                         in  [N,T,C]: [128, 2048, 384]
[basecaller_main]                         out [N,T,C]: [128, 2048, 1024]
[basecaller_main]                     - crf_2: 0.000 sec
[basecaller_main]                     - clamp: 0.030 sec
[basecaller_main]                 - decode: 42.064 sec
[basecaller_main]                     - scores [N,T,C]: [108, 2048, 1024]
[basecaller_main]                     - bwd_scan: 0.665 sec
[basecaller_main]                     - beam_search: 2.508 sec
[basecaller_main]                     - fwd_post_scan: 1.754 sec
[basecaller_main]                     - qual_data: 0.345 sec
[basecaller_main]                     - gen_sequence: 0.496 sec
[basecaller_main]                     - d2h_copy: 0.006 sec
[basecaller_main]             - modcall: 0.000 sec
[basecaller_main] load-imbalance: 40 GPU batches (1 tail), 5100 real chunks, 20 padded slots -> 0.4% of 5120 launched GPU slots wasted on padding
[basecaller_main]     - postprocess: 0.021 sec
[basecaller_main]     - mod_preprocess: 0.000 sec
[basecaller_main]     - mod_postprocess: 0.000 sec
[basecaller_main] data output: 0.031 sec
[basecaller_main] data free: 0.010 sec
[main] Version: 0.5.0-beta
[main] CMD: ./slorado basecaller -C 128 -c 12288 -K 4096 -p 150 --overlap-decode=yes --fixed-c-batch=no --flush-threshold=128 -o output_hac_1k_overlap-li-f128-narrow.fastq models/dna_r10.4.1_e8.2_400bps_hac@v5.0.0 test/PGXXXX230339/reads_1k.blow5
[main] Real time: 45.582 sec; CPU time: 43.790 sec; Peak RAM: 4.298 GB

