
slorado base-caller version 0.5.0-beta
model path:         models/dna_r10.4.1_e8.2_400bps_fast@v5.0.0
input path:         test/PGXXXX230339/reads_1k.blow5
output path:        /dev/null
device:             cuda:all
chunk size:         12288
read batch size:    4096
gpu batch size:     128
no. threads:        8
overlap:            150

[parse_qscore_params::INFO][1;34m mean_qscore_start_pos not found in config toml, setting default to 60[0m
[basecaller_main::0.612*2.38] 1000 Entries (49.5M bytes) loaded
[basecaller_main::12.947*0.36] 1000 Entries (49.5M bytes) processed

[basecaller_main] total entries: 1000
[basecaller_main] total bytes: 49.5 M
[basecaller_main] model initialization: 0.550 sec
[basecaller_main] data loading: 0.059 sec
[basecaller_main] data processing: 12.335 sec
[basecaller_main]     - parse: 0.366 sec
[basecaller_main]     - preprocess: 0.019 sec
[basecaller_main]     - runners: 11.933 sec
[basecaller_main]          - synchronisation: 0.000 sec
[basecaller_main]          - model runner [0]: 11.933 sec
[basecaller_main]             - accept: 0.287 sec
[basecaller_main]             - basecall: 11.646 sec
[basecaller_main]                 - inference: 7.680 sec
[basecaller_main]                     - conv_stack: 2.089 sec
[basecaller_main]                         - input [N,C,T]: [128, 1, 12288]
[basecaller_main]                         - conv[0]: 0.860 sec
[basecaller_main]                             in  [N,C,T]: [128, 1, 12288]
[basecaller_main]                             out [N,C,T]: [128, 16, 12288]
[basecaller_main]                             op: 0.725 sec  act: 0.135 sec
[basecaller_main]                         - conv[1]: 0.642 sec
[basecaller_main]                             in  [N,C,T]: [128, 16, 12288]
[basecaller_main]                             out [N,C,T]: [128, 16, 12288]
[basecaller_main]                             op: 0.540 sec  act: 0.101 sec
[basecaller_main]                         - conv[2]: 0.586 sec
[basecaller_main]                             in  [N,C,T]: [128, 16, 12288]
[basecaller_main]                             out [N,C,T]: [128, 96, 2048]
[basecaller_main]                             op: 0.482 sec  act: 0.104 sec
[basecaller_main]                         - transpose: 0.001 sec
[basecaller_main]                             in  [N,C,T]: [128, 96, 2048]
[basecaller_main]                             out [N,T,C]: [128, 2048, 96]
[basecaller_main]                     - rnns: 5.165 sec
[basecaller_main]                         - rnn[0] (reverse): 1.716 sec
[basecaller_main]                             in  [N,T,C]: [128, 2048, 96]
[basecaller_main]                             out [N,T,C]: [128, 2048, 96]
[basecaller_main]                             flip: 0.129 sec  lstm: 1.587 sec
[basecaller_main]                         - rnn[1] (forward): 0.845 sec
[basecaller_main]                             in  [N,T,C]: [128, 2048, 96]
[basecaller_main]                             out [N,T,C]: [128, 2048, 96]
[basecaller_main]                             flip: 0.101 sec  lstm: 0.744 sec
[basecaller_main]                         - rnn[2] (reverse): 0.837 sec
[basecaller_main]                             in  [N,T,C]: [128, 2048, 96]
[basecaller_main]                             out [N,T,C]: [128, 2048, 96]
[basecaller_main]                             flip: 0.100 sec  lstm: 0.736 sec
[basecaller_main]                         - rnn[3] (forward): 0.838 sec
[basecaller_main]                             in  [N,T,C]: [128, 2048, 96]
[basecaller_main]                             out [N,T,C]: [128, 2048, 96]
[basecaller_main]                             flip: 0.101 sec  lstm: 0.737 sec
[basecaller_main]                         - rnn[4] (reverse): 0.831 sec
[basecaller_main]                             in  [N,T,C]: [128, 2048, 96]
[basecaller_main]                             out [N,T,C]: [128, 2048, 96]
[basecaller_main]                             flip: 0.101 sec  lstm: 0.730 sec
[basecaller_main]                         - rnn_out_flip: 0.098 sec
[basecaller_main]                             out [N,T,C]: [128, 2048, 96]
[basecaller_main]                     - crf_1: 0.267 sec
[basecaller_main]                         in  [N,T,C]: [128, 2048, 96]
[basecaller_main]                         out [N,T,C]: [128, 2048, 256]
[basecaller_main]                     - crf_2: 0.000 sec
[basecaller_main]                     - clamp: 0.122 sec
[basecaller_main]                 - decode: 3.698 sec
[basecaller_main]                     - scores [N,T,C]: [128, 2048, 256]
[basecaller_main]                     - bwd_scan: 0.133 sec
[basecaller_main]                     - beam_search: 2.653 sec
[basecaller_main]                     - fwd_post_scan: 0.578 sec
[basecaller_main]                     - qual_data: 0.174 sec
[basecaller_main]                     - gen_sequence: 0.096 sec
[basecaller_main]                     - d2h_copy: 0.019 sec
[basecaller_main]             - modcall: 0.000 sec
[basecaller_main]     - postprocess: 0.017 sec
[basecaller_main]     - mod_preprocess: 0.000 sec
[basecaller_main]     - mod_postprocess: 0.000 sec
[basecaller_main] data output: 0.004 sec
[basecaller_main] data free: 0.009 sec
[main] Version: 0.5.0-beta
[main] CMD: ./slorado basecaller -C 128 -c 12288 -K 4096 -p 150 -o /dev/null models/dna_r10.4.1_e8.2_400bps_fast@v5.0.0 test/PGXXXX230339/reads_1k.blow5
[main] Real time: 12.974 sec; CPU time: 4.658 sec; Peak RAM: 2.609 GB

