
slorado base-caller version 0.5.0-beta
model path:         models/dna_r10.4.1_e8.2_400bps_fast@v5.0.0
input path:         test/PGXXXX230339/reads_20k.blow5
output path:        output_fast_20k_overlap-li-f128-narrow.fastq
device:             cuda:all
chunk size:         12288
read batch size:    4096
gpu batch size:     128
no. threads:        8
overlap:            150
overlap decode:     yes
fixed-c batch:      no (narrow partials)
flush threshold:    128

[parse_qscore_params::INFO][1;34m mean_qscore_start_pos not found in config toml, setting default to 60[0m
[basecaller_main::0.796*1.78] 4096 Entries (201.7M bytes) loaded
[basecaller_main::37.716*0.29] 4096 Entries (201.7M bytes) processed
[basecaller_main::38.402*0.30] 4096 Entries (212.8M bytes) loaded
[basecaller_main::74.585*0.25] 4096 Entries (212.8M bytes) processed
[basecaller_main::75.186*0.26] 4096 Entries (198.2M bytes) loaded
[basecaller_main::109.221*0.24] 4096 Entries (198.2M bytes) processed
[basecaller_main::109.881*0.24] 4096 Entries (203.8M bytes) loaded
[basecaller_main::144.687*0.23] 4096 Entries (203.8M bytes) processed
[basecaller_main::145.291*0.23] 3616 Entries (181.5M bytes) loaded
[basecaller_main::176.240*0.23] 3616 Entries (181.5M bytes) processed

[basecaller_main] total entries: 20000
[basecaller_main] total bytes: 998.1 M
[basecaller_main] model initialization: 0.201 sec
[basecaller_main] data loading: 2.714 sec
[basecaller_main] data processing: 172.892 sec
[basecaller_main]     - parse: 4.352 sec
[basecaller_main]     - preprocess: 0.388 sec
[basecaller_main]     - runners: 167.872 sec
[basecaller_main]          - synchronisation: 0.000 sec
[basecaller_main]          - model runner [0]: 167.857 sec
[basecaller_main]             - accept: 4.518 sec
[basecaller_main]             - basecall: 163.340 sec
[basecaller_main]                 - inference: 83.225 sec
[basecaller_main]                     - conv_stack: 1.713 sec
[basecaller_main]                         - input [N,C,T]: [128, 1, 12288]
[basecaller_main]                         - conv[0]: 0.840 sec
[basecaller_main]                             in  [N,C,T]: [128, 1, 12288]
[basecaller_main]                             out [N,C,T]: [128, 16, 12288]
[basecaller_main]                             op: 0.726 sec  act: 0.114 sec
[basecaller_main]                         - conv[1]: 0.475 sec
[basecaller_main]                             in  [N,C,T]: [128, 16, 12288]
[basecaller_main]                             out [N,C,T]: [128, 16, 12288]
[basecaller_main]                             op: 0.409 sec  act: 0.066 sec
[basecaller_main]                         - conv[2]: 0.391 sec
[basecaller_main]                             in  [N,C,T]: [128, 16, 12288]
[basecaller_main]                             out [N,C,T]: [128, 96, 2048]
[basecaller_main]                             op: 0.328 sec  act: 0.063 sec
[basecaller_main]                         - transpose: 0.009 sec
[basecaller_main]                             in  [N,C,T]: [128, 96, 2048]
[basecaller_main]                             out [N,T,C]: [128, 2048, 96]
[basecaller_main]                     - rnns: 7.552 sec
[basecaller_main]                         - rnn[0] (reverse): 2.850 sec
[basecaller_main]                             in  [N,T,C]: [128, 2048, 96]
[basecaller_main]                             out [N,T,C]: [128, 2048, 96]
[basecaller_main]                             flip: 0.102 sec  lstm: 2.749 sec
[basecaller_main]                         - rnn[1] (forward): 1.193 sec
[basecaller_main]                             in  [N,T,C]: [128, 2048, 96]
[basecaller_main]                             out [N,T,C]: [128, 2048, 96]
[basecaller_main]                             flip: 0.068 sec  lstm: 1.125 sec
[basecaller_main]                         - rnn[2] (reverse): 1.155 sec
[basecaller_main]                             in  [N,T,C]: [128, 2048, 96]
[basecaller_main]                             out [N,T,C]: [128, 2048, 96]
[basecaller_main]                             flip: 0.062 sec  lstm: 1.093 sec
[basecaller_main]                         - rnn[3] (forward): 1.149 sec
[basecaller_main]                             in  [N,T,C]: [128, 2048, 96]
[basecaller_main]                             out [N,T,C]: [128, 2048, 96]
[basecaller_main]                             flip: 0.061 sec  lstm: 1.088 sec
[basecaller_main]                         - rnn[4] (reverse): 1.141 sec
[basecaller_main]                             in  [N,T,C]: [128, 2048, 96]
[basecaller_main]                             out [N,T,C]: [128, 2048, 96]
[basecaller_main]                             flip: 0.060 sec  lstm: 1.080 sec
[basecaller_main]                         - rnn_out_flip: 0.064 sec
[basecaller_main]                             out [N,T,C]: [128, 2048, 96]
[basecaller_main]                     - crf_1: 0.247 sec
[basecaller_main]                         in  [N,T,C]: [128, 2048, 96]
[basecaller_main]                         out [N,T,C]: [128, 2048, 256]
[basecaller_main]                     - crf_2: 0.000 sec
[basecaller_main]                     - clamp: 0.040 sec
[basecaller_main]                 - decode: 162.328 sec
[basecaller_main]                     - scores [N,T,C]: [9, 2048, 256]
[basecaller_main]                     - bwd_scan: 2.402 sec
[basecaller_main]                     - beam_search: 54.600 sec
[basecaller_main]                     - fwd_post_scan: 15.910 sec
[basecaller_main]                     - qual_data: 5.337 sec
[basecaller_main]                     - gen_sequence: 8.517 sec
[basecaller_main]                     - d2h_copy: 0.050 sec
[basecaller_main]             - modcall: 0.000 sec
[basecaller_main] load-imbalance: 800 GPU batches (5 tail), 102089 real chunks, 311 padded slots -> 0.3% of 102400 launched GPU slots wasted on padding
[basecaller_main]     - postprocess: 0.280 sec
[basecaller_main]     - mod_preprocess: 0.000 sec
[basecaller_main]     - mod_postprocess: 0.000 sec
[basecaller_main] data output: 0.511 sec
[basecaller_main] data free: 0.072 sec
[main] Version: 0.5.0-beta
[main] CMD: ./slorado basecaller -C 128 -c 12288 -K 4096 -p 150 --overlap-decode=yes --fixed-c-batch=no --flush-threshold=128 -o output_fast_20k_overlap-li-f128-narrow.fastq models/dna_r10.4.1_e8.2_400bps_fast@v5.0.0 test/PGXXXX230339/reads_20k.blow5
[main] Real time: 176.410 sec; CPU time: 40.448 sec; Peak RAM: 5.473 GB

