
slorado base-caller version 0.5.0-beta
model path:         models/dna_r10.4.1_e8.2_400bps_fast@v5.0.0
input path:         test/PGXXXX230339/reads_20k.blow5
output path:        /dev/null
device:             cuda:all
chunk size:         12288
read batch size:    4096
gpu batch size:     128
no. threads:        8
overlap:            150
overlap decode:     no

[parse_qscore_params::INFO][1;34m mean_qscore_start_pos not found in config toml, setting default to 60[0m
[basecaller_main::0.761*1.81] 4096 Entries (201.7M bytes) loaded
[basecaller_main::43.264*0.25] 4096 Entries (201.7M bytes) processed
[basecaller_main::43.809*0.25] 4096 Entries (212.8M bytes) loaded
[basecaller_main::86.645*0.22] 4096 Entries (212.8M bytes) processed
[basecaller_main::87.150*0.22] 4096 Entries (198.2M bytes) loaded
[basecaller_main::127.249*0.21] 4096 Entries (198.2M bytes) processed
[basecaller_main::127.771*0.21] 4096 Entries (203.8M bytes) loaded
[basecaller_main::168.803*0.21] 4096 Entries (203.8M bytes) processed
[basecaller_main::169.266*0.21] 3616 Entries (181.5M bytes) loaded
[basecaller_main::205.999*0.20] 3616 Entries (181.5M bytes) processed

[basecaller_main] total entries: 20000
[basecaller_main] total bytes: 998.1 M
[basecaller_main] model initialization: 0.194 sec
[basecaller_main] data loading: 2.486 sec
[basecaller_main] data processing: 203.203 sec
[basecaller_main]     - parse: 3.950 sec
[basecaller_main]     - preprocess: 0.347 sec
[basecaller_main]     - runners: 198.634 sec
[basecaller_main]          - synchronisation: 0.000 sec
[basecaller_main]          - model runner [0]: 198.628 sec
[basecaller_main]             - accept: 5.379 sec
[basecaller_main]             - basecall: 193.249 sec
[basecaller_main]                 - inference: 126.371 sec
[basecaller_main]                     - conv_stack: 28.535 sec
[basecaller_main]                         - input [N,C,T]: [128, 1, 12288]
[basecaller_main]                         - conv[0]: 7.312 sec
[basecaller_main]                             in  [N,C,T]: [128, 1, 12288]
[basecaller_main]                             out [N,C,T]: [128, 16, 12288]
[basecaller_main]                             op: 5.459 sec  act: 1.853 sec
[basecaller_main]                         - conv[1]: 10.352 sec
[basecaller_main]                             in  [N,C,T]: [128, 16, 12288]
[basecaller_main]                             out [N,C,T]: [128, 16, 12288]
[basecaller_main]                             op: 8.516 sec  act: 1.835 sec
[basecaller_main]                         - conv[2]: 10.851 sec
[basecaller_main]                             in  [N,C,T]: [128, 16, 12288]
[basecaller_main]                             out [N,C,T]: [128, 96, 2048]
[basecaller_main]                             op: 9.016 sec  act: 1.835 sec
[basecaller_main]                         - transpose: 0.020 sec
[basecaller_main]                             in  [N,C,T]: [128, 96, 2048]
[basecaller_main]                             out [N,T,C]: [128, 2048, 96]
[basecaller_main]                     - rnns: 89.895 sec
[basecaller_main]                         - rnn[0] (reverse): 21.872 sec
[basecaller_main]                             in  [N,T,C]: [128, 2048, 96]
[basecaller_main]                             out [N,T,C]: [128, 2048, 96]
[basecaller_main]                             flip: 2.013 sec  lstm: 19.858 sec
[basecaller_main]                         - rnn[1] (forward): 16.561 sec
[basecaller_main]                             in  [N,T,C]: [128, 2048, 96]
[basecaller_main]                             out [N,T,C]: [128, 2048, 96]
[basecaller_main]                             flip: 1.985 sec  lstm: 14.576 sec
[basecaller_main]                         - rnn[2] (reverse): 16.517 sec
[basecaller_main]                             in  [N,T,C]: [128, 2048, 96]
[basecaller_main]                             out [N,T,C]: [128, 2048, 96]
[basecaller_main]                             flip: 1.975 sec  lstm: 14.542 sec
[basecaller_main]                         - rnn[3] (forward): 16.456 sec
[basecaller_main]                             in  [N,T,C]: [128, 2048, 96]
[basecaller_main]                             out [N,T,C]: [128, 2048, 96]
[basecaller_main]                             flip: 1.956 sec  lstm: 14.499 sec
[basecaller_main]                         - rnn[4] (reverse): 16.526 sec
[basecaller_main]                             in  [N,T,C]: [128, 2048, 96]
[basecaller_main]                             out [N,T,C]: [128, 2048, 96]
[basecaller_main]                             flip: 1.962 sec  lstm: 14.564 sec
[basecaller_main]                         - rnn_out_flip: 1.964 sec
[basecaller_main]                             out [N,T,C]: [128, 2048, 96]
[basecaller_main]                     - crf_1: 4.926 sec
[basecaller_main]                         in  [N,T,C]: [128, 2048, 96]
[basecaller_main]                         out [N,T,C]: [128, 2048, 256]
[basecaller_main]                     - crf_2: 0.000 sec
[basecaller_main]                     - clamp: 2.343 sec
[basecaller_main]                 - decode: 66.846 sec
[basecaller_main]                     - scores [N,T,C]: [128, 2048, 256]
[basecaller_main]                     - bwd_scan: 2.417 sec
[basecaller_main]                     - beam_search: 46.898 sec
[basecaller_main]                     - fwd_post_scan: 11.365 sec
[basecaller_main]                     - qual_data: 3.320 sec
[basecaller_main]                     - gen_sequence: 2.117 sec
[basecaller_main]                     - d2h_copy: 0.069 sec
[basecaller_main]             - modcall: 0.000 sec
[basecaller_main]     - postprocess: 0.271 sec
[basecaller_main]     - mod_preprocess: 0.000 sec
[basecaller_main]     - mod_postprocess: 0.000 sec
[basecaller_main] data output: 0.123 sec
[basecaller_main] data free: 0.083 sec
[main] Version: 0.5.0-beta
[main] CMD: ./slorado basecaller -C 128 -c 12288 -K 4096 -p 150 --overlap-decode=no -o /dev/null models/dna_r10.4.1_e8.2_400bps_fast@v5.0.0 test/PGXXXX230339/reads_20k.blow5
[main] Real time: 206.102 sec; CPU time: 41.689 sec; Peak RAM: 4.535 GB

