08-11-2026 20:53:36 RAM 2037/7607MB (lfb 168x4MB) SWAP 1403/16384MB (cached 132MB) CPU [4%@729,1%@729,6%@1036,1%@1036,0%@729,0%@729] GR3D_FREQ 0% cpu@55.812C soc2@55.218C soc0@56.718C gpu@55.687C tj@56.812C soc1@56.281C VDD_IN 5176mW/5176mW VDD_CPU_GPU_CV 641mW/641mW VDD_SOC 1482mW/1482mW
08-11-2026 20:53:37 RAM 2264/7607MB (lfb 168x4MB) SWAP 1403/16384MB (cached 132MB) CPU [14%@1113,11%@1113,31%@1113,57%@1113,7%@729,6%@729] GR3D_FREQ 0% cpu@56.218C soc2@55.062C soc0@56.781C gpu@55.687C tj@56.781C soc1@56.281C VDD_IN 5880mW/5528mW VDD_CPU_GPU_CV 1118mW/880mW VDD_SOC 1520mW/1501mW
08-11-2026 20:53:38 RAM 2834/7607MB (lfb 168x4MB) SWAP 1403/16384MB (cached 132MB) CPU [33%@1190,42%@1190,48%@1190,34%@1190,33%@1267,40%@1267] GR3D_FREQ 0% cpu@56.468C soc2@55.093C soc0@56.468C gpu@55.625C tj@56.468C soc1@56.093C VDD_IN 6589mW/5882mW VDD_CPU_GPU_CV 1674mW/1144mW VDD_SOC 1557mW/1520mW
08-11-2026 20:53:39 RAM 3573/7607MB (lfb 131x4MB) SWAP 1403/16384MB (cached 132MB) CPU [51%@1344,64%@1344,55%@1344,53%@1344,59%@729,61%@729] GR3D_FREQ 0% cpu@56.281C soc2@54.968C soc0@56.343C gpu@55.531C tj@56.343C soc1@56.093C VDD_IN 6868mW/6128mW VDD_CPU_GPU_CV 1794mW/1307mW VDD_SOC 1597mW/1539mW
08-11-2026 20:53:40 RAM 4539/7607MB (lfb 70x4MB) SWAP 1403/16384MB (cached 132MB) CPU [4%@729,62%@729,3%@729,2%@729,0%@729,0%@729] GR3D_FREQ 95% cpu@55.843C soc2@55C soc0@56.343C gpu@56.375C tj@56.375C soc1@55.937C VDD_IN 8452mW/6593mW VDD_CPU_GPU_CV 2742mW/1594mW VDD_SOC 1910mW/1613mW
08-11-2026 20:53:41 RAM 4540/7607MB (lfb 69x4MB) SWAP 1403/16384MB (cached 132MB) CPU [3%@729,6%@729,0%@729,5%@729,0%@729,0%@729] GR3D_FREQ 99% cpu@56.093C soc2@55.312C soc0@56.625C gpu@57.031C tj@57.031C soc1@55.968C VDD_IN 12241mW/7534mW VDD_CPU_GPU_CV 5251mW/2203mW VDD_SOC 2614mW/1780mW
08-11-2026 20:53:42 RAM 4543/7607MB (lfb 69x4MB) SWAP 1403/16384MB (cached 132MB) CPU [3%@729,10%@729,2%@729,2%@729,0%@729,0%@729] GR3D_FREQ 99% cpu@56.562C soc2@55.562C soc0@56.531C gpu@57.406C tj@57.406C soc1@56.062C VDD_IN 13289mW/8356mW VDD_CPU_GPU_CV 5598mW/2688mW VDD_SOC 3203mW/1983mW
08-11-2026 20:53:43 RAM 4545/7607MB (lfb 70x4MB) SWAP 1403/16384MB (cached 132MB) CPU [4%@729,1%@729,4%@729,9%@729,0%@729,0%@729] GR3D_FREQ 99% cpu@56.562C soc2@55.718C soc0@56.718C gpu@57.437C tj@57.437C soc1@56.125C VDD_IN 13447mW/8993mW VDD_CPU_GPU_CV 5637mW/3057mW VDD_SOC 3361mW/2156mW
08-11-2026 20:53:44 RAM 4552/7607MB (lfb 70x4MB) SWAP 1403/16384MB (cached 132MB) CPU [16%@1267,10%@1267,6%@1267,7%@1267,0%@729,0%@729] GR3D_FREQ 61% cpu@57.125C soc2@55.906C soc0@56.781C gpu@57.562C tj@57.562C soc1@56.25C VDD_IN 13882mW/9536mW VDD_CPU_GPU_CV 5825mW/3364mW VDD_SOC 3553mW/2311mW
08-11-2026 20:53:45 RAM 4551/7607MB (lfb 70x4MB) SWAP 1403/16384MB (cached 132MB) CPU [5%@729,4%@729,8%@729,1%@729,0%@729,0%@729] GR3D_FREQ 74% cpu@56.781C soc2@55.968C soc0@56.906C gpu@57.75C tj@57.75C soc1@56.125C VDD_IN 13764mW/9959mW VDD_CPU_GPU_CV 5677mW/3596mW VDD_SOC 3593mW/2439mW
08-11-2026 20:53:46 RAM 4554/7607MB (lfb 70x4MB) SWAP 1403/16384MB (cached 132MB) CPU [12%@729,1%@729,1%@729,1%@729,0%@729,0%@729] GR3D_FREQ 96% cpu@56.906C soc2@55.968C soc0@57.031C gpu@57.812C tj@57.812C soc1@56.156C VDD_IN 14001mW/10326mW VDD_CPU_GPU_CV 5785mW/3795mW VDD_SOC 3632mW/2547mW
08-11-2026 20:53:47 RAM 4555/7607MB (lfb 70x4MB) SWAP 1403/16384MB (cached 132MB) CPU [2%@729,2%@729,8%@729,2%@729,0%@729,0%@729] GR3D_FREQ 99% cpu@57.187C soc2@56.062C soc0@56.875C gpu@57.968C tj@57.968C soc1@56.218C VDD_IN 14120mW/10642mW VDD_CPU_GPU_CV 5864mW/3967mW VDD_SOC 3632mW/2638mW
08-11-2026 20:53:48 RAM 4558/7607MB (lfb 69x4MB) SWAP 1403/16384MB (cached 132MB) CPU [3%@729,4%@729,6%@729,2%@729,2%@729,0%@729] GR3D_FREQ 96% cpu@56.968C soc2@56.093C soc0@56.968C gpu@57.937C tj@58.031C soc1@56.406C VDD_IN 14040mW/10904mW VDD_CPU_GPU_CV 5785mW/4107mW VDD_SOC 3632mW/2714mW
08-11-2026 20:53:49 RAM 4560/7607MB (lfb 69x4MB) SWAP 1403/16384MB (cached 132MB) CPU [1%@729,3%@729,1%@729,1%@729,7%@729,4%@729] GR3D_FREQ 91% cpu@57.312C soc2@56.125C soc0@57.062C gpu@58.218C tj@58.218C soc1@56.531C VDD_IN 14159mW/11136mW VDD_CPU_GPU_CV 5904mW/4235mW VDD_SOC 3672mW/2783mW
08-11-2026 20:53:50 RAM 4562/7607MB (lfb 70x4MB) SWAP 1403/16384MB (cached 132MB) CPU [2%@729,2%@729,3%@729,1%@729,0%@729,7%@729] GR3D_FREQ 88% cpu@56.968C soc2@56.093C soc0@57.187C gpu@58.343C tj@58.343C soc1@56.375C VDD_IN 14278mW/11346mW VDD_CPU_GPU_CV 5943mW/4349mW VDD_SOC 3672mW/2842mW
08-11-2026 20:53:51 RAM 4566/7607MB (lfb 69x4MB) SWAP 1402/16384MB (cached 132MB) CPU [6%@729,8%@729,17%@729,4%@729,0%@729,8%@729] GR3D_FREQ 89% cpu@57.187C soc2@56.187C soc0@57.031C gpu@58.437C tj@58.437C soc1@56.406C VDD_IN 14294mW/11530mW VDD_CPU_GPU_CV 6061mW/4456mW VDD_SOC 3672mW/2894mW
08-11-2026 20:53:52 RAM 4567/7607MB (lfb 69x4MB) SWAP 1402/16384MB (cached 132MB) CPU [2%@729,1%@729,1%@729,3%@729,9%@729,0%@729] GR3D_FREQ 97% cpu@57.312C soc2@56.25C soc0@57.062C gpu@58.312C tj@58.312C soc1@56.5C VDD_IN 14294mW/11693mW VDD_CPU_GPU_CV 5982mW/4546mW VDD_SOC 3672mW/2940mW
08-11-2026 20:53:53 RAM 4569/7607MB (lfb 70x4MB) SWAP 1402/16384MB (cached 132MB) CPU [2%@729,2%@729,2%@729,1%@729,9%@729,0%@729] GR3D_FREQ 98% cpu@56.937C soc2@56.281C soc0@57.156C gpu@58.312C tj@58.312C soc1@56.593C VDD_IN 14199mW/11832mW VDD_CPU_GPU_CV 5943mW/4624mW VDD_SOC 3632mW/2978mW
08-11-2026 20:53:54 RAM 4571/7607MB (lfb 70x4MB) SWAP 1402/16384MB (cached 132MB) CPU [2%@729,1%@729,1%@729,2%@729,7%@729,0%@729] GR3D_FREQ 99% cpu@56.937C soc2@56.25C soc0@57.312C gpu@58.312C tj@58.312C soc1@56.468C VDD_IN 14120mW/11952mW VDD_CPU_GPU_CV 5904mW/4691mW VDD_SOC 3632mW/3013mW
08-11-2026 20:53:55 RAM 4573/7607MB (lfb 69x4MB) SWAP 1402/16384MB (cached 132MB) CPU [2%@729,1%@729,0%@729,2%@729,6%@729,2%@729] GR3D_FREQ 99% cpu@57.125C soc2@56.187C soc0@57.25C gpu@58.093C tj@58.093C soc1@56.5C VDD_IN 14001mW/12055mW VDD_CPU_GPU_CV 5864mW/4750mW VDD_SOC 3593mW/3042mW
08-11-2026 20:53:56 RAM 4575/7607MB (lfb 69x4MB) SWAP 1402/16384MB (cached 132MB) CPU [2%@729,2%@729,2%@729,1%@729,8%@729,1%@729] GR3D_FREQ 99% cpu@57.125C soc2@56.281C soc0@57.156C gpu@57.937C tj@57.937C soc1@56.593C VDD_IN 13843mW/12140mW VDD_CPU_GPU_CV 5755mW/4797mW VDD_SOC 3553mW/3066mW
08-11-2026 20:53:57 RAM 4576/7607MB (lfb 70x4MB) SWAP 1402/16384MB (cached 132MB) CPU [5%@729,4%@729,3%@729,8%@729,10%@729,0%@729] GR3D_FREQ 99% cpu@57.468C soc2@56.281C soc0@57.156C gpu@57.562C tj@57.562C soc1@56.656C VDD_IN 13843mW/12217mW VDD_CPU_GPU_CV 5746mW/4841mW VDD_SOC 3553mW/3088mW
08-11-2026 20:53:58 RAM 4579/7607MB (lfb 70x4MB) SWAP 1402/16384MB (cached 132MB) CPU [3%@729,3%@729,6%@729,9%@729,10%@729,0%@729] GR3D_FREQ 51% cpu@57.031C soc2@56.281C soc0@57.281C gpu@57.75C tj@57.75C soc1@56.656C VDD_IN 13605mW/12278mW VDD_CPU_GPU_CV 5598mW/4874mW VDD_SOC 3553mW/3108mW
08-11-2026 20:53:59 RAM 4581/7607MB (lfb 69x4MB) SWAP 1402/16384MB (cached 132MB) CPU [2%@729,2%@729,2%@729,1%@729,8%@729,0%@729] GR3D_FREQ 80% cpu@57.343C soc2@56.281C soc0@57.406C gpu@58.093C tj@58.093C soc1@56.562C VDD_IN 13843mW/12343mW VDD_CPU_GPU_CV 5707mW/4908mW VDD_SOC 3593mW/3128mW
08-11-2026 20:54:00 RAM 4583/7607MB (lfb 69x4MB) SWAP 1402/16384MB (cached 132MB) CPU [1%@729,2%@729,2%@729,2%@729,6%@729,2%@729] GR3D_FREQ 95% cpu@57.406C soc2@56.375C soc0@57.218C gpu@58.031C tj@58.031C soc1@56.593C VDD_IN 13843mW/12403mW VDD_CPU_GPU_CV 5707mW/4940mW VDD_SOC 3593mW/3147mW
08-11-2026 20:54:01 RAM 4584/7607MB (lfb 70x4MB) SWAP 1402/16384MB (cached 132MB) CPU [3%@729,2%@729,1%@729,0%@729,3%@729,6%@729] GR3D_FREQ 95% cpu@57.718C soc2@56.312C soc0@57.281C gpu@58.343C tj@58.343C soc1@56.593C VDD_IN 13922mW/12461mW VDD_CPU_GPU_CV 5785mW/4973mW VDD_SOC 3632mW/3166mW
08-11-2026 20:54:02 RAM 4586/7607MB (lfb 70x4MB) SWAP 1402/16384MB (cached 132MB) CPU [1%@729,2%@729,2%@729,1%@729,7%@729,2%@729] GR3D_FREQ 90% cpu@57.531C soc2@56.343C soc0@57.375C gpu@58.437C tj@58.437C soc1@56.75C VDD_IN 13961mW/12517mW VDD_CPU_GPU_CV 5825mW/5004mW VDD_SOC 3632mW/3183mW
08-11-2026 20:54:03 RAM 4588/7607MB (lfb 69x4MB) SWAP 1402/16384MB (cached 132MB) CPU [2%@729,1%@729,1%@729,1%@729,0%@729,9%@729] GR3D_FREQ 91% cpu@57.25C soc2@56.437C soc0@57.437C gpu@58.5C tj@58.5C soc1@56.625C VDD_IN 14159mW/12575mW VDD_CPU_GPU_CV 5904mW/5036mW VDD_SOC 3672mW/3200mW
08-11-2026 20:54:04 RAM 4592/7607MB (lfb 70x4MB) SWAP 1402/16384MB (cached 132MB) CPU [7%@729,6%@729,12%@729,7%@729,0%@729,10%@729] GR3D_FREQ 99% cpu@57.343C soc2@56.531C soc0@57.562C gpu@58.437C tj@58.437C soc1@56.625C VDD_IN 14334mW/12636mW VDD_CPU_GPU_CV 6061mW/5072mW VDD_SOC 3672mW/3217mW
08-11-2026 20:54:05 RAM 4594/7607MB (lfb 70x4MB) SWAP 1402/16384MB (cached 132MB) CPU [2%@729,3%@729,1%@729,0%@729,0%@729,8%@729] GR3D_FREQ 98% cpu@57.656C soc2@56.468C soc0@57.375C gpu@58.5C tj@58.5C soc1@56.656C VDD_IN 14373mW/12694mW VDD_CPU_GPU_CV 6022mW/5103mW VDD_SOC 3751mW/3234mW
08-11-2026 20:54:06 RAM 4596/7607MB (lfb 69x4MB) SWAP 1402/16384MB (cached 132MB) CPU [2%@729,1%@729,2%@729,1%@729,0%@729,8%@729] GR3D_FREQ 99% cpu@57.562C soc2@56.406C soc0@57.375C gpu@58.75C tj@58.75C soc1@56.812C VDD_IN 14255mW/12744mW VDD_CPU_GPU_CV 5982mW/5132mW VDD_SOC 3672mW/3249mW
08-11-2026 20:54:07 RAM 4598/7607MB (lfb 69x4MB) SWAP 1402/16384MB (cached 132MB) CPU [0%@729,1%@729,2%@729,1%@729,0%@729,11%@729] GR3D_FREQ 99% cpu@57.5C soc2@56.5C soc0@57.468C gpu@58.281C tj@58.281C soc1@56.875C VDD_IN 14120mW/12787mW VDD_CPU_GPU_CV 5904mW/5156mW VDD_SOC 3632mW/3261mW
08-11-2026 20:54:08 RAM 4600/7607MB (lfb 70x4MB) SWAP 1402/16384MB (cached 132MB) CPU [3%@729,1%@729,2%@729,2%@729,0%@729,9%@729] GR3D_FREQ 99% cpu@57.156C soc2@56.5C soc0@57.437C gpu@58.093C tj@58.093C soc1@56.781C VDD_IN 13922mW/12822mW VDD_CPU_GPU_CV 5825mW/5176mW VDD_SOC 3593mW/3271mW
08-11-2026 20:54:09 RAM 4602/7607MB (lfb 70x4MB) SWAP 1402/16384MB (cached 132MB) CPU [3%@729,2%@729,2%@729,1%@729,0%@729,9%@729] GR3D_FREQ 99% cpu@57.312C soc2@56.687C soc0@57.562C gpu@58C tj@58C soc1@56.75C VDD_IN 13764mW/12849mW VDD_CPU_GPU_CV 5716mW/5192mW VDD_SOC 3553mW/3279mW
08-11-2026 20:54:10 RAM 4604/7607MB (lfb 69x4MB) SWAP 1402/16384MB (cached 132MB) CPU [1%@1190,4%@1190,5%@1190,3%@1190,0%@729,9%@729] GR3D_FREQ 60% cpu@57.593C soc2@56.468C soc0@57.375C gpu@57.937C tj@57.937C soc1@56.843C VDD_IN 13684mW/12873mW VDD_CPU_GPU_CV 5637mW/5205mW VDD_SOC 3514mW/3286mW
08-11-2026 20:54:11 RAM 4607/7607MB (lfb 70x4MB) SWAP 1402/16384MB (cached 132MB) CPU [5%@729,11%@729,10%@729,4%@729,0%@729,11%@729] GR3D_FREQ 50% cpu@57.781C soc2@56.625C soc0@57.625C gpu@58.25C tj@58.25C soc1@56.812C VDD_IN 13724mW/12897mW VDD_CPU_GPU_CV 5677mW/5218mW VDD_SOC 3553mW/3293mW
08-11-2026 20:54:12 RAM 4608/7607MB (lfb 70x4MB) SWAP 1402/16384MB (cached 132MB) CPU [1%@729,2%@729,1%@729,1%@729,0%@729,9%@729] GR3D_FREQ 96% cpu@57.656C soc2@56.625C soc0@57.406C gpu@58.375C tj@58.375C soc1@56.875C VDD_IN 13764mW/12920mW VDD_CPU_GPU_CV 5677mW/5230mW VDD_SOC 3593mW/3301mW
08-11-2026 20:54:13 RAM 4611/7607MB (lfb 69x4MB) SWAP 1402/16384MB (cached 132MB) CPU [2%@729,1%@729,2%@729,2%@729,0%@729,8%@729] GR3D_FREQ 98% cpu@57.437C soc2@56.687C soc0@57.531C gpu@58.562C tj@58.562C soc1@56.718C VDD_IN 13803mW/12944mW VDD_CPU_GPU_CV 5667mW/5242mW VDD_SOC 3632mW/3310mW
08-11-2026 20:54:15 RAM 4613/7607MB (lfb 69x4MB) SWAP 1402/16384MB (cached 132MB) CPU [4%@729,2%@729,2%@729,1%@729,0%@729,10%@729] GR3D_FREQ 96% cpu@57.593C soc2@56.656C soc0@57.687C gpu@58.75C tj@58.75C soc1@56.781C VDD_IN 13961mW/12970mW VDD_CPU_GPU_CV 5746mW/5255mW VDD_SOC 3632mW/3318mW
08-11-2026 20:54:16 RAM 4614/7607MB (lfb 69x4MB) SWAP 1402/16384MB (cached 132MB) CPU [1%@729,1%@729,1%@729,6%@729,0%@729,6%@729] GR3D_FREQ 99% cpu@57.625C soc2@56.531C soc0@57.531C gpu@58.812C tj@58.812C soc1@56.843C VDD_IN 14001mW/12995mW VDD_CPU_GPU_CV 5785mW/5268mW VDD_SOC 3632mW/3326mW
08-11-2026 20:54:17 RAM 4614/7607MB (lfb 69x4MB) SWAP 1402/16384MB (cached 132MB) CPU [4%@729,2%@1344,3%@1344,8%@1344,0%@729,0%@729] GR3D_FREQ 91% cpu@57.968C soc2@56.625C soc0@57.562C gpu@58.875C tj@58.875C soc1@56.875C VDD_IN 14199mW/13025mW VDD_CPU_GPU_CV 5904mW/5283mW VDD_SOC 3672mW/3334mW
08-11-2026 20:54:18 RAM 4617/7607MB (lfb 70x4MB) SWAP 1402/16384MB (cached 132MB) CPU [10%@729,18%@729,5%@729,9%@729,0%@729,0%@729] GR3D_FREQ 91% cpu@57.75C soc2@56.656C soc0@57.625C gpu@59C tj@59C soc1@57C VDD_IN 14334mW/13056mW VDD_CPU_GPU_CV 6061mW/5302mW VDD_SOC 3672mW/3342mW
08-11-2026 20:54:19 RAM 4619/7607MB (lfb 70x4MB) SWAP 1402/16384MB (cached 132MB) CPU [3%@729,6%@729,2%@729,3%@729,0%@729,0%@729] GR3D_FREQ 91% cpu@57.593C soc2@56.781C soc0@57.75C gpu@59C tj@59C soc1@56.843C VDD_IN 14255mW/13084mW VDD_CPU_GPU_CV 5982mW/5318mW VDD_SOC 3672mW/3350mW
08-11-2026 20:54:20 RAM 4619/7607MB (lfb 70x4MB) SWAP 1402/16384MB (cached 132MB) CPU [9%@729,1%@729,1%@729,1%@729,0%@729,0%@729] GR3D_FREQ 99% cpu@57.593C soc2@56.781C soc0@57.75C gpu@58.625C tj@58.625C soc1@56.875C VDD_IN 14334mW/13112mW VDD_CPU_GPU_CV 6022mW/5334mW VDD_SOC 3711mW/3358mW
08-11-2026 20:54:21 RAM 4705/7607MB (lfb 70x4MB) SWAP 1402/16384MB (cached 132MB) CPU [10%@1113,7%@1113,11%@1113,8%@1113,2%@729,9%@729] GR3D_FREQ 0% cpu@57.343C soc2@56.281C soc0@57.5C gpu@57.093C tj@57.5C soc1@56.937C VDD_IN 9116mW/13023mW VDD_CPU_GPU_CV 2976mW/5281mW VDD_SOC 2424mW/3338mW
08-11-2026 20:54:22 RAM 5139/7607MB (lfb 69x4MB) SWAP 1402/16384MB (cached 132MB) CPU [70%@1190,72%@1190,73%@1190,69%@1190,69%@1344,69%@1344] GR3D_FREQ 12% cpu@57.562C soc2@56.093C soc0@57.218C gpu@56.593C tj@57.562C soc1@56.812C VDD_IN 7735mW/12908mW VDD_CPU_GPU_CV 2468mW/5220mW VDD_SOC 1714mW/3302mW
08-11-2026 20:54:23 RAM 5133/7607MB (lfb 69x4MB) SWAP 1402/16384MB (cached 132MB) CPU [8%@729,9%@729,11%@729,13%@729,6%@729,7%@729] GR3D_FREQ 97% cpu@56.968C soc2@56.187C soc0@57.343C gpu@57.781C tj@57.781C soc1@56.625C VDD_IN 12062mW/12890mW VDD_CPU_GPU_CV 4936mW/5214mW VDD_SOC 2773mW/3291mW
08-11-2026 20:54:24 RAM 5133/7607MB (lfb 69x4MB) SWAP 1402/16384MB (cached 132MB) CPU [1%@729,1%@729,8%@729,4%@729,0%@729,0%@729] GR3D_FREQ 98% cpu@57.375C soc2@56.375C soc0@57.437C gpu@58C tj@58C soc1@56.687C VDD_IN 13210mW/12897mW VDD_CPU_GPU_CV 5558mW/5221mW VDD_SOC 3203mW/3289mW
08-11-2026 20:54:25 RAM 5138/7607MB (lfb 69x4MB) SWAP 1402/16384MB (cached 132MB) CPU [12%@729,10%@729,17%@729,6%@729,0%@729,0%@729] GR3D_FREQ 98% cpu@57.593C soc2@56.437C soc0@57.406C gpu@58.25C tj@58.25C soc1@56.781C VDD_IN 13803mW/12916mW VDD_CPU_GPU_CV 5755mW/5232mW VDD_SOC 3514mW/3294mW
08-11-2026 20:54:26 RAM 5138/7607MB (lfb 69x4MB) SWAP 1402/16384MB (cached 132MB) CPU [3%@729,10%@729,2%@729,2%@729,0%@729,0%@729] GR3D_FREQ 96% cpu@57.656C soc2@56.562C soc0@57.5C gpu@58.343C tj@58.343C soc1@56.843C VDD_IN 13961mW/12937mW VDD_CPU_GPU_CV 5785mW/5243mW VDD_SOC 3632mW/3301mW
08-11-2026 20:54:27 RAM 5138/7607MB (lfb 69x4MB) SWAP 1402/16384MB (cached 132MB) CPU [2%@729,11%@729,2%@729,2%@729,0%@729,0%@729] GR3D_FREQ 89% cpu@57.75C soc2@56.562C soc0@57.656C gpu@58.406C tj@58.406C soc1@56.968C VDD_IN 14120mW/12960mW VDD_CPU_GPU_CV 5825mW/5255mW VDD_SOC 3632mW/3307mW
08-11-2026 20:54:28 RAM 5138/7607MB (lfb 69x4MB) SWAP 1402/16384MB (cached 132MB) CPU [2%@729,1%@729,1%@729,9%@729,1%@729,0%@729] GR3D_FREQ 91% cpu@57.406C soc2@56.781C soc0@57.656C gpu@58.718C tj@58.718C soc1@56.843C VDD_IN 14159mW/12983mW VDD_CPU_GPU_CV 5864mW/5266mW VDD_SOC 3672mW/3314mW
08-11-2026 20:54:29 RAM 5139/7607MB (lfb 69x4MB) SWAP 1402/16384MB (cached 132MB) CPU [1%@729,8%@729,1%@729,5%@729,1%@729,0%@729] GR3D_FREQ 95% cpu@57.531C soc2@56.687C soc0@57.531C gpu@58.687C tj@58.687C soc1@56.906C VDD_IN 14080mW/13004mW VDD_CPU_GPU_CV 5864mW/5278mW VDD_SOC 3672mW/3321mW
08-11-2026 20:54:30 RAM 5141/7607MB (lfb 69x4MB) SWAP 1402/16384MB (cached 132MB) CPU [1%@729,5%@729,1%@729,2%@729,0%@729,5%@729] GR3D_FREQ 91% cpu@57.75C soc2@56.75C soc0@57.531C gpu@58.781C tj@58.781C soc1@56.937C VDD_IN 14238mW/13026mW VDD_CPU_GPU_CV 5904mW/5289mW VDD_SOC 3672mW/3327mW
08-11-2026 20:54:31 RAM 5144/7607MB (lfb 69x4MB) SWAP 1402/16384MB (cached 132MB) CPU [5%@729,17%@729,7%@729,5%@729,0%@729,8%@729] GR3D_FREQ 96% cpu@57.656C soc2@56.781C soc0@57.625C gpu@58.937C tj@58.937C soc1@57C VDD_IN 14571mW/13054mW VDD_CPU_GPU_CV 6140mW/5305mW VDD_SOC 3745mW/3335mW
08-11-2026 20:54:32 RAM 5144/7607MB (lfb 69x4MB) SWAP 1402/16384MB (cached 132MB) CPU [2%@729,3%@729,2%@729,2%@729,0%@729,8%@729] GR3D_FREQ 96% cpu@57.937C soc2@56.781C soc0@57.718C gpu@59C tj@59C soc1@57.093C VDD_IN 14294mW/13077mW VDD_CPU_GPU_CV 6022mW/5318mW VDD_SOC 3672mW/3341mW
08-11-2026 20:54:33 RAM 5145/7607MB (lfb 69x4MB) SWAP 1402/16384MB (cached 132MB) CPU [1%@729,2%@729,2%@729,2%@729,2%@729,8%@729] GR3D_FREQ 99% cpu@57.5C soc2@56.781C soc0@57.718C gpu@58.625C tj@58.625C soc1@56.968C VDD_IN 14199mW/13096mW VDD_CPU_GPU_CV 5982mW/5329mW VDD_SOC 3632mW/3346mW
08-11-2026 20:54:34 RAM 5146/7607MB (lfb 69x4MB) SWAP 1402/16384MB (cached 132MB) CPU [2%@729,2%@729,0%@729,2%@729,10%@729,0%@729] GR3D_FREQ 99% cpu@57.593C soc2@56.75C soc0@57.625C gpu@58.281C tj@58.281C soc1@57C VDD_IN 13882mW/13110mW VDD_CPU_GPU_CV 5785mW/5337mW VDD_SOC 3593mW/3350mW
08-11-2026 20:54:35 RAM 5146/7607MB (lfb 69x4MB) SWAP 1402/16384MB (cached 132MB) CPU [2%@729,2%@729,2%@729,0%@729,1%@729,8%@729] GR3D_FREQ 99% cpu@57.75C soc2@56.812C soc0@57.718C gpu@58.312C tj@58.312C soc1@56.968C VDD_IN 13803mW/13122mW VDD_CPU_GPU_CV 5716mW/5344mW VDD_SOC 3553mW/3354mW
08-11-2026 20:54:36 RAM 5146/7607MB (lfb 69x4MB) SWAP 1402/16384MB (cached 132MB) CPU [1%@729,0%@729,3%@729,1%@729,0%@729,10%@729] GR3D_FREQ 99% cpu@57.687C soc2@56.781C soc0@57.718C gpu@58.125C tj@58.125C soc1@57.031C VDD_IN 13605mW/13130mW VDD_CPU_GPU_CV 5598mW/5348mW VDD_SOC 3514mW/3356mW
08-11-2026 20:54:37 RAM 5147/7607MB (lfb 69x4MB) SWAP 1402/16384MB (cached 132MB) CPU [2%@1267,1%@1267,3%@1267,4%@1267,0%@1036,9%@1036] GR3D_FREQ 72% cpu@57.937C soc2@56.781C soc0@57.843C gpu@58.5C tj@58.5C soc1@57.156C VDD_IN 13803mW/13141mW VDD_CPU_GPU_CV 5716mW/5354mW VDD_SOC 3593mW/3360mW
08-11-2026 20:54:38 RAM 5149/7607MB (lfb 69x4MB) SWAP 1402/16384MB (cached 132MB) CPU [10%@729,4%@729,15%@729,5%@729,0%@729,9%@729] GR3D_FREQ 98% cpu@57.75C soc2@56.843C soc0@57.875C gpu@58.656C tj@58.656C soc1@57C VDD_IN 14040mW/13155mW VDD_CPU_GPU_CV 5785mW/5361mW VDD_SOC 3632mW/3365mW
08-11-2026 20:54:39 RAM 5151/7607MB (lfb 69x4MB) SWAP 1402/16384MB (cached 132MB) CPU [2%@729,2%@729,2%@729,3%@729,0%@729,6%@729] GR3D_FREQ 96% cpu@57.75C soc2@56.843C soc0@57.625C gpu@58.937C tj@58.937C soc1@57.062C VDD_IN 14040mW/13169mW VDD_CPU_GPU_CV 5825mW/5368mW VDD_SOC 3632mW/3369mW
08-11-2026 20:54:40 RAM 5153/7607MB (lfb 69x4MB) SWAP 1402/16384MB (cached 132MB) CPU [1%@729,1%@729,1%@729,1%@729,0%@729,5%@729] GR3D_FREQ 91% cpu@57.906C soc2@56.875C soc0@57.75C gpu@59.031C tj@59.031C soc1@57.062C VDD_IN 14080mW/13183mW VDD_CPU_GPU_CV 5825mW/5375mW VDD_SOC 3632mW/3373mW
08-11-2026 20:54:41 RAM 5155/7607MB (lfb 69x4MB) SWAP 1402/16384MB (cached 132MB) CPU [1%@729,1%@729,1%@729,1%@729,10%@729,2%@729] GR3D_FREQ 91% cpu@57.781C soc2@56.937C soc0@57.781C gpu@59C tj@59C soc1@57.156C VDD_IN 14136mW/13198mW VDD_CPU_GPU_CV 5904mW/5383mW VDD_SOC 3672mW/3378mW
08-11-2026 20:54:42 RAM 5156/7607MB (lfb 69x4MB) SWAP 1402/16384MB (cached 132MB) CPU [2%@729,2%@729,2%@729,1%@729,8%@729,1%@729] GR3D_FREQ 91% cpu@58.031C soc2@56.843C soc0@57.937C gpu@59.25C tj@59.25C soc1@57.156C VDD_IN 14238mW/13214mW VDD_CPU_GPU_CV 5904mW/5391mW VDD_SOC 3672mW/3382mW
08-11-2026 20:54:43 RAM 5158/7607MB (lfb 69x4MB) SWAP 1402/16384MB (cached 132MB) CPU [2%@1344,2%@1344,1%@1344,2%@1344,6%@729,4%@729] GR3D_FREQ 98% cpu@57.75C soc2@56.906C soc0@57.937C gpu@59.218C tj@59.218C soc1@57.125C VDD_IN 14334mW/13231mW VDD_CPU_GPU_CV 5982mW/5400mW VDD_SOC 3672mW/3386mW
08-11-2026 20:54:44 RAM 5161/7607MB (lfb 69x4MB) SWAP 1401/16384MB (cached 132MB) CPU [4%@729,2%@729,17%@729,8%@729,8%@729,1%@729] GR3D_FREQ 96% cpu@57.843C soc2@57C soc0@57.812C gpu@59.031C tj@59.031C soc1@57.093C VDD_IN 14492mW/13249mW VDD_CPU_GPU_CV 6100mW/5410mW VDD_SOC 3705mW/3391mW
08-11-2026 20:54:45 RAM 5164/7607MB (lfb 69x4MB) SWAP 1401/16384MB (cached 132MB) CPU [1%@729,2%@729,1%@729,1%@729,9%@729,0%@729] GR3D_FREQ 99% cpu@57.937C soc2@56.843C soc0@57.937C gpu@58.968C tj@58.968C soc1@57.125C VDD_IN 14238mW/13263mW VDD_CPU_GPU_CV 5982mW/5419mW VDD_SOC 3632mW/3395mW
08-11-2026 20:54:46 RAM 5166/7607MB (lfb 69x4MB) SWAP 1401/16384MB (cached 132MB) CPU [2%@729,1%@729,2%@729,2%@729,8%@729,3%@729] GR3D_FREQ 99% cpu@57.656C soc2@57.031C soc0@57.843C gpu@58.5C tj@58.5C soc1@57.312C VDD_IN 13882mW/13272mW VDD_CPU_GPU_CV 5785mW/5424mW VDD_SOC 3593mW/3397mW
08-11-2026 20:54:47 RAM 5167/7607MB (lfb 69x4MB) SWAP 1401/16384MB (cached 132MB) CPU [2%@729,2%@729,0%@729,2%@729,6%@729,3%@729] GR3D_FREQ 77% cpu@58.156C soc2@57.031C soc0@58C gpu@58.375C tj@58.375C soc1@57.375C VDD_IN 13684mW/13278mW VDD_CPU_GPU_CV 5677mW/5427mW VDD_SOC 3553mW/3400mW
08-11-2026 20:54:48 RAM 5169/7607MB (lfb 69x4MB) SWAP 1401/16384MB (cached 132MB) CPU [2%@729,2%@729,2%@729,1%@729,9%@729,0%@729] GR3D_FREQ 40% cpu@57.968C soc2@56.968C soc0@58.031C gpu@58.875C tj@58.875C soc1@57.125C VDD_IN 13764mW/13285mW VDD_CPU_GPU_CV 5677mW/5431mW VDD_SOC 3593mW/3402mW
08-11-2026 20:54:49 RAM 5171/7607MB (lfb 69x4MB) SWAP 1401/16384MB (cached 132MB) CPU [6%@729,4%@729,6%@729,2%@729,0%@729,0%@729] GR3D_FREQ 96% cpu@57.937C soc2@56.968C soc0@57.906C gpu@58.718C tj@58.718C soc1@57.187C VDD_IN 14080mW/13296mW VDD_CPU_GPU_CV 5825mW/5436mW VDD_SOC 3672mW/3406mW
08-11-2026 20:54:50 RAM 5172/7607MB (lfb 69x4MB) SWAP 1401/16384MB (cached 132MB) CPU [4%@729,7%@729,8%@729,6%@729,0%@729,1%@729] GR3D_FREQ 95% cpu@58.281C soc2@57.125C soc0@57.875C gpu@58.843C tj@58.843C soc1@57.312C VDD_IN 14199mW/13308mW VDD_CPU_GPU_CV 5904mW/5443mW VDD_SOC 3672mW/3410mW
08-11-2026 20:54:51 RAM 5173/7607MB (lfb 69x4MB) SWAP 1401/16384MB (cached 132MB) CPU [10%@729,7%@729,12%@729,3%@729,0%@729,1%@729] GR3D_FREQ 99% cpu@57.812C soc2@57.156C soc0@58.093C gpu@58.843C tj@58.843C soc1@57.312C VDD_IN 14199mW/13320mW VDD_CPU_GPU_CV 5943mW/5449mW VDD_SOC 3672mW/3413mW
08-11-2026 20:54:52 RAM 5175/7607MB (lfb 69x4MB) SWAP 1401/16384MB (cached 132MB) CPU [2%@729,8%@729,6%@729,1%@729,0%@729,0%@729] GR3D_FREQ 88% cpu@57.937C soc2@57.125C soc0@58.156C gpu@58.875C tj@58.875C soc1@57.187C VDD_IN 14159mW/13331mW VDD_CPU_GPU_CV 5904mW/5455mW VDD_SOC 3632mW/3416mW
08-11-2026 20:54:53 RAM 5177/7607MB (lfb 69x4MB) SWAP 1401/16384MB (cached 132MB) CPU [1%@729,10%@729,0%@729,5%@729,0%@729,0%@729] GR3D_FREQ 90% cpu@58.125C soc2@57.093C soc0@57.906C gpu@59.031C tj@59.031C soc1@57.187C VDD_IN 14215mW/13342mW VDD_CPU_GPU_CV 5943mW/5462mW VDD_SOC 3672mW/3419mW
08-11-2026 20:54:54 RAM 5179/7607MB (lfb 69x4MB) SWAP 1401/16384MB (cached 132MB) CPU [7%@729,7%@729,2%@729,1%@729,1%@729,0%@729] GR3D_FREQ 90% cpu@58.312C soc2@57.093C soc0@58C gpu@59.093C tj@59.093C soc1@57.375C VDD_IN 14334mW/13355mW VDD_CPU_GPU_CV 5982mW/5468mW VDD_SOC 3711mW/3423mW
08-11-2026 20:54:55 RAM 5181/7607MB (lfb 69x4MB) SWAP 1401/16384MB (cached 132MB) CPU [11%@729,2%@729,2%@729,1%@729,0%@729,0%@729] GR3D_FREQ 99% cpu@58.156C soc2@57.093C soc0@58.062C gpu@59.312C tj@59.312C soc1@57.406C VDD_IN 14334mW/13367mW VDD_CPU_GPU_CV 6022mW/5475mW VDD_SOC 3666mW/3426mW
08-11-2026 20:54:56 RAM 5183/7607MB (lfb 69x4MB) SWAP 1401/16384MB (cached 132MB) CPU [10%@729,2%@729,3%@729,1%@729,0%@729,0%@729] GR3D_FREQ 99% cpu@57.75C soc2@57.062C soc0@58C gpu@59.062C tj@59.062C soc1@57.218C VDD_IN 14120mW/13377mW VDD_CPU_GPU_CV 5904mW/5481mW VDD_SOC 3632mW/3429mW
08-11-2026 20:54:57 RAM 5186/7607MB (lfb 69x4MB) SWAP 1401/16384MB (cached 132MB) CPU [12%@729,10%@729,17%@729,3%@729,0%@729,1%@729] GR3D_FREQ 99% cpu@57.875C soc2@57.218C soc0@58.125C gpu@58.875C tj@58.875C soc1@57.312C VDD_IN 13961mW/13384mW VDD_CPU_GPU_CV 5864mW/5485mW VDD_SOC 3593mW/3431mW
08-11-2026 20:54:58 RAM 5187/7607MB (lfb 69x4MB) SWAP 1401/16384MB (cached 132MB) CPU [8%@729,1%@729,4%@729,1%@729,1%@729,1%@729] GR3D_FREQ 99% cpu@58.125C soc2@57.125C soc0@58.062C gpu@58.781C tj@58.625C soc1@57.375C VDD_IN 13724mW/13388mW VDD_CPU_GPU_CV 5677mW/5488mW VDD_SOC 3553mW/3432mW
08-11-2026 20:54:59 RAM 5189/7607MB (lfb 69x4MB) SWAP 1401/16384MB (cached 132MB) CPU [7%@729,2%@729,2%@729,0%@729,1%@729,0%@729] GR3D_FREQ 97% cpu@58.312C soc2@57.062C soc0@58.125C gpu@58.968C tj@58.968C soc1@57.406C VDD_IN 13961mW/13395mW VDD_CPU_GPU_CV 5785mW/5491mW VDD_SOC 3632mW/3435mW
08-11-2026 20:55:00 RAM 5191/7607MB (lfb 69x4MB) SWAP 1399/16384MB (cached 132MB) CPU [8%@729,5%@729,12%@729,15%@729,10%@729,3%@729] GR3D_FREQ 96% cpu@58.281C soc2@57.312C soc0@58.062C gpu@59.093C tj@59.093C soc1@57.5C VDD_IN 14215mW/13405mW VDD_CPU_GPU_CV 5943mW/5497mW VDD_SOC 3672mW/3437mW
08-11-2026 20:55:01 RAM 5193/7607MB (lfb 69x4MB) SWAP 1399/16384MB (cached 132MB) CPU [4%@729,6%@729,4%@729,1%@729,1%@729,3%@729] GR3D_FREQ 90% cpu@58.062C soc2@57.25C soc0@58.187C gpu@59.125C tj@59.125C soc1@57.5C VDD_IN 14159mW/13414mW VDD_CPU_GPU_CV 5864mW/5501mW VDD_SOC 3672mW/3440mW
08-11-2026 20:55:02 RAM 5197/7607MB (lfb 69x4MB) SWAP 1399/16384MB (cached 132MB) CPU [8%@729,3%@729,6%@729,4%@729,7%@729,4%@729] GR3D_FREQ 95% cpu@58.156C soc2@57.218C soc0@58.281C gpu@59.187C tj@59.187C soc1@57.437C VDD_IN 14294mW/13424mW VDD_CPU_GPU_CV 5982mW/5507mW VDD_SOC 3672mW/3443mW
08-11-2026 20:55:03 RAM 5201/7607MB (lfb 69x4MB) SWAP 1399/16384MB (cached 132MB) CPU [3%@960,5%@960,4%@960,17%@960,9%@729,3%@729] GR3D_FREQ 91% cpu@58.468C soc2@57.218C soc0@58.156C gpu@59.093C tj@59.437C soc1@57.437C VDD_IN 14492mW/13436mW VDD_CPU_GPU_CV 6140mW/5514mW VDD_SOC 3705mW/3446mW
08-11-2026 20:55:04 RAM 5212/7607MB (lfb 69x4MB) SWAP 1399/16384MB (cached 132MB) CPU [6%@1113,5%@1113,13%@1113,8%@1113,8%@729,3%@729] GR3D_FREQ 0% cpu@58.187C soc2@57.125C soc0@58.125C gpu@58.281C tj@58.281C soc1@57.468C VDD_IN 11824mW/13418mW VDD_CPU_GPU_CV 4390mW/5501mW VDD_SOC 3248mW/3444mW
08-11-2026 20:55:05 RAM 5339/7607MB (lfb 55x4MB) SWAP 1399/16384MB (cached 132MB) CPU [67%@1267,67%@1267,73%@1267,66%@1267,67%@1344,64%@1344] GR3D_FREQ 0% cpu@58.281C soc2@56.781C soc0@57.812C gpu@57.375C tj@58.031C soc1@57.437C VDD_IN 8213mW/13359mW VDD_CPU_GPU_CV 2706mW/5470mW VDD_SOC 1834mW/3426mW
08-11-2026 20:55:06 RAM 5338/7607MB (lfb 55x4MB) SWAP 1399/16384MB (cached 132MB) CPU [16%@729,4%@1344,5%@1344,5%@1344,3%@729,3%@729] GR3D_FREQ 90% cpu@57.468C soc2@56.812C soc0@57.843C gpu@58.937C tj@58.937C soc1@57.187C VDD_IN 12280mW/13347mW VDD_CPU_GPU_CV 5172mW/5466mW VDD_SOC 2733mW/3418mW
08-11-2026 20:55:07 RAM 5338/7607MB (lfb 55x4MB) SWAP 1399/16384MB (cached 132MB) CPU [5%@729,1%@729,8%@729,2%@729,0%@729,0%@729] GR3D_FREQ 99% cpu@57.718C soc2@56.812C soc0@57.875C gpu@58.75C tj@58.75C soc1@57.218C VDD_IN 13170mW/13346mW VDD_CPU_GPU_CV 5598mW/5468mW VDD_SOC 3124mW/3415mW
08-11-2026 20:55:08 RAM 5338/7607MB (lfb 55x4MB) SWAP 1399/16384MB (cached 132MB) CPU [2%@729,8%@729,4%@729,2%@729,0%@729,1%@729] GR3D_FREQ 96% cpu@57.906C soc2@57.031C soc0@57.875C gpu@58.812C tj@58.812C soc1@57.281C VDD_IN 13843mW/13351mW VDD_CPU_GPU_CV 5746mW/5471mW VDD_SOC 3514mW/3416mW
08-11-2026 20:55:09 RAM 5338/7607MB (lfb 55x4MB) SWAP 1399/16384MB (cached 132MB) CPU [2%@729,8%@729,3%@729,2%@729,1%@729,0%@729] GR3D_FREQ 96% cpu@58.218C soc2@57C soc0@57.968C gpu@58.968C tj@58.968C soc1@57.343C VDD_IN 14120mW/13359mW VDD_CPU_GPU_CV 5864mW/5475mW VDD_SOC 3632mW/3418mW
08-11-2026 20:55:10 RAM 5340/7607MB (lfb 55x4MB) SWAP 1399/16384MB (cached 132MB) CPU [10%@729,11%@729,17%@729,4%@729,3%@729,1%@729] GR3D_FREQ 91% cpu@57.906C soc2@57.093C soc0@58.062C gpu@59C tj@59C soc1@57.468C VDD_IN 14334mW/13370mW VDD_CPU_GPU_CV 5982mW/5480mW VDD_SOC 3672mW/3421mW
08-11-2026 20:55:11 RAM 5340/7607MB (lfb 55x4MB) SWAP 1399/16384MB (cached 132MB) CPU [0%@729,10%@729,2%@729,1%@729,0%@729,0%@729] GR3D_FREQ 91% cpu@58.062C soc2@57.062C soc0@58.156C gpu@59.093C tj@59.093C soc1@57.281C VDD_IN 14294mW/13379mW VDD_CPU_GPU_CV 5982mW/5486mW VDD_SOC 3672mW/3423mW
08-11-2026 20:55:12 RAM 5340/7607MB (lfb 55x4MB) SWAP 1399/16384MB (cached 132MB) CPU [4%@729,9%@729,2%@729,2%@729,0%@729,0%@729] GR3D_FREQ 90% cpu@58.187C soc2@57.125C soc0@58C gpu@59.093C tj@59.093C soc1@57.375C VDD_IN 14215mW/13388mW VDD_CPU_GPU_CV 5943mW/5491mW VDD_SOC 3672mW/3426mW
08-11-2026 20:55:13 RAM 5340/7607MB (lfb 55x4MB) SWAP 1399/16384MB (cached 132MB) CPU [5%@729,10%@729,2%@729,0%@729,0%@729,0%@729] GR3D_FREQ 97% cpu@58.218C soc2@57.156C soc0@58.031C gpu@59.062C tj@59.062C soc1@57.343C VDD_IN 14413mW/13399mW VDD_CPU_GPU_CV 6022mW/5496mW VDD_SOC 3705mW/3429mW
08-11-2026 20:55:14 RAM 5340/7607MB (lfb 55x4MB) SWAP 1399/16384MB (cached 132MB) CPU [1%@729,2%@729,9%@729,1%@729,1%@729,0%@729] GR3D_FREQ 96% cpu@58.25C soc2@57.187C soc0@58.093C gpu@59.093C tj@59.093C soc1@57.437C VDD_IN 14334mW/13408mW VDD_CPU_GPU_CV 6022mW/5501mW VDD_SOC 3672mW/3431mW
08-11-2026 20:55:15 RAM 5340/7607MB (lfb 55x4MB) SWAP 1399/16384MB (cached 132MB) CPU [4%@729,1%@729,10%@729,2%@729,0%@729,1%@729] GR3D_FREQ 99% cpu@57.968C soc2@57.218C soc0@58.093C gpu@59C tj@59C soc1@57.5C VDD_IN 14136mW/13415mW VDD_CPU_GPU_CV 5943mW/5506mW VDD_SOC 3632mW/3433mW
08-11-2026 20:55:16 RAM 5340/7607MB (lfb 55x4MB) SWAP 1399/16384MB (cached 132MB) CPU [10%@729,9%@729,7%@729,18%@729,1%@729,1%@729] GR3D_FREQ 99% cpu@58.031C soc2@57.187C soc0@58.218C gpu@58.906C tj@58.906C soc1@57.343C VDD_IN 14255mW/13424mW VDD_CPU_GPU_CV 6061mW/5511mW VDD_SOC 3632mW/3435mW
08-11-2026 20:55:17 RAM 5340/7607MB (lfb 55x4MB) SWAP 1399/16384MB (cached 132MB) CPU [3%@729,5%@729,1%@729,4%@729,0%@729,0%@729] GR3D_FREQ 99% cpu@58C soc2@57.187C soc0@58.062C gpu@58.687C tj@58.687C soc1@57.343C VDD_IN 13922mW/13429mW VDD_CPU_GPU_CV 5825mW/5515mW VDD_SOC 3593mW/3437mW
08-11-2026 20:55:18 RAM 5340/7607MB (lfb 55x4MB) SWAP 1399/16384MB (cached 132MB) CPU [3%@729,1%@729,1%@729,11%@729,0%@729,1%@729] GR3D_FREQ 99% cpu@58.125C soc2@57.156C soc0@58.156C gpu@58.687C tj@58.687C soc1@57.5C VDD_IN 13724mW/13432mW VDD_CPU_GPU_CV 5677mW/5516mW VDD_SOC 3553mW/3438mW
08-11-2026 20:55:19 RAM 5340/7607MB (lfb 55x4MB) SWAP 1399/16384MB (cached 132MB) CPU [4%@729,1%@729,0%@729,11%@729,0%@729,0%@729] GR3D_FREQ 93% cpu@58.343C soc2@57.156C soc0@58.218C gpu@59.062C tj@59.062C soc1@57.468C VDD_IN 13882mW/13436mW VDD_CPU_GPU_CV 5707mW/5518mW VDD_SOC 3632mW/3440mW
08-11-2026 20:55:20 RAM 5340/7607MB (lfb 55x4MB) SWAP 1399/16384MB (cached 132MB) CPU [8%@729,1%@729,1%@729,4%@729,0%@729,0%@729] GR3D_FREQ 97% cpu@58C soc2@57.312C soc0@58.25C gpu@59.093C tj@59.093C soc1@57.312C VDD_IN 14001mW/13441mW VDD_CPU_GPU_CV 5785mW/5521mW VDD_SOC 3632mW/3442mW
08-11-2026 20:55:21 RAM 5340/7607MB (lfb 55x4MB) SWAP 1399/16384MB (cached 132MB) CPU [13%@729,1%@729,2%@729,1%@729,0%@729,0%@729] GR3D_FREQ 99% cpu@58.156C soc2@57.218C soc0@58.031C gpu@59.281C tj@59.281C soc1@57.375C VDD_IN 14080mW/13448mW VDD_CPU_GPU_CV 5785mW/5523mW VDD_SOC 3632mW/3444mW
08-11-2026 20:55:22 RAM 5340/7607MB (lfb 55x4MB) SWAP 1399/16384MB (cached 132MB) CPU [9%@729,4%@729,2%@729,2%@729,0%@729,0%@729] GR3D_FREQ 89% cpu@58.281C soc2@57.25C soc0@58.093C gpu@59.062C tj@59.062C soc1@57.468C VDD_IN 14159mW/13454mW VDD_CPU_GPU_CV 5864mW/5526mW VDD_SOC 3672mW/3446mW
08-11-2026 20:55:23 RAM 5340/7607MB (lfb 55x4MB) SWAP 1399/16384MB (cached 132MB) CPU [9%@729,8%@729,7%@729,8%@729,12%@729,0%@729] GR3D_FREQ 93% cpu@58.156C soc2@57.25C soc0@58.218C gpu@59.062C tj@59.062C soc1@57.468C VDD_IN 14255mW/13462mW VDD_CPU_GPU_CV 5982mW/5531mW VDD_SOC 3672mW/3448mW
08-11-2026 20:55:24 RAM 5340/7607MB (lfb 55x4MB) SWAP 1399/16384MB (cached 132MB) CPU [1%@729,1%@729,6%@729,2%@729,0%@729,1%@729] GR3D_FREQ 91% cpu@58.437C soc2@57.343C soc0@58.25C gpu@59.093C tj@59.093C soc1@57.562C VDD_IN 14215mW/13469mW VDD_CPU_GPU_CV 5982mW/5535mW VDD_SOC 3672mW/3450mW
08-11-2026 20:55:25 RAM 5340/7607MB (lfb 55x4MB) SWAP 1399/16384MB (cached 132MB) CPU [3%@729,3%@729,9%@729,1%@729,0%@729,1%@729] GR3D_FREQ 91% cpu@58C soc2@57.375C soc0@58.281C gpu@59.218C tj@59.218C soc1@57.437C VDD_IN 14255mW/13476mW VDD_CPU_GPU_CV 5982mW/5539mW VDD_SOC 3672mW/3452mW
08-11-2026 20:55:26 RAM 5340/7607MB (lfb 55x4MB) SWAP 1399/16384MB (cached 132MB) CPU [3%@729,1%@729,11%@729,2%@729,1%@729,0%@729] GR3D_FREQ 98% cpu@58.25C soc2@57.25C soc0@58.125C gpu@59.281C tj@59.281C soc1@57.437C VDD_IN 14373mW/13484mW VDD_CPU_GPU_CV 6022mW/5543mW VDD_SOC 3705mW/3454mW
08-11-2026 20:55:27 RAM 5340/7607MB (lfb 55x4MB) SWAP 1398/16384MB (cached 132MB) CPU [2%@729,9%@729,12%@729,1%@729,0%@729,0%@729] GR3D_FREQ 99% cpu@58.218C soc2@57.375C soc0@58.218C gpu@59.281C tj@59.281C soc1@57.5C VDD_IN 14294mW/13491mW VDD_CPU_GPU_CV 6022mW/5548mW VDD_SOC 3672mW/3456mW
08-11-2026 20:55:28 RAM 5340/7607MB (lfb 55x4MB) SWAP 1398/16384MB (cached 132MB) CPU [3%@729,1%@729,10%@729,2%@729,1%@729,0%@729] GR3D_FREQ 99% cpu@57.968C soc2@57.343C soc0@58.218C gpu@59.156C tj@59.156C soc1@57.562C VDD_IN 14120mW/13497mW VDD_CPU_GPU_CV 5904mW/5551mW VDD_SOC 3593mW/3457mW
08-11-2026 20:55:29 RAM 5340/7607MB (lfb 55x4MB) SWAP 1398/16384MB (cached 132MB) CPU [4%@729,17%@729,9%@729,12%@729,0%@729,0%@729] GR3D_FREQ 99% cpu@58.437C soc2@57.312C soc0@58.25C gpu@59.093C tj@59.093C soc1@57.687C VDD_IN 14080mW/13502mW VDD_CPU_GPU_CV 5904mW/5554mW VDD_SOC 3593mW/3459mW
08-11-2026 20:55:30 RAM 5337/7607MB (lfb 55x4MB) SWAP 1393/16384MB (cached 131MB) CPU [4%@1344,2%@1344,0%@1344,13%@1344,0%@729,1%@729] GR3D_FREQ 86% cpu@58.187C soc2@57.312C soc0@58.25C gpu@59.156C tj@59.156C soc1@57.5C VDD_IN 13764mW/13504mW VDD_CPU_GPU_CV 5667mW/5555mW VDD_SOC 3553mW/3459mW
08-11-2026 20:55:31 RAM 5338/7607MB (lfb 55x4MB) SWAP 1393/16384MB (cached 131MB) CPU [2%@1344,3%@1344,2%@1344,7%@1344,0%@729,0%@729] GR3D_FREQ 97% cpu@58.312C soc2@57.25C soc0@58.156C gpu@59.156C tj@59.156C soc1@57.5C VDD_IN 13961mW/13508mW VDD_CPU_GPU_CV 5785mW/5557mW VDD_SOC 3632mW/3461mW
08-11-2026 20:55:32 RAM 5337/7607MB (lfb 55x4MB) SWAP 1393/16384MB (cached 131MB) CPU [3%@729,7%@729,1%@729,2%@729,0%@729,0%@729] GR3D_FREQ 96% cpu@58.406C soc2@57.375C soc0@58.281C gpu@59.25C tj@59.25C soc1@57.625C VDD_IN 14057mW/13513mW VDD_CPU_GPU_CV 5825mW/5559mW VDD_SOC 3632mW/3462mW
08-11-2026 20:55:33 RAM 5337/7607MB (lfb 55x4MB) SWAP 1393/16384MB (cached 131MB) CPU [7%@729,5%@729,3%@729,1%@729,0%@729,1%@729] GR3D_FREQ 91% cpu@58.156C soc2@57.406C soc0@58.343C gpu@59.25C tj@59.25C soc1@57.687C VDD_IN 14097mW/13518mW VDD_CPU_GPU_CV 5864mW/5562mW VDD_SOC 3672mW/3464mW
08-11-2026 20:55:34 RAM 5337/7607MB (lfb 55x4MB) SWAP 1393/16384MB (cached 131MB) CPU [9%@729,3%@729,2%@729,1%@729,0%@729,0%@729] GR3D_FREQ 95% cpu@58.218C soc2@57.468C soc0@58.343C gpu@59.312C tj@59.312C soc1@57.593C VDD_IN 14136mW/13523mW VDD_CPU_GPU_CV 5904mW/5565mW VDD_SOC 3672mW/3466mW
08-11-2026 20:55:35 RAM 5336/7607MB (lfb 55x4MB) SWAP 1393/16384MB (cached 131MB) CPU [15%@729,6%@729,7%@729,3%@729,0%@729,0%@729] GR3D_FREQ 90% cpu@58.718C soc2@57.406C soc0@58.281C gpu@59.656C tj@59.656C soc1@57.5C VDD_IN 14334mW/13530mW VDD_CPU_GPU_CV 6061mW/5569mW VDD_SOC 3666mW/3468mW
08-11-2026 20:55:36 RAM 5338/7607MB (lfb 54x4MB) SWAP 1393/16384MB (cached 131MB) CPU [12%@729,2%@729,9%@729,4%@729,0%@729,1%@729] GR3D_FREQ 90% cpu@58.625C soc2@57.406C soc0@58.25C gpu@59.156C tj@59.156C soc1@57.625C VDD_IN 14294mW/13537mW VDD_CPU_GPU_CV 5982mW/5572mW VDD_SOC 3672mW/3469mW
08-11-2026 20:55:37 RAM 5338/7607MB (lfb 54x4MB) SWAP 1393/16384MB (cached 131MB) CPU [12%@729,0%@729,2%@729,2%@729,0%@729,0%@729] GR3D_FREQ 98% cpu@58.375C soc2@57.531C soc0@58.312C gpu@59.25C tj@59.25C soc1@57.75C VDD_IN 14373mW/13543mW VDD_CPU_GPU_CV 5982mW/5576mW VDD_SOC 3745mW/3472mW
08-11-2026 20:55:38 RAM 5338/7607MB (lfb 54x4MB) SWAP 1393/16384MB (cached 131MB) CPU [5%@729,2%@729,7%@729,1%@729,0%@729,0%@729] GR3D_FREQ 95% cpu@58.375C soc2@57.375C soc0@58.375C gpu@59.312C tj@59.312C soc1@57.781C VDD_IN 14294mW/13550mW VDD_CPU_GPU_CV 5943mW/5579mW VDD_SOC 3711mW/3474mW
08-11-2026 20:55:39 RAM 5338/7607MB (lfb 54x4MB) SWAP 1393/16384MB (cached 131MB) CPU [2%@729,4%@729,6%@729,2%@729,0%@729,3%@729] GR3D_FREQ 96% cpu@58.218C soc2@57.437C soc0@58.25C gpu@59.531C tj@59.531C soc1@57.625C VDD_IN 14255mW/13555mW VDD_CPU_GPU_CV 5943mW/5582mW VDD_SOC 3672mW/3475mW
08-11-2026 20:55:40 RAM 5338/7607MB (lfb 54x4MB) SWAP 1393/16384MB (cached 131MB) CPU [1%@729,8%@729,1%@729,2%@729,1%@729,1%@729] GR3D_FREQ 99% cpu@58.343C soc2@57.312C soc0@58.375C gpu@59.343C tj@59.343C soc1@57.687C VDD_IN 14097mW/13560mW VDD_CPU_GPU_CV 5943mW/5585mW VDD_SOC 3632mW/3477mW
08-11-2026 20:55:41 RAM 5338/7607MB (lfb 53x4MB) SWAP 1393/16384MB (cached 131MB) CPU [9%@729,2%@729,3%@729,1%@729,0%@729,0%@729] GR3D_FREQ 99% cpu@58.437C soc2@57.375C soc0@58.375C gpu@59.062C tj@59.062C soc1@57.625C VDD_IN 13961mW/13563mW VDD_CPU_GPU_CV 5825mW/5586mW VDD_SOC 3593mW/3477mW
08-11-2026 20:55:42 RAM 5339/7607MB (lfb 53x4MB) SWAP 1393/16384MB (cached 131MB) CPU [7%@729,15%@729,15%@729,2%@729,1%@729,2%@729] GR3D_FREQ 80% cpu@58.406C soc2@57.5C soc0@58.406C gpu@58.906C tj@58.906C soc1@57.781C VDD_IN 13843mW/13565mW VDD_CPU_GPU_CV 5746mW/5588mW VDD_SOC 3553mW/3478mW
08-11-2026 20:55:43 RAM 5339/7607MB (lfb 53x4MB) SWAP 1393/16384MB (cached 131MB) CPU [0%@729,2%@729,8%@729,1%@729,2%@729,1%@729] GR3D_FREQ 97% cpu@58.375C soc2@57.656C soc0@58.468C gpu@59.406C tj@59.406C soc1@57.656C VDD_IN 14040mW/13569mW VDD_CPU_GPU_CV 5785mW/5589mW VDD_SOC 3632mW/3479mW
08-11-2026 20:55:44 RAM 5338/7607MB (lfb 53x4MB) SWAP 1393/16384MB (cached 131MB) CPU [1%@1344,1%@1344,8%@1344,0%@1344,2%@729,1%@729] GR3D_FREQ 96% cpu@58.562C soc2@57.531C soc0@58.343C gpu@59.187C tj@59.187C soc1@57.687C VDD_IN 14040mW/13573mW VDD_CPU_GPU_CV 5785mW/5591mW VDD_SOC 3672mW/3481mW
08-11-2026 20:55:45 RAM 5340/7607MB (lfb 45x4MB) SWAP 1393/16384MB (cached 131MB) CPU [32%@1344,37%@1344,44%@1344,35%@1344,29%@1344,31%@1344] GR3D_FREQ 0% cpu@58.531C soc2@57.093C soc0@58.156C gpu@57.343C tj@58.531C soc1@57.562C VDD_IN 8253mW/13531mW VDD_CPU_GPU_CV 2623mW/5568mW VDD_SOC 1990mW/3469mW
08-11-2026 20:55:46 RAM 5431/7607MB (lfb 44x4MB) SWAP 1393/16384MB (cached 131MB) CPU [43%@729,43%@729,44%@729,48%@729,44%@729,43%@729] GR3D_FREQ 99% cpu@58.093C soc2@57C soc0@58.031C gpu@58.75C tj@58.75C soc1@57.593C VDD_IN 11070mW/13512mW VDD_CPU_GPU_CV 4508mW/5560mW VDD_SOC 2380mW/3461mW
08-11-2026 20:55:47 RAM 5431/7607MB (lfb 44x4MB) SWAP 1393/16384MB (cached 131MB) CPU [3%@1113,2%@1113,7%@1113,7%@1113,0%@729,0%@729] GR3D_FREQ 90% cpu@57.875C soc2@57.25C soc0@58.218C gpu@58.906C tj@58.906C soc1@57.531C VDD_IN 13052mW/13509mW VDD_CPU_GPU_CV 5637mW/5560mW VDD_SOC 2926mW/3457mW
08-11-2026 20:55:48 RAM 5431/7607MB (lfb 44x4MB) SWAP 1393/16384MB (cached 131MB) CPU [11%@729,6%@729,10%@729,17%@729,1%@729,0%@729] GR3D_FREQ 90% cpu@58.218C soc2@57.218C soc0@58.125C gpu@59.312C tj@59.312C soc1@57.437C VDD_IN 14120mW/13514mW VDD_CPU_GPU_CV 6061mW/5564mW VDD_SOC 3435mW/3457mW
08-11-2026 20:55:49 RAM 5432/7607MB (lfb 44x4MB) SWAP 1393/16384MB (cached 131MB) CPU [11%@729,1%@729,3%@729,1%@729,0%@729,1%@729] GR3D_FREQ 98% cpu@58.406C soc2@57.281C soc0@58.218C gpu@59.281C tj@59.281C soc1@57.531C VDD_IN 14413mW/13520mW VDD_CPU_GPU_CV 6061mW/5568mW VDD_SOC 3711mW/3458mW
08-11-2026 20:55:50 RAM 5432/7607MB (lfb 44x4MB) SWAP 1393/16384MB (cached 131MB) CPU [11%@729,2%@729,1%@729,1%@729,0%@729,0%@729] GR3D_FREQ 99% cpu@58.062C soc2@57.312C soc0@58.281C gpu@59.281C tj@59.281C soc1@57.656C VDD_IN 14294mW/13526mW VDD_CPU_GPU_CV 6022mW/5571mW VDD_SOC 3672mW/3460mW
08-11-2026 20:55:51 RAM 5432/7607MB (lfb 44x4MB) SWAP 1393/16384MB (cached 131MB) CPU [8%@1190,2%@1190,5%@1190,1%@1190,0%@729,1%@729] GR3D_FREQ 100% cpu@58.25C soc2@57.343C soc0@58.281C gpu@59.031C tj@59.031C soc1@57.562C VDD_IN 14159mW/13531mW VDD_CPU_GPU_CV 5943mW/5574mW VDD_SOC 3632mW/3461mW
08-11-2026 20:55:52 RAM 5431/7607MB (lfb 44x4MB) SWAP 1393/16384MB (cached 131MB) CPU [3%@729,0%@729,9%@729,2%@729,0%@729,1%@729] GR3D_FREQ 99% cpu@58.468C soc2@57.343C soc0@58.25C gpu@58.875C tj@58.875C soc1@57.5C VDD_IN 13922mW/13534mW VDD_CPU_GPU_CV 5825mW/5576mW VDD_SOC 3593mW/3462mW
08-11-2026 20:55:53 RAM 5432/7607MB (lfb 44x4MB) SWAP 1393/16384MB (cached 131MB) CPU [6%@1344,0%@1344,5%@1344,2%@1344,0%@729,1%@729] GR3D_FREQ 99% cpu@58.312C soc2@57.281C soc0@58.156C gpu@58.875C tj@58.875C soc1@57.5C VDD_IN 13764mW/13535mW VDD_CPU_GPU_CV 5677mW/5576mW VDD_SOC 3553mW/3463mW
08-11-2026 20:55:54 RAM 5432/7607MB (lfb 44x4MB) SWAP 1393/16384MB (cached 131MB) CPU [6%@729,9%@729,3%@729,3%@729,0%@729,1%@729] GR3D_FREQ 85% cpu@58.593C soc2@57.406C soc0@58.281C gpu@59.25C tj@59.25C soc1@57.656C VDD_IN 13803mW/13537mW VDD_CPU_GPU_CV 5707mW/5577mW VDD_SOC 3593mW/3464mW
08-11-2026 20:55:55 RAM 5435/7607MB (lfb 46x4MB) SWAP 1393/16384MB (cached 131MB) CPU [19%@1344,19%@1344,5%@1344,20%@1344,58%@1344,0%@1344] GR3D_FREQ 97% cpu@58.468C soc2@57.406C soc0@58.5C gpu@59.25C tj@59.25C soc1@57.562C VDD_IN 14531mW/13544mW VDD_CPU_GPU_CV 6297mW/5583mW VDD_SOC 3666mW/3465mW
08-11-2026 20:55:56 RAM 5440/7607MB (lfb 46x4MB) SWAP 1392/16384MB (cached 131MB) CPU [27%@1344,74%@1344,12%@1344,12%@1344,0%@729,1%@729] GR3D_FREQ 95% cpu@58.843C soc2@57.593C soc0@58.437C gpu@59.5C tj@59.5C soc1@57.531C VDD_IN 14768mW/13553mW VDD_CPU_GPU_CV 6444mW/5589mW VDD_SOC 3666mW/3467mW
08-11-2026 20:55:57 RAM 5441/7607MB (lfb 46x4MB) SWAP 1392/16384MB (cached 131MB) CPU [5%@729,56%@729,26%@729,11%@729,0%@729,2%@729] GR3D_FREQ 97% cpu@58.562C soc2@57.468C soc0@58.281C gpu@59.343C tj@59.343C soc1@57.656C VDD_IN 14571mW/13560mW VDD_CPU_GPU_CV 6208mW/5593mW VDD_SOC 3705mW/3469mW
08-11-2026 20:55:58 RAM 5443/7607MB (lfb 46x4MB) SWAP 1392/16384MB (cached 131MB) CPU [2%@729,0%@729,6%@729,6%@729,0%@729,0%@729] GR3D_FREQ 95% cpu@58.656C soc2@57.437C soc0@58.375C gpu@59.312C tj@59.312C soc1@57.687C VDD_IN 14255mW/13565mW VDD_CPU_GPU_CV 5982mW/5596mW VDD_SOC 3672mW/3470mW
08-11-2026 20:55:59 RAM 5445/7607MB (lfb 46x4MB) SWAP 1392/16384MB (cached 131MB) CPU [3%@729,1%@729,7%@729,4%@729,0%@729,0%@729] GR3D_FREQ 97% cpu@58.5C soc2@57.531C soc0@58.343C gpu@59.437C tj@59.437C soc1@57.781C VDD_IN 14334mW/13571mW VDD_CPU_GPU_CV 5982mW/5599mW VDD_SOC 3705mW/3472mW
08-11-2026 20:56:00 RAM 5447/7607MB (lfb 46x4MB) SWAP 1392/16384MB (cached 131MB) CPU [4%@729,2%@729,9%@729,4%@729,0%@729,2%@729] GR3D_FREQ 98% cpu@58.406C soc2@57.562C soc0@58.5C gpu@59.468C tj@59.468C soc1@57.562C VDD_IN 14215mW/13575mW VDD_CPU_GPU_CV 6022mW/5602mW VDD_SOC 3672mW/3473mW
08-11-2026 20:56:01 RAM 5451/7607MB (lfb 45x4MB) SWAP 1392/16384MB (cached 131MB) CPU [59%@729,5%@729,11%@729,31%@729,27%@729,1%@729] GR3D_FREQ 99% cpu@58.406C soc2@57.562C soc0@58.5C gpu@59.125C tj@59.125C soc1@57.687C VDD_IN 14452mW/13581mW VDD_CPU_GPU_CV 6258mW/5606mW VDD_SOC 3627mW/3474mW
08-11-2026 20:56:02 RAM 5452/7607MB (lfb 45x4MB) SWAP 1392/16384MB (cached 131MB) CPU [9%@729,2%@729,1%@729,3%@729,0%@729,1%@729] GR3D_FREQ 99% cpu@58.5C soc2@57.5C soc0@58.375C gpu@59C tj@59C soc1@57.75C VDD_IN 13803mW/13583mW VDD_CPU_GPU_CV 5707mW/5607mW VDD_SOC 3553mW/3475mW
08-11-2026 20:56:03 RAM 5454/7607MB (lfb 46x4MB) SWAP 1392/16384MB (cached 131MB) CPU [6%@729,6%@729,0%@729,1%@729,0%@729,2%@729] GR3D_FREQ 98% cpu@58.531C soc2@57.531C soc0@58.468C gpu@58.937C tj@58.937C soc1@57.781C VDD_IN 13645mW/13583mW VDD_CPU_GPU_CV 5637mW/5607mW VDD_SOC 3553mW/3475mW
08-11-2026 20:56:04 RAM 5456/7607MB (lfb 46x4MB) SWAP 1392/16384MB (cached 131MB) CPU [3%@729,5%@729,1%@729,0%@729,2%@729,1%@729] GR3D_FREQ 75% cpu@58.343C soc2@57.562C soc0@58.625C gpu@59.125C tj@59.125C soc1@57.781C VDD_IN 13764mW/13584mW VDD_CPU_GPU_CV 5628mW/5607mW VDD_SOC 3593mW/3476mW
08-11-2026 20:56:05 RAM 5458/7607MB (lfb 45x4MB) SWAP 1392/16384MB (cached 131MB) CPU [5%@729,6%@729,1%@729,1%@729,2%@729,1%@729] GR3D_FREQ 98% cpu@58.468C soc2@57.593C soc0@58.562C gpu@59.218C tj@59.218C soc1@57.718C VDD_IN 14018mW/13587mW VDD_CPU_GPU_CV 5825mW/5609mW VDD_SOC 3632mW/3477mW
08-11-2026 20:56:06 RAM 5461/7607MB (lfb 45x4MB) SWAP 1392/16384MB (cached 131MB) CPU [8%@1344,7%@1344,6%@1344,6%@1344,7%@1344,1%@1344] GR3D_FREQ 99% cpu@58.562C soc2@57.593C soc0@58.5C gpu@59.312C tj@59.312C soc1@57.718C VDD_IN 14255mW/13592mW VDD_CPU_GPU_CV 6022mW/5611mW VDD_SOC 3666mW/3478mW
08-11-2026 20:56:07 RAM 5462/7607MB (lfb 46x4MB) SWAP 1392/16384MB (cached 131MB) CPU [9%@729,6%@729,21%@729,21%@729,54%@729,6%@729] GR3D_FREQ 91% cpu@58.562C soc2@57.593C soc0@58.437C gpu@59.468C tj@59.468C soc1@57.843C VDD_IN 14650mW/13599mW VDD_CPU_GPU_CV 6376mW/5616mW VDD_SOC 3705mW/3480mW
08-11-2026 20:56:08 RAM 5463/7607MB (lfb 46x4MB) SWAP 1392/16384MB (cached 131MB) CPU [7%@729,6%@729,1%@729,1%@729,0%@729,0%@729] GR3D_FREQ 99% cpu@58.781C soc2@57.593C soc0@58.5C gpu@59.625C tj@59.625C soc1@57.875C VDD_IN 14176mW/13602mW VDD_CPU_GPU_CV 5904mW/5618mW VDD_SOC 3672mW/3481mW
08-11-2026 20:56:09 RAM 5464/7607MB (lfb 45x4MB) SWAP 1392/16384MB (cached 131MB) CPU [5%@729,2%@729,2%@729,8%@729,0%@729,0%@729] GR3D_FREQ 91% cpu@58.406C soc2@57.593C soc0@58.656C gpu@59.531C tj@59.531C soc1@57.687C VDD_IN 14120mW/13606mW VDD_CPU_GPU_CV 5864mW/5620mW VDD_SOC 3672mW/3482mW
08-11-2026 20:56:10 RAM 5466/7607MB (lfb 45x4MB) SWAP 1392/16384MB (cached 131MB) CPU [7%@729,2%@729,2%@729,6%@729,0%@729,0%@729] GR3D_FREQ 91% cpu@58.468C soc2@57.687C soc0@58.656C gpu@59.562C tj@59.562C soc1@57.718C VDD_IN 14215mW/13610mW VDD_CPU_GPU_CV 5943mW/5622mW VDD_SOC 3672mW/3483mW
08-11-2026 20:56:11 RAM 5468/7607MB (lfb 45x4MB) SWAP 1392/16384MB (cached 131MB) CPU [6%@729,1%@729,2%@729,6%@729,0%@729,0%@729] GR3D_FREQ 91% cpu@58.718C soc2@57.625C soc0@58.437C gpu@59.593C tj@59.593C soc1@57.875C VDD_IN 14294mW/13614mW VDD_CPU_GPU_CV 5982mW/5624mW VDD_SOC 3705mW/3485mW
08-11-2026 20:56:12 RAM 5470/7607MB (lfb 46x4MB) SWAP 1391/16384MB (cached 131MB) CPU [5%@729,4%@729,6%@729,9%@729,24%@1344,1%@1344] GR3D_FREQ 98% cpu@58.75C soc2@57.656C soc0@58.5C gpu@59.812C tj@59.812C soc1@57.75C VDD_IN 14571mW/13620mW VDD_CPU_GPU_CV 6208mW/5628mW VDD_SOC 3666mW/3486mW
08-11-2026 20:56:13 RAM 5473/7607MB (lfb 45x4MB) SWAP 1391/16384MB (cached 131MB) CPU [19%@729,5%@729,1%@729,8%@729,43%@729,2%@729] GR3D_FREQ 99% cpu@58.687C soc2@57.625C soc0@58.593C gpu@59.375C tj@59.375C soc1@57.875C VDD_IN 14294mW/13625mW VDD_CPU_GPU_CV 6100mW/5631mW VDD_SOC 3632mW/3487mW
08-11-2026 20:56:14 RAM 5476/7607MB (lfb 45x4MB) SWAP 1391/16384MB (cached 131MB) CPU [6%@729,14%@729,9%@729,11%@729,2%@729,0%@729] GR3D_FREQ 99% cpu@58.437C soc2@57.687C soc0@58.625C gpu@59.156C tj@59.156C soc1@57.781C VDD_IN 13961mW/13627mW VDD_CPU_GPU_CV 5864mW/5633mW VDD_SOC 3593mW/3488mW
08-11-2026 20:56:15 RAM 5478/7607MB (lfb 46x4MB) SWAP 1391/16384MB (cached 131MB) CPU [2%@729,2%@729,6%@729,4%@729,0%@729,0%@729] GR3D_FREQ 99% cpu@58.562C soc2@57.593C soc0@58.593C gpu@59.062C tj@59.062C soc1@57.875C VDD_IN 13645mW/13627mW VDD_CPU_GPU_CV 5637mW/5633mW VDD_SOC 3553mW/3488mW
08-11-2026 20:56:16 RAM 5486/7607MB (lfb 45x4MB) SWAP 1381/16384MB (cached 134MB) CPU [7%@729,8%@729,7%@729,9%@729,0%@729,1%@729] GR3D_FREQ 98% cpu@58.718C soc2@57.687C soc0@58.531C gpu@59.343C tj@59.343C soc1@57.843C VDD_IN 13961mW/13629mW VDD_CPU_GPU_CV 5785mW/5633mW VDD_SOC 3632mW/3489mW
08-11-2026 20:56:17 RAM 5489/7607MB (lfb 45x4MB) SWAP 1379/16384MB (cached 135MB) CPU [4%@729,4%@729,1%@729,7%@729,0%@729,0%@729] GR3D_FREQ 95% cpu@58.625C soc2@57.718C soc0@58.625C gpu@59.468C tj@59.468C soc1@57.843C VDD_IN 13922mW/13631mW VDD_CPU_GPU_CV 5746mW/5634mW VDD_SOC 3632mW/3490mW
08-11-2026 20:56:18 RAM 5493/7607MB (lfb 46x4MB) SWAP 1379/16384MB (cached 135MB) CPU [2%@1344,5%@1344,42%@1344,9%@1344,2%@729,0%@729] GR3D_FREQ 95% cpu@58.843C soc2@57.812C soc0@58.687C gpu@59.906C tj@59.906C soc1@57.968C VDD_IN 14373mW/13635mW VDD_CPU_GPU_CV 6100mW/5637mW VDD_SOC 3666mW/3491mW
08-11-2026 20:56:19 RAM 5494/7607MB (lfb 46x4MB) SWAP 1378/16384MB (cached 135MB) CPU [25%@729,5%@729,28%@729,3%@729,12%@729,0%@729] GR3D_FREQ 99% cpu@58.562C soc2@57.781C soc0@58.718C gpu@59.937C tj@59.937C soc1@57.843C VDD_IN 14255mW/13639mW VDD_CPU_GPU_CV 5982mW/5639mW VDD_SOC 3672mW/3492mW
08-11-2026 20:56:20 RAM 5497/7607MB (lfb 45x4MB) SWAP 1378/16384MB (cached 135MB) CPU [9%@729,6%@729,13%@729,2%@729,8%@729,1%@729] GR3D_FREQ 91% cpu@58.593C soc2@57.75C soc0@58.718C gpu@59.843C tj@59.843C soc1@57.906C VDD_IN 14255mW/13643mW VDD_CPU_GPU_CV 5982mW/5641mW VDD_SOC 3672mW/3493mW
08-11-2026 20:56:21 RAM 5498/7607MB (lfb 45x4MB) SWAP 1378/16384MB (cached 135MB) CPU [2%@729,4%@729,0%@729,1%@729,6%@729,0%@729] GR3D_FREQ 91% cpu@58.843C soc2@57.812C soc0@58.562C gpu@59.937C tj@59.937C soc1@57.968C VDD_IN 14255mW/13647mW VDD_CPU_GPU_CV 6022mW/5644mW VDD_SOC 3711mW/3494mW
08-11-2026 20:56:22 RAM 5499/7607MB (lfb 44x4MB) SWAP 1378/16384MB (cached 135MB) CPU [2%@729,10%@729,1%@729,1%@729,0%@729,3%@729] GR3D_FREQ 98% cpu@58.687C soc2@57.75C soc0@58.625C gpu@60.031C tj@60.031C soc1@57.937C VDD_IN 14413mW/13651mW VDD_CPU_GPU_CV 6100mW/5646mW VDD_SOC 3745mW/3496mW
08-11-2026 20:56:23 RAM 5501/7607MB (lfb 44x4MB) SWAP 1378/16384MB (cached 135MB) CPU [1%@729,5%@729,7%@729,2%@729,1%@729,2%@729] GR3D_FREQ 97% cpu@58.906C soc2@57.812C soc0@58.718C gpu@59.718C tj@59.718C soc1@57.968C VDD_IN 14255mW/13655mW VDD_CPU_GPU_CV 5982mW/5648mW VDD_SOC 3672mW/3497mW
08-11-2026 20:56:24 RAM 5500/7607MB (lfb 43x4MB) SWAP 1378/16384MB (cached 135MB) CPU [5%@729,4%@729,8%@729,5%@729,52%@1344,0%@1344] GR3D_FREQ 99% cpu@58.656C soc2@57.781C soc0@58.75C gpu@59.437C tj@59.437C soc1@57.937C VDD_IN 14610mW/13661mW VDD_CPU_GPU_CV 6326mW/5652mW VDD_SOC 3627mW/3498mW
08-11-2026 20:56:25 RAM 5504/7607MB (lfb 43x4MB) SWAP 1378/16384MB (cached 135MB) CPU [3%@729,10%@729,1%@729,23%@729,12%@729,5%@729] GR3D_FREQ 99% cpu@58.593C soc2@57.75C soc0@58.625C gpu@59.312C tj@59.312C soc1@57.968C VDD_IN 14001mW/13663mW VDD_CPU_GPU_CV 5864mW/5654mW VDD_SOC 3593mW/3498mW
08-11-2026 20:56:26 RAM 5513/7607MB (lfb 5x4MB) SWAP 1377/16384MB (cached 136MB) CPU [11%@1344,17%@1344,16%@1344,21%@1344,13%@1344,5%@1344] GR3D_FREQ 0% cpu@58.593C soc2@57.312C soc0@58.531C gpu@58.031C tj@58.593C soc1@57.875C VDD_IN 8956mW/13635mW VDD_CPU_GPU_CV 2901mW/5637mW VDD_SOC 2348mW/3492mW
08-11-2026 20:56:27 RAM 5559/7607MB (lfb 5x4MB) SWAP 1377/16384MB (cached 136MB) CPU [61%@729,61%@729,63%@729,61%@729,61%@729,60%@729] GR3D_FREQ 98% cpu@57.906C soc2@57.218C soc0@58.25C gpu@58.656C tj@58.656C soc1@57.75C VDD_IN 9896mW/13613mW VDD_CPU_GPU_CV 3769mW/5627mW VDD_SOC 2066mW/3483mW
08-11-2026 20:56:28 RAM 5559/7607MB (lfb 5x4MB) SWAP 1377/16384MB (cached 136MB) CPU [4%@729,1%@729,10%@729,2%@729,0%@729,0%@729] GR3D_FREQ 99% cpu@58.437C soc2@57.343C soc0@58.375C gpu@58.656C tj@58.656C soc1@57.937C VDD_IN 12716mW/13608mW VDD_CPU_GPU_CV 5322mW/5625mW VDD_SOC 2966mW/3480mW
08-11-2026 20:56:29 RAM 5559/7607MB (lfb 5x4MB) SWAP 1377/16384MB (cached 136MB) CPU [2%@729,3%@729,2%@729,6%@729,0%@729,0%@729] GR3D_FREQ 99% cpu@58.156C soc2@57.5C soc0@58.531C gpu@58.875C tj@58.875C soc1@57.75C VDD_IN 13408mW/13607mW VDD_CPU_GPU_CV 5637mW/5625mW VDD_SOC 3277mW/3479mW
08-11-2026 20:56:30 RAM 5561/7607MB (lfb 5x4MB) SWAP 1377/16384MB (cached 136MB) CPU [8%@1344,2%@1344,8%@1344,66%@1344,0%@729,0%@729] GR3D_FREQ 98% cpu@58.718C soc2@57.5C soc0@58.5C gpu@59.312C tj@59.312C soc1@57.781C VDD_IN 14452mW/13612mW VDD_CPU_GPU_CV 6258mW/5628mW VDD_SOC 3627mW/3480mW
08-11-2026 20:56:31 RAM 5562/7607MB (lfb 5x4MB) SWAP 1377/16384MB (cached 136MB) CPU [6%@729,20%@729,3%@729,8%@729,0%@729,0%@729] GR3D_FREQ 95% cpu@58.75C soc2@57.718C soc0@58.531C gpu@59.406C tj@59.406C soc1@57.781C VDD_IN 14097mW/13614mW VDD_CPU_GPU_CV 5904mW/5630mW VDD_SOC 3632mW/3481mW
08-11-2026 20:56:32 RAM 5562/7607MB (lfb 5x4MB) SWAP 1377/16384MB (cached 136MB) CPU [3%@1344,1%@1344,5%@1344,10%@1344,0%@729,0%@729] GR3D_FREQ 91% cpu@58.531C soc2@57.718C soc0@58.531C gpu@59.406C tj@59.406C soc1@57.875C VDD_IN 14176mW/13618mW VDD_CPU_GPU_CV 5904mW/5632mW VDD_SOC 3672mW/3482mW
08-11-2026 20:56:33 RAM 5562/7607MB (lfb 5x4MB) SWAP 1377/16384MB (cached 136MB) CPU [7%@729,10%@729,11%@729,5%@729,0%@729,0%@729] GR3D_FREQ 91% cpu@58.968C soc2@57.718C soc0@58.593C gpu@59.437C tj@59.437C soc1@57.968C VDD_IN 14159mW/13621mW VDD_CPU_GPU_CV 5904mW/5633mW VDD_SOC 3672mW/3483mW
08-11-2026 20:56:34 RAM 5562/7607MB (lfb 5x4MB) SWAP 1377/16384MB (cached 136MB) CPU [9%@729,2%@729,2%@729,4%@729,0%@729,0%@729] GR3D_FREQ 90% cpu@58.437C soc2@57.656C soc0@58.718C gpu@59.687C tj@59.687C soc1@57.812C VDD_IN 14176mW/13624mW VDD_CPU_GPU_CV 5904mW/5635mW VDD_SOC 3672mW/3484mW
08-11-2026 20:56:35 RAM 5562/7607MB (lfb 5x4MB) SWAP 1377/16384MB (cached 136MB) CPU [2%@729,2%@729,2%@729,11%@729,0%@729,0%@729] GR3D_FREQ 91% cpu@58.593C soc2@57.656C soc0@58.5C gpu@59.625C tj@59.625C soc1@57.843C VDD_IN 14255mW/13627mW VDD_CPU_GPU_CV 5982mW/5637mW VDD_SOC 3672mW/3485mW
08-11-2026 20:56:36 RAM 5563/7607MB (lfb 5x4MB) SWAP 1377/16384MB (cached 136MB) CPU [17%@1344,7%@1344,7%@1344,66%@1344,0%@729,0%@729] GR3D_FREQ 99% cpu@58.968C soc2@57.843C soc0@58.625C gpu@59.937C tj@59.937C soc1@57.843C VDD_IN 14847mW/13634mW VDD_CPU_GPU_CV 6483mW/5641mW VDD_SOC 3705mW/3486mW
08-11-2026 20:56:37 RAM 5563/7607MB (lfb 5x4MB) SWAP 1377/16384MB (cached 136MB) CPU [6%@729,6%@729,11%@729,2%@729,1%@729,1%@729] GR3D_FREQ 99% cpu@58.375C soc2@57.687C soc0@58.656C gpu@59.625C tj@59.625C soc1@57.968C VDD_IN 14176mW/13637mW VDD_CPU_GPU_CV 5982mW/5643mW VDD_SOC 3632mW/3487mW
08-11-2026 20:56:38 RAM 5563/7607MB (lfb 5x4MB) SWAP 1377/16384MB (cached 136MB) CPU [3%@729,1%@729,3%@729,7%@729,1%@729,0%@729] GR3D_FREQ 99% cpu@58.843C soc2@57.75C soc0@58.718C gpu@59.437C tj@59.437C soc1@58.031C VDD_IN 13961mW/13639mW VDD_CPU_GPU_CV 5785mW/5644mW VDD_SOC 3593mW/3488mW
08-11-2026 20:56:39 RAM 5562/7607MB (lfb 5x4MB) SWAP 1377/16384MB (cached 136MB) CPU [12%@729,4%@729,17%@729,12%@729,1%@729,1%@729] GR3D_FREQ 94% cpu@58.562C soc2@57.781C soc0@58.781C gpu@59.468C tj@59.468C soc1@57.937C VDD_IN 13724mW/13639mW VDD_CPU_GPU_CV 5667mW/5644mW VDD_SOC 3553mW/3488mW
08-11-2026 20:56:40 RAM 5562/7607MB (lfb 5x4MB) SWAP 1377/16384MB (cached 136MB) CPU [2%@729,1%@729,4%@729,12%@729,0%@729,0%@729] GR3D_FREQ 96% cpu@58.687C soc2@57.656C soc0@58.656C gpu@59.656C tj@59.468C soc1@57.968C VDD_IN 13882mW/13641mW VDD_CPU_GPU_CV 5707mW/5644mW VDD_SOC 3593mW/3489mW
08-11-2026 20:56:41 RAM 5562/7607MB (lfb 5x4MB) SWAP 1377/16384MB (cached 136MB) CPU [2%@729,3%@729,5%@729,7%@729,1%@729,0%@729] GR3D_FREQ 96% cpu@58.875C soc2@57.75C soc0@58.656C gpu@59.5C tj@59.5C soc1@57.937C VDD_IN 14018mW/13643mW VDD_CPU_GPU_CV 5825mW/5645mW VDD_SOC 3632mW/3489mW
08-11-2026 20:56:42 RAM 5561/7607MB (lfb 5x4MB) SWAP 1377/16384MB (cached 136MB) CPU [4%@729,3%@729,3%@729,5%@729,0%@729,0%@729] GR3D_FREQ 90% cpu@58.5C soc2@57.781C soc0@58.656C gpu@59.656C tj@59.656C soc1@58.031C VDD_IN 14097mW/13645mW VDD_CPU_GPU_CV 5825mW/5646mW VDD_SOC 3672mW/3490mW
08-11-2026 20:56:43 RAM 5561/7607MB (lfb 5x4MB) SWAP 1377/16384MB (cached 136MB) CPU [1%@729,4%@729,8%@729,6%@729,0%@729,0%@729] GR3D_FREQ 91% cpu@58.656C soc2@57.875C soc0@58.781C gpu@59.593C tj@59.593C soc1@58.062C VDD_IN 14136mW/13648mW VDD_CPU_GPU_CV 5864mW/5648mW VDD_SOC 3672mW/3491mW
08-11-2026 20:56:44 RAM 5561/7607MB (lfb 5x4MB) SWAP 1377/16384MB (cached 136MB) CPU [2%@729,1%@729,6%@729,4%@729,1%@729,1%@729] GR3D_FREQ 91% cpu@58.718C soc2@57.75C soc0@58.781C gpu@59.656C tj@59.656C soc1@57.937C VDD_IN 14136mW/13650mW VDD_CPU_GPU_CV 5943mW/5649mW VDD_SOC 3672mW/3492mW
08-11-2026 20:56:45 RAM 5559/7607MB (lfb 5x4MB) SWAP 1377/16384MB (cached 136MB) CPU [8%@729,16%@729,8%@729,5%@729,1%@729,3%@729] GR3D_FREQ 92% cpu@58.718C soc2@57.812C soc0@58.687C gpu@59.656C tj@59.656C soc1@57.906C VDD_IN 14334mW/13654mW VDD_CPU_GPU_CV 6061mW/5651mW VDD_SOC 3666mW/3493mW
08-11-2026 20:56:46 RAM 5559/7607MB (lfb 5x4MB) SWAP 1377/16384MB (cached 136MB) CPU [1%@729,2%@729,0%@729,1%@729,1%@729,13%@729] GR3D_FREQ 98% cpu@58.843C soc2@57.843C soc0@58.687C gpu@59.843C tj@59.843C soc1@58.031C VDD_IN 14255mW/13657mW VDD_CPU_GPU_CV 5982mW/5653mW VDD_SOC 3705mW/3494mW
08-11-2026 20:56:47 RAM 5559/7607MB (lfb 5x4MB) SWAP 1377/16384MB (cached 136MB) CPU [2%@729,5%@729,1%@729,2%@729,1%@729,9%@729] GR3D_FREQ 97% cpu@58.531C soc2@57.843C soc0@58.718C gpu@60.156C tj@60.156C soc1@58.031C VDD_IN 14294mW/13660mW VDD_CPU_GPU_CV 5982mW/5655mW VDD_SOC 3672mW/3495mW
08-11-2026 20:56:48 RAM 5559/7607MB (lfb 5x4MB) SWAP 1377/16384MB (cached 136MB) CPU [1%@729,1%@729,1%@729,0%@729,0%@729,8%@729] GR3D_FREQ 99% cpu@58.562C soc2@57.843C soc0@58.812C gpu@60.187C tj@60.187C soc1@58.093C VDD_IN 14176mW/13663mW VDD_CPU_GPU_CV 5943mW/5656mW VDD_SOC 3672mW/3496mW
08-11-2026 20:56:49 RAM 5560/7607MB (lfb 5x4MB) SWAP 1377/16384MB (cached 136MB) CPU [3%@729,1%@729,3%@729,1%@729,0%@729,11%@729] GR3D_FREQ 99% cpu@58.593C soc2@57.781C soc0@58.781C gpu@60C tj@60C soc1@57.968C VDD_IN 14159mW/13666mW VDD_CPU_GPU_CV 5904mW/5658mW VDD_SOC 3632mW/3497mW
08-11-2026 20:56:50 RAM 5560/7607MB (lfb 5x4MB) SWAP 1376/16384MB (cached 136MB) CPU [1%@729,2%@729,2%@729,2%@729,1%@729,10%@729] GR3D_FREQ 99% cpu@58.625C soc2@57.75C soc0@58.687C gpu@59.093C tj@59.093C soc1@57.968C VDD_IN 13882mW/13667mW VDD_CPU_GPU_CV 5785mW/5658mW VDD_SOC 3593mW/3497mW
08-11-2026 20:56:51 RAM 5561/7607MB (lfb 5x4MB) SWAP 1376/16384MB (cached 136MB) CPU [4%@1190,16%@1190,3%@1190,5%@1190,8%@729,2%@729] GR3D_FREQ 99% cpu@59.062C soc2@57.843C soc0@58.781C gpu@59.281C tj@59.281C soc1@58.093C VDD_IN 13961mW/13668mW VDD_CPU_GPU_CV 5864mW/5659mW VDD_SOC 3553mW/3498mW
08-11-2026 20:56:52 RAM 5561/7607MB (lfb 5x4MB) SWAP 1376/16384MB (cached 136MB) CPU [3%@729,3%@729,0%@729,4%@729,7%@729,2%@729] GR3D_FREQ 47% cpu@58.593C soc2@57.843C soc0@58.687C gpu@59.218C tj@59.5C soc1@58.093C VDD_IN 13724mW/13669mW VDD_CPU_GPU_CV 5628mW/5659mW VDD_SOC 3553mW/3498mW
08-11-2026 20:56:53 RAM 5560/7607MB (lfb 5x4MB) SWAP 1376/16384MB (cached 136MB) CPU [2%@729,5%@729,2%@729,0%@729,1%@729,10%@729] GR3D_FREQ 74% cpu@58.687C soc2@58C soc0@58.781C gpu@59.656C tj@59.656C soc1@58C VDD_IN 13843mW/13669mW VDD_CPU_GPU_CV 5707mW/5659mW VDD_SOC 3593mW/3498mW
08-11-2026 20:56:54 RAM 5561/7607MB (lfb 5x4MB) SWAP 1376/16384MB (cached 136MB) CPU [2%@729,4%@729,2%@729,2%@729,1%@729,6%@729] GR3D_FREQ 96% cpu@58.718C soc2@57.875C soc0@58.781C gpu@59.875C tj@59.875C soc1@58C VDD_IN 14120mW/13672mW VDD_CPU_GPU_CV 5825mW/5660mW VDD_SOC 3672mW/3499mW
08-11-2026 20:56:55 RAM 5561/7607MB (lfb 5x4MB) SWAP 1376/16384MB (cached 136MB) CPU [1%@729,1%@729,2%@729,0%@729,0%@729,9%@729] GR3D_FREQ 91% cpu@59.031C soc2@57.875C soc0@58.75C gpu@59.875C tj@59.875C soc1@58.062C VDD_IN 14136mW/13674mW VDD_CPU_GPU_CV 5864mW/5661mW VDD_SOC 3672mW/3500mW
08-11-2026 20:56:56 RAM 5561/7607MB (lfb 5x4MB) SWAP 1376/16384MB (cached 136MB) CPU [2%@729,1%@729,1%@729,2%@729,4%@729,5%@729] GR3D_FREQ 91% cpu@58.937C soc2@57.875C soc0@58.781C gpu@59.843C tj@59.843C soc1@58.156C VDD_IN 14120mW/13676mW VDD_CPU_GPU_CV 5864mW/5662mW VDD_SOC 3672mW/3501mW
08-11-2026 20:56:57 RAM 5561/7607MB (lfb 5x4MB) SWAP 1376/16384MB (cached 136MB) CPU [2%@729,1%@729,2%@729,1%@729,9%@729,0%@729] GR3D_FREQ 99% cpu@58.656C soc2@57.875C soc0@58.937C gpu@59.937C tj@59.718C soc1@58.125C VDD_IN 14215mW/13679mW VDD_CPU_GPU_CV 5904mW/5663mW VDD_SOC 3672mW/3502mW
08-11-2026 20:56:58 RAM 5562/7607MB (lfb 5x4MB) SWAP 1376/16384MB (cached 136MB) CPU [9%@729,7%@729,4%@729,19%@729,6%@729,1%@729] GR3D_FREQ 91% cpu@58.781C soc2@58C soc0@58.937C gpu@59.718C tj@59.718C soc1@58C VDD_IN 14294mW/13682mW VDD_CPU_GPU_CV 6022mW/5665mW VDD_SOC 3672mW/3503mW
08-11-2026 20:56:59 RAM 5562/7607MB (lfb 5x4MB) SWAP 1376/16384MB (cached 136MB) CPU [2%@729,8%@729,1%@729,1%@729,0%@729,0%@729] GR3D_FREQ 97% cpu@58.875C soc2@57.937C soc0@58.75C gpu@59.937C tj@59.937C soc1@58.031C VDD_IN 14373mW/13685mW VDD_CPU_GPU_CV 6022mW/5667mW VDD_SOC 3705mW/3504mW
08-11-2026 20:57:00 RAM 5562/7607MB (lfb 5x4MB) SWAP 1376/16384MB (cached 136MB) CPU [7%@729,4%@729,1%@729,2%@729,1%@729,0%@729] GR3D_FREQ 95% cpu@58.875C soc2@57.937C soc0@58.843C gpu@59.906C tj@59.906C soc1@58.125C VDD_IN 14255mW/13688mW VDD_CPU_GPU_CV 5982mW/5668mW VDD_SOC 3672mW/3505mW
08-11-2026 20:57:01 RAM 5562/7607MB (lfb 5x4MB) SWAP 1376/16384MB (cached 136MB) CPU [8%@729,4%@729,2%@729,1%@729,0%@729,1%@729] GR3D_FREQ 99% cpu@58.781C soc2@57.937C soc0@58.812C gpu@59.687C tj@59.687C soc1@58.125C VDD_IN 14057mW/13690mW VDD_CPU_GPU_CV 5904mW/5670mW VDD_SOC 3632mW/3505mW
08-11-2026 20:57:02 RAM 5562/7607MB (lfb 5x4MB) SWAP 1376/16384MB (cached 136MB) CPU [3%@729,8%@729,1%@729,2%@729,0%@729,1%@729] GR3D_FREQ 99% cpu@59.031C soc2@57.968C soc0@58.875C gpu@59.625C tj@59.625C soc1@58.187C VDD_IN 13922mW/13691mW VDD_CPU_GPU_CV 5785mW/5670mW VDD_SOC 3593mW/3506mW
08-11-2026 20:57:03 RAM 4401/7607MB (lfb 22x4MB) SWAP 1376/16384MB (cached 136MB) CPU [9%@1344,20%@1344,39%@1344,6%@1344,9%@729,4%@729] GR3D_FREQ 0% cpu@58.406C soc2@57.5C soc0@58.781C gpu@58.375C tj@58.781C soc1@57.937C VDD_IN 8837mW/13668mW VDD_CPU_GPU_CV 2742mW/5656mW VDD_SOC 2348mW/3500mW
