
slorado base-caller version 0.5.0-beta
model path:         models/dna_r10.4.1_e8.2_400bps_fast@v5.0.0
input path:         test/PGXXXX230339/reads_1k.blow5
output path:        output_fast_1k_overlap-li-C64-f8-fixedc.fastq
device:             cuda:all
chunk size:         12288
read batch size:    4096
gpu batch size:     64
no. threads:        8
overlap:            150
overlap decode:     yes
fixed-c batch:      yes (no narrow)
flush threshold:    8

[parse_qscore_params::INFO][1;34m mean_qscore_start_pos not found in config toml, setting default to 60[0m
[basecaller_main::0.233*4.80] 1000 Entries (49.5M bytes) loaded
[basecaller_main::63.628*0.14] 1000 Entries (49.5M bytes) processed

[basecaller_main] total entries: 1000
[basecaller_main] total bytes: 49.5 M
[basecaller_main] model initialization: 0.183 sec
[basecaller_main] data loading: 0.048 sec
[basecaller_main] data processing: 63.395 sec
[basecaller_main]     - parse: 0.357 sec
[basecaller_main]     - preprocess: 0.014 sec
[basecaller_main]     - runners: 62.999 sec
[basecaller_main]          - synchronisation: 0.000 sec
[basecaller_main]          - model runner [0]: 62.994 sec
[basecaller_main]             - accept: 0.338 sec
[basecaller_main]             - basecall: 62.656 sec
[basecaller_main]                 - inference: 29.621 sec
[basecaller_main]                     - conv_stack: 1.031 sec
[basecaller_main]                         - input [N,C,T]: [64, 1, 12288]
[basecaller_main]                         - conv[0]: 0.473 sec
[basecaller_main]                             in  [N,C,T]: [64, 1, 12288]
[basecaller_main]                             out [N,C,T]: [64, 16, 12288]
[basecaller_main]                             op: 0.389 sec  act: 0.084 sec
[basecaller_main]                         - conv[1]: 0.299 sec
[basecaller_main]                             in  [N,C,T]: [64, 16, 12288]
[basecaller_main]                             out [N,C,T]: [64, 16, 12288]
[basecaller_main]                             op: 0.248 sec  act: 0.051 sec
[basecaller_main]                         - conv[2]: 0.253 sec
[basecaller_main]                             in  [N,C,T]: [64, 16, 12288]
[basecaller_main]                             out [N,C,T]: [64, 96, 2048]
[basecaller_main]                             op: 0.205 sec  act: 0.049 sec
[basecaller_main]                         - transpose: 0.006 sec
[basecaller_main]                             in  [N,C,T]: [64, 96, 2048]
[basecaller_main]                             out [N,T,C]: [64, 2048, 96]
[basecaller_main]                     - rnns: 4.196 sec
[basecaller_main]                         - rnn[0] (reverse): 1.287 sec
[basecaller_main]                             in  [N,T,C]: [64, 2048, 96]
[basecaller_main]                             out [N,T,C]: [64, 2048, 96]
[basecaller_main]                             flip: 0.065 sec  lstm: 1.222 sec
[basecaller_main]                         - rnn[1] (forward): 0.734 sec
[basecaller_main]                             in  [N,T,C]: [64, 2048, 96]
[basecaller_main]                             out [N,T,C]: [64, 2048, 96]
[basecaller_main]                             flip: 0.054 sec  lstm: 0.680 sec
[basecaller_main]                         - rnn[2] (reverse): 0.713 sec
[basecaller_main]                             in  [N,T,C]: [64, 2048, 96]
[basecaller_main]                             out [N,T,C]: [64, 2048, 96]
[basecaller_main]                             flip: 0.051 sec  lstm: 0.663 sec
[basecaller_main]                         - rnn[3] (forward): 0.707 sec
[basecaller_main]                             in  [N,T,C]: [64, 2048, 96]
[basecaller_main]                             out [N,T,C]: [64, 2048, 96]
[basecaller_main]                             flip: 0.050 sec  lstm: 0.657 sec
[basecaller_main]                         - rnn[4] (reverse): 0.702 sec
[basecaller_main]                             in  [N,T,C]: [64, 2048, 96]
[basecaller_main]                             out [N,T,C]: [64, 2048, 96]
[basecaller_main]                             flip: 0.050 sec  lstm: 0.652 sec
[basecaller_main]                         - rnn_out_flip: 0.052 sec
[basecaller_main]                             out [N,T,C]: [64, 2048, 96]
[basecaller_main]                     - crf_1: 0.173 sec
[basecaller_main]                         in  [N,T,C]: [64, 2048, 96]
[basecaller_main]                         out [N,T,C]: [64, 2048, 256]
[basecaller_main]                     - crf_2: 0.000 sec
[basecaller_main]                     - clamp: 0.031 sec
[basecaller_main]                 - decode: 62.081 sec
[basecaller_main]                     - scores [N,T,C]: [64, 2048, 256]
[basecaller_main]                     - bwd_scan: 1.542 sec
[basecaller_main]                     - beam_search: 23.609 sec
[basecaller_main]                     - fwd_post_scan: 7.102 sec
[basecaller_main]                     - qual_data: 3.292 sec
[basecaller_main]                     - gen_sequence: 1.993 sec
[basecaller_main]                     - d2h_copy: 0.025 sec
[basecaller_main]             - modcall: 0.000 sec
[basecaller_main] load-imbalance: 638 GPU batches (638 tail), 5100 real chunks, 35732 padded slots -> 87.5% of 40832 launched GPU slots wasted on padding
[basecaller_main]     - postprocess: 0.025 sec
[basecaller_main]     - mod_preprocess: 0.000 sec
[basecaller_main]     - mod_postprocess: 0.000 sec
[basecaller_main] data output: 0.032 sec
[basecaller_main] data free: 0.010 sec
[main] Version: 0.5.0-beta
[main] CMD: ./slorado basecaller -C 64 -c 12288 -K 4096 -p 150 --overlap-decode=yes --fixed-c-batch=yes --flush-threshold=8 -o output_fast_1k_overlap-li-C64-f8-fixedc.fastq models/dna_r10.4.1_e8.2_400bps_fast@v5.0.0 test/PGXXXX230339/reads_1k.blow5
[main] Real time: 63.677 sec; CPU time: 8.836 sec; Peak RAM: 2.422 GB

