
slorado base-caller version 0.5.0-beta
model path:         models/dna_r10.4.1_e8.2_400bps_fast@v5.0.0
input path:         test/PGXXXX230339/reads_1k.blow5
output path:        output_fast_1k_overlap-li-C64-f8-narrow.fastq
device:             cuda:all
chunk size:         12288
read batch size:    4096
gpu batch size:     64
no. threads:        8
overlap:            150
overlap decode:     yes
fixed-c batch:      no (narrow partials)
flush threshold:    8

[parse_qscore_params::INFO][1;34m mean_qscore_start_pos not found in config toml, setting default to 60[0m
[basecaller_main::0.244*4.65] 1000 Entries (49.5M bytes) loaded
[basecaller_main::30.954*0.25] 1000 Entries (49.5M bytes) processed

[basecaller_main] total entries: 1000
[basecaller_main] total bytes: 49.5 M
[basecaller_main] model initialization: 0.195 sec
[basecaller_main] data loading: 0.048 sec
[basecaller_main] data processing: 30.709 sec
[basecaller_main]     - parse: 0.393 sec
[basecaller_main]     - preprocess: 0.014 sec
[basecaller_main]     - runners: 30.279 sec
[basecaller_main]          - synchronisation: 0.000 sec
[basecaller_main]          - model runner [0]: 30.274 sec
[basecaller_main]             - accept: 0.332 sec
[basecaller_main]             - basecall: 29.942 sec
[basecaller_main]                 - inference: 4.663 sec
[basecaller_main]                     - conv_stack: 1.006 sec
[basecaller_main]                         - input [N,C,T]: [8, 1, 12288]
[basecaller_main]                         - conv[0]: 0.430 sec
[basecaller_main]                             in  [N,C,T]: [8, 1, 12288]
[basecaller_main]                             out [N,C,T]: [8, 16, 12288]
[basecaller_main]                             op: 0.344 sec  act: 0.086 sec
[basecaller_main]                         - conv[1]: 0.303 sec
[basecaller_main]                             in  [N,C,T]: [8, 16, 12288]
[basecaller_main]                             out [N,C,T]: [8, 16, 12288]
[basecaller_main]                             op: 0.249 sec  act: 0.054 sec
[basecaller_main]                         - conv[2]: 0.268 sec
[basecaller_main]                             in  [N,C,T]: [8, 16, 12288]
[basecaller_main]                             out [N,C,T]: [8, 96, 2048]
[basecaller_main]                             op: 0.215 sec  act: 0.053 sec
[basecaller_main]                         - transpose: 0.005 sec
[basecaller_main]                             in  [N,C,T]: [8, 96, 2048]
[basecaller_main]                             out [N,T,C]: [8, 2048, 96]
[basecaller_main]                     - rnns: 3.240 sec
[basecaller_main]                         - rnn[0] (reverse): 0.904 sec
[basecaller_main]                             in  [N,T,C]: [8, 2048, 96]
[basecaller_main]                             out [N,T,C]: [8, 2048, 96]
[basecaller_main]                             flip: 0.059 sec  lstm: 0.845 sec
[basecaller_main]                         - rnn[1] (forward): 0.590 sec
[basecaller_main]                             in  [N,T,C]: [8, 2048, 96]
[basecaller_main]                             out [N,T,C]: [8, 2048, 96]
[basecaller_main]                             flip: 0.054 sec  lstm: 0.537 sec
[basecaller_main]                         - rnn[2] (reverse): 0.570 sec
[basecaller_main]                             in  [N,T,C]: [8, 2048, 96]
[basecaller_main]                             out [N,T,C]: [8, 2048, 96]
[basecaller_main]                             flip: 0.049 sec  lstm: 0.520 sec
[basecaller_main]                         - rnn[3] (forward): 0.563 sec
[basecaller_main]                             in  [N,T,C]: [8, 2048, 96]
[basecaller_main]                             out [N,T,C]: [8, 2048, 96]
[basecaller_main]                             flip: 0.049 sec  lstm: 0.514 sec
[basecaller_main]                         - rnn[4] (reverse): 0.561 sec
[basecaller_main]                             in  [N,T,C]: [8, 2048, 96]
[basecaller_main]                             out [N,T,C]: [8, 2048, 96]
[basecaller_main]                             flip: 0.048 sec  lstm: 0.513 sec
[basecaller_main]                         - rnn_out_flip: 0.051 sec
[basecaller_main]                             out [N,T,C]: [8, 2048, 96]
[basecaller_main]                     - crf_1: 0.151 sec
[basecaller_main]                         in  [N,T,C]: [8, 2048, 96]
[basecaller_main]                         out [N,T,C]: [8, 2048, 256]
[basecaller_main]                     - crf_2: 0.000 sec
[basecaller_main]                     - clamp: 0.032 sec
[basecaller_main]                 - decode: 29.447 sec
[basecaller_main]                     - scores [N,T,C]: [4, 2048, 256]
[basecaller_main]                     - bwd_scan: 1.666 sec
[basecaller_main]                     - beam_search: 18.906 sec
[basecaller_main]                     - fwd_post_scan: 4.546 sec
[basecaller_main]                     - qual_data: 2.882 sec
[basecaller_main]                     - gen_sequence: 1.562 sec
[basecaller_main]                     - d2h_copy: 0.009 sec
[basecaller_main]             - modcall: 0.000 sec
[basecaller_main] load-imbalance: 638 GPU batches (638 tail), 5100 real chunks, 35732 padded slots -> 87.5% of 40832 launched GPU slots wasted on padding
[basecaller_main]     - postprocess: 0.023 sec
[basecaller_main]     - mod_preprocess: 0.000 sec
[basecaller_main]     - mod_postprocess: 0.000 sec
[basecaller_main] data output: 0.032 sec
[basecaller_main] data free: 0.011 sec
[main] Version: 0.5.0-beta
[main] CMD: ./slorado basecaller -C 64 -c 12288 -K 4096 -p 150 --overlap-decode=yes --fixed-c-batch=no --flush-threshold=8 -o output_fast_1k_overlap-li-C64-f8-narrow.fastq models/dna_r10.4.1_e8.2_400bps_fast@v5.0.0 test/PGXXXX230339/reads_1k.blow5
[main] Real time: 31.005 sec; CPU time: 7.684 sec; Peak RAM: 1.378 GB

