
slorado base-caller version 0.5.0-beta
model path:         models/dna_r10.4.1_e8.2_400bps_hac@v5.0.0
input path:         test/PGXXXX230339/reads_1k.blow5
output path:        /dev/null
device:             cuda:all
chunk size:         12288
read batch size:    4096
gpu batch size:     128
no. threads:        8
overlap:            150
overlap decode:     no

[parse_qscore_params::INFO][1;34m mean_qscore_start_pos not found in config toml, setting default to 60[0m
[basecaller_main::0.411*3.05] 1000 Entries (49.5M bytes) loaded
[basecaller_main::46.544*0.68] 1000 Entries (49.5M bytes) processed

[basecaller_main] total entries: 1000
[basecaller_main] total bytes: 49.5 M
[basecaller_main] model initialization: 0.362 sec
[basecaller_main] data loading: 0.047 sec
[basecaller_main] data processing: 46.133 sec
[basecaller_main]     - parse: 0.358 sec
[basecaller_main]     - preprocess: 0.014 sec
[basecaller_main]     - runners: 45.736 sec
[basecaller_main]          - synchronisation: 0.000 sec
[basecaller_main]          - model runner [0]: 45.735 sec
[basecaller_main]             - accept: 0.265 sec
[basecaller_main]             - basecall: 45.470 sec
[basecaller_main]                 - inference: 41.264 sec
[basecaller_main]                     - conv_stack: 3.250 sec
[basecaller_main]                         - input [N,C,T]: [128, 1, 12288]
[basecaller_main]                         - conv[0]: 0.491 sec
[basecaller_main]                             in  [N,C,T]: [128, 1, 12288]
[basecaller_main]                             out [N,C,T]: [128, 16, 12288]
[basecaller_main]                             op: 0.434 sec  act: 0.057 sec
[basecaller_main]                         - conv[1]: 0.506 sec
[basecaller_main]                             in  [N,C,T]: [128, 16, 12288]
[basecaller_main]                             out [N,C,T]: [128, 16, 12288]
[basecaller_main]                             op: 0.458 sec  act: 0.049 sec
[basecaller_main]                         - conv[2]: 2.251 sec
[basecaller_main]                             in  [N,C,T]: [128, 16, 12288]
[basecaller_main]                             out [N,C,T]: [128, 384, 2048]
[basecaller_main]                             op: 2.055 sec  act: 0.197 sec
[basecaller_main]                         - transpose: 0.001 sec
[basecaller_main]                             in  [N,C,T]: [128, 384, 2048]
[basecaller_main]                             out [N,T,C]: [128, 2048, 384]
[basecaller_main]                     - rnns: 35.941 sec
[basecaller_main]                         - rnn[0] (reverse): 9.995 sec
[basecaller_main]                             in  [N,T,C]: [128, 2048, 384]
[basecaller_main]                             out [N,T,C]: [128, 2048, 384]
[basecaller_main]                             flip: 0.408 sec  lstm: 9.587 sec
[basecaller_main]                         - rnn[1] (forward): 6.391 sec
[basecaller_main]                             in  [N,T,C]: [128, 2048, 384]
[basecaller_main]                             out [N,T,C]: [128, 2048, 384]
[basecaller_main]                             flip: 0.376 sec  lstm: 6.015 sec
[basecaller_main]                         - rnn[2] (reverse): 6.396 sec
[basecaller_main]                             in  [N,T,C]: [128, 2048, 384]
[basecaller_main]                             out [N,T,C]: [128, 2048, 384]
[basecaller_main]                             flip: 0.372 sec  lstm: 6.025 sec
[basecaller_main]                         - rnn[3] (forward): 6.388 sec
[basecaller_main]                             in  [N,T,C]: [128, 2048, 384]
[basecaller_main]                             out [N,T,C]: [128, 2048, 384]
[basecaller_main]                             flip: 0.377 sec  lstm: 6.011 sec
[basecaller_main]                         - rnn[4] (reverse): 6.388 sec
[basecaller_main]                             in  [N,T,C]: [128, 2048, 384]
[basecaller_main]                             out [N,T,C]: [128, 2048, 384]
[basecaller_main]                             flip: 0.376 sec  lstm: 6.013 sec
[basecaller_main]                         - rnn_out_flip: 0.384 sec
[basecaller_main]                             out [N,T,C]: [128, 2048, 384]
[basecaller_main]                     - crf_1: 1.562 sec
[basecaller_main]                         in  [N,T,C]: [128, 2048, 384]
[basecaller_main]                         out [N,T,C]: [128, 2048, 1024]
[basecaller_main]                     - crf_2: 0.000 sec
[basecaller_main]                     - clamp: 0.477 sec
[basecaller_main]                 - decode: 4.204 sec
[basecaller_main]                     - scores [N,T,C]: [128, 2048, 1024]
[basecaller_main]                     - bwd_scan: 0.684 sec
[basecaller_main]                     - beam_search: 2.128 sec
[basecaller_main]                     - fwd_post_scan: 1.087 sec
[basecaller_main]                     - qual_data: 0.165 sec
[basecaller_main]                     - gen_sequence: 0.104 sec
[basecaller_main]                     - d2h_copy: 0.003 sec
[basecaller_main]             - modcall: 0.000 sec
[basecaller_main]     - postprocess: 0.025 sec
[basecaller_main]     - mod_preprocess: 0.000 sec
[basecaller_main]     - mod_postprocess: 0.000 sec
[basecaller_main] data output: 0.004 sec
[basecaller_main] data free: 0.010 sec
[main] Version: 0.5.0-beta
[main] CMD: ./slorado basecaller -C 128 -c 12288 -K 4096 -p 150 --overlap-decode=no -o /dev/null models/dna_r10.4.1_e8.2_400bps_hac@v5.0.0 test/PGXXXX230339/reads_1k.blow5
[main] Real time: 46.587 sec; CPU time: 31.834 sec; Peak RAM: 3.766 GB

