08-11-2026 20:51:43 RAM 2012/7607MB (lfb 101x4MB) SWAP 1422/16384MB (cached 130MB) CPU [19%@729,4%@729,10%@1036,5%@1036,1%@729,2%@729] GR3D_FREQ 0% cpu@49.406C soc2@48.25C soc0@49.843C gpu@49.5C tj@49.843C soc1@49.562C VDD_IN 5288mW/5288mW VDD_CPU_GPU_CV 721mW/721mW VDD_SOC 1482mW/1482mW
08-11-2026 20:51:44 RAM 2236/7607MB (lfb 101x4MB) SWAP 1422/16384MB (cached 130MB) CPU [23%@1344,61%@1344,9%@1344,10%@1344,8%@729,9%@729] GR3D_FREQ 0% cpu@49.687C soc2@48.281C soc0@49.812C gpu@49.593C tj@49.812C soc1@49.625C VDD_IN 5720mW/5504mW VDD_CPU_GPU_CV 1038mW/880mW VDD_SOC 1520mW/1501mW
08-11-2026 20:51:45 RAM 3084/7607MB (lfb 71x4MB) SWAP 1422/16384MB (cached 130MB) CPU [60%@806,35%@806,22%@806,24%@806,22%@729,24%@729] GR3D_FREQ 40% cpu@49.531C soc2@48.5C soc0@49.906C gpu@50.125C tj@50.125C soc1@49.531C VDD_IN 7068mW/6025mW VDD_CPU_GPU_CV 1834mW/1198mW VDD_SOC 1717mW/1573mW
08-11-2026 20:51:46 RAM 4164/7607MB (lfb 33x4MB) SWAP 1422/16384MB (cached 130MB) CPU [3%@1344,2%@1344,2%@1344,26%@1344,65%@729,0%@729] GR3D_FREQ 98% cpu@50.218C soc2@48.906C soc0@49.875C gpu@51.656C tj@51.656C soc1@49.593C VDD_IN 12518mW/7649mW VDD_CPU_GPU_CV 5765mW/2340mW VDD_SOC 2495mW/1804mW
08-11-2026 20:51:47 RAM 4719/7607MB (lfb 3x4MB) SWAP 1417/16384MB (cached 132MB) CPU [29%@1344,9%@1344,6%@1344,66%@1344,74%@729,2%@729] GR3D_FREQ 98% cpu@51.156C soc2@49.406C soc0@50.312C gpu@52C tj@52C soc1@49.875C VDD_IN 14555mW/9030mW VDD_CPU_GPU_CV 6494mW/3170mW VDD_SOC 3080mW/2059mW
08-11-2026 20:51:48 RAM 4722/7607MB (lfb 16x4MB) SWAP 1416/16384MB (cached 132MB) CPU [21%@729,57%@729,22%@729,13%@729,12%@729,67%@729] GR3D_FREQ 99% cpu@51.187C soc2@49.968C soc0@50.656C gpu@52.5C tj@52.5C soc1@50.156C VDD_IN 16479mW/10271mW VDD_CPU_GPU_CV 7728mW/3930mW VDD_SOC 3817mW/2352mW
08-11-2026 20:51:49 RAM 4722/7607MB (lfb 16x4MB) SWAP 1416/16384MB (cached 132MB) CPU [3%@729,38%@729,1%@729,0%@729,32%@729,1%@729] GR3D_FREQ 99% cpu@51.625C soc2@50.218C soc0@51.031C gpu@52.937C tj@52.937C soc1@50.531C VDD_IN 16636mW/11181mW VDD_CPU_GPU_CV 7846mW/4489mW VDD_SOC 3857mW/2567mW
08-11-2026 20:51:50 RAM 4724/7607MB (lfb 16x4MB) SWAP 1415/16384MB (cached 132MB) CPU [10%@729,4%@729,17%@729,6%@729,70%@729,2%@729] GR3D_FREQ 99% cpu@51.562C soc2@50.562C soc0@51.25C gpu@53.656C tj@53.656C soc1@50.406C VDD_IN 17593mW/11982mW VDD_CPU_GPU_CV 8695mW/5015mW VDD_SOC 3929mW/2737mW
08-11-2026 20:51:51 RAM 4724/7607MB (lfb 16x4MB) SWAP 1415/16384MB (cached 132MB) CPU [3%@729,2%@729,0%@729,3%@729,67%@1344,0%@1344] GR3D_FREQ 98% cpu@51.937C soc2@50.593C soc0@51.281C gpu@53.75C tj@53.75C soc1@50.656C VDD_IN 17279mW/12571mW VDD_CPU_GPU_CV 8499mW/5402mW VDD_SOC 3890mW/2865mW
08-11-2026 20:51:52 RAM 4725/7607MB (lfb 16x4MB) SWAP 1415/16384MB (cached 132MB) CPU [1%@1113,3%@1113,4%@1113,5%@1113,62%@883,0%@883] GR3D_FREQ 98% cpu@52.25C soc2@50.906C soc0@51.531C gpu@53.968C tj@53.968C soc1@50.875C VDD_IN 17239mW/13038mW VDD_CPU_GPU_CV 8421mW/5704mW VDD_SOC 3890mW/2968mW
08-11-2026 20:51:53 RAM 4724/7607MB (lfb 16x4MB) SWAP 1415/16384MB (cached 132MB) CPU [25%@729,3%@729,4%@729,65%@729,60%@1344,0%@1344] GR3D_FREQ 92% cpu@52.218C soc2@51.156C soc0@51.812C gpu@53.875C tj@53.875C soc1@51.156C VDD_IN 17475mW/13441mW VDD_CPU_GPU_CV 8538mW/5962mW VDD_SOC 3929mW/3055mW
08-11-2026 20:51:54 RAM 4724/7607MB (lfb 16x4MB) SWAP 1415/16384MB (cached 132MB) CPU [29%@729,5%@729,0%@729,3%@729,37%@1344,0%@1344] GR3D_FREQ 98% cpu@52.562C soc2@51.281C soc0@52.031C gpu@54.062C tj@54.062C soc1@51.375C VDD_IN 17160mW/13751mW VDD_CPU_GPU_CV 8107mW/6141mW VDD_SOC 3929mW/3128mW
08-11-2026 20:51:55 RAM 4725/7607MB (lfb 16x4MB) SWAP 1415/16384MB (cached 132MB) CPU [1%@729,4%@729,2%@729,1%@729,61%@1344,0%@1344] GR3D_FREQ 98% cpu@52.468C soc2@51.468C soc0@52.218C gpu@54.25C tj@54.25C soc1@51.343C VDD_IN 17003mW/14001mW VDD_CPU_GPU_CV 7951mW/6280mW VDD_SOC 3968mW/3193mW
08-11-2026 20:51:56 RAM 4725/7607MB (lfb 16x4MB) SWAP 1415/16384MB (cached 132MB) CPU [6%@729,1%@729,2%@729,1%@729,60%@1344,1%@1344] GR3D_FREQ 91% cpu@52.718C soc2@51.468C soc0@52.406C gpu@54.25C tj@54.25C soc1@51.437C VDD_IN 16767mW/14199mW VDD_CPU_GPU_CV 7611mW/6375mW VDD_SOC 4054mW/3254mW
08-11-2026 20:51:57 RAM 4728/7607MB (lfb 16x4MB) SWAP 1415/16384MB (cached 132MB) CPU [4%@729,4%@729,9%@729,16%@729,62%@1344,0%@1344] GR3D_FREQ 98% cpu@53.125C soc2@51.718C soc0@52.437C gpu@54.375C tj@54.375C soc1@51.687C VDD_IN 16728mW/14367mW VDD_CPU_GPU_CV 7414mW/6444mW VDD_SOC 4093mW/3310mW
08-11-2026 20:51:58 RAM 4730/7607MB (lfb 16x4MB) SWAP 1414/16384MB (cached 132MB) CPU [16%@1344,11%@1344,5%@1344,5%@1344,61%@729,0%@729] GR3D_FREQ 99% cpu@53.75C soc2@52.093C soc0@52.625C gpu@54.281C tj@54.281C soc1@52C VDD_IN 16676mW/14511mW VDD_CPU_GPU_CV 7375mW/6502mW VDD_SOC 4054mW/3357mW
08-11-2026 20:51:59 RAM 4731/7607MB (lfb 16x4MB) SWAP 1414/16384MB (cached 132MB) CPU [58%@729,6%@729,6%@729,18%@729,62%@729,1%@729] GR3D_FREQ 57% cpu@53.375C soc2@52.156C soc0@52.937C gpu@54.781C tj@54.781C soc1@52.25C VDD_IN 16649mW/14637mW VDD_CPU_GPU_CV 7872mW/6583mW VDD_SOC 3896mW/3388mW
08-11-2026 20:52:00 RAM 4731/7607MB (lfb 16x4MB) SWAP 1413/16384MB (cached 132MB) CPU [69%@729,0%@729,5%@729,3%@729,0%@729,0%@729] GR3D_FREQ 98% cpu@53.406C soc2@52.531C soc0@53.093C gpu@55.312C tj@55.312C soc1@52.125C VDD_IN 17475mW/14795mW VDD_CPU_GPU_CV 8421mW/6685mW VDD_SOC 4008mW/3423mW
08-11-2026 20:52:01 RAM 4731/7607MB (lfb 16x4MB) SWAP 1413/16384MB (cached 132MB) CPU [37%@1344,2%@1344,2%@1344,38%@1344,0%@729,0%@729] GR3D_FREQ 98% cpu@53.625C soc2@52.406C soc0@53.343C gpu@55.5C tj@55.5C soc1@52.343C VDD_IN 17318mW/14928mW VDD_CPU_GPU_CV 8538mW/6783mW VDD_SOC 3890mW/3447mW
08-11-2026 20:52:02 RAM 4731/7607MB (lfb 16x4MB) SWAP 1413/16384MB (cached 132MB) CPU [5%@1344,1%@1344,2%@1344,60%@1344,0%@729,0%@729] GR3D_FREQ 96% cpu@53.812C soc2@52.625C soc0@53.281C gpu@55.593C tj@55.593C soc1@52.593C VDD_IN 17239mW/15043mW VDD_CPU_GPU_CV 8381mW/6862mW VDD_SOC 3890mW/3469mW
08-11-2026 20:52:03 RAM 4731/7607MB (lfb 16x4MB) SWAP 1413/16384MB (cached 132MB) CPU [2%@1344,4%@1344,2%@1344,64%@1344,0%@729,0%@729] GR3D_FREQ 97% cpu@54.125C soc2@52.718C soc0@53.406C gpu@55.312C tj@55.312C soc1@52.75C VDD_IN 17239mW/15148mW VDD_CPU_GPU_CV 8303mW/6931mW VDD_SOC 3929mW/3491mW
08-11-2026 20:52:04 RAM 4733/7607MB (lfb 16x4MB) SWAP 1413/16384MB (cached 132MB) CPU [38%@1344,12%@1344,9%@1344,15%@1344,54%@1344,0%@1344] GR3D_FREQ 98% cpu@54.312C soc2@53.062C soc0@53.625C gpu@55.406C tj@55.406C soc1@52.906C VDD_IN 17436mW/15252mW VDD_CPU_GPU_CV 8538mW/7004mW VDD_SOC 3890mW/3509mW
08-11-2026 20:52:05 RAM 4734/7607MB (lfb 16x4MB) SWAP 1413/16384MB (cached 132MB) CPU [42%@729,6%@729,19%@729,7%@729,59%@1344,1%@1344] GR3D_FREQ 92% cpu@53.968C soc2@53C soc0@53.781C gpu@55.531C tj@55.531C soc1@52.968C VDD_IN 17160mW/15335mW VDD_CPU_GPU_CV 8146mW/7054mW VDD_SOC 3890mW/3526mW
08-11-2026 20:52:06 RAM 4735/7607MB (lfb 16x4MB) SWAP 1413/16384MB (cached 132MB) CPU [2%@729,3%@729,2%@729,2%@729,63%@1344,0%@1344] GR3D_FREQ 98% cpu@54.218C soc2@53.062C soc0@54.031C gpu@55.812C tj@55.812C soc1@53.093C VDD_IN 16846mW/15398mW VDD_CPU_GPU_CV 7794mW/7085mW VDD_SOC 3929mW/3543mW
08-11-2026 20:52:07 RAM 4735/7607MB (lfb 16x4MB) SWAP 1413/16384MB (cached 132MB) CPU [2%@729,5%@729,1%@729,3%@729,63%@1344,2%@1344] GR3D_FREQ 98% cpu@54.437C soc2@53.187C soc0@53.906C gpu@55.781C tj@55.781C soc1@53.093C VDD_IN 16688mW/15449mW VDD_CPU_GPU_CV 7520mW/7102mW VDD_SOC 3975mW/3560mW
08-11-2026 20:52:08 RAM 4736/7607MB (lfb 16x4MB) SWAP 1413/16384MB (cached 132MB) CPU [9%@729,1%@729,4%@729,5%@729,59%@1267,1%@1267] GR3D_FREQ 99% cpu@55.093C soc2@53.375C soc0@54.093C gpu@55.593C tj@55.593C soc1@53.375C VDD_IN 16439mW/15487mW VDD_CPU_GPU_CV 7061mW/7100mW VDD_SOC 4093mW/3581mW
08-11-2026 20:52:09 RAM 4736/7607MB (lfb 16x4MB) SWAP 1413/16384MB (cached 132MB) CPU [3%@729,2%@729,2%@729,3%@729,61%@729,1%@729] GR3D_FREQ 99% cpu@54.343C soc2@53.531C soc0@54.375C gpu@55.75C tj@55.75C soc1@53.437C VDD_IN 16282mW/15517mW VDD_CPU_GPU_CV 7611mW/7119mW VDD_SOC 3778mW/3588mW
08-11-2026 20:52:10 RAM 4741/7607MB (lfb 16x4MB) SWAP 1409/16384MB (cached 133MB) CPU [11%@1113,4%@1113,14%@1113,9%@1113,69%@729,1%@729] GR3D_FREQ 99% cpu@54.812C soc2@53.843C soc0@54.531C gpu@55.843C tj@55.843C soc1@53.468C VDD_IN 16964mW/15569mW VDD_CPU_GPU_CV 8186mW/7157mW VDD_SOC 3811mW/3596mW
08-11-2026 20:52:11 RAM 4741/7607MB (lfb 16x4MB) SWAP 1409/16384MB (cached 133MB) CPU [5%@729,0%@729,5%@729,3%@729,71%@729,1%@729] GR3D_FREQ 97% cpu@54.781C soc2@53.75C soc0@54.437C gpu@56.187C tj@56.187C soc1@53.718C VDD_IN 17279mW/15628mW VDD_CPU_GPU_CV 8460mW/7202mW VDD_SOC 3811mW/3603mW
08-11-2026 20:52:12 RAM 4742/7607MB (lfb 16x4MB) SWAP 1409/16384MB (cached 133MB) CPU [2%@729,2%@729,4%@729,2%@729,66%@1344,1%@1344] GR3D_FREQ 98% cpu@55.031C soc2@53.937C soc0@54.593C gpu@56.406C tj@56.406C soc1@53.906C VDD_IN 17279mW/15683mW VDD_CPU_GPU_CV 8499mW/7246mW VDD_SOC 3811mW/3610mW
08-11-2026 20:52:13 RAM 4742/7607MB (lfb 16x4MB) SWAP 1409/16384MB (cached 133MB) CPU [4%@729,3%@729,2%@729,0%@729,62%@1344,1%@1344] GR3D_FREQ 98% cpu@55.437C soc2@54.125C soc0@54.843C gpu@56.5C tj@56.5C soc1@54.062C VDD_IN 17239mW/15733mW VDD_CPU_GPU_CV 8421mW/7283mW VDD_SOC 3851mW/3618mW
08-11-2026 20:52:14 RAM 4743/7607MB (lfb 16x4MB) SWAP 1409/16384MB (cached 133MB) CPU [1%@729,2%@729,4%@729,2%@729,61%@1344,1%@1344] GR3D_FREQ 92% cpu@55C soc2@54.281C soc0@54.906C gpu@56.656C tj@56.656C soc1@54.093C VDD_IN 17121mW/15776mW VDD_CPU_GPU_CV 8225mW/7313mW VDD_SOC 3851mW/3625mW
08-11-2026 20:52:15 RAM 4743/7607MB (lfb 16x4MB) SWAP 1409/16384MB (cached 132MB) CPU [2%@729,1%@729,3%@729,1%@729,62%@1344,1%@1344] GR3D_FREQ 98% cpu@55.281C soc2@54.218C soc0@55.187C gpu@56.937C tj@56.937C soc1@54.156C VDD_IN 17042mW/15815mW VDD_CPU_GPU_CV 8107mW/7337mW VDD_SOC 3890mW/3633mW
08-11-2026 20:52:16 RAM 4744/7607MB (lfb 16x4MB) SWAP 1409/16384MB (cached 132MB) CPU [1%@1344,2%@1344,0%@1344,0%@1344,64%@1344,3%@1344] GR3D_FREQ 98% cpu@55.687C soc2@54.375C soc0@55.156C gpu@56.968C tj@56.968C soc1@54.343C VDD_IN 17003mW/15849mW VDD_CPU_GPU_CV 7951mW/7355mW VDD_SOC 3929mW/3642mW
08-11-2026 20:52:17 RAM 4745/7607MB (lfb 16x4MB) SWAP 1409/16384MB (cached 132MB) CPU [7%@729,17%@729,7%@729,5%@729,59%@1344,2%@1344] GR3D_FREQ 90% cpu@55.531C soc2@54.531C soc0@55.218C gpu@56.968C tj@56.968C soc1@54.562C VDD_IN 16885mW/15879mW VDD_CPU_GPU_CV 7716mW/7365mW VDD_SOC 3968mW/3651mW
08-11-2026 20:52:18 RAM 4746/7607MB (lfb 16x4MB) SWAP 1409/16384MB (cached 132MB) CPU [3%@729,0%@729,5%@729,3%@729,63%@1344,1%@1344] GR3D_FREQ 98% cpu@56.093C soc2@54.625C soc0@55.437C gpu@57.125C tj@57.125C soc1@54.718C VDD_IN 16649mW/15900mW VDD_CPU_GPU_CV 7336mW/7365mW VDD_SOC 4054mW/3662mW
08-11-2026 20:52:19 RAM 4746/7607MB (lfb 16x4MB) SWAP 1409/16384MB (cached 132MB) CPU [2%@729,2%@729,1%@729,8%@729,60%@729,1%@729] GR3D_FREQ 99% cpu@55.812C soc2@54.843C soc0@55.625C gpu@56.562C tj@56.562C soc1@54.562C VDD_IN 16321mW/15912mW VDD_CPU_GPU_CV 7336mW/7364mW VDD_SOC 3936mW/3670mW
08-11-2026 20:52:20 RAM 4746/7607MB (lfb 16x4MB) SWAP 1409/16384MB (cached 132MB) CPU [2%@729,3%@729,1%@729,5%@729,67%@729,0%@729] GR3D_FREQ 99% cpu@55.75C soc2@54.812C soc0@55.562C gpu@56.593C tj@56.593C soc1@54.781C VDD_IN 16360mW/15924mW VDD_CPU_GPU_CV 7650mW/7371mW VDD_SOC 3778mW/3673mW
08-11-2026 20:52:22 RAM 4747/7607MB (lfb 16x4MB) SWAP 1409/16384MB (cached 132MB) CPU [2%@729,2%@729,1%@729,5%@729,69%@729,0%@729] GR3D_FREQ 99% cpu@56.281C soc2@55.031C soc0@55.687C gpu@57.468C tj@57.468C soc1@54.906C VDD_IN 17554mW/15965mW VDD_CPU_GPU_CV 8524mW/7401mW VDD_SOC 3968mW/3680mW
08-11-2026 20:52:23 RAM 4747/7607MB (lfb 16x4MB) SWAP 1409/16384MB (cached 132MB) CPU [2%@729,0%@729,0%@729,4%@729,69%@1344,1%@1344] GR3D_FREQ 98% cpu@56.125C soc2@55.125C soc0@55.812C gpu@57.531C tj@57.531C soc1@55.062C VDD_IN 17318mW/15999mW VDD_CPU_GPU_CV 8538mW/7429mW VDD_SOC 3811mW/3684mW
08-11-2026 20:52:24 RAM 4748/7607MB (lfb 16x4MB) SWAP 1409/16384MB (cached 132MB) CPU [1%@1344,1%@1344,1%@1344,5%@1344,60%@883,0%@883] GR3D_FREQ 98% cpu@56.093C soc2@55.25C soc0@55.937C gpu@57.531C tj@57.718C soc1@55C VDD_IN 17200mW/16029mW VDD_CPU_GPU_CV 8421mW/7453mW VDD_SOC 3811mW/3687mW
08-11-2026 20:52:25 RAM 4752/7607MB (lfb 16x4MB) SWAP 1409/16384MB (cached 132MB) CPU [8%@729,14%@729,10%@729,3%@729,63%@1344,1%@1344] GR3D_FREQ 98% cpu@56.25C soc2@55.25C soc0@56.125C gpu@57.843C tj@57.843C soc1@55.062C VDD_IN 17200mW/16056mW VDD_CPU_GPU_CV 8303mW/7474mW VDD_SOC 3851mW/3691mW
08-11-2026 20:52:26 RAM 4753/7607MB (lfb 16x4MB) SWAP 1408/16384MB (cached 133MB) CPU [2%@729,4%@729,1%@729,3%@729,64%@1344,1%@1344] GR3D_FREQ 98% cpu@56.375C soc2@55.343C soc0@55.968C gpu@58C tj@58C soc1@55.281C VDD_IN 17121mW/16081mW VDD_CPU_GPU_CV 8186mW/7490mW VDD_SOC 3890mW/3695mW
08-11-2026 20:52:27 RAM 4754/7607MB (lfb 16x4MB) SWAP 1408/16384MB (cached 133MB) CPU [3%@729,4%@729,0%@729,1%@729,61%@1344,1%@1344] GR3D_FREQ 98% cpu@56.593C soc2@55.5C soc0@56.093C gpu@58.062C tj@58.062C soc1@55.406C VDD_IN 16964mW/16101mW VDD_CPU_GPU_CV 7951mW/7501mW VDD_SOC 3929mW/3700mW
08-11-2026 20:52:28 RAM 4754/7607MB (lfb 16x4MB) SWAP 1408/16384MB (cached 133MB) CPU [4%@729,5%@729,0%@729,2%@729,61%@1344,1%@1344] GR3D_FREQ 94% cpu@56.375C soc2@55.531C soc0@56.312C gpu@58.062C tj@58.062C soc1@55.5C VDD_IN 16806mW/16117mW VDD_CPU_GPU_CV 7637mW/7504mW VDD_SOC 3968mW/3706mW
08-11-2026 20:52:29 RAM 4755/7607MB (lfb 16x4MB) SWAP 1408/16384MB (cached 133MB) CPU [2%@729,5%@729,3%@729,2%@729,63%@1344,1%@1344] GR3D_FREQ 98% cpu@56.656C soc2@55.687C soc0@56.375C gpu@57.687C tj@57.687C soc1@55.437C VDD_IN 16688mW/16129mW VDD_CPU_GPU_CV 7402mW/7502mW VDD_SOC 4054mW/3714mW
08-11-2026 20:52:30 RAM 4755/7607MB (lfb 16x4MB) SWAP 1408/16384MB (cached 133MB) CPU [1%@729,5%@729,1%@729,2%@729,60%@806,0%@806] GR3D_FREQ 99% cpu@57C soc2@55.812C soc0@56.625C gpu@57.437C tj@57.437C soc1@55.562C VDD_IN 16400mW/16135mW VDD_CPU_GPU_CV 7218mW/7496mW VDD_SOC 4014mW/3720mW
08-11-2026 20:52:31 RAM 4769/7607MB (lfb 16x4MB) SWAP 1408/16384MB (cached 133MB) CPU [3%@1344,6%@1344,2%@1344,3%@1344,65%@1344,3%@1344] GR3D_FREQ 49% cpu@56.843C soc2@55.781C soc0@56.531C gpu@57.281C tj@57.281C soc1@55.75C VDD_IN 16084mW/16134mW VDD_CPU_GPU_CV 7493mW/7495mW VDD_SOC 3739mW/3721mW
