08-11-2026 23:03:47 RAM 2002/7607MB (lfb 150x4MB) SWAP 1430/16384MB (cached 137MB) CPU [3%@729,2%@729,1%@729,1%@729,1%@729,0%@729] GR3D_FREQ 0% cpu@53.625C soc2@52.312C soc0@53.937C gpu@53.468C tj@53.937C soc1@53.625C VDD_IN 5096mW/5096mW VDD_CPU_GPU_CV 600mW/600mW VDD_SOC 1442mW/1442mW
08-11-2026 23:03:48 RAM 2223/7607MB (lfb 150x4MB) SWAP 1430/16384MB (cached 136MB) CPU [24%@1344,15%@1344,19%@1344,26%@1344,20%@729,61%@729] GR3D_FREQ 6% cpu@53.531C soc2@52.343C soc0@53.906C gpu@53.062C tj@53.906C soc1@53.468C VDD_IN 6000mW/5548mW VDD_CPU_GPU_CV 1238mW/919mW VDD_SOC 1520mW/1481mW
08-11-2026 23:03:49 RAM 3747/7607MB (lfb 57x4MB) SWAP 1429/16384MB (cached 137MB) CPU [9%@729,67%@729,5%@729,7%@729,35%@1344,0%@1344] GR3D_FREQ 97% cpu@53.437C soc2@52.343C soc0@53.75C gpu@53.937C tj@53.937C soc1@53.437C VDD_IN 8173mW/6423mW VDD_CPU_GPU_CV 2428mW/1422mW VDD_SOC 1873mW/1612mW
08-11-2026 23:03:50 RAM 4748/7607MB (lfb 37x2MB) SWAP 1429/16384MB (cached 137MB) CPU [4%@729,3%@729,3%@729,5%@729,99%@1344,0%@1344] GR3D_FREQ 0% cpu@54.125C soc2@53C soc0@54.031C gpu@54.312C tj@54.312C soc1@53.531C VDD_IN 12499mW/7942mW VDD_CPU_GPU_CV 5409mW/2419mW VDD_SOC 2773mW/1902mW
08-11-2026 23:03:51 RAM 6114/7607MB (lfb 286x1MB) SWAP 1429/16384MB (cached 137MB) CPU [34%@1344,3%@1344,46%@1344,2%@1344,52%@1344,46%@1344] GR3D_FREQ 6% cpu@54.218C soc2@52.875C soc0@54C gpu@53.906C tj@54.218C soc1@53.718C VDD_IN 9514mW/8256mW VDD_CPU_GPU_CV 3020mW/2539mW VDD_SOC 2348mW/1991mW
08-11-2026 23:03:52 RAM 5605/7607MB (lfb 16x4MB) SWAP 1429/16384MB (cached 137MB) CPU [20%@729,16%@729,41%@729,19%@729,75%@1344,32%@1344] GR3D_FREQ 97% cpu@55C soc2@53.437C soc0@54.312C gpu@55.937C tj@55.937C soc1@53.812C VDD_IN 15887mW/9528mW VDD_CPU_GPU_CV 7846mW/3424mW VDD_SOC 3390mW/2224mW
08-11-2026 23:03:53 RAM 6441/7607MB (lfb 233x1MB) SWAP 1429/16384MB (cached 137MB) CPU [34%@1344,26%@1344,68%@1344,38%@1344,70%@1344,22%@1344] GR3D_FREQ 98% cpu@55.25C soc2@53.593C soc0@54.375C gpu@55.812C tj@55.812C soc1@53.781C VDD_IN 14317mW/10212mW VDD_CPU_GPU_CV 6465mW/3858mW VDD_SOC 3277mW/2375mW
08-11-2026 23:03:54 RAM 6051/7607MB (lfb 200x1MB) SWAP 1429/16384MB (cached 137MB) CPU [4%@1344,1%@1344,21%@1344,7%@1344,11%@1344,78%@1344] GR3D_FREQ 4% cpu@55.187C soc2@53.718C soc0@54.531C gpu@55.093C tj@55.187C soc1@53.843C VDD_IN 15281mW/10846mW VDD_CPU_GPU_CV 6130mW/4142mW VDD_SOC 3942mW/2571mW
08-11-2026 23:03:55 RAM 5616/7607MB (lfb 45x4MB) SWAP 1429/16384MB (cached 137MB) CPU [15%@729,22%@729,40%@729,15%@729,10%@883,80%@883] GR3D_FREQ 99% cpu@55.25C soc2@53.968C soc0@54.625C gpu@56.5C tj@56.312C soc1@54.093C VDD_IN 16924mW/11521mW VDD_CPU_GPU_CV 8342mW/4609mW VDD_SOC 3739mW/2700mW
08-11-2026 23:03:56 RAM 5615/7607MB (lfb 45x4MB) SWAP 1429/16384MB (cached 137MB) CPU [19%@729,16%@729,50%@729,15%@729,84%@1344,25%@1344] GR3D_FREQ 97% cpu@55.218C soc2@54.031C soc0@54.75C gpu@56.218C tj@56.218C soc1@54.218C VDD_IN 16203mW/11989mW VDD_CPU_GPU_CV 7611mW/4909mW VDD_SOC 3699mW/2800mW
08-11-2026 23:03:57 RAM 6420/7607MB (lfb 98x1MB) SWAP 1429/16384MB (cached 137MB) CPU [14%@1344,20%@1344,14%@1344,26%@1344,65%@1344,6%@1344] GR3D_FREQ 98% cpu@55.5C soc2@54.187C soc0@54.906C gpu@56C tj@56C soc1@54.218C VDD_IN 14847mW/12249mW VDD_CPU_GPU_CV 6100mW/5017mW VDD_SOC 3784mW/2890mW
08-11-2026 23:03:58 RAM 5649/7607MB (lfb 58x4MB) SWAP 1429/16384MB (cached 137MB) CPU [14%@729,14%@729,11%@729,12%@729,9%@1344,85%@1344] GR3D_FREQ 99% cpu@55.812C soc2@54.343C soc0@55.031C gpu@56.375C tj@56.375C soc1@54.281C VDD_IN 17200mW/12662mW VDD_CPU_GPU_CV 7402mW/5216mW VDD_SOC 4283mW/3006mW
08-11-2026 23:03:59 RAM 5626/7607MB (lfb 57x4MB) SWAP 1429/16384MB (cached 137MB) CPU [24%@729,23%@729,30%@729,43%@729,17%@960,79%@960] GR3D_FREQ 98% cpu@55.468C soc2@54.468C soc0@55.125C gpu@56.968C tj@56.968C soc1@54.406C VDD_IN 17357mW/13023mW VDD_CPU_GPU_CV 8538mW/5471mW VDD_SOC 3811mW/3068mW
08-11-2026 23:04:00 RAM 5628/7607MB (lfb 58x4MB) SWAP 1429/16384MB (cached 137MB) CPU [19%@729,19%@729,14%@729,41%@729,15%@1344,76%@1344] GR3D_FREQ 98% cpu@56.031C soc2@54.531C soc0@55.218C gpu@57.062C tj@57.062C soc1@54.625C VDD_IN 16964mW/13304mW VDD_CPU_GPU_CV 8146mW/5663mW VDD_SOC 3851mW/3124mW
08-11-2026 23:04:01 RAM 5629/7607MB (lfb 58x4MB) SWAP 1429/16384MB (cached 137MB) CPU [14%@1344,23%@1344,18%@1344,16%@1344,37%@729,56%@729] GR3D_FREQ 97% cpu@55.625C soc2@54.75C soc0@55.343C gpu@57.031C tj@57.031C soc1@54.781C VDD_IN 16203mW/13498mW VDD_CPU_GPU_CV 7309mW/5772mW VDD_SOC 3896mW/3175mW
08-11-2026 23:04:02 RAM 6150/7607MB (lfb 36x4MB) SWAP 1429/16384MB (cached 137MB) CPU [5%@729,58%@729,3%@729,2%@729,14%@1344,20%@1344] GR3D_FREQ 17% cpu@55.843C soc2@54.593C soc0@55.562C gpu@56.156C tj@56.156C soc1@54.656C VDD_IN 15479mW/13622mW VDD_CPU_GPU_CV 6130mW/5795mW VDD_SOC 4060mW/3231mW
08-11-2026 23:04:03 RAM 5630/7607MB (lfb 58x4MB) SWAP 1429/16384MB (cached 137MB) CPU [16%@729,13%@729,17%@729,23%@729,25%@1344,77%@1344] GR3D_FREQ 99% cpu@56.312C soc2@54.843C soc0@55.75C gpu@57.375C tj@57.375C soc1@54.781C VDD_IN 17200mW/13832mW VDD_CPU_GPU_CV 7951mW/5921mW VDD_SOC 4086mW/3281mW
08-11-2026 23:04:04 RAM 5633/7607MB (lfb 57x4MB) SWAP 1429/16384MB (cached 137MB) CPU [17%@1344,19%@1344,30%@1344,19%@1344,44%@1344,77%@1344] GR3D_FREQ 97% cpu@56.281C soc2@55.093C soc0@55.625C gpu@57.468C tj@57.468C soc1@54.875C VDD_IN 17239mW/14021mW VDD_CPU_GPU_CV 8499mW/6065mW VDD_SOC 3811mW/3310mW
08-11-2026 23:04:05 RAM 5627/7607MB (lfb 60x4MB) SWAP 1429/16384MB (cached 137MB) CPU [11%@729,17%@729,36%@729,17%@729,22%@1344,70%@1344] GR3D_FREQ 97% cpu@56.5C soc2@55.125C soc0@55.687C gpu@57.281C tj@57.281C soc1@55.062C VDD_IN 16676mW/14161mW VDD_CPU_GPU_CV 7767mW/6154mW VDD_SOC 3857mW/3339mW
08-11-2026 23:04:06 RAM 6411/7607MB (lfb 91x1MB) SWAP 1429/16384MB (cached 137MB) CPU [7%@1344,5%@1344,7%@1344,30%@1344,5%@1344,65%@1344] GR3D_FREQ 98% cpu@56.437C soc2@55.187C soc0@55.843C gpu@56.781C tj@56.781C soc1@55.25C VDD_IN 14689mW/14187mW VDD_CPU_GPU_CV 5864mW/6140mW VDD_SOC 3863mW/3365mW
08-11-2026 23:04:07 RAM 5627/7607MB (lfb 61x4MB) SWAP 1429/16384MB (cached 137MB) CPU [14%@729,13%@729,14%@729,16%@729,17%@1344,86%@1344] GR3D_FREQ 99% cpu@56.781C soc2@55.343C soc0@56C gpu@56.937C tj@56.937C soc1@55.125C VDD_IN 17082mW/14325mW VDD_CPU_GPU_CV 7363mW/6198mW VDD_SOC 4243mW/3407mW
08-11-2026 23:04:08 RAM 5621/7607MB (lfb 61x4MB) SWAP 1429/16384MB (cached 137MB) CPU [18%@729,22%@729,47%@729,21%@729,21%@1344,92%@1344] GR3D_FREQ 97% cpu@56.656C soc2@55.343C soc0@55.968C gpu@57.687C tj@57.687C soc1@55.25C VDD_IN 17357mW/14463mW VDD_CPU_GPU_CV 8577mW/6306mW VDD_SOC 3811mW/3425mW
08-11-2026 23:04:09 RAM 5621/7607MB (lfb 62x4MB) SWAP 1429/16384MB (cached 137MB) CPU [15%@729,16%@729,49%@729,15%@729,19%@1344,71%@1344] GR3D_FREQ 97% cpu@56.625C soc2@55.312C soc0@56.031C gpu@57.562C tj@57.562C soc1@55.437C VDD_IN 16885mW/14568mW VDD_CPU_GPU_CV 8042mW/6382mW VDD_SOC 3851mW/3444mW
08-11-2026 23:04:10 RAM 6458/7607MB (lfb 92x1MB) SWAP 1429/16384MB (cached 137MB) CPU [27%@1344,17%@1344,33%@1344,52%@1344,19%@1344,68%@1344] GR3D_FREQ 98% cpu@57.187C soc2@55.562C soc0@56.156C gpu@57.875C tj@57.875C soc1@55.5C VDD_IN 16242mW/14638mW VDD_CPU_GPU_CV 7297mW/6420mW VDD_SOC 3896mW/3463mW
08-11-2026 23:04:11 RAM 6053/7607MB (lfb 45x4MB) SWAP 1429/16384MB (cached 137MB) CPU [9%@1344,4%@1344,2%@1344,29%@1344,1%@729,78%@729] GR3D_FREQ 17% cpu@56.718C soc2@55.5C soc0@56.187C gpu@57.062C tj@57.062C soc1@55.593C VDD_IN 16203mW/14701mW VDD_CPU_GPU_CV 6669mW/6430mW VDD_SOC 4132mW/3490mW
08-11-2026 23:04:12 RAM 5630/7607MB (lfb 62x4MB) SWAP 1429/16384MB (cached 137MB) CPU [15%@960,15%@960,20%@960,27%@960,13%@1344,75%@1344] GR3D_FREQ 93% cpu@56.812C soc2@55.687C soc0@56.343C gpu@58.156C tj@58.156C soc1@55.468C VDD_IN 17239mW/14798mW VDD_CPU_GPU_CV 7990mW/6490mW VDD_SOC 4086mW/3512mW
08-11-2026 23:04:13 RAM 5631/7607MB (lfb 61x4MB) SWAP 1429/16384MB (cached 137MB) CPU [20%@1344,98%@1344,15%@1344,15%@1344,17%@729,41%@729] GR3D_FREQ 97% cpu@56.843C soc2@55.687C soc0@56.281C gpu@57.875C tj@57.875C soc1@55.656C VDD_IN 17121mW/14884mW VDD_CPU_GPU_CV 8342mW/6558mW VDD_SOC 3811mW/3524mW
08-11-2026 23:04:14 RAM 5633/7607MB (lfb 62x4MB) SWAP 1429/16384MB (cached 137MB) CPU [22%@729,30%@729,23%@729,21%@729,51%@1344,31%@1344] GR3D_FREQ 99% cpu@57.375C soc2@55.843C soc0@56.375C gpu@57.75C tj@57.75C soc1@55.781C VDD_IN 16597mW/14945mW VDD_CPU_GPU_CV 7728mW/6600mW VDD_SOC 3857mW/3535mW
08-11-2026 23:04:15 RAM 6413/7607MB (lfb 92x1MB) SWAP 1429/16384MB (cached 137MB) CPU [19%@1344,7%@1344,12%@1344,7%@1344,25%@1344,63%@1344] GR3D_FREQ 64% cpu@57.218C soc2@55.687C soc0@56.625C gpu@57.312C tj@57.312C soc1@55.875C VDD_IN 14610mW/14934mW VDD_CPU_GPU_CV 5746mW/6571mW VDD_SOC 3869mW/3547mW
08-11-2026 23:04:16 RAM 5632/7607MB (lfb 61x4MB) SWAP 1429/16384MB (cached 137MB) CPU [28%@1344,13%@1344,10%@1344,70%@1344,16%@729,12%@729] GR3D_FREQ 99% cpu@57.031C soc2@56.125C soc0@56.593C gpu@57.718C tj@57.718C soc1@55.75C VDD_IN 17121mW/15007mW VDD_CPU_GPU_CV 7598mW/6605mW VDD_SOC 4204mW/3569mW
08-11-2026 23:04:17 RAM 5634/7607MB (lfb 61x4MB) SWAP 1429/16384MB (cached 137MB) CPU [20%@729,21%@729,15%@729,12%@729,23%@1344,88%@1344] GR3D_FREQ 97% cpu@57.156C soc2@55.937C soc0@56.781C gpu@58.468C tj@58.468C soc1@55.875C VDD_IN 17239mW/15079mW VDD_CPU_GPU_CV 8499mW/6666mW VDD_SOC 3811mW/3577mW
08-11-2026 23:04:18 RAM 5637/7607MB (lfb 60x4MB) SWAP 1429/16384MB (cached 137MB) CPU [33%@729,14%@729,20%@729,13%@729,49%@1344,35%@1344] GR3D_FREQ 97% cpu@57.218C soc2@55.937C soc0@56.687C gpu@58.406C tj@58.406C soc1@55.937C VDD_IN 16806mW/15133mW VDD_CPU_GPU_CV 7990mW/6707mW VDD_SOC 3851mW/3585mW
08-11-2026 23:04:19 RAM 6463/7607MB (lfb 90x1MB) SWAP 1429/16384MB (cached 137MB) CPU [14%@1344,15%@1344,17%@1344,19%@1344,70%@1344,39%@1344] GR3D_FREQ 99% cpu@57.687C soc2@56.093C soc0@56.875C gpu@58.062C tj@58.062C soc1@56.156C VDD_IN 15887mW/15156mW VDD_CPU_GPU_CV 6994mW/6716mW VDD_SOC 3896mW/3595mW
08-11-2026 23:04:20 RAM 5933/7607MB (lfb 43x4MB) SWAP 1429/16384MB (cached 137MB) CPU [2%@1344,26%@1344,12%@1344,3%@1344,80%@1344,2%@1344] GR3D_FREQ 17% cpu@57.625C soc2@56.187C soc0@56.843C gpu@57.437C tj@57.625C soc1@56.25C VDD_IN 16676mW/15200mW VDD_CPU_GPU_CV 6983mW/6724mW VDD_SOC 4211mW/3613mW
08-11-2026 23:04:21 RAM 5643/7607MB (lfb 62x4MB) SWAP 1429/16384MB (cached 137MB) CPU [21%@729,33%@729,35%@729,23%@729,79%@729,13%@729] GR3D_FREQ 99% cpu@57.437C soc2@56.406C soc0@57.187C gpu@58.25C tj@58.25C soc1@56.125C VDD_IN 17554mW/15268mW VDD_CPU_GPU_CV 8186mW/6766mW VDD_SOC 4086mW/3626mW
08-11-2026 23:04:22 RAM 5635/7607MB (lfb 61x4MB) SWAP 1429/16384MB (cached 137MB) CPU [15%@729,43%@729,15%@729,17%@729,90%@1344,14%@1344] GR3D_FREQ 97% cpu@57.375C soc2@56.25C soc0@57.25C gpu@58.5C tj@58.5C soc1@56.218C VDD_IN 16924mW/15314mW VDD_CPU_GPU_CV 8146mW/6804mW VDD_SOC 3811mW/3631mW
08-11-2026 23:04:23 RAM 5891/7607MB (lfb 63x4MB) SWAP 1429/16384MB (cached 137MB) CPU [22%@1344,37%@1344,49%@1344,22%@1344,62%@729,21%@729] GR3D_FREQ 97% cpu@58.031C soc2@56.375C soc0@57C gpu@58.468C tj@58.468C soc1@56.312C VDD_IN 16728mW/15352mW VDD_CPU_GPU_CV 7807mW/6831mW VDD_SOC 3890mW/3638mW
08-11-2026 23:04:24 RAM 6339/7607MB (lfb 90x1MB) SWAP 1429/16384MB (cached 137MB) CPU [6%@1344,37%@1344,47%@1344,2%@1344,2%@729,27%@729] GR3D_FREQ 17% cpu@57.75C soc2@56.437C soc0@57.187C gpu@57.375C tj@57.75C soc1@56.5C VDD_IN 15242mW/15349mW VDD_CPU_GPU_CV 5972mW/6809mW VDD_SOC 4021mW/3648mW
08-11-2026 23:04:25 RAM 5635/7607MB (lfb 61x4MB) SWAP 1429/16384MB (cached 137MB) CPU [29%@883,26%@883,21%@883,25%@883,17%@1344,82%@1344] GR3D_FREQ 99% cpu@57.875C soc2@56.656C soc0@57.281C gpu@58.656C tj@58.656C soc1@56.593C VDD_IN 17239mW/15397mW VDD_CPU_GPU_CV 8029mW/6840mW VDD_SOC 4086mW/3660mW
08-11-2026 23:04:26 RAM 5641/7607MB (lfb 63x4MB) SWAP 1429/16384MB (cached 137MB) CPU [25%@729,29%@729,19%@729,51%@729,14%@1344,81%@1344] GR3D_FREQ 97% cpu@57.656C soc2@56.781C soc0@57.375C gpu@59.062C tj@59.062C soc1@56.468C VDD_IN 17515mW/15450mW VDD_CPU_GPU_CV 8656mW/6885mW VDD_SOC 3851mW/3664mW
08-11-2026 23:04:27 RAM 5633/7607MB (lfb 62x4MB) SWAP 1429/16384MB (cached 137MB) CPU [54%@729,18%@729,20%@729,17%@729,12%@1344,65%@1344] GR3D_FREQ 97% cpu@57.812C soc2@56.656C soc0@57.562C gpu@59.093C tj@59.093C soc1@56.531C VDD_IN 16964mW/15487mW VDD_CPU_GPU_CV 8068mW/6914mW VDD_SOC 3851mW/3669mW
08-11-2026 23:04:28 RAM 6456/7607MB (lfb 90x1MB) SWAP 1429/16384MB (cached 137MB) CPU [13%@1344,13%@1344,17%@1344,38%@1344,10%@1344,67%@1344] GR3D_FREQ 98% cpu@58.468C soc2@56.781C soc0@57.437C gpu@58.781C tj@58.781C soc1@56.625C VDD_IN 15611mW/15490mW VDD_CPU_GPU_CV 6758mW/6910mW VDD_SOC 3863mW/3674mW
08-11-2026 23:04:29 RAM 5798/7607MB (lfb 44x4MB) SWAP 1429/16384MB (cached 137MB) CPU [6%@1344,6%@1344,7%@1344,26%@1344,24%@729,62%@729] GR3D_FREQ 98% cpu@58.312C soc2@56.843C soc0@57.531C gpu@58.781C tj@58.781C soc1@56.687C VDD_IN 17200mW/15530mW VDD_CPU_GPU_CV 7363mW/6921mW VDD_SOC 4283mW/3688mW
08-11-2026 23:04:30 RAM 5635/7607MB (lfb 62x4MB) SWAP 1429/16384MB (cached 137MB) CPU [20%@729,26%@729,21%@729,39%@729,78%@729,21%@729] GR3D_FREQ 99% cpu@58.062C soc2@57.031C soc0@57.625C gpu@59.218C tj@59.218C soc1@56.875C VDD_IN 17554mW/15576mW VDD_CPU_GPU_CV 8460mW/6956mW VDD_SOC 4008mW/3695mW
08-11-2026 23:04:31 RAM 5635/7607MB (lfb 66x4MB) SWAP 1429/16384MB (cached 137MB) CPU [27%@729,18%@729,22%@729,55%@729,40%@1344,55%@1344] GR3D_FREQ 97% cpu@58.156C soc2@57.125C soc0@57.75C gpu@59.218C tj@59.218C soc1@56.781C VDD_IN 17279mW/15614mW VDD_CPU_GPU_CV 8421mW/6988mW VDD_SOC 3851mW/3699mW
08-11-2026 23:04:32 RAM 5633/7607MB (lfb 66x4MB) SWAP 1429/16384MB (cached 137MB) CPU [22%@729,32%@729,25%@729,47%@729,18%@1344,66%@1344] GR3D_FREQ 97% cpu@58.218C soc2@57.062C soc0@57.625C gpu@59.156C tj@59.156C soc1@56.937C VDD_IN 16767mW/15639mW VDD_CPU_GPU_CV 7846mW/7007mW VDD_SOC 3896mW/3703mW
08-11-2026 23:04:33 RAM 6393/7607MB (lfb 83x1MB) SWAP 1429/16384MB (cached 137MB) CPU [3%@1344,2%@1344,4%@1344,38%@1344,0%@729,70%@729] GR3D_FREQ 12% cpu@58.375C soc2@56.937C soc0@57.75C gpu@57.937C tj@58.375C soc1@57.062C VDD_IN 14808mW/15621mW VDD_CPU_GPU_CV 5707mW/6979mW VDD_SOC 3942mW/3708mW
08-11-2026 23:04:34 RAM 5633/7607MB (lfb 66x4MB) SWAP 1429/16384MB (cached 137MB) CPU [17%@1267,20%@1267,23%@1267,31%@1267,17%@1344,85%@1344] GR3D_FREQ 99% cpu@58.75C soc2@57.187C soc0@57.906C gpu@58.968C tj@58.968C soc1@57.156C VDD_IN 17318mW/15657mW VDD_CPU_GPU_CV 7872mW/6998mW VDD_SOC 4165mW/3717mW
08-11-2026 23:04:35 RAM 5620/7607MB (lfb 65x4MB) SWAP 1429/16384MB (cached 137MB) CPU [19%@729,15%@729,17%@729,45%@729,72%@1344,28%@1344] GR3D_FREQ 97% cpu@58.187C soc2@57.25C soc0@57.906C gpu@59.5C tj@59.5C soc1@57.187C VDD_IN 17397mW/15692mW VDD_CPU_GPU_CV 8577mW/7030mW VDD_SOC 3851mW/3720mW
08-11-2026 23:04:36 RAM 5617/7607MB (lfb 66x4MB) SWAP 1429/16384MB (cached 137MB) CPU [21%@729,15%@729,16%@729,14%@729,36%@1344,67%@1344] GR3D_FREQ 97% cpu@58.437C soc2@57.312C soc0@58.062C gpu@59.437C tj@59.437C soc1@57.093C VDD_IN 16964mW/15718mW VDD_CPU_GPU_CV 8068mW/7051mW VDD_SOC 3890mW/3724mW
08-11-2026 23:04:37 RAM 6448/7607MB (lfb 84x1MB) SWAP 1429/16384MB (cached 137MB) CPU [21%@1344,24%@1344,24%@1344,24%@1344,50%@1344,71%@1344] GR3D_FREQ 98% cpu@58.843C soc2@57.375C soc0@57.906C gpu@59.25C tj@59.187C soc1@57.25C VDD_IN 16570mW/15734mW VDD_CPU_GPU_CV 7532mW/7060mW VDD_SOC 3936mW/3728mW
08-11-2026 23:04:38 RAM 6005/7607MB (lfb 51x4MB) SWAP 1429/16384MB (cached 137MB) CPU [5%@1344,5%@1344,15%@1344,79%@1344,6%@729,4%@729] GR3D_FREQ 17% cpu@59.187C soc2@57.375C soc0@58.156C gpu@58.375C tj@59.187C soc1@57.312C VDD_IN 16203mW/15743mW VDD_CPU_GPU_CV 6669mW/7053mW VDD_SOC 4132mW/3736mW
08-11-2026 23:04:39 RAM 5621/7607MB (lfb 67x4MB) SWAP 1429/16384MB (cached 137MB) CPU [16%@729,13%@729,16%@729,26%@729,26%@729,74%@729] GR3D_FREQ 99% cpu@58.718C soc2@57.531C soc0@58.187C gpu@59.375C tj@59.375C soc1@57.437C VDD_IN 17318mW/15773mW VDD_CPU_GPU_CV 8029mW/7071mW VDD_SOC 4086mW/3742mW
08-11-2026 23:04:40 RAM 5621/7607MB (lfb 66x4MB) SWAP 1429/16384MB (cached 137MB) CPU [15%@729,21%@729,16%@729,14%@729,77%@1344,54%@1344] GR3D_FREQ 97% cpu@58.468C soc2@57.531C soc0@58.156C gpu@59.531C tj@59.531C soc1@57.281C VDD_IN 17279mW/15801mW VDD_CPU_GPU_CV 8421mW/7096mW VDD_SOC 3851mW/3744mW
08-11-2026 23:04:41 RAM 5621/7607MB (lfb 67x4MB) SWAP 1429/16384MB (cached 137MB) CPU [20%@1344,21%@1344,16%@1344,33%@1344,56%@729,36%@729] GR3D_FREQ 98% cpu@58.718C soc2@57.562C soc0@58.281C gpu@59.531C tj@59.531C soc1@57.406C VDD_IN 16728mW/15818mW VDD_CPU_GPU_CV 7807mW/7109mW VDD_SOC 3890mW/3747mW
08-11-2026 23:04:42 RAM 5528/7607MB (lfb 64x4MB) SWAP 1429/16384MB (cached 137MB) CPU [19%@1344,15%@1344,32%@1344,62%@1344,19%@1344,8%@1344] GR3D_FREQ 0% cpu@58.468C soc2@57.187C soc0@58.25C gpu@57.937C tj@58.468C soc1@57.437C VDD_IN 11983mW/15749mW VDD_CPU_GPU_CV 4311mW/7059mW VDD_SOC 3327mW/3739mW
