
slorado base-caller version 0.5.0-beta
model path:         models/dna_r10.4.1_e8.2_400bps_fast@v5.0.0
input path:         test/PGXXXX230339/reads_20k.blow5
output path:        /dev/null
device:             cuda:all
chunk size:         12288
read batch size:    4096
gpu batch size:     128
no. threads:        8
overlap:            150
overlap decode:     yes
fixed-c batch:      yes (no narrow)
flush threshold:    128 (full batch)

[parse_qscore_params::INFO][1;34m mean_qscore_start_pos not found in config toml, setting default to 60[0m
[basecaller_main::0.736*1.81] 4096 Entries (201.7M bytes) loaded
[basecaller_main::37.127*0.28] 4096 Entries (201.7M bytes) processed
[basecaller_main::37.682*0.29] 4096 Entries (212.8M bytes) loaded
[basecaller_main::73.951*0.25] 4096 Entries (212.8M bytes) processed
[basecaller_main::74.461*0.25] 4096 Entries (198.2M bytes) loaded
[basecaller_main::108.273*0.23] 4096 Entries (198.2M bytes) processed
[basecaller_main::108.811*0.24] 4096 Entries (203.8M bytes) loaded
[basecaller_main::143.485*0.23] 4096 Entries (203.8M bytes) processed
[basecaller_main::143.949*0.23] 3616 Entries (181.5M bytes) loaded
[basecaller_main::174.968*0.22] 3616 Entries (181.5M bytes) processed

[basecaller_main] total entries: 20000
[basecaller_main] total bytes: 998.1 M
[basecaller_main] model initialization: 0.193 sec
[basecaller_main] data loading: 2.501 sec
[basecaller_main] data processing: 172.164 sec
[basecaller_main]     - parse: 4.133 sec
[basecaller_main]     - preprocess: 0.368 sec
[basecaller_main]     - runners: 167.384 sec
[basecaller_main]          - synchronisation: 0.000 sec
[basecaller_main]          - model runner [0]: 167.371 sec
[basecaller_main]             - accept: 4.448 sec
[basecaller_main]             - basecall: 162.923 sec
[basecaller_main]                 - inference: 82.576 sec
[basecaller_main]                     - conv_stack: 1.476 sec
[basecaller_main]                         - input [N,C,T]: [128, 1, 12288]
[basecaller_main]                         - conv[0]: 0.714 sec
[basecaller_main]                             in  [N,C,T]: [128, 1, 12288]
[basecaller_main]                             out [N,C,T]: [128, 16, 12288]
[basecaller_main]                             op: 0.600 sec  act: 0.114 sec
[basecaller_main]                         - conv[1]: 0.416 sec
[basecaller_main]                             in  [N,C,T]: [128, 16, 12288]
[basecaller_main]                             out [N,C,T]: [128, 16, 12288]
[basecaller_main]                             op: 0.353 sec  act: 0.063 sec
[basecaller_main]                         - conv[2]: 0.337 sec
[basecaller_main]                             in  [N,C,T]: [128, 16, 12288]
[basecaller_main]                             out [N,C,T]: [128, 96, 2048]
[basecaller_main]                             op: 0.276 sec  act: 0.061 sec
[basecaller_main]                         - transpose: 0.008 sec
[basecaller_main]                             in  [N,C,T]: [128, 96, 2048]
[basecaller_main]                             out [N,T,C]: [128, 2048, 96]
[basecaller_main]                     - rnns: 7.197 sec
[basecaller_main]                         - rnn[0] (reverse): 2.443 sec
[basecaller_main]                             in  [N,T,C]: [128, 2048, 96]
[basecaller_main]                             out [N,T,C]: [128, 2048, 96]
[basecaller_main]                             flip: 0.096 sec  lstm: 2.348 sec
[basecaller_main]                         - rnn[1] (forward): 1.196 sec
[basecaller_main]                             in  [N,T,C]: [128, 2048, 96]
[basecaller_main]                             out [N,T,C]: [128, 2048, 96]
[basecaller_main]                             flip: 0.069 sec  lstm: 1.127 sec
[basecaller_main]                         - rnn[2] (reverse): 1.169 sec
[basecaller_main]                             in  [N,T,C]: [128, 2048, 96]
[basecaller_main]                             out [N,T,C]: [128, 2048, 96]
[basecaller_main]                             flip: 0.064 sec  lstm: 1.105 sec
[basecaller_main]                         - rnn[3] (forward): 1.161 sec
[basecaller_main]                             in  [N,T,C]: [128, 2048, 96]
[basecaller_main]                             out [N,T,C]: [128, 2048, 96]
[basecaller_main]                             flip: 0.063 sec  lstm: 1.099 sec
[basecaller_main]                         - rnn[4] (reverse): 1.160 sec
[basecaller_main]                             in  [N,T,C]: [128, 2048, 96]
[basecaller_main]                             out [N,T,C]: [128, 2048, 96]
[basecaller_main]                             flip: 0.062 sec  lstm: 1.099 sec
[basecaller_main]                         - rnn_out_flip: 0.066 sec
[basecaller_main]                             out [N,T,C]: [128, 2048, 96]
[basecaller_main]                     - crf_1: 0.248 sec
[basecaller_main]                         in  [N,T,C]: [128, 2048, 96]
[basecaller_main]                         out [N,T,C]: [128, 2048, 256]
[basecaller_main]                     - crf_2: 0.000 sec
[basecaller_main]                     - clamp: 0.042 sec
[basecaller_main]                 - decode: 162.005 sec
[basecaller_main]                     - scores [N,T,C]: [128, 2048, 256]
[basecaller_main]                     - bwd_scan: 2.408 sec
[basecaller_main]                     - beam_search: 54.700 sec
[basecaller_main]                     - fwd_post_scan: 16.029 sec
[basecaller_main]                     - qual_data: 5.320 sec
[basecaller_main]                     - gen_sequence: 8.594 sec
[basecaller_main]                     - d2h_copy: 0.050 sec
[basecaller_main]             - modcall: 0.000 sec
[basecaller_main] load-imbalance: 800 GPU batches (5 tail), 102089 real chunks, 311 padded slots -> 0.3% of 102400 launched GPU slots wasted on padding
[basecaller_main]     - postprocess: 0.279 sec
[basecaller_main]     - mod_preprocess: 0.000 sec
[basecaller_main]     - mod_postprocess: 0.000 sec
[basecaller_main] data output: 0.116 sec
[basecaller_main] data free: 0.086 sec
[main] Version: 0.5.0-beta
[main] CMD: ./slorado basecaller -C 128 -c 12288 -K 4096 -p 150 --overlap-decode=yes --fixed-c-batch=yes -o /dev/null models/dna_r10.4.1_e8.2_400bps_fast@v5.0.0 test/PGXXXX230339/reads_20k.blow5
[main] Real time: 175.073 sec; CPU time: 39.350 sec; Peak RAM: 5.571 GB

