08-11-2026 17:35:31 RAM 2064/7607MB (lfb 169x4MB) SWAP 1418/16384MB (cached 142MB) CPU [2%@1036,5%@1036,1%@1036,2%@1036,0%@729,0%@729] GR3D_FREQ 0% cpu@56.75C soc2@56.156C soc0@57.687C gpu@56.656C tj@57.687C soc1@57.187C VDD_IN 5176mW/5176mW VDD_CPU_GPU_CV 641mW/641mW VDD_SOC 1482mW/1482mW
08-11-2026 17:35:32 RAM 2299/7607MB (lfb 169x4MB) SWAP 1418/16384MB (cached 142MB) CPU [11%@1113,21%@1113,65%@1113,10%@1113,7%@729,8%@729] GR3D_FREQ 0% cpu@56.906C soc2@56.031C soc0@57.406C gpu@56.562C tj@57.406C soc1@57.062C VDD_IN 5840mW/5508mW VDD_CPU_GPU_CV 1118mW/880mW VDD_SOC 1517mW/1500mW
08-11-2026 17:35:33 RAM 2858/7607MB (lfb 149x4MB) SWAP 1418/16384MB (cached 142MB) CPU [35%@883,50%@883,45%@883,44%@883,37%@1344,33%@1344] GR3D_FREQ 0% cpu@57.437C soc2@56C soc0@57.406C gpu@56.375C tj@57.437C soc1@57C VDD_IN 6589mW/5868mW VDD_CPU_GPU_CV 1634mW/1131mW VDD_SOC 1557mW/1519mW
08-11-2026 17:35:34 RAM 3612/7607MB (lfb 65x4MB) SWAP 1418/16384MB (cached 142MB) CPU [56%@1344,53%@1344,59%@1344,53%@1344,56%@729,65%@729] GR3D_FREQ 0% cpu@57.093C soc2@55.906C soc0@57.343C gpu@56.406C tj@57.343C soc1@57C VDD_IN 6908mW/6128mW VDD_CPU_GPU_CV 1834mW/1307mW VDD_SOC 1637mW/1548mW
08-11-2026 17:35:35 RAM 5098/7607MB (lfb 16x4MB) SWAP 1418/16384MB (cached 142MB) CPU [1%@729,2%@729,3%@729,2%@729,18%@1344,56%@1344] GR3D_FREQ 0% cpu@56.781C soc2@56.031C soc0@57.375C gpu@56.875C tj@57.375C soc1@56.875C VDD_IN 8612mW/6625mW VDD_CPU_GPU_CV 2861mW/1618mW VDD_SOC 1910mW/1621mW
08-11-2026 17:35:36 RAM 5668/7607MB (lfb 3x4MB) SWAP 1416/16384MB (cached 142MB) CPU [11%@729,7%@729,11%@729,14%@729,10%@729,33%@729] GR3D_FREQ 99% cpu@57.562C soc2@56.406C soc0@57.468C gpu@58.5C tj@58.5C soc1@56.968C VDD_IN 13645mW/7795mW VDD_CPU_GPU_CV 6071mW/2360mW VDD_SOC 2922mW/1838mW
08-11-2026 17:35:37 RAM 5671/7607MB (lfb 3x4MB) SWAP 1416/16384MB (cached 142MB) CPU [3%@729,12%@729,3%@729,2%@729,0%@729,0%@729] GR3D_FREQ 99% cpu@57.687C soc2@56.718C soc0@57.687C gpu@58.875C tj@58.875C soc1@57C VDD_IN 15375mW/8878mW VDD_CPU_GPU_CV 6680mW/2977mW VDD_SOC 3824mW/2121mW
08-11-2026 17:35:38 RAM 5676/7607MB (lfb 3x4MB) SWAP 1416/16384MB (cached 142MB) CPU [8%@729,13%@729,19%@729,5%@729,0%@729,0%@729] GR3D_FREQ 99% cpu@58.218C soc2@56.968C soc0@57.875C gpu@59.031C tj@59.031C soc1@57.156C VDD_IN 15651mW/9725mW VDD_CPU_GPU_CV 6787mW/3453mW VDD_SOC 3896mW/2343mW
08-11-2026 17:35:39 RAM 5679/7607MB (lfb 2x4MB) SWAP 1416/16384MB (cached 142MB) CPU [2%@729,1%@729,10%@729,1%@729,0%@729,0%@729] GR3D_FREQ 99% cpu@57.812C soc2@57.062C soc0@57.906C gpu@59.25C tj@59.25C soc1@57.281C VDD_IN 15572mW/10374mW VDD_CPU_GPU_CV 6758mW/3820mW VDD_SOC 3896mW/2516mW
08-11-2026 17:35:40 RAM 5681/7607MB (lfb 2x4MB) SWAP 1416/16384MB (cached 142MB) CPU [2%@729,2%@729,9%@729,0%@729,0%@729,0%@729] GR3D_FREQ 99% cpu@57.906C soc2@57.125C soc0@57.968C gpu@59.156C tj@59.156C soc1@57.281C VDD_IN 15454mW/10882mW VDD_CPU_GPU_CV 6719mW/4110mW VDD_SOC 3896mW/2654mW
08-11-2026 17:35:41 RAM 5683/7607MB (lfb 1x4MB) SWAP 1416/16384MB (cached 142MB) CPU [2%@729,2%@729,10%@729,2%@729,0%@729,0%@729] GR3D_FREQ 99% cpu@58.25C soc2@57.218C soc0@57.937C gpu@59.375C tj@59.375C soc1@57.281C VDD_IN 15611mW/11312mW VDD_CPU_GPU_CV 6747mW/4350mW VDD_SOC 3936mW/2770mW
08-11-2026 17:35:42 RAM 5685/7607MB (lfb 1x4MB) SWAP 1416/16384MB (cached 142MB) CPU [2%@729,9%@729,0%@1344,2%@1344,0%@729,0%@729] GR3D_FREQ 99% cpu@58.562C soc2@57.406C soc0@58C gpu@59.312C tj@59.312C soc1@57.437C VDD_IN 15572mW/11667mW VDD_CPU_GPU_CV 6747mW/4550mW VDD_SOC 3936mW/2867mW
08-11-2026 17:35:43 RAM 5690/7607MB (lfb 5x2MB) SWAP 1416/16384MB (cached 142MB) CPU [8%@1113,16%@1113,5%@1113,3%@1113,0%@729,0%@729] GR3D_FREQ 99% cpu@58.687C soc2@57.468C soc0@58.25C gpu@59.375C tj@59.375C soc1@57.593C VDD_IN 15769mW/11983mW VDD_CPU_GPU_CV 6904mW/4731mW VDD_SOC 3936mW/2950mW
08-11-2026 17:35:44 RAM 5694/7607MB (lfb 1x4MB) SWAP 1416/16384MB (cached 142MB) CPU [6%@729,14%@729,3%@729,2%@729,0%@729,0%@729] GR3D_FREQ 99% cpu@58.218C soc2@57.531C soc0@58.25C gpu@59.437C tj@59.437C soc1@57.5C VDD_IN 15611mW/12242mW VDD_CPU_GPU_CV 6747mW/4875mW VDD_SOC 3936mW/3020mW
08-11-2026 17:35:45 RAM 5695/7607MB (lfb 1x4MB) SWAP 1416/16384MB (cached 142MB) CPU [2%@729,5%@729,6%@729,3%@729,1%@729,0%@729] GR3D_FREQ 99% cpu@58.406C soc2@57.468C soc0@58.343C gpu@59.781C tj@59.781C soc1@57.5C VDD_IN 15572mW/12464mW VDD_CPU_GPU_CV 6708mW/4997mW VDD_SOC 3936mW/3081mW
08-11-2026 17:35:46 RAM 5696/7607MB (lfb 6x2MB) SWAP 1416/16384MB (cached 142MB) CPU [3%@729,4%@729,7%@729,1%@729,0%@729,0%@729] GR3D_FREQ 99% cpu@58.531C soc2@57.531C soc0@58.281C gpu@59.875C tj@59.875C soc1@57.562C VDD_IN 15533mW/12656mW VDD_CPU_GPU_CV 6758mW/5107mW VDD_SOC 3896mW/3132mW
08-11-2026 17:35:47 RAM 5698/7607MB (lfb 5x2MB) SWAP 1416/16384MB (cached 142MB) CPU [0%@729,10%@729,2%@729,1%@729,0%@729,0%@729] GR3D_FREQ 99% cpu@58.687C soc2@57.687C soc0@58.437C gpu@60.062C tj@60.062C soc1@57.687C VDD_IN 15611mW/12829mW VDD_CPU_GPU_CV 6747mW/5204mW VDD_SOC 3896mW/3177mW
08-11-2026 17:35:48 RAM 5700/7607MB (lfb 4x2MB) SWAP 1416/16384MB (cached 142MB) CPU [3%@729,10%@729,2%@729,0%@729,0%@729,0%@729] GR3D_FREQ 99% cpu@58.687C soc2@57.718C soc0@58.406C gpu@59.968C tj@59.968C soc1@57.718C VDD_IN 15690mW/12988mW VDD_CPU_GPU_CV 6787mW/5292mW VDD_SOC 3975mW/3221mW
08-11-2026 17:35:49 RAM 5703/7607MB (lfb 4x2MB) SWAP 1416/16384MB (cached 142MB) CPU [13%@729,14%@729,8%@729,8%@729,0%@729,0%@729] GR3D_FREQ 99% cpu@58.5C soc2@57.75C soc0@58.562C gpu@60.187C tj@60.187C soc1@57.656C VDD_IN 15690mW/13131mW VDD_CPU_GPU_CV 6787mW/5370mW VDD_SOC 3936mW/3259mW
08-11-2026 17:35:50 RAM 5705/7607MB (lfb 4x2MB) SWAP 1416/16384MB (cached 142MB) CPU [11%@729,1%@729,2%@729,1%@729,0%@729,0%@729] GR3D_FREQ 99% cpu@58.593C soc2@57.781C soc0@58.718C gpu@59.656C tj@59.656C soc1@57.812C VDD_IN 15533mW/13251mW VDD_CPU_GPU_CV 6719mW/5438mW VDD_SOC 3936mW/3293mW
08-11-2026 17:35:51 RAM 5708/7607MB (lfb 4x2MB) SWAP 1416/16384MB (cached 142MB) CPU [11%@729,1%@729,2%@729,2%@729,1%@729,0%@729] GR3D_FREQ 99% cpu@58.875C soc2@57.75C soc0@58.593C gpu@59.75C tj@59.75C soc1@57.906C VDD_IN 15611mW/13363mW VDD_CPU_GPU_CV 6708mW/5498mW VDD_SOC 3936mW/3323mW
08-11-2026 17:35:52 RAM 5710/7607MB (lfb 4x2MB) SWAP 1416/16384MB (cached 142MB) CPU [8%@729,2%@729,0%@729,3%@729,0%@729,0%@729] GR3D_FREQ 99% cpu@59.031C soc2@57.875C soc0@58.687C gpu@59.968C tj@59.968C soc1@57.968C VDD_IN 15611mW/13465mW VDD_CPU_GPU_CV 6747mW/5555mW VDD_SOC 3896mW/3349mW
08-11-2026 17:35:53 RAM 5712/7607MB (lfb 4x2MB) SWAP 1416/16384MB (cached 142MB) CPU [12%@729,1%@729,0%@729,1%@729,0%@729,0%@729] GR3D_FREQ 99% cpu@58.906C soc2@57.843C soc0@58.75C gpu@60.125C tj@60.125C soc1@57.937C VDD_IN 15533mW/13555mW VDD_CPU_GPU_CV 6719mW/5606mW VDD_SOC 3896mW/3373mW
08-11-2026 17:35:54 RAM 5713/7607MB (lfb 4x2MB) SWAP 1416/16384MB (cached 142MB) CPU [12%@729,3%@729,10%@729,17%@729,2%@729,1%@729] GR3D_FREQ 99% cpu@58.718C soc2@58.031C soc0@58.781C gpu@60.187C tj@60.187C soc1@58.062C VDD_IN 15730mW/13646mW VDD_CPU_GPU_CV 6865mW/5658mW VDD_SOC 3936mW/3397mW
08-11-2026 17:35:55 RAM 5713/7607MB (lfb 4x2MB) SWAP 1416/16384MB (cached 142MB) CPU [0%@729,3%@729,8%@729,2%@729,0%@729,0%@729] GR3D_FREQ 99% cpu@58.875C soc2@58.031C soc0@58.875C gpu@60.093C tj@60.093C soc1@57.968C VDD_IN 15611mW/13724mW VDD_CPU_GPU_CV 6747mW/5702mW VDD_SOC 3936mW/3418mW
08-11-2026 17:35:56 RAM 5713/7607MB (lfb 4x2MB) SWAP 1416/16384MB (cached 142MB) CPU [1%@729,2%@729,10%@729,2%@729,0%@729,0%@729] GR3D_FREQ 99% cpu@58.937C soc2@58.062C soc0@58.718C gpu@60.156C tj@60.156C soc1@58C VDD_IN 15611mW/13797mW VDD_CPU_GPU_CV 6747mW/5742mW VDD_SOC 3936mW/3438mW
08-11-2026 17:35:57 RAM 5716/7607MB (lfb 4x2MB) SWAP 1416/16384MB (cached 142MB) CPU [2%@729,2%@729,9%@729,2%@729,0%@729,0%@729] GR3D_FREQ 99% cpu@59.25C soc2@58.125C soc0@58.843C gpu@59.968C tj@59.968C soc1@58.031C VDD_IN 15651mW/13866mW VDD_CPU_GPU_CV 6747mW/5779mW VDD_SOC 3936mW/3457mW
08-11-2026 17:35:58 RAM 5718/7607MB (lfb 4x2MB) SWAP 1416/16384MB (cached 142MB) CPU [0%@729,3%@729,8%@729,1%@729,0%@729,0%@729] GR3D_FREQ 99% cpu@59.093C soc2@58.156C soc0@58.937C gpu@59.875C tj@59.875C soc1@58.281C VDD_IN 15533mW/13925mW VDD_CPU_GPU_CV 6680mW/5811mW VDD_SOC 3896mW/3472mW
08-11-2026 17:35:59 RAM 5723/7607MB (lfb 1x2MB) SWAP 1416/16384MB (cached 142MB) CPU [4%@729,17%@729,12%@729,11%@729,0%@729,0%@729] GR3D_FREQ 99% cpu@59.093C soc2@58.125C soc0@59.031C gpu@60.187C tj@60.187C soc1@58.281C VDD_IN 15848mW/13991mW VDD_CPU_GPU_CV 6983mW/5852mW VDD_SOC 3936mW/3488mW
08-11-2026 17:36:00 RAM 5725/7607MB (lfb 1x2MB) SWAP 1416/16384MB (cached 142MB) CPU [3%@729,2%@729,10%@729,0%@729,1%@729,0%@729] GR3D_FREQ 99% cpu@59.031C soc2@58.218C soc0@59.156C gpu@60.187C tj@60.187C soc1@58.156C VDD_IN 15611mW/14045mW VDD_CPU_GPU_CV 6787mW/5883mW VDD_SOC 3896mW/3502mW
08-11-2026 17:36:01 RAM 5726/7607MB (lfb 2x1MB) SWAP 1416/16384MB (cached 142MB) CPU [5%@729,2%@729,7%@729,3%@729,0%@729,2%@729] GR3D_FREQ 99% cpu@59.218C soc2@58.281C soc0@59.031C gpu@60.406C tj@60.406C soc1@58.25C VDD_IN 15690mW/14099mW VDD_CPU_GPU_CV 6787mW/5912mW VDD_SOC 3936mW/3516mW
08-11-2026 17:36:02 RAM 5727/7607MB (lfb 2x1MB) SWAP 1416/16384MB (cached 142MB) CPU [9%@729,2%@729,1%@729,1%@729,0%@729,0%@729] GR3D_FREQ 99% cpu@59.468C soc2@58.25C soc0@59.093C gpu@60.562C tj@60.562C soc1@58.343C VDD_IN 15690mW/14148mW VDD_CPU_GPU_CV 6787mW/5939mW VDD_SOC 3936mW/3529mW
08-11-2026 17:36:03 RAM 5729/7607MB (lfb 2x1MB) SWAP 1416/16384MB (cached 142MB) CPU [10%@729,1%@729,1%@729,1%@729,0%@729,1%@729] GR3D_FREQ 99% cpu@59.187C soc2@58.375C soc0@59.062C gpu@60.625C tj@60.625C soc1@58.343C VDD_IN 15690mW/14195mW VDD_CPU_GPU_CV 6787mW/5965mW VDD_SOC 3936mW/3541mW
08-11-2026 17:36:04 RAM 5732/7607MB (lfb 2x1MB) SWAP 1416/16384MB (cached 142MB) CPU [3%@729,2%@729,8%@729,1%@729,0%@729,0%@729] GR3D_FREQ 99% cpu@59.312C soc2@58.406C soc0@59.312C gpu@60.593C tj@60.593C soc1@58.343C VDD_IN 15690mW/14239mW VDD_CPU_GPU_CV 6787mW/5989mW VDD_SOC 3936mW/3553mW
08-11-2026 17:36:05 RAM 5718/7607MB (lfb 3x1MB) SWAP 1416/16384MB (cached 142MB) CPU [8%@729,8%@729,20%@729,6%@729,0%@729,2%@729] GR3D_FREQ 99% cpu@59.343C soc2@58.281C soc0@59.218C gpu@60.406C tj@60.406C soc1@58.406C VDD_IN 15572mW/14277mW VDD_CPU_GPU_CV 6708mW/6010mW VDD_SOC 3936mW/3564mW
08-11-2026 17:36:06 RAM 5725/7607MB (lfb 3x1MB) SWAP 1416/16384MB (cached 142MB) CPU [1%@729,2%@729,10%@729,2%@729,1%@729,0%@729] GR3D_FREQ 99% cpu@59.281C soc2@58.406C soc0@59.25C gpu@60.5C tj@60.5C soc1@58.468C VDD_IN 15533mW/14312mW VDD_CPU_GPU_CV 6708mW/6029mW VDD_SOC 3896mW/3573mW
08-11-2026 17:36:07 RAM 5727/7607MB (lfb 3x1MB) SWAP 1416/16384MB (cached 142MB) CPU [4%@729,1%@729,7%@729,1%@729,0%@729,0%@729] GR3D_FREQ 99% cpu@59.406C soc2@58.406C soc0@59.281C gpu@60.5C tj@60.5C soc1@58.562C VDD_IN 15533mW/14345mW VDD_CPU_GPU_CV 6747mW/6049mW VDD_SOC 3896mW/3582mW
08-11-2026 17:36:08 RAM 5730/7607MB (lfb 3x1MB) SWAP 1416/16384MB (cached 142MB) CPU [10%@729,2%@729,2%@729,3%@729,0%@729,0%@729] GR3D_FREQ 99% cpu@59.312C soc2@58.593C soc0@59.437C gpu@60.687C tj@60.687C soc1@58.625C VDD_IN 15809mW/14383mW VDD_CPU_GPU_CV 6865mW/6070mW VDD_SOC 3975mW/3592mW
08-11-2026 17:36:09 RAM 5813/7607MB (lfb 2x1MB) SWAP 1416/16384MB (cached 142MB) CPU [9%@1344,9%@1344,8%@1344,19%@1344,20%@729,9%@729] GR3D_FREQ 0% cpu@58.968C soc2@58.031C soc0@59.343C gpu@58.812C tj@59.343C soc1@58.406C VDD_IN 9514mW/14259mW VDD_CPU_GPU_CV 2936mW/5990mW VDD_SOC 2742mW/3570mW
08-11-2026 17:36:10 RAM 6211/7607MB (lfb 2x1MB) SWAP 1416/16384MB (cached 142MB) CPU [79%@1344,79%@1344,78%@1344,82%@1344,85%@1344,81%@1344] GR3D_FREQ 0% cpu@59.343C soc2@57.75C soc0@58.906C gpu@58.5C tj@59.343C soc1@58.375C VDD_IN 7894mW/14099mW VDD_CPU_GPU_CV 2547mW/5904mW VDD_SOC 1754mW/3525mW
08-11-2026 17:36:11 RAM 6227/7607MB (lfb 2x1MB) SWAP 1416/16384MB (cached 142MB) CPU [10%@729,11%@729,18%@729,9%@729,9%@729,9%@729] GR3D_FREQ 99% cpu@58.906C soc2@58.125C soc0@59C gpu@60.406C tj@60.406C soc1@58.406C VDD_IN 14413mW/14107mW VDD_CPU_GPU_CV 6179mW/5910mW VDD_SOC 3508mW/3525mW
08-11-2026 17:36:12 RAM 6228/7607MB (lfb 2x1MB) SWAP 1416/16384MB (cached 142MB) CPU [2%@729,1%@729,10%@729,1%@729,0%@729,0%@729] GR3D_FREQ 99% cpu@59.312C soc2@58.312C soc0@59.125C gpu@60.625C tj@60.625C soc1@58.281C VDD_IN 15414mW/14138mW VDD_CPU_GPU_CV 6680mW/5929mW VDD_SOC 3857mW/3532mW
08-11-2026 17:36:13 RAM 6228/7607MB (lfb 2x1MB) SWAP 1416/16384MB (cached 142MB) CPU [3%@729,1%@729,11%@729,1%@729,1%@729,0%@729] GR3D_FREQ 99% cpu@59.312C soc2@58.375C soc0@59.343C gpu@60.531C tj@60.531C soc1@58.312C VDD_IN 15769mW/14176mW VDD_CPU_GPU_CV 6787mW/5949mW VDD_SOC 3975mW/3543mW
08-11-2026 17:36:14 RAM 6228/7607MB (lfb 2x1MB) SWAP 1416/16384MB (cached 142MB) CPU [5%@729,5%@729,10%@729,5%@729,1%@729,1%@729] GR3D_FREQ 99% cpu@59.281C soc2@58.375C soc0@59.25C gpu@60.531C tj@60.531C soc1@58.5C VDD_IN 15730mW/14211mW VDD_CPU_GPU_CV 6826mW/5969mW VDD_SOC 3975mW/3553mW
08-11-2026 17:36:15 RAM 6231/7607MB (lfb 2x1MB) SWAP 1416/16384MB (cached 142MB) CPU [5%@729,2%@729,12%@729,5%@729,0%@729,0%@729] GR3D_FREQ 99% cpu@59.937C soc2@58.562C soc0@59.25C gpu@60.656C tj@60.656C soc1@58.562C VDD_IN 15730mW/14245mW VDD_CPU_GPU_CV 6865mW/5988mW VDD_SOC 3936mW/3561mW
08-11-2026 17:36:16 RAM 6234/7607MB (lfb 2x1MB) SWAP 1416/16384MB (cached 142MB) CPU [7%@729,3%@729,15%@729,10%@729,0%@729,0%@729] GR3D_FREQ 99% cpu@59.312C soc2@58.625C soc0@59.437C gpu@60.656C tj@60.656C soc1@58.687C VDD_IN 15651mW/14276mW VDD_CPU_GPU_CV 6787mW/6006mW VDD_SOC 3936mW/3569mW
08-11-2026 17:36:17 RAM 6234/7607MB (lfb 2x1MB) SWAP 1416/16384MB (cached 142MB) CPU [1%@729,1%@729,1%@729,9%@729,0%@729,0%@729] GR3D_FREQ 99% cpu@59.437C soc2@58.687C soc0@59.468C gpu@60.687C tj@60.687C soc1@58.781C VDD_IN 15611mW/14304mW VDD_CPU_GPU_CV 6708mW/6021mW VDD_SOC 3936mW/3577mW
08-11-2026 17:36:18 RAM 6235/7607MB (lfb 2x1MB) SWAP 1416/16384MB (cached 142MB) CPU [3%@729,1%@729,3%@729,9%@729,0%@729,0%@729] GR3D_FREQ 99% cpu@59.406C soc2@58.625C soc0@59.562C gpu@60.687C tj@60.687C soc1@58.593C VDD_IN 15572mW/14331mW VDD_CPU_GPU_CV 6747mW/6036mW VDD_SOC 3896mW/3584mW
08-11-2026 17:36:19 RAM 6237/7607MB (lfb 2x1MB) SWAP 1416/16384MB (cached 142MB) CPU [7%@729,3%@729,1%@729,6%@729,0%@729,0%@729] GR3D_FREQ 99% cpu@59.468C soc2@58.562C soc0@59.468C gpu@60.718C tj@60.718C soc1@58.656C VDD_IN 15651mW/14358mW VDD_CPU_GPU_CV 6787mW/6051mW VDD_SOC 3936mW/3591mW
08-11-2026 17:36:20 RAM 6239/7607MB (lfb 2x1MB) SWAP 1416/16384MB (cached 142MB) CPU [6%@729,2%@729,2%@729,5%@729,0%@729,0%@729] GR3D_FREQ 99% cpu@59.718C soc2@58.812C soc0@59.593C gpu@60.656C tj@60.656C soc1@58.812C VDD_IN 15690mW/14384mW VDD_CPU_GPU_CV 6787mW/6066mW VDD_SOC 3936mW/3598mW
08-11-2026 17:36:21 RAM 6244/7607MB (lfb 2x1MB) SWAP 1416/16384MB (cached 142MB) CPU [13%@729,14%@729,3%@729,10%@729,0%@729,1%@729] GR3D_FREQ 99% cpu@59.437C soc2@58.812C soc0@59.593C gpu@60.718C tj@60.718C soc1@58.781C VDD_IN 15690mW/14410mW VDD_CPU_GPU_CV 6826mW/6081mW VDD_SOC 3936mW/3604mW
08-11-2026 17:36:22 RAM 6245/7607MB (lfb 2x1MB) SWAP 1416/16384MB (cached 142MB) CPU [3%@729,1%@729,2%@729,10%@729,0%@729,0%@729] GR3D_FREQ 99% cpu@59.687C soc2@58.75C soc0@59.718C gpu@60.75C tj@60.75C soc1@58.718C VDD_IN 15690mW/14434mW VDD_CPU_GPU_CV 6787mW/6094mW VDD_SOC 3936mW/3611mW
08-11-2026 17:36:23 RAM 6247/7607MB (lfb 2x1MB) SWAP 1416/16384MB (cached 142MB) CPU [8%@729,2%@729,1%@729,3%@729,0%@729,0%@729] GR3D_FREQ 99% cpu@59.718C soc2@58.812C soc0@59.531C gpu@60.718C tj@60.718C soc1@58.781C VDD_IN 15690mW/14458mW VDD_CPU_GPU_CV 6747mW/6107mW VDD_SOC 3975mW/3618mW
08-11-2026 17:36:24 RAM 6249/7607MB (lfb 2x1MB) SWAP 1416/16384MB (cached 142MB) CPU [9%@729,2%@729,2%@729,2%@729,0%@729,0%@729] GR3D_FREQ 99% cpu@59.937C soc2@58.968C soc0@59.625C gpu@60.968C tj@60.968C soc1@58.875C VDD_IN 15651mW/14480mW VDD_CPU_GPU_CV 6787mW/6119mW VDD_SOC 3936mW/3624mW
08-11-2026 17:36:25 RAM 6252/7607MB (lfb 2x1MB) SWAP 1416/16384MB (cached 142MB) CPU [8%@729,5%@729,0%@729,2%@729,0%@729,0%@729] GR3D_FREQ 99% cpu@59.906C soc2@58.937C soc0@59.718C gpu@61.125C tj@61.125C soc1@58.937C VDD_IN 15572mW/14500mW VDD_CPU_GPU_CV 6747mW/6131mW VDD_SOC 3896mW/3629mW
08-11-2026 17:36:26 RAM 6257/7607MB (lfb 2x1MB) SWAP 1416/16384MB (cached 142MB) CPU [4%@729,12%@729,7%@729,16%@729,1%@729,5%@729] GR3D_FREQ 99% cpu@59.75C soc2@58.906C soc0@59.75C gpu@61.312C tj@61.312C soc1@58.968C VDD_IN 15927mW/14526mW VDD_CPU_GPU_CV 6944mW/6145mW VDD_SOC 3975mW/3635mW
08-11-2026 17:36:27 RAM 6257/7607MB (lfb 2x1MB) SWAP 1416/16384MB (cached 142MB) CPU [8%@729,6%@729,0%@729,0%@729,0%@729,0%@729] GR3D_FREQ 99% cpu@59.75C soc2@58.968C soc0@59.843C gpu@61.187C tj@61.187C soc1@58.843C VDD_IN 15730mW/14547mW VDD_CPU_GPU_CV 6826mW/6157mW VDD_SOC 3975mW/3641mW
08-11-2026 17:36:28 RAM 6259/7607MB (lfb 2x1MB) SWAP 1416/16384MB (cached 142MB) CPU [10%@729,2%@729,1%@729,1%@729,0%@729,0%@729] GR3D_FREQ 99% cpu@59.968C soc2@58.968C soc0@59.781C gpu@61.156C tj@61.156C soc1@58.968C VDD_IN 15651mW/14566mW VDD_CPU_GPU_CV 6787mW/6168mW VDD_SOC 3936mW/3646mW
08-11-2026 17:36:29 RAM 6261/7607MB (lfb 2x1MB) SWAP 1416/16384MB (cached 142MB) CPU [6%@729,6%@729,3%@729,1%@729,0%@729,0%@729] GR3D_FREQ 99% cpu@60.156C soc2@59.093C soc0@59.843C gpu@61.031C tj@61.031C soc1@59C VDD_IN 15651mW/14584mW VDD_CPU_GPU_CV 6747mW/6178mW VDD_SOC 3936mW/3651mW
08-11-2026 17:36:30 RAM 6264/7607MB (lfb 2x1MB) SWAP 1416/16384MB (cached 142MB) CPU [1%@729,9%@729,2%@729,2%@729,0%@729,0%@729] GR3D_FREQ 99% cpu@60.062C soc2@59.125C soc0@59.906C gpu@60.906C tj@60.906C soc1@59.031C VDD_IN 15730mW/14603mW VDD_CPU_GPU_CV 6787mW/6188mW VDD_SOC 3975mW/3656mW
08-11-2026 17:36:31 RAM 6268/7607MB (lfb 2x1MB) SWAP 1416/16384MB (cached 142MB) CPU [5%@806,15%@806,6%@806,6%@806,1%@729,1%@729] GR3D_FREQ 99% cpu@59.906C soc2@59.187C soc0@59.906C gpu@61.093C tj@61.093C soc1@59.218C VDD_IN 15809mW/14623mW VDD_CPU_GPU_CV 6944mW/6200mW VDD_SOC 3936mW/3661mW
08-11-2026 17:36:32 RAM 6272/7607MB (lfb 2x1MB) SWAP 1416/16384MB (cached 142MB) CPU [3%@729,14%@729,5%@729,5%@729,0%@729,0%@729] GR3D_FREQ 99% cpu@59.968C soc2@59.093C soc0@60.062C gpu@61.125C tj@61.125C soc1@59.062C VDD_IN 15611mW/14639mW VDD_CPU_GPU_CV 6787mW/6210mW VDD_SOC 3936mW/3665mW
08-11-2026 17:36:33 RAM 6275/7607MB (lfb 2x1MB) SWAP 1416/16384MB (cached 142MB) CPU [2%@729,9%@729,0%@729,2%@729,0%@729,1%@729] GR3D_FREQ 99% cpu@60.125C soc2@59.125C soc0@59.906C gpu@61.312C tj@61.312C soc1@59.093C VDD_IN 15730mW/14656mW VDD_CPU_GPU_CV 6787mW/6219mW VDD_SOC 3975mW/3670mW
08-11-2026 17:36:34 RAM 6277/7607MB (lfb 2x1MB) SWAP 1416/16384MB (cached 142MB) CPU [2%@729,9%@729,1%@729,1%@729,0%@729,0%@729] GR3D_FREQ 99% cpu@60.312C soc2@59.125C soc0@59.968C gpu@61.218C tj@61.437C soc1@59.187C VDD_IN 15769mW/14674mW VDD_CPU_GPU_CV 6865mW/6229mW VDD_SOC 3975mW/3675mW
08-11-2026 17:36:35 RAM 6279/7607MB (lfb 2x1MB) SWAP 1416/16384MB (cached 142MB) CPU [2%@729,10%@729,3%@729,1%@729,0%@729,1%@729] GR3D_FREQ 99% cpu@60.156C soc2@59.156C soc0@59.937C gpu@61.468C tj@61.468C soc1@59.281C VDD_IN 15730mW/14690mW VDD_CPU_GPU_CV 6787mW/6238mW VDD_SOC 3936mW/3679mW
08-11-2026 17:36:36 RAM 6281/7607MB (lfb 2x1MB) SWAP 1416/16384MB (cached 142MB) CPU [2%@729,9%@729,2%@729,1%@729,0%@729,0%@729] GR3D_FREQ 99% cpu@59.937C soc2@59.312C soc0@60.062C gpu@61.468C tj@61.468C soc1@59.406C VDD_IN 15611mW/14704mW VDD_CPU_GPU_CV 6747mW/6245mW VDD_SOC 3975mW/3683mW
08-11-2026 17:36:37 RAM 6286/7607MB (lfb 2x1MB) SWAP 1416/16384MB (cached 142MB) CPU [11%@729,10%@729,4%@729,18%@729,0%@729,0%@729] GR3D_FREQ 99% cpu@60.031C soc2@59.187C soc0@60.218C gpu@61.531C tj@61.531C soc1@59.187C VDD_IN 15769mW/14720mW VDD_CPU_GPU_CV 6826mW/6254mW VDD_SOC 3975mW/3688mW
08-11-2026 17:36:38 RAM 6289/7607MB (lfb 2x1MB) SWAP 1416/16384MB (cached 142MB) CPU [2%@729,10%@729,2%@729,3%@729,0%@729,0%@729] GR3D_FREQ 99% cpu@60.187C soc2@59.218C soc0@60.093C gpu@61.687C tj@61.687C soc1@59.218C VDD_IN 15690mW/14734mW VDD_CPU_GPU_CV 6787mW/6262mW VDD_SOC 3936mW/3691mW
08-11-2026 17:36:39 RAM 6291/7607MB (lfb 2x1MB) SWAP 1416/16384MB (cached 142MB) CPU [2%@729,9%@729,2%@729,2%@729,0%@729,0%@729] GR3D_FREQ 99% cpu@60.25C soc2@59.25C soc0@60.062C gpu@61.406C tj@61.406C soc1@59.343C VDD_IN 15572mW/14746mW VDD_CPU_GPU_CV 6747mW/6269mW VDD_SOC 3896mW/3694mW
08-11-2026 17:36:40 RAM 6293/7607MB (lfb 2x1MB) SWAP 1416/16384MB (cached 142MB) CPU [2%@729,10%@729,2%@729,2%@729,0%@729,0%@729] GR3D_FREQ 99% cpu@60.156C soc2@59.406C soc0@60.125C gpu@61.375C tj@61.375C soc1@59.406C VDD_IN 15848mW/14762mW VDD_CPU_GPU_CV 6826mW/6277mW VDD_SOC 4014mW/3699mW
08-11-2026 17:36:41 RAM 6296/7607MB (lfb 2x1MB) SWAP 1416/16384MB (cached 142MB) CPU [2%@729,9%@729,2%@729,1%@729,0%@729,0%@729] GR3D_FREQ 99% cpu@60.156C soc2@59.25C soc0@60.343C gpu@61.406C tj@61.406C soc1@59.312C VDD_IN 15730mW/14776mW VDD_CPU_GPU_CV 6826mW/6285mW VDD_SOC 3975mW/3703mW
08-11-2026 17:36:42 RAM 6298/7607MB (lfb 2x1MB) SWAP 1416/16384MB (cached 142MB) CPU [18%@729,8%@729,4%@729,9%@729,1%@729,0%@729] GR3D_FREQ 99% cpu@60.375C soc2@59.406C soc0@60.062C gpu@61.5C tj@61.5C soc1@59.375C VDD_IN 15887mW/14791mW VDD_CPU_GPU_CV 6944mW/6294mW VDD_SOC 3975mW/3707mW
08-11-2026 17:36:43 RAM 6299/7607MB (lfb 2x1MB) SWAP 1416/16384MB (cached 142MB) CPU [4%@729,10%@729,1%@729,2%@729,0%@729,0%@729] GR3D_FREQ 99% cpu@60.25C soc2@59.437C soc0@60.25C gpu@61.218C tj@61.218C soc1@59.312C VDD_IN 15730mW/14804mW VDD_CPU_GPU_CV 6826mW/6301mW VDD_SOC 3975mW/3710mW
08-11-2026 17:36:44 RAM 6302/7607MB (lfb 2x1MB) SWAP 1416/16384MB (cached 142MB) CPU [1%@729,10%@729,2%@729,1%@729,0%@729,1%@729] GR3D_FREQ 99% cpu@60.593C soc2@59.375C soc0@60.187C gpu@61.125C tj@61.125C soc1@59.406C VDD_IN 15651mW/14815mW VDD_CPU_GPU_CV 6747mW/6307mW VDD_SOC 3975mW/3714mW
08-11-2026 17:36:45 RAM 6304/7607MB (lfb 2x1MB) SWAP 1416/16384MB (cached 142MB) CPU [3%@729,10%@729,1%@729,2%@729,0%@729,0%@729] GR3D_FREQ 99% cpu@60.187C soc2@59.406C soc0@60.218C gpu@61.343C tj@61.343C soc1@59.5C VDD_IN 15690mW/14827mW VDD_CPU_GPU_CV 6787mW/6314mW VDD_SOC 3936mW/3717mW
08-11-2026 17:36:46 RAM 6354/7607MB (lfb 2x1MB) SWAP 1416/16384MB (cached 142MB) CPU [33%@1344,32%@1344,30%@1344,36%@1344,41%@1344,33%@1344] GR3D_FREQ 0% cpu@60.25C soc2@58.75C soc0@59.937C gpu@59.25C tj@60.25C soc1@59.093C VDD_IN 8757mW/14747mW VDD_CPU_GPU_CV 2821mW/6268mW VDD_SOC 2269mW/3698mW
08-11-2026 17:36:47 RAM 6444/7607MB (lfb 2x1MB) SWAP 1416/16384MB (cached 142MB) CPU [50%@1036,61%@1344,43%@1344,43%@1344,46%@729,44%@729] GR3D_FREQ 99% cpu@60.218C soc2@58.875C soc0@59.687C gpu@60.875C tj@60.875C soc1@59.156C VDD_IN 13170mW/14727mW VDD_CPU_GPU_CV 5558mW/6258mW VDD_SOC 3045mW/3689mW
08-11-2026 17:36:48 RAM 6444/7607MB (lfb 2x1MB) SWAP 1416/16384MB (cached 142MB) CPU [8%@729,4%@729,5%@729,2%@729,0%@729,0%@729] GR3D_FREQ 99% cpu@60C soc2@59.062C soc0@59.875C gpu@61.062C tj@61.062C soc1@59.187C VDD_IN 15454mW/14736mW VDD_CPU_GPU_CV 6669mW/6264mW VDD_SOC 3857mW/3691mW
08-11-2026 17:36:49 RAM 6445/7607MB (lfb 2x1MB) SWAP 1416/16384MB (cached 142MB) CPU [12%@729,2%@729,3%@729,1%@729,0%@729,0%@729] GR3D_FREQ 99% cpu@60.312C soc2@59.218C soc0@60.031C gpu@61.343C tj@61.343C soc1@59.281C VDD_IN 15730mW/14748mW VDD_CPU_GPU_CV 6826mW/6271mW VDD_SOC 3936mW/3694mW
08-11-2026 17:36:50 RAM 6445/7607MB (lfb 2x1MB) SWAP 1416/16384MB (cached 142MB) CPU [10%@729,3%@729,2%@729,1%@729,0%@729,0%@729] GR3D_FREQ 99% cpu@59.875C soc2@59.25C soc0@60.156C gpu@61.468C tj@61.468C soc1@59.156C VDD_IN 15651mW/14760mW VDD_CPU_GPU_CV 6787mW/6277mW VDD_SOC 3936mW/3697mW
08-11-2026 17:36:51 RAM 6445/7607MB (lfb 2x1MB) SWAP 1416/16384MB (cached 142MB) CPU [10%@729,2%@729,1%@729,2%@729,0%@729,0%@729] GR3D_FREQ 99% cpu@60.187C soc2@59.312C soc0@60.062C gpu@61.593C tj@61.593C soc1@59.218C VDD_IN 15730mW/14772mW VDD_CPU_GPU_CV 6787mW/6283mW VDD_SOC 3975mW/3701mW
08-11-2026 17:36:52 RAM 6445/7607MB (lfb 2x1MB) SWAP 1416/16384MB (cached 142MB) CPU [10%@729,2%@729,0%@729,1%@729,0%@729,0%@729] GR3D_FREQ 99% cpu@60.375C soc2@59.343C soc0@60C gpu@61.343C tj@61.343C soc1@59.312C VDD_IN 15769mW/14784mW VDD_CPU_GPU_CV 6826mW/6290mW VDD_SOC 3936mW/3704mW
08-11-2026 17:36:53 RAM 6448/7607MB (lfb 2x1MB) SWAP 1416/16384MB (cached 142MB) CPU [8%@729,5%@729,23%@729,3%@729,3%@729,0%@729] GR3D_FREQ 99% cpu@60.062C soc2@59.312C soc0@60.125C gpu@61.218C tj@61.218C soc1@59.406C VDD_IN 15730mW/14795mW VDD_CPU_GPU_CV 6826mW/6297mW VDD_SOC 3975mW/3707mW
08-11-2026 17:36:54 RAM 6448/7607MB (lfb 2x1MB) SWAP 1416/16384MB (cached 142MB) CPU [2%@729,2%@729,10%@729,2%@729,0%@729,0%@729] GR3D_FREQ 99% cpu@60.593C soc2@59.437C soc0@60.187C gpu@61.312C tj@61.312C soc1@59.468C VDD_IN 15769mW/14807mW VDD_CPU_GPU_CV 6826mW/6303mW VDD_SOC 3975mW/3710mW
08-11-2026 17:36:55 RAM 6448/7607MB (lfb 2x1MB) SWAP 1416/16384MB (cached 142MB) CPU [3%@729,1%@729,9%@729,1%@729,0%@729,0%@729] GR3D_FREQ 99% cpu@60.156C soc2@59.375C soc0@60.343C gpu@61.25C tj@61.25C soc1@59.312C VDD_IN 15730mW/14818mW VDD_CPU_GPU_CV 6826mW/6309mW VDD_SOC 3975mW/3713mW
08-11-2026 17:36:56 RAM 6450/7607MB (lfb 2x1MB) SWAP 1416/16384MB (cached 142MB) CPU [2%@729,2%@729,10%@729,2%@729,0%@729,0%@729] GR3D_FREQ 99% cpu@60.281C soc2@59.5C soc0@60.187C gpu@61.656C tj@61.656C soc1@59.343C VDD_IN 15651mW/14827mW VDD_CPU_GPU_CV 6826mW/6315mW VDD_SOC 3936mW/3716mW
08-11-2026 17:36:57 RAM 6452/7607MB (lfb 2x1MB) SWAP 1416/16384MB (cached 142MB) CPU [0%@729,2%@729,12%@729,1%@729,0%@729,0%@729] GR3D_FREQ 99% cpu@60.5C soc2@59.375C soc0@60.187C gpu@61.812C tj@61.812C soc1@59.406C VDD_IN 15611mW/14836mW VDD_CPU_GPU_CV 6747mW/6320mW VDD_SOC 3896mW/3718mW
08-11-2026 17:36:58 RAM 6457/7607MB (lfb 2x1MB) SWAP 1416/16384MB (cached 142MB) CPU [17%@729,4%@729,9%@729,9%@729,0%@729,2%@729] GR3D_FREQ 99% cpu@60.281C soc2@59.5C soc0@60.187C gpu@61.812C tj@61.812C soc1@59.531C VDD_IN 15966mW/14849mW VDD_CPU_GPU_CV 6944mW/6327mW VDD_SOC 4014mW/3721mW
08-11-2026 17:36:59 RAM 6458/7607MB (lfb 2x1MB) SWAP 1416/16384MB (cached 142MB) CPU [1%@729,1%@729,10%@729,1%@729,2%@729,1%@729] GR3D_FREQ 99% cpu@60.312C soc2@59.468C soc0@60.375C gpu@61.812C tj@61.812C soc1@59.593C VDD_IN 15730mW/14859mW VDD_CPU_GPU_CV 6826mW/6333mW VDD_SOC 3975mW/3724mW
08-11-2026 17:37:00 RAM 6461/7607MB (lfb 2x1MB) SWAP 1416/16384MB (cached 142MB) CPU [2%@729,2%@729,8%@729,1%@729,2%@729,1%@729] GR3D_FREQ 99% cpu@60.375C soc2@59.5C soc0@60.437C gpu@61.812C tj@61.812C soc1@59.437C VDD_IN 15809mW/14870mW VDD_CPU_GPU_CV 6865mW/6339mW VDD_SOC 3975mW/3727mW
08-11-2026 17:37:01 RAM 6464/7607MB (lfb 2x1MB) SWAP 1416/16384MB (cached 142MB) CPU [1%@729,1%@729,11%@729,1%@729,0%@729,1%@729] GR3D_FREQ 99% cpu@60.406C soc2@59.406C soc0@60.25C gpu@61.5C tj@61.5C soc1@59.437C VDD_IN 15690mW/14879mW VDD_CPU_GPU_CV 6787mW/6344mW VDD_SOC 3936mW/3729mW
08-11-2026 17:37:02 RAM 6466/7607MB (lfb 2x1MB) SWAP 1416/16384MB (cached 142MB) CPU [1%@729,2%@729,8%@729,2%@729,0%@729,1%@729] GR3D_FREQ 99% cpu@60.468C soc2@59.468C soc0@60.25C gpu@61.562C tj@61.562C soc1@59.531C VDD_IN 15651mW/14887mW VDD_CPU_GPU_CV 6787mW/6348mW VDD_SOC 3936mW/3732mW
08-11-2026 17:37:03 RAM 6470/7607MB (lfb 2x1MB) SWAP 1416/16384MB (cached 142MB) CPU [7%@1344,4%@1344,10%@1344,19%@1344,3%@729,1%@729] GR3D_FREQ 99% cpu@60.406C soc2@59.593C soc0@60.312C gpu@61.718C tj@61.718C soc1@59.562C VDD_IN 15848mW/14897mW VDD_CPU_GPU_CV 6983mW/6355mW VDD_SOC 3936mW/3734mW
08-11-2026 17:37:04 RAM 6472/7607MB (lfb 2x1MB) SWAP 1416/16384MB (cached 142MB) CPU [2%@729,2%@729,10%@729,1%@729,0%@729,0%@729] GR3D_FREQ 99% cpu@60.375C soc2@59.593C soc0@60.437C gpu@61.718C tj@61.718C soc1@59.437C VDD_IN 15769mW/14907mW VDD_CPU_GPU_CV 6826mW/6360mW VDD_SOC 3975mW/3736mW
08-11-2026 17:37:05 RAM 6473/7607MB (lfb 2x1MB) SWAP 1416/16384MB (cached 142MB) CPU [1%@729,1%@729,2%@729,7%@729,0%@729,0%@729] GR3D_FREQ 99% cpu@60.531C soc2@59.593C soc0@60.343C gpu@61.75C tj@61.75C soc1@59.531C VDD_IN 15769mW/14916mW VDD_CPU_GPU_CV 6865mW/6365mW VDD_SOC 3975mW/3739mW
08-11-2026 17:37:06 RAM 6475/7607MB (lfb 2x1MB) SWAP 1416/16384MB (cached 142MB) CPU [8%@729,1%@729,4%@729,2%@729,0%@729,0%@729] GR3D_FREQ 99% cpu@60.656C soc2@59.593C soc0@60.375C gpu@61.531C tj@61.531C soc1@59.562C VDD_IN 15809mW/14925mW VDD_CPU_GPU_CV 6865mW/6371mW VDD_SOC 3975mW/3741mW
08-11-2026 17:37:07 RAM 6477/7607MB (lfb 2x1MB) SWAP 1416/16384MB (cached 142MB) CPU [11%@729,3%@729,1%@729,1%@729,0%@729,0%@729] GR3D_FREQ 99% cpu@60.718C soc2@59.656C soc0@60.468C gpu@61.562C tj@61.562C soc1@59.593C VDD_IN 15690mW/14933mW VDD_CPU_GPU_CV 6787mW/6375mW VDD_SOC 3936mW/3743mW
08-11-2026 17:37:08 RAM 6480/7607MB (lfb 2x1MB) SWAP 1416/16384MB (cached 142MB) CPU [10%@729,1%@729,0%@729,1%@729,0%@729,1%@729] GR3D_FREQ 99% cpu@60.375C soc2@59.718C soc0@60.531C gpu@61.531C tj@61.531C soc1@59.75C VDD_IN 15730mW/14941mW VDD_CPU_GPU_CV 6787mW/6379mW VDD_SOC 3975mW/3746mW
08-11-2026 17:37:09 RAM 6484/7607MB (lfb 2x1MB) SWAP 1416/16384MB (cached 142MB) CPU [9%@729,15%@729,10%@729,4%@729,0%@729,2%@729] GR3D_FREQ 99% cpu@60.468C soc2@59.718C soc0@60.656C gpu@61.687C tj@61.687C soc1@59.593C VDD_IN 15769mW/14950mW VDD_CPU_GPU_CV 6865mW/6384mW VDD_SOC 3936mW/3748mW
08-11-2026 17:37:10 RAM 6488/7607MB (lfb 2x1MB) SWAP 1415/16384MB (cached 142MB) CPU [5%@729,2%@729,12%@729,1%@729,0%@729,0%@729] GR3D_FREQ 99% cpu@60.625C soc2@59.75C soc0@60.375C gpu@61.875C tj@61.875C soc1@59.656C VDD_IN 15651mW/14957mW VDD_CPU_GPU_CV 6787mW/6388mW VDD_SOC 3936mW/3749mW
08-11-2026 17:37:11 RAM 6491/7607MB (lfb 2x1MB) SWAP 1415/16384MB (cached 142MB) CPU [2%@729,2%@729,10%@729,1%@729,0%@729,0%@729] GR3D_FREQ 99% cpu@60.718C soc2@59.812C soc0@60.562C gpu@61.937C tj@61.937C soc1@59.75C VDD_IN 15730mW/14964mW VDD_CPU_GPU_CV 6826mW/6392mW VDD_SOC 3975mW/3752mW
08-11-2026 17:37:12 RAM 6493/7607MB (lfb 2x1MB) SWAP 1415/16384MB (cached 142MB) CPU [4%@729,8%@729,2%@729,1%@729,0%@729,0%@729] GR3D_FREQ 99% cpu@60.5C soc2@59.75C soc0@60.562C gpu@61.875C tj@61.875C soc1@59.687C VDD_IN 15769mW/14972mW VDD_CPU_GPU_CV 6826mW/6397mW VDD_SOC 3975mW/3754mW
08-11-2026 17:37:13 RAM 6496/7607MB (lfb 2x1MB) SWAP 1415/16384MB (cached 142MB) CPU [1%@729,9%@729,2%@729,1%@729,0%@729,0%@729] GR3D_FREQ 99% cpu@60.531C soc2@59.843C soc0@60.687C gpu@61.906C tj@61.906C soc1@59.625C VDD_IN 15769mW/14980mW VDD_CPU_GPU_CV 6826mW/6401mW VDD_SOC 3975mW/3756mW
08-11-2026 17:37:14 RAM 6499/7607MB (lfb 2x1MB) SWAP 1415/16384MB (cached 142MB) CPU [11%@729,21%@729,7%@729,4%@729,2%@729,2%@729] GR3D_FREQ 99% cpu@60.593C soc2@59.718C soc0@60.562C gpu@61.875C tj@61.875C soc1@59.718C VDD_IN 15769mW/14987mW VDD_CPU_GPU_CV 6865mW/6405mW VDD_SOC 3936mW/3758mW
08-11-2026 17:37:15 RAM 6501/7607MB (lfb 2x1MB) SWAP 1415/16384MB (cached 142MB) CPU [0%@729,9%@729,1%@729,2%@729,0%@729,0%@729] GR3D_FREQ 99% cpu@60.781C soc2@59.781C soc0@60.593C gpu@61.687C tj@61.687C soc1@59.812C VDD_IN 15769mW/14995mW VDD_CPU_GPU_CV 6826mW/6409mW VDD_SOC 3975mW/3760mW
08-11-2026 17:37:16 RAM 6504/7607MB (lfb 2x1MB) SWAP 1415/16384MB (cached 142MB) CPU [1%@729,10%@729,2%@729,1%@729,0%@729,0%@729] GR3D_FREQ 99% cpu@60.875C soc2@59.781C soc0@60.625C gpu@61.906C tj@61.906C soc1@59.812C VDD_IN 15690mW/15001mW VDD_CPU_GPU_CV 6826mW/6413mW VDD_SOC 3936mW/3762mW
08-11-2026 17:37:17 RAM 6507/7607MB (lfb 2x1MB) SWAP 1415/16384MB (cached 142MB) CPU [2%@729,3%@729,2%@729,1%@729,7%@729,0%@729] GR3D_FREQ 99% cpu@60.562C soc2@59.875C soc0@60.656C gpu@61.906C tj@61.906C soc1@59.875C VDD_IN 15730mW/15008mW VDD_CPU_GPU_CV 6826mW/6417mW VDD_SOC 3936mW/3763mW
08-11-2026 17:37:18 RAM 6508/7607MB (lfb 2x1MB) SWAP 1415/16384MB (cached 142MB) CPU [3%@729,2%@729,1%@729,1%@729,8%@729,0%@729] GR3D_FREQ 99% cpu@60.75C soc2@59.781C soc0@60.687C gpu@61.75C tj@61.75C soc1@59.718C VDD_IN 15848mW/15016mW VDD_CPU_GPU_CV 6865mW/6421mW VDD_SOC 4014mW/3765mW
08-11-2026 17:37:19 RAM 6510/7607MB (lfb 2x1MB) SWAP 1415/16384MB (cached 142MB) CPU [19%@729,2%@729,9%@729,4%@729,7%@729,1%@729] GR3D_FREQ 99% cpu@60.906C soc2@59.875C soc0@60.656C gpu@61.968C tj@62.093C soc1@59.843C VDD_IN 15966mW/15025mW VDD_CPU_GPU_CV 6983mW/6426mW VDD_SOC 3975mW/3767mW
08-11-2026 17:37:20 RAM 6508/7607MB (lfb 2x1MB) SWAP 1415/16384MB (cached 142MB) CPU [24%@1344,19%@1344,17%@1344,32%@1344,31%@1344,14%@1344] GR3D_FREQ 0% cpu@60.812C soc2@59.406C soc0@60.468C gpu@60.062C tj@60.812C soc1@59.75C VDD_IN 8877mW/14969mW VDD_CPU_GPU_CV 2702mW/6393mW VDD_SOC 2428mW/3755mW
08-11-2026 17:37:21 RAM 6575/7607MB (lfb 2x1MB) SWAP 1415/16384MB (cached 142MB) CPU [61%@729,60%@729,64%@729,59%@729,60%@729,61%@729] GR3D_FREQ 99% cpu@60.5C soc2@59.343C soc0@60.218C gpu@61.375C tj@61.375C soc1@59.812C VDD_IN 11924mW/14941mW VDD_CPU_GPU_CV 4778mW/6378mW VDD_SOC 2773mW/3746mW
08-11-2026 17:37:22 RAM 6576/7607MB (lfb 1x4MB) SWAP 1415/16384MB (cached 142MB) CPU [2%@729,3%@729,8%@729,7%@729,0%@729,0%@729] GR3D_FREQ 99% cpu@60.437C soc2@59.625C soc0@60.5C gpu@61.812C tj@61.812C soc1@59.812C VDD_IN 15454mW/14946mW VDD_CPU_GPU_CV 6669mW/6381mW VDD_SOC 3857mW/3747mW
08-11-2026 17:37:23 RAM 6577/7607MB (lfb 1x4MB) SWAP 1415/16384MB (cached 142MB) CPU [3%@729,2%@729,10%@729,1%@729,0%@729,0%@729] GR3D_FREQ 99% cpu@60.562C soc2@59.593C soc0@60.562C gpu@61.875C tj@61.625C soc1@59.625C VDD_IN 15690mW/14953mW VDD_CPU_GPU_CV 6787mW/6384mW VDD_SOC 3975mW/3749mW
08-11-2026 17:37:24 RAM 6577/7607MB (lfb 1x4MB) SWAP 1415/16384MB (cached 142MB) CPU [1%@1344,2%@1344,10%@1344,1%@1344,0%@729,0%@729] GR3D_FREQ 99% cpu@60.843C soc2@59.687C soc0@60.468C gpu@61.75C tj@61.75C soc1@59.812C VDD_IN 15730mW/14959mW VDD_CPU_GPU_CV 6787mW/6388mW VDD_SOC 3975mW/3751mW
08-11-2026 17:37:25 RAM 6584/7607MB (lfb 2x2MB) SWAP 1415/16384MB (cached 142MB) CPU [13%@729,11%@729,12%@729,4%@729,1%@729,9%@729] GR3D_FREQ 99% cpu@60.656C soc2@59.687C soc0@60.625C gpu@61.843C tj@61.843C soc1@59.843C VDD_IN 15690mW/14966mW VDD_CPU_GPU_CV 6826mW/6392mW VDD_SOC 3936mW/3753mW
08-11-2026 17:37:26 RAM 6584/7607MB (lfb 2x2MB) SWAP 1415/16384MB (cached 142MB) CPU [3%@729,1%@729,9%@729,2%@729,0%@729,0%@729] GR3D_FREQ 99% cpu@60.875C soc2@59.75C soc0@60.562C gpu@61.968C tj@61.968C soc1@59.875C VDD_IN 15730mW/14972mW VDD_CPU_GPU_CV 6826mW/6395mW VDD_SOC 3975mW/3755mW
08-11-2026 17:37:27 RAM 6585/7607MB (lfb 2x2MB) SWAP 1415/16384MB (cached 142MB) CPU [1%@729,2%@729,8%@729,1%@729,0%@729,0%@729] GR3D_FREQ 99% cpu@60.531C soc2@59.75C soc0@60.718C gpu@61.843C tj@62.218C soc1@59.687C VDD_IN 15769mW/14979mW VDD_CPU_GPU_CV 6826mW/6399mW VDD_SOC 3975mW/3757mW
08-11-2026 17:37:28 RAM 6585/7607MB (lfb 2x2MB) SWAP 1415/16384MB (cached 142MB) CPU [2%@729,2%@729,9%@729,2%@729,0%@729,0%@729] GR3D_FREQ 99% cpu@60.656C soc2@59.812C soc0@60.687C gpu@62.093C tj@62.093C soc1@59.718C VDD_IN 15769mW/14986mW VDD_CPU_GPU_CV 6826mW/6403mW VDD_SOC 3975mW/3759mW
08-11-2026 17:37:30 RAM 6585/7607MB (lfb 2x2MB) SWAP 1415/16384MB (cached 142MB) CPU [3%@729,2%@729,9%@729,1%@729,0%@729,1%@729] GR3D_FREQ 99% cpu@60.843C soc2@59.843C soc0@60.656C gpu@62.156C tj@62.156C soc1@59.875C VDD_IN 15730mW/14992mW VDD_CPU_GPU_CV 6787mW/6406mW VDD_SOC 3936mW/3760mW
08-11-2026 17:37:31 RAM 6588/7607MB (lfb 3x1MB) SWAP 1415/16384MB (cached 142MB) CPU [6%@729,9%@729,24%@729,4%@729,2%@729,0%@729] GR3D_FREQ 99% cpu@60.625C soc2@59.968C soc0@60.625C gpu@61.843C tj@61.843C soc1@59.906C VDD_IN 15848mW/14999mW VDD_CPU_GPU_CV 6904mW/6410mW VDD_SOC 3975mW/3762mW
08-11-2026 17:37:32 RAM 6584/7607MB (lfb 3x1MB) SWAP 1415/16384MB (cached 142MB) CPU [2%@729,1%@729,1%@729,1%@729,0%@729,10%@729] GR3D_FREQ 99% cpu@60.656C soc2@59.906C soc0@60.812C gpu@61.968C tj@61.968C soc1@59.875C VDD_IN 15690mW/15005mW VDD_CPU_GPU_CV 6826mW/6413mW VDD_SOC 3936mW/3763mW
08-11-2026 17:37:33 RAM 6585/7607MB (lfb 3x1MB) SWAP 1415/16384MB (cached 142MB) CPU [1%@729,2%@729,0%@729,1%@729,1%@729,9%@729] GR3D_FREQ 99% cpu@60.812C soc2@59.937C soc0@60.625C gpu@62.031C tj@62.031C soc1@59.875C VDD_IN 15611mW/15010mW VDD_CPU_GPU_CV 6747mW/6416mW VDD_SOC 3936mW/3765mW
08-11-2026 17:37:34 RAM 6586/7607MB (lfb 3x1MB) SWAP 1415/16384MB (cached 142MB) CPU [1%@729,0%@729,2%@729,2%@729,9%@729,1%@729] GR3D_FREQ 99% cpu@61.187C soc2@59.937C soc0@60.718C gpu@61.937C tj@61.937C soc1@59.875C VDD_IN 15809mW/15016mW VDD_CPU_GPU_CV 6826mW/6420mW VDD_SOC 4014mW/3767mW
08-11-2026 17:37:35 RAM 6587/7607MB (lfb 3x1MB) SWAP 1415/16384MB (cached 142MB) CPU [2%@729,2%@729,2%@729,0%@729,8%@729,0%@729] GR3D_FREQ 99% cpu@60.906C soc2@60C soc0@60.812C gpu@61.906C tj@61.906C soc1@60C VDD_IN 15730mW/15022mW VDD_CPU_GPU_CV 6826mW/6423mW VDD_SOC 3975mW/3768mW
08-11-2026 17:37:36 RAM 6593/7607MB (lfb 3x1MB) SWAP 1415/16384MB (cached 142MB) CPU [18%@729,4%@729,3%@729,7%@729,13%@729,1%@729] GR3D_FREQ 99% cpu@60.75C soc2@60.093C soc0@60.75C gpu@61.875C tj@61.875C soc1@60C VDD_IN 15927mW/15029mW VDD_CPU_GPU_CV 6983mW/6427mW VDD_SOC 3975mW/3770mW
08-11-2026 17:37:37 RAM 6593/7607MB (lfb 2x1MB) SWAP 1415/16384MB (cached 142MB) CPU [3%@729,2%@729,1%@729,4%@729,8%@729,0%@729] GR3D_FREQ 99% cpu@60.718C soc2@59.875C soc0@60.875C gpu@61.687C tj@61.687C soc1@59.812C VDD_IN 15730mW/15035mW VDD_CPU_GPU_CV 6826mW/6430mW VDD_SOC 3936mW/3771mW
08-11-2026 17:37:38 RAM 6595/7607MB (lfb 2x1MB) SWAP 1415/16384MB (cached 142MB) CPU [2%@729,1%@729,1%@729,1%@729,8%@729,0%@729] GR3D_FREQ 99% cpu@60.875C soc2@60.031C soc0@60.812C gpu@61.875C tj@61.875C soc1@59.906C VDD_IN 15730mW/15040mW VDD_CPU_GPU_CV 6826mW/6434mW VDD_SOC 3936mW/3773mW
08-11-2026 17:37:39 RAM 6597/7607MB (lfb 2x1MB) SWAP 1415/16384MB (cached 142MB) CPU [2%@729,2%@729,1%@729,2%@729,9%@729,0%@729] GR3D_FREQ 99% cpu@61.062C soc2@60.031C soc0@60.718C gpu@61.968C tj@61.968C soc1@60C VDD_IN 15611mW/15045mW VDD_CPU_GPU_CV 6787mW/6436mW VDD_SOC 3936mW/3774mW
08-11-2026 17:37:40 RAM 6597/7607MB (lfb 2x1MB) SWAP 1415/16384MB (cached 142MB) CPU [2%@729,3%@729,4%@729,1%@729,10%@729,1%@729] GR3D_FREQ 99% cpu@60.781C soc2@60.093C soc0@60.875C gpu@62.281C tj@62.281C soc1@60.062C VDD_IN 15848mW/15051mW VDD_CPU_GPU_CV 6826mW/6439mW VDD_SOC 4014mW/3776mW
08-11-2026 17:37:41 RAM 6599/7607MB (lfb 2x1MB) SWAP 1415/16384MB (cached 142MB) CPU [3%@729,1%@729,2%@729,2%@729,7%@729,0%@729] GR3D_FREQ 99% cpu@60.843C soc2@60.062C soc0@60.812C gpu@62.156C tj@62.156C soc1@59.937C VDD_IN 15809mW/15057mW VDD_CPU_GPU_CV 6865mW/6443mW VDD_SOC 3975mW/3777mW
08-11-2026 17:37:42 RAM 6600/7607MB (lfb 2x1MB) SWAP 1415/16384MB (cached 142MB) CPU [5%@729,3%@729,8%@729,8%@729,15%@729,5%@729] GR3D_FREQ 99% cpu@60.875C soc2@60C soc0@60.812C gpu@62.25C tj@62.25C soc1@59.906C VDD_IN 15809mW/15063mW VDD_CPU_GPU_CV 6865mW/6446mW VDD_SOC 3975mW/3779mW
08-11-2026 17:37:43 RAM 6602/7607MB (lfb 2x1MB) SWAP 1415/16384MB (cached 142MB) CPU [2%@729,2%@729,3%@729,1%@729,9%@729,0%@729] GR3D_FREQ 99% cpu@60.906C soc2@60.125C soc0@60.843C gpu@62.125C tj@62.125C soc1@60.062C VDD_IN 15730mW/15068mW VDD_CPU_GPU_CV 6787mW/6448mW VDD_SOC 3975mW/3780mW
08-11-2026 17:37:44 RAM 6606/7607MB (lfb 2x1MB) SWAP 1415/16384MB (cached 142MB) CPU [2%@729,2%@729,1%@729,2%@729,8%@729,0%@729] GR3D_FREQ 99% cpu@61.156C soc2@60.093C soc0@60.875C gpu@62.218C tj@62.218C soc1@59.968C VDD_IN 15730mW/15073mW VDD_CPU_GPU_CV 6787mW/6451mW VDD_SOC 3975mW/3782mW
08-11-2026 17:37:45 RAM 6609/7607MB (lfb 2x1MB) SWAP 1415/16384MB (cached 142MB) CPU [1%@729,2%@729,0%@729,2%@729,9%@729,0%@729] GR3D_FREQ 99% cpu@60.781C soc2@60.156C soc0@60.875C gpu@62.125C tj@62.125C soc1@60.156C VDD_IN 15690mW/15077mW VDD_CPU_GPU_CV 6787mW/6453mW VDD_SOC 3936mW/3783mW
08-11-2026 17:37:46 RAM 6612/7607MB (lfb 2x1MB) SWAP 1415/16384MB (cached 142MB) CPU [2%@729,1%@729,2%@729,1%@729,8%@729,0%@729] GR3D_FREQ 99% cpu@60.812C soc2@60.031C soc0@60.937C gpu@62.062C tj@62.062C soc1@60C VDD_IN 15730mW/15082mW VDD_CPU_GPU_CV 6826mW/6456mW VDD_SOC 3936mW/3784mW
08-11-2026 17:37:47 RAM 6618/7607MB (lfb 2x1MB) SWAP 1415/16384MB (cached 142MB) CPU [12%@729,11%@729,7%@729,4%@729,11%@729,1%@729] GR3D_FREQ 99% cpu@61.25C soc2@60.156C soc0@60.843C gpu@62C tj@62C soc1@60.031C VDD_IN 15966mW/15089mW VDD_CPU_GPU_CV 6944mW/6460mW VDD_SOC 4014mW/3786mW
08-11-2026 17:37:48 RAM 6620/7607MB (lfb 2x1MB) SWAP 1415/16384MB (cached 142MB) CPU [3%@729,2%@729,2%@729,2%@729,0%@729,8%@729] GR3D_FREQ 99% cpu@61.062C soc2@60.125C soc0@60.937C gpu@62.093C tj@62.093C soc1@60.093C VDD_IN 15809mW/15094mW VDD_CPU_GPU_CV 6865mW/6463mW VDD_SOC 3975mW/3787mW
08-11-2026 17:37:49 RAM 6623/7607MB (lfb 2x1MB) SWAP 1415/16384MB (cached 142MB) CPU [3%@729,1%@729,3%@729,1%@729,0%@729,9%@729] GR3D_FREQ 99% cpu@61.25C soc2@60.156C soc0@61.031C gpu@62.156C tj@62.156C soc1@60.156C VDD_IN 15848mW/15099mW VDD_CPU_GPU_CV 6865mW/6466mW VDD_SOC 3975mW/3789mW
08-11-2026 17:37:50 RAM 6625/7607MB (lfb 2x1MB) SWAP 1415/16384MB (cached 142MB) CPU [1%@729,3%@729,0%@729,2%@729,0%@729,10%@729] GR3D_FREQ 99% cpu@60.906C soc2@60.187C soc0@61.062C gpu@62.375C tj@62.375C soc1@60.281C VDD_IN 15769mW/15104mW VDD_CPU_GPU_CV 6826mW/6468mW VDD_SOC 3975mW/3790mW
08-11-2026 17:37:51 RAM 6627/7607MB (lfb 2x1MB) SWAP 1415/16384MB (cached 142MB) CPU [4%@729,3%@729,3%@729,1%@729,0%@729,7%@729] GR3D_FREQ 99% cpu@61.093C soc2@60.156C soc0@61.093C gpu@62.343C tj@62.343C soc1@60.062C VDD_IN 15730mW/15109mW VDD_CPU_GPU_CV 6787mW/6471mW VDD_SOC 3975mW/3791mW
08-11-2026 17:37:52 RAM 6634/7607MB (lfb 2x1MB) SWAP 1415/16384MB (cached 142MB) CPU [18%@729,4%@729,4%@729,6%@729,4%@729,10%@729] GR3D_FREQ 99% cpu@61.218C soc2@60.156C soc0@60.875C gpu@62.593C tj@62.593C soc1@60.093C VDD_IN 15927mW/15114mW VDD_CPU_GPU_CV 6983mW/6474mW VDD_SOC 3975mW/3793mW
08-11-2026 17:37:53 RAM 6636/7607MB (lfb 2x1MB) SWAP 1415/16384MB (cached 142MB) CPU [1%@729,2%@729,2%@729,2%@729,8%@729,0%@729] GR3D_FREQ 99% cpu@61.093C soc2@60.281C soc0@60.937C gpu@62.593C tj@62.593C soc1@60.25C VDD_IN 15730mW/15119mW VDD_CPU_GPU_CV 6826mW/6477mW VDD_SOC 3936mW/3794mW
08-11-2026 17:37:54 RAM 6638/7607MB (lfb 2x1MB) SWAP 1415/16384MB (cached 142MB) CPU [2%@729,2%@729,1%@729,2%@729,8%@729,0%@729] GR3D_FREQ 99% cpu@61.25C soc2@60.218C soc0@61.062C gpu@62.343C tj@62.343C soc1@60.218C VDD_IN 15809mW/15124mW VDD_CPU_GPU_CV 6865mW/6479mW VDD_SOC 3975mW/3795mW
08-11-2026 17:37:55 RAM 6639/7607MB (lfb 2x1MB) SWAP 1415/16384MB (cached 142MB) CPU [3%@729,2%@729,2%@729,3%@729,10%@729,0%@729] GR3D_FREQ 99% cpu@61C soc2@60.343C soc0@61.156C gpu@62.343C tj@62.343C soc1@60.187C VDD_IN 15769mW/15128mW VDD_CPU_GPU_CV 6865mW/6482mW VDD_SOC 3975mW/3796mW
08-11-2026 17:37:56 RAM 6641/7607MB (lfb 2x1MB) SWAP 1415/16384MB (cached 142MB) CPU [40%@1344,25%@1344,23%@1344,40%@1344,21%@1344,20%@1344] GR3D_FREQ 0% cpu@61.125C soc2@59.812C soc0@60.75C gpu@60.312C tj@61.125C soc1@60.093C VDD_IN 9235mW/15087mW VDD_CPU_GPU_CV 2976mW/6458mW VDD_SOC 2464mW/3787mW
08-11-2026 17:37:57 RAM 6670/7607MB (lfb 2x1MB) SWAP 1415/16384MB (cached 142MB) CPU [47%@1190,47%@1190,52%@1190,46%@1190,44%@1036,47%@1036] GR3D_FREQ 99% cpu@60.843C soc2@59.781C soc0@60.656C gpu@61.781C tj@61.781C soc1@60.062C VDD_IN 13368mW/15076mW VDD_CPU_GPU_CV 5519mW/6451mW VDD_SOC 3277mW/3783mW
08-11-2026 17:37:58 RAM 6668/7607MB (lfb 2x1MB) SWAP 1415/16384MB (cached 142MB) CPU [7%@729,13%@729,12%@729,7%@729,0%@729,0%@729] GR3D_FREQ 99% cpu@60.781C soc2@59.968C soc0@60.843C gpu@62.312C tj@62.312C soc1@60.093C VDD_IN 15611mW/15079mW VDD_CPU_GPU_CV 6747mW/6453mW VDD_SOC 3896mW/3784mW
08-11-2026 17:37:59 RAM 6668/7607MB (lfb 2x1MB) SWAP 1415/16384MB (cached 142MB) CPU [2%@1113,10%@1113,4%@1113,3%@1113,0%@729,0%@729] GR3D_FREQ 99% cpu@61.218C soc2@60.156C soc0@60.937C gpu@62.062C tj@62.062C soc1@60.281C VDD_IN 15690mW/15083mW VDD_CPU_GPU_CV 6787mW/6456mW VDD_SOC 3936mW/3785mW
08-11-2026 17:38:00 RAM 6668/7607MB (lfb 2x1MB) SWAP 1415/16384MB (cached 142MB) CPU [5%@1036,6%@1036,4%@1036,2%@1036,0%@729,0%@729] GR3D_FREQ 99% cpu@60.843C soc2@60.156C soc0@61.062C gpu@62.093C tj@62.093C soc1@60C VDD_IN 15651mW/15087mW VDD_CPU_GPU_CV 6787mW/6458mW VDD_SOC 3936mW/3786mW
08-11-2026 17:38:01 RAM 6669/7607MB (lfb 2x1MB) SWAP 1415/16384MB (cached 142MB) CPU [0%@1344,1%@1344,9%@1344,2%@1344,0%@729,0%@729] GR3D_FREQ 99% cpu@61.187C soc2@60.156C soc0@60.968C gpu@62.156C tj@62.156C soc1@60.187C VDD_IN 15887mW/15093mW VDD_CPU_GPU_CV 6865mW/6461mW VDD_SOC 4014mW/3788mW
08-11-2026 17:38:02 RAM 6669/7607MB (lfb 2x1MB) SWAP 1415/16384MB (cached 142MB) CPU [2%@729,9%@729,2%@729,2%@729,0%@729,0%@729] GR3D_FREQ 99% cpu@61.062C soc2@60.281C soc0@61.093C gpu@62.343C tj@62.343C soc1@60.218C VDD_IN 15848mW/15098mW VDD_CPU_GPU_CV 6904mW/6464mW VDD_SOC 3975mW/3789mW
08-11-2026 17:38:03 RAM 6675/7607MB (lfb 2x1MB) SWAP 1415/16384MB (cached 142MB) CPU [18%@1113,9%@1113,9%@1113,9%@1113,1%@729,0%@729] GR3D_FREQ 99% cpu@61.093C soc2@60.312C soc0@61.062C gpu@62.375C tj@62.093C soc1@60.125C VDD_IN 15848mW/15103mW VDD_CPU_GPU_CV 6904mW/6466mW VDD_SOC 3975mW/3790mW
08-11-2026 17:38:04 RAM 6675/7607MB (lfb 2x1MB) SWAP 1415/16384MB (cached 142MB) CPU [3%@729,3%@729,11%@729,3%@729,1%@729,0%@729] GR3D_FREQ 99% cpu@61.187C soc2@60.218C soc0@61C gpu@62.125C tj@62.125C soc1@60.156C VDD_IN 15769mW/15107mW VDD_CPU_GPU_CV 6826mW/6469mW VDD_SOC 3936mW/3791mW
08-11-2026 17:38:05 RAM 6675/7607MB (lfb 2x1MB) SWAP 1415/16384MB (cached 142MB) CPU [1%@729,1%@729,12%@729,3%@729,0%@729,0%@729] GR3D_FREQ 99% cpu@61.281C soc2@60.25C soc0@61.031C gpu@61.968C tj@61.968C soc1@60.156C VDD_IN 15690mW/15111mW VDD_CPU_GPU_CV 6787mW/6471mW VDD_SOC 3975mW/3792mW
08-11-2026 17:38:06 RAM 6674/7607MB (lfb 2x1MB) SWAP 1415/16384MB (cached 142MB) CPU [2%@729,0%@729,9%@729,2%@729,0%@729,0%@729] GR3D_FREQ 99% cpu@61.343C soc2@60.218C soc0@61.093C gpu@62.312C tj@62.312C soc1@60.343C VDD_IN 15611mW/15114mW VDD_CPU_GPU_CV 6787mW/6473mW VDD_SOC 3936mW/3793mW
08-11-2026 17:38:07 RAM 6675/7607MB (lfb 2x1MB) SWAP 1415/16384MB (cached 142MB) CPU [1%@1344,2%@1344,8%@1344,1%@1344,0%@729,0%@729] GR3D_FREQ 99% cpu@61.125C soc2@60.281C soc0@61.093C gpu@62.125C tj@62.125C soc1@60.125C VDD_IN 15651mW/15117mW VDD_CPU_GPU_CV 6787mW/6475mW VDD_SOC 3936mW/3794mW
08-11-2026 17:38:08 RAM 6665/7607MB (lfb 2x1MB) SWAP 1415/16384MB (cached 142MB) CPU [6%@729,9%@729,20%@729,11%@729,0%@729,10%@729] GR3D_FREQ 99% cpu@61.406C soc2@60.281C soc0@61.187C gpu@62.218C tj@62.218C soc1@60.25C VDD_IN 15966mW/15123mW VDD_CPU_GPU_CV 7022mW/6478mW VDD_SOC 3975mW/3795mW
08-11-2026 17:38:09 RAM 6671/7607MB (lfb 3x4MB) SWAP 1415/16384MB (cached 142MB) CPU [1%@729,10%@729,2%@729,3%@729,7%@729,1%@729] GR3D_FREQ 99% cpu@61.531C soc2@60.281C soc0@61.125C gpu@62.375C tj@62.375C soc1@60.25C VDD_IN 15730mW/15127mW VDD_CPU_GPU_CV 6826mW/6481mW VDD_SOC 3975mW/3796mW
08-11-2026 17:38:10 RAM 6671/7607MB (lfb 3x4MB) SWAP 1415/16384MB (cached 142MB) CPU [5%@1344,9%@1344,2%@1344,2%@1344,0%@729,0%@729] GR3D_FREQ 99% cpu@61.343C soc2@60.281C soc0@61.187C gpu@62.25C tj@62.25C soc1@60.343C VDD_IN 15651mW/15130mW VDD_CPU_GPU_CV 6747mW/6482mW VDD_SOC 3936mW/3797mW
08-11-2026 17:38:11 RAM 6672/7607MB (lfb 3x4MB) SWAP 1415/16384MB (cached 142MB) CPU [2%@729,9%@729,1%@729,2%@729,0%@729,0%@729] GR3D_FREQ 99% cpu@61.375C soc2@60.375C soc0@61.125C gpu@62.125C tj@61.937C soc1@60.375C VDD_IN 15572mW/15133mW VDD_CPU_GPU_CV 6708mW/6484mW VDD_SOC 3936mW/3798mW
08-11-2026 17:38:12 RAM 6672/7607MB (lfb 3x4MB) SWAP 1415/16384MB (cached 142MB) CPU [3%@729,9%@729,2%@729,2%@729,0%@729,0%@729] GR3D_FREQ 99% cpu@61.125C soc2@60.312C soc0@61.187C gpu@62.156C tj@62.156C soc1@60.25C VDD_IN 15651mW/15136mW VDD_CPU_GPU_CV 6787mW/6486mW VDD_SOC 3936mW/3799mW
08-11-2026 17:38:13 RAM 6674/7607MB (lfb 3x4MB) SWAP 1415/16384MB (cached 142MB) CPU [3%@729,9%@729,2%@729,4%@1344,3%@729,3%@729] GR3D_FREQ 99% cpu@61.25C soc2@60.375C soc0@61.062C gpu@62.312C tj@62.312C soc1@60.187C VDD_IN 15611mW/15139mW VDD_CPU_GPU_CV 6826mW/6488mW VDD_SOC 3896mW/3800mW
08-11-2026 17:38:14 RAM 6679/7607MB (lfb 3x4MB) SWAP 1415/16384MB (cached 142MB) CPU [5%@729,12%@729,3%@729,5%@729,0%@729,15%@729] GR3D_FREQ 99% cpu@61.437C soc2@60.437C soc0@61.062C gpu@62.375C tj@62.375C soc1@60.281C VDD_IN 15809mW/15143mW VDD_CPU_GPU_CV 6865mW/6490mW VDD_SOC 3975mW/3801mW
08-11-2026 17:38:15 RAM 6679/7607MB (lfb 3x4MB) SWAP 1415/16384MB (cached 142MB) CPU [2%@729,8%@729,1%@729,0%@729,0%@729,0%@729] GR3D_FREQ 99% cpu@61.156C soc2@60.375C soc0@61.093C gpu@62.312C tj@62.312C soc1@60.343C VDD_IN 15730mW/15146mW VDD_CPU_GPU_CV 6787mW/6492mW VDD_SOC 3936mW/3802mW
08-11-2026 17:38:16 RAM 6679/7607MB (lfb 3x4MB) SWAP 1415/16384MB (cached 142MB) CPU [1%@729,9%@729,2%@729,3%@729,0%@729,0%@729] GR3D_FREQ 99% cpu@61.25C soc2@60.437C soc0@61.156C gpu@62.25C tj@62.25C soc1@60.218C VDD_IN 15690mW/15150mW VDD_CPU_GPU_CV 6787mW/6494mW VDD_SOC 3975mW/3803mW
08-11-2026 17:38:17 RAM 6679/7607MB (lfb 3x4MB) SWAP 1415/16384MB (cached 142MB) CPU [2%@729,9%@729,1%@729,2%@729,0%@729,1%@729] GR3D_FREQ 99% cpu@61.187C soc2@60.406C soc0@61.25C gpu@62.531C tj@62.531C soc1@60.218C VDD_IN 15690mW/15153mW VDD_CPU_GPU_CV 6787mW/6495mW VDD_SOC 3936mW/3803mW
08-11-2026 17:38:18 RAM 6679/7607MB (lfb 3x4MB) SWAP 1415/16384MB (cached 142MB) CPU [2%@729,9%@729,2%@729,0%@729,0%@729,0%@729] GR3D_FREQ 99% cpu@61.187C soc2@60.5C soc0@61.125C gpu@62.531C tj@62.531C soc1@60.25C VDD_IN 15730mW/15156mW VDD_CPU_GPU_CV 6787mW/6497mW VDD_SOC 3936mW/3804mW
08-11-2026 17:38:19 RAM 6682/7607MB (lfb 3x4MB) SWAP 1415/16384MB (cached 142MB) CPU [5%@729,20%@729,4%@729,15%@729,1%@729,0%@729] GR3D_FREQ 99% cpu@61.375C soc2@60.343C soc0@61.156C gpu@62.687C tj@62.687C soc1@60.281C VDD_IN 15730mW/15160mW VDD_CPU_GPU_CV 6865mW/6499mW VDD_SOC 3936mW/3805mW
08-11-2026 17:38:20 RAM 6682/7607MB (lfb 3x4MB) SWAP 1415/16384MB (cached 142MB) CPU [2%@729,1%@729,1%@729,1%@729,8%@729,0%@729] GR3D_FREQ 99% cpu@61.125C soc2@60.375C soc0@61.156C gpu@62.75C tj@62.75C soc1@60.375C VDD_IN 15493mW/15162mW VDD_CPU_GPU_CV 6708mW/6501mW VDD_SOC 3896mW/3805mW
08-11-2026 17:38:21 RAM 6682/7607MB (lfb 3x4MB) SWAP 1415/16384MB (cached 142MB) CPU [3%@729,4%@729,3%@729,3%@729,8%@729,1%@729] GR3D_FREQ 99% cpu@61.156C soc2@60.406C soc0@61.125C gpu@62.781C tj@62.781C soc1@60.125C VDD_IN 15809mW/15166mW VDD_CPU_GPU_CV 6787mW/6502mW VDD_SOC 3975mW/3806mW
08-11-2026 17:38:22 RAM 6682/7607MB (lfb 3x4MB) SWAP 1415/16384MB (cached 142MB) CPU [1%@729,0%@729,1%@729,1%@729,8%@729,0%@729] GR3D_FREQ 99% cpu@61.125C soc2@60.343C soc0@61.187C gpu@62.781C tj@62.781C soc1@60.25C VDD_IN 15730mW/15169mW VDD_CPU_GPU_CV 6826mW/6504mW VDD_SOC 3975mW/3807mW
08-11-2026 17:38:23 RAM 6682/7607MB (lfb 3x4MB) SWAP 1415/16384MB (cached 142MB) CPU [3%@729,2%@729,0%@729,1%@729,9%@729,0%@729] GR3D_FREQ 99% cpu@61.125C soc2@60.343C soc0@61.156C gpu@62.375C tj@62.375C soc1@60.218C VDD_IN 15651mW/15172mW VDD_CPU_GPU_CV 6747mW/6506mW VDD_SOC 3936mW/3808mW
08-11-2026 17:38:24 RAM 6683/7607MB (lfb 3x4MB) SWAP 1415/16384MB (cached 142MB) CPU [2%@729,2%@729,10%@729,16%@729,9%@729,0%@729] GR3D_FREQ 99% cpu@61.406C soc2@60.437C soc0@61.093C gpu@62.343C tj@62.343C soc1@60.281C VDD_IN 15769mW/15175mW VDD_CPU_GPU_CV 6865mW/6508mW VDD_SOC 3975mW/3809mW
08-11-2026 17:38:25 RAM 6683/7607MB (lfb 3x4MB) SWAP 1415/16384MB (cached 142MB) CPU [2%@729,2%@729,1%@729,2%@729,8%@729,0%@729] GR3D_FREQ 99% cpu@61.156C soc2@60.468C soc0@61.187C gpu@62.375C tj@62.375C soc1@60.312C VDD_IN 15690mW/15178mW VDD_CPU_GPU_CV 6747mW/6509mW VDD_SOC 3936mW/3810mW
08-11-2026 17:38:26 RAM 6686/7607MB (lfb 3x4MB) SWAP 1415/16384MB (cached 142MB) CPU [2%@729,0%@729,1%@729,0%@729,3%@729,8%@729] GR3D_FREQ 99% cpu@61.468C soc2@60.343C soc0@61.218C gpu@62.437C tj@62.437C soc1@60.437C VDD_IN 15572mW/15180mW VDD_CPU_GPU_CV 6747mW/6510mW VDD_SOC 3936mW/3811mW
08-11-2026 17:38:27 RAM 6462/7607MB (lfb 5x4MB) SWAP 1415/16384MB (cached 142MB) CPU [5%@729,4%@729,37%@729,4%@729,8%@960,8%@960] GR3D_FREQ 0% cpu@61.125C soc2@59.937C soc0@61.187C gpu@60.75C tj@61.187C soc1@60.281C VDD_IN 10912mW/15156mW VDD_CPU_GPU_CV 3723mW/6495mW VDD_SOC 3134mW/3807mW
