08-11-2026 15:27:11 RAM 3174/7607MB (lfb 113x4MB) SWAP 214/16384MB (cached 95MB) CPU [2%@729,1%@729,2%@729,2%@729,1%@1036,2%@1036] GR3D_FREQ 0% cpu@60.156C soc2@59.312C soc0@60.75C gpu@59.812C tj@60.75C soc1@60.218C VDD_IN 5256mW/5256mW VDD_CPU_GPU_CV 681mW/681mW VDD_SOC 1484mW/1484mW
08-11-2026 15:27:12 RAM 3321/7607MB (lfb 113x4MB) SWAP 214/16384MB (cached 95MB) CPU [18%@960,59%@960,20%@960,21%@960,8%@729,8%@729] GR3D_FREQ 0% cpu@60.218C soc2@59.187C soc0@60.531C gpu@59.812C tj@60.531C soc1@60.125C VDD_IN 5830mW/5543mW VDD_CPU_GPU_CV 1116mW/899mW VDD_SOC 1517mW/1501mW
08-11-2026 15:27:13 RAM 3621/7607MB (lfb 113x4MB) SWAP 214/16384MB (cached 95MB) CPU [9%@1344,63%@1344,5%@1344,29%@1344,23%@1344,6%@1344] GR3D_FREQ 0% cpu@60.062C soc2@58.968C soc0@60.375C gpu@59.656C tj@60.343C soc1@60.062C VDD_IN 6190mW/5759mW VDD_CPU_GPU_CV 1315mW/1037mW VDD_SOC 1557mW/1519mW
08-11-2026 15:27:14 RAM 4306/7607MB (lfb 54x4MB) SWAP 214/16384MB (cached 95MB) CPU [51%@1113,58%@1113,55%@1113,52%@1190,90%@1344,64%@1344] GR3D_FREQ 0% cpu@60.062C soc2@59C soc0@60.281C gpu@59.625C tj@60.281C soc1@59.687C VDD_IN 7028mW/6076mW VDD_CPU_GPU_CV 2070mW/1296mW VDD_SOC 1594mW/1538mW
08-11-2026 15:27:15 RAM 5054/7607MB (lfb 39x4MB) SWAP 214/16384MB (cached 95MB) CPU [32%@1344,36%@1344,36%@1344,79%@1344,42%@729,43%@729] GR3D_FREQ 0% cpu@59.843C soc2@58.625C soc0@60.125C gpu@59.25C tj@60.125C soc1@59.562C VDD_IN 6818mW/6224mW VDD_CPU_GPU_CV 1671mW/1371mW VDD_SOC 1674mW/1565mW
08-11-2026 15:27:16 RAM 6402/7607MB (lfb 34x4MB) SWAP 214/16384MB (cached 95MB) CPU [3%@1344,2%@1344,3%@1344,89%@1344,0%@729,0%@729] GR3D_FREQ 97% cpu@59.968C soc2@58.875C soc0@59.937C gpu@60.656C tj@60.656C soc1@59.5C VDD_IN 10253mW/6896mW VDD_CPU_GPU_CV 4120mW/1829mW VDD_SOC 2063mW/1648mW
08-11-2026 15:27:17 RAM 6771/7607MB (lfb 1x2MB) SWAP 341/16384MB (cached 126MB) CPU [11%@1344,35%@1344,21%@1344,70%@1344,6%@1344,35%@1344] GR3D_FREQ 0% cpu@60.156C soc2@59.093C soc0@60.187C gpu@59.718C tj@60.187C soc1@59.687C VDD_IN 10713mW/7441mW VDD_CPU_GPU_CV 4350mW/2189mW VDD_SOC 2380mW/1753mW
08-11-2026 15:27:18 RAM 6792/7607MB (lfb 5x4MB) SWAP 344/16384MB (cached 126MB) CPU [4%@729,10%@729,10%@729,4%@729,84%@1344,4%@1344] GR3D_FREQ 98% cpu@60.375C soc2@59.625C soc0@60.312C gpu@61.625C tj@61.625C soc1@59.843C VDD_IN 16846mW/8617mW VDD_CPU_GPU_CV 8211mW/2942mW VDD_SOC 3654mW/1990mW
08-11-2026 15:27:19 RAM 7288/7607MB (lfb 1x2MB) SWAP 474/16384MB (cached 143MB) CPU [30%@1344,50%@1344,12%@1344,9%@1344,45%@1344,87%@1344] GR3D_FREQ 97% cpu@60.281C soc2@59.187C soc0@60.218C gpu@61.187C tj@61.187C soc1@59.562C VDD_IN 12162mW/9011mW VDD_CPU_GPU_CV 5093mW/3181mW VDD_SOC 2531mW/2050mW
08-11-2026 15:27:20 RAM 7317/7607MB (lfb 4x1MB) SWAP 541/16384MB (cached 162MB) CPU [7%@1113,80%@1113,40%@1113,11%@1113,1%@1344,55%@1344] GR3D_FREQ 77% cpu@60.75C soc2@59.562C soc0@60.375C gpu@61.406C tj@61.406C soc1@59.687C VDD_IN 15296mW/9639mW VDD_CPU_GPU_CV 6983mW/3561mW VDD_SOC 3621mW/2208mW
08-11-2026 15:27:21 RAM 7349/7607MB (lfb 1x4MB) SWAP 580/16384MB (cached 173MB) CPU [4%@729,1%@729,23%@729,4%@729,78%@1190,12%@1190] GR3D_FREQ 98% cpu@61.125C soc2@59.875C soc0@60.531C gpu@62.218C tj@62.218C soc1@59.812C VDD_IN 17565mW/10360mW VDD_CPU_GPU_CV 8446mW/4005mW VDD_SOC 4001mW/2371mW
08-11-2026 15:27:22 RAM 7345/7607MB (lfb 1x4MB) SWAP 619/16384MB (cached 176MB) CPU [52%@729,5%@729,15%@729,8%@729,66%@1344,5%@1344] GR3D_FREQ 98% cpu@60.687C soc2@59.937C soc0@60.531C gpu@62.156C tj@62.156C soc1@59.937C VDD_IN 17997mW/10996mW VDD_CPU_GPU_CV 8901mW/4413mW VDD_SOC 3962mW/2503mW
08-11-2026 15:27:23 RAM 7347/7607MB (lfb 4x4MB) SWAP 619/16384MB (cached 176MB) CPU [2%@729,3%@729,7%@729,3%@729,87%@1344,0%@1344] GR3D_FREQ 98% cpu@60.843C soc2@59.937C soc0@60.687C gpu@62.312C tj@62.312C soc1@59.781C VDD_IN 17918mW/11529mW VDD_CPU_GPU_CV 8823mW/4752mW VDD_SOC 3962mW/2615mW
08-11-2026 15:27:24 RAM 7131/7607MB (lfb 2x4MB) SWAP 619/16384MB (cached 176MB) CPU [77%@1344,2%@1344,1%@1344,5%@1344,10%@729,24%@729] GR3D_FREQ 97% cpu@61C soc2@60.156C soc0@60.593C gpu@62.312C tj@62.312C soc1@59.875C VDD_IN 17368mW/11946mW VDD_CPU_GPU_CV 8250mW/5002mW VDD_SOC 3962mW/2712mW
08-11-2026 15:27:25 RAM 7133/7607MB (lfb 2x4MB) SWAP 619/16384MB (cached 176MB) CPU [24%@1344,6%@1344,30%@1344,8%@1344,66%@1344,0%@1344] GR3D_FREQ 98% cpu@61.5C soc2@60.187C soc0@60.718C gpu@62.437C tj@62.437C soc1@60.031C VDD_IN 18321mW/12371mW VDD_CPU_GPU_CV 8759mW/5253mW VDD_SOC 4073mW/2802mW
08-11-2026 15:27:26 RAM 7134/7607MB (lfb 2x4MB) SWAP 619/16384MB (cached 176MB) CPU [5%@729,4%@729,65%@729,12%@729,86%@1344,0%@1344] GR3D_FREQ 99% cpu@61.312C soc2@60.156C soc0@60.906C gpu@62.562C tj@62.562C soc1@60.031C VDD_IN 18125mW/12730mW VDD_CPU_GPU_CV 8705mW/5468mW VDD_SOC 4112mW/2884mW
08-11-2026 15:27:27 RAM 7138/7607MB (lfb 2x4MB) SWAP 619/16384MB (cached 176MB) CPU [10%@729,10%@729,7%@729,18%@729,84%@1344,0%@1344] GR3D_FREQ 98% cpu@61.125C soc2@60.281C soc0@61C gpu@62.625C tj@62.625C soc1@60.218C VDD_IN 18203mW/13052mW VDD_CPU_GPU_CV 8471mW/5645mW VDD_SOC 4151mW/2959mW
08-11-2026 15:27:28 RAM 7138/7607MB (lfb 2x4MB) SWAP 618/16384MB (cached 176MB) CPU [2%@729,5%@729,2%@729,1%@729,86%@1344,0%@1344] GR3D_FREQ 98% cpu@61.281C soc2@60.281C soc0@61.125C gpu@62.375C tj@62.375C soc1@60C VDD_IN 17929mW/13323mW VDD_CPU_GPU_CV 8237mW/5789mW VDD_SOC 4230mW/3029mW
08-11-2026 15:27:29 RAM 7139/7607MB (lfb 2x4MB) SWAP 618/16384MB (cached 176MB) CPU [5%@729,1%@729,2%@729,2%@729,86%@1344,0%@1344] GR3D_FREQ 98% cpu@61.468C soc2@60.312C soc0@61C gpu@62.468C tj@62.468C soc1@60.125C VDD_IN 17889mW/13564mW VDD_CPU_GPU_CV 8159mW/5914mW VDD_SOC 4237mW/3093mW
08-11-2026 15:27:30 RAM 7139/7607MB (lfb 2x4MB) SWAP 618/16384MB (cached 176MB) CPU [2%@729,3%@729,1%@729,5%@729,86%@1344,0%@1344] GR3D_FREQ 98% cpu@61.406C soc2@60.343C soc0@61.062C gpu@62.5C tj@62.5C soc1@60.218C VDD_IN 17889mW/13780mW VDD_CPU_GPU_CV 7964mW/6016mW VDD_SOC 4308mW/3154mW
08-11-2026 15:27:31 RAM 7141/7607MB (lfb 2x4MB) SWAP 618/16384MB (cached 176MB) CPU [2%@1344,3%@1344,4%@1344,20%@1344,86%@1344,0%@1344] GR3D_FREQ 99% cpu@62.031C soc2@60.531C soc0@61.187C gpu@62.187C tj@62.187C soc1@60.281C VDD_IN 17889mW/13975mW VDD_CPU_GPU_CV 7964mW/6109mW VDD_SOC 4354mW/3211mW
08-11-2026 15:27:32 RAM 7143/7607MB (lfb 2x4MB) SWAP 618/16384MB (cached 176MB) CPU [8%@1344,26%@1344,8%@1344,54%@1344,84%@1344,0%@1344] GR3D_FREQ 99% cpu@61.468C soc2@60.625C soc0@61.218C gpu@62.968C tj@62.968C soc1@60.25C VDD_IN 18321mW/14173mW VDD_CPU_GPU_CV 8705mW/6227mW VDD_SOC 4151mW/3254mW
08-11-2026 15:27:33 RAM 7143/7607MB (lfb 2x4MB) SWAP 618/16384MB (cached 176MB) CPU [6%@729,8%@729,13%@729,2%@729,85%@729,0%@729] GR3D_FREQ 99% cpu@61.375C soc2@60.468C soc0@61.125C gpu@62.875C tj@62.875C soc1@60.312C VDD_IN 17290mW/14309mW VDD_CPU_GPU_CV 8211mW/6313mW VDD_SOC 3962mW/3284mW
08-11-2026 15:27:34 RAM 7143/7607MB (lfb 3x4MB) SWAP 618/16384MB (cached 176MB) CPU [1%@729,2%@729,2%@729,4%@729,0%@883,92%@883] GR3D_FREQ 99% cpu@61.718C soc2@60.656C soc0@61.312C gpu@62.843C tj@62.843C soc1@60.375C VDD_IN 17929mW/14459mW VDD_CPU_GPU_CV 8510mW/6405mW VDD_SOC 4112mW/3319mW
08-11-2026 15:27:36 RAM 7144/7607MB (lfb 3x4MB) SWAP 618/16384MB (cached 176MB) CPU [2%@729,5%@729,2%@729,1%@729,0%@1344,89%@1344] GR3D_FREQ 98% cpu@61.437C soc2@60.562C soc0@61.281C gpu@63.156C tj@63.156C soc1@60.375C VDD_IN 17761mW/14591mW VDD_CPU_GPU_CV 8744mW/6498mW VDD_SOC 3923mW/3343mW
08-11-2026 15:27:37 RAM 7145/7607MB (lfb 3x4MB) SWAP 618/16384MB (cached 176MB) CPU [3%@729,2%@729,2%@729,1%@729,0%@1344,84%@1344] GR3D_FREQ 98% cpu@61.718C soc2@60.687C soc0@61.312C gpu@62.906C tj@62.906C soc1@60.562C VDD_IN 18046mW/14724mW VDD_CPU_GPU_CV 8705mW/6583mW VDD_SOC 4073mW/3371mW
08-11-2026 15:27:38 RAM 7145/7607MB (lfb 1x4MB) SWAP 618/16384MB (cached 176MB) CPU [4%@1344,6%@1344,28%@1344,6%@1344,0%@1344,82%@1344] GR3D_FREQ 98% cpu@61.812C soc2@60.656C soc0@61.437C gpu@63C tj@63C soc1@60.375C VDD_IN 18046mW/14847mW VDD_CPU_GPU_CV 8901mW/6669mW VDD_SOC 3955mW/3393mW
08-11-2026 15:27:39 RAM 7146/7607MB (lfb 1x2MB) SWAP 618/16384MB (cached 176MB) CPU [33%@1344,10%@1344,41%@1344,12%@1344,1%@1344,88%@1344] GR3D_FREQ 98% cpu@61.781C soc2@60.812C soc0@61.343C gpu@63C tj@63C soc1@60.531C VDD_IN 18282mW/14970mW VDD_CPU_GPU_CV 8784mW/6745mW VDD_SOC 4073mW/3417mW
08-11-2026 15:27:40 RAM 7147/7607MB (lfb 1x2MB) SWAP 618/16384MB (cached 176MB) CPU [3%@729,2%@729,2%@729,4%@729,0%@1344,86%@1344] GR3D_FREQ 98% cpu@61.906C soc2@60.812C soc0@61.406C gpu@63.031C tj@63.031C soc1@60.562C VDD_IN 17811mW/15068mW VDD_CPU_GPU_CV 8588mW/6808mW VDD_SOC 4040mW/3438mW
08-11-2026 15:27:41 RAM 7147/7607MB (lfb 1x4MB) SWAP 618/16384MB (cached 176MB) CPU [5%@729,2%@729,2%@729,1%@729,0%@1344,86%@1344] GR3D_FREQ 98% cpu@61.718C soc2@60.812C soc0@61.562C gpu@63.125C tj@63.125C soc1@60.718C VDD_IN 18046mW/15167mW VDD_CPU_GPU_CV 8510mW/6865mW VDD_SOC 4151mW/3462mW
08-11-2026 15:27:42 RAM 7148/7607MB (lfb 1x4MB) SWAP 618/16384MB (cached 176MB) CPU [2%@729,1%@729,4%@729,2%@729,0%@1344,83%@1344] GR3D_FREQ 97% cpu@61.718C soc2@60.875C soc0@61.625C gpu@63.437C tj@63.437C soc1@60.718C VDD_IN 17879mW/15255mW VDD_CPU_GPU_CV 8393mW/6914mW VDD_SOC 4119mW/3483mW
08-11-2026 15:27:43 RAM 7149/7607MB (lfb 2x4MB) SWAP 618/16384MB (cached 176MB) CPU [6%@1190,4%@1190,2%@1190,1%@1190,0%@1344,86%@1344] GR3D_FREQ 98% cpu@61.937C soc2@61C soc0@61.656C gpu@63.406C tj@63.406C soc1@60.593C VDD_IN 17929mW/15338mW VDD_CPU_GPU_CV 8315mW/6958mW VDD_SOC 4190mW/3505mW
08-11-2026 15:27:44 RAM 7152/7607MB (lfb 3x4MB) SWAP 617/16384MB (cached 177MB) CPU [28%@1344,19%@1344,7%@1344,15%@1344,14%@1344,84%@1344] GR3D_FREQ 98% cpu@62.062C soc2@61.031C soc0@61.531C gpu@63.5C tj@63.5C soc1@60.656C VDD_IN 18242mW/15426mW VDD_CPU_GPU_CV 8471mW/7004mW VDD_SOC 4230mW/3527mW
08-11-2026 15:27:45 RAM 7153/7607MB (lfb 3x4MB) SWAP 617/16384MB (cached 177MB) CPU [31%@729,21%@729,9%@729,5%@729,0%@1344,83%@1344] GR3D_FREQ 98% cpu@62.125C soc2@60.968C soc0@61.625C gpu@63.468C tj@63.468C soc1@60.875C VDD_IN 17761mW/15495mW VDD_CPU_GPU_CV 7938mW/7031mW VDD_SOC 4276mW/3549mW
08-11-2026 15:27:46 RAM 7153/7607MB (lfb 3x4MB) SWAP 617/16384MB (cached 177MB) CPU [2%@729,1%@729,3%@729,2%@729,0%@1344,86%@1344] GR3D_FREQ 99% cpu@62.187C soc2@61.125C soc0@61.75C gpu@63.125C tj@63.125C soc1@60.875C VDD_IN 17879mW/15563mW VDD_CPU_GPU_CV 7808mW/7053mW VDD_SOC 4386mW/3573mW
08-11-2026 15:27:47 RAM 7154/7607MB (lfb 3x4MB) SWAP 617/16384MB (cached 177MB) CPU [3%@729,1%@729,4%@1344,3%@1344,0%@1344,82%@1344] GR3D_FREQ 99% cpu@61.906C soc2@61.125C soc0@61.812C gpu@63.375C tj@63.375C soc1@60.781C VDD_IN 17486mW/15616mW VDD_CPU_GPU_CV 8290mW/7088mW VDD_SOC 4080mW/3587mW
08-11-2026 15:27:48 RAM 7154/7607MB (lfb 2x4MB) SWAP 617/16384MB (cached 177MB) CPU [1%@729,2%@729,7%@729,3%@729,1%@729,87%@729] GR3D_FREQ 99% cpu@61.937C soc2@61.125C soc0@61.812C gpu@63.5C tj@63.5C soc1@60.812C VDD_IN 18046mW/15682mW VDD_CPU_GPU_CV 8588mW/7128mW VDD_SOC 4112mW/3602mW
08-11-2026 15:27:49 RAM 7156/7607MB (lfb 2x4MB) SWAP 617/16384MB (cached 177MB) CPU [9%@729,4%@729,12%@729,13%@729,1%@729,92%@729] GR3D_FREQ 99% cpu@62.218C soc2@61.125C soc0@61.75C gpu@63.406C tj@63.406C soc1@60.875C VDD_IN 17889mW/15740mW VDD_CPU_GPU_CV 8666mW/7169mW VDD_SOC 4040mW/3613mW
08-11-2026 15:27:50 RAM 7157/7607MB (lfb 2x4MB) SWAP 617/16384MB (cached 177MB) CPU [5%@1344,1%@1344,8%@1344,51%@1344,1%@1344,92%@1344] GR3D_FREQ 98% cpu@62.5C soc2@61.187C soc0@61.843C gpu@63.531C tj@63.531C soc1@60.937C VDD_IN 18595mW/15813mW VDD_CPU_GPU_CV 9111mW/7219mW VDD_SOC 3988mW/3623mW
08-11-2026 15:27:51 RAM 7156/7607MB (lfb 2x4MB) SWAP 617/16384MB (cached 177MB) CPU [26%@729,2%@729,6%@729,19%@729,0%@1344,86%@1344] GR3D_FREQ 98% cpu@62.093C soc2@61.187C soc0@61.937C gpu@63.656C tj@63.656C soc1@61.093C VDD_IN 17968mW/15867mW VDD_CPU_GPU_CV 8862mW/7260mW VDD_SOC 3955mW/3631mW
08-11-2026 15:27:52 RAM 7157/7607MB (lfb 2x4MB) SWAP 617/16384MB (cached 177MB) CPU [2%@729,4%@729,1%@729,2%@729,0%@1344,83%@1344] GR3D_FREQ 98% cpu@62.156C soc2@61.281C soc0@61.968C gpu@63.437C tj@63.437C soc1@60.875C VDD_IN 18125mW/15922mW VDD_CPU_GPU_CV 8705mW/7295mW VDD_SOC 4073mW/3642mW
08-11-2026 15:27:53 RAM 7155/7607MB (lfb 1x4MB) SWAP 617/16384MB (cached 177MB) CPU [5%@729,1%@729,3%@729,1%@729,0%@1344,85%@1344] GR3D_FREQ 98% cpu@62.25C soc2@61.312C soc0@61.906C gpu@63.5C tj@63.5C soc1@60.937C VDD_IN 17840mW/15968mW VDD_CPU_GPU_CV 8705mW/7329mW VDD_SOC 4001mW/3650mW
08-11-2026 15:27:54 RAM 7157/7607MB (lfb 2x4MB) SWAP 616/16384MB (cached 177MB) CPU [21%@729,6%@729,3%@729,7%@729,1%@1344,81%@1344] GR3D_FREQ 98% cpu@62.531C soc2@61.406C soc0@61.906C gpu@63.437C tj@63.437C soc1@61C VDD_IN 18242mW/16021mW VDD_CPU_GPU_CV 8681mW/7360mW VDD_SOC 4073mW/3660mW
08-11-2026 15:27:55 RAM 7158/7607MB (lfb 2x4MB) SWAP 616/16384MB (cached 177MB) CPU [4%@729,1%@729,2%@729,1%@729,0%@1344,83%@1344] GR3D_FREQ 99% cpu@62.312C soc2@61.375C soc0@62.031C gpu@63.531C tj@63.531C soc1@61.156C VDD_IN 17761mW/16060mW VDD_CPU_GPU_CV 8354mW/7383mW VDD_SOC 4080mW/3670mW
08-11-2026 15:27:56 RAM 7159/7607MB (lfb 2x4MB) SWAP 616/16384MB (cached 177MB) CPU [7%@1344,5%@1344,60%@1344,3%@1344,0%@1344,86%@1344] GR3D_FREQ 98% cpu@62.375C soc2@61.531C soc0@62.125C gpu@63.843C tj@63.843C soc1@61.187C VDD_IN 18399mW/16112mW VDD_CPU_GPU_CV 8720mW/7412mW VDD_SOC 4112mW/3680mW
08-11-2026 15:27:57 RAM 7160/7607MB (lfb 2x4MB) SWAP 616/16384MB (cached 177MB) CPU [4%@729,3%@729,14%@729,21%@729,0%@1344,85%@1344] GR3D_FREQ 98% cpu@62.375C soc2@61.375C soc0@62.156C gpu@63.781C tj@63.781C soc1@61.062C VDD_IN 17929mW/16152mW VDD_CPU_GPU_CV 8276mW/7431mW VDD_SOC 4190mW/3691mW
08-11-2026 15:27:58 RAM 7160/7607MB (lfb 2x4MB) SWAP 616/16384MB (cached 177MB) CPU [3%@729,8%@729,4%@729,1%@729,0%@1344,86%@1344] GR3D_FREQ 98% cpu@62.437C soc2@61.343C soc0@62.062C gpu@63.75C tj@63.75C soc1@61.218C VDD_IN 17850mW/16188mW VDD_CPU_GPU_CV 8120mW/7446mW VDD_SOC 4230mW/3702mW
08-11-2026 15:27:59 RAM 7162/7607MB (lfb 1x4MB) SWAP 616/16384MB (cached 177MB) CPU [4%@1344,5%@1344,6%@1344,4%@1344,0%@1344,85%@1344] GR3D_FREQ 98% cpu@62.781C soc2@61.406C soc0@62.125C gpu@63.781C tj@63.781C soc1@61.312C VDD_IN 18007mW/16226mW VDD_CPU_GPU_CV 7964mW/7457mW VDD_SOC 4347mW/3716mW
08-11-2026 15:28:00 RAM 7162/7607MB (lfb 1x4MB) SWAP 616/16384MB (cached 177MB) CPU [8%@729,4%@729,6%@729,12%@729,1%@1344,85%@1344] GR3D_FREQ 99% cpu@62.593C soc2@61.593C soc0@62.187C gpu@63.375C tj@63.375C soc1@61.343C VDD_IN 17761mW/16257mW VDD_CPU_GPU_CV 7964mW/7467mW VDD_SOC 4315mW/3728mW
08-11-2026 15:28:01 RAM 7163/7607MB (lfb 1x4MB) SWAP 616/16384MB (cached 177MB) CPU [1%@729,2%@729,6%@729,2%@729,0%@1344,87%@1344] GR3D_FREQ 99% cpu@62.656C soc2@61.593C soc0@62.187C gpu@63.687C tj@63.687C soc1@61.218C VDD_IN 17811mW/16288mW VDD_CPU_GPU_CV 8393mW/7485mW VDD_SOC 4151mW/3736mW
08-11-2026 15:28:02 RAM 7163/7607MB (lfb 2x4MB) SWAP 616/16384MB (cached 177MB) CPU [8%@1344,7%@1344,67%@1344,5%@1344,0%@729,84%@729] GR3D_FREQ 99% cpu@62.625C soc2@61.656C soc0@62.125C gpu@63.937C tj@63.937C soc1@61.25C VDD_IN 18282mW/16327mW VDD_CPU_GPU_CV 8940mW/7514mW VDD_SOC 4112mW/3744mW
08-11-2026 15:28:03 RAM 7165/7607MB (lfb 2x4MB) SWAP 616/16384MB (cached 177MB) CPU [17%@729,5%@729,3%@729,7%@729,2%@729,92%@729] GR3D_FREQ 99% cpu@62.5C soc2@61.625C soc0@62.281C gpu@63.687C tj@63.687C soc1@61.343C VDD_IN 17968mW/16359mW VDD_CPU_GPU_CV 8510mW/7533mW VDD_SOC 4073mW/3750mW
08-11-2026 15:28:04 RAM 7165/7607MB (lfb 2x4MB) SWAP 616/16384MB (cached 177MB) CPU [1%@729,1%@729,2%@729,1%@729,1%@1190,91%@1190] GR3D_FREQ 99% cpu@62.781C soc2@61.656C soc0@62.406C gpu@63.968C tj@63.968C soc1@61.406C VDD_IN 17850mW/16387mW VDD_CPU_GPU_CV 8705mW/7555mW VDD_SOC 4001mW/3755mW
08-11-2026 15:28:05 RAM 7167/7607MB (lfb 2x4MB) SWAP 616/16384MB (cached 177MB) CPU [11%@729,16%@729,4%@729,4%@729,2%@1344,88%@1344] GR3D_FREQ 98% cpu@62.468C soc2@61.718C soc0@62.406C gpu@64C tj@64.25C soc1@61.5C VDD_IN 18203mW/16421mW VDD_CPU_GPU_CV 8784mW/7578mW VDD_SOC 4034mW/3760mW
08-11-2026 15:28:06 RAM 7167/7607MB (lfb 1x4MB) SWAP 616/16384MB (cached 177MB) CPU [3%@729,2%@729,2%@729,2%@729,1%@1344,85%@1344] GR3D_FREQ 99% cpu@62.593C soc2@61.625C soc0@62.5C gpu@64.218C tj@64.218C soc1@61.375C VDD_IN 17840mW/16447mW VDD_CPU_GPU_CV 8705mW/7598mW VDD_SOC 3955mW/3763mW
08-11-2026 15:28:07 RAM 7168/7607MB (lfb 1x4MB) SWAP 616/16384MB (cached 177MB) CPU [7%@729,2%@729,2%@729,2%@729,0%@1344,84%@1344] GR3D_FREQ 98% cpu@62.781C soc2@61.656C soc0@62.375C gpu@64.312C tj@64.312C soc1@61.375C VDD_IN 18203mW/16478mW VDD_CPU_GPU_CV 8744mW/7619mW VDD_SOC 4073mW/3769mW
08-11-2026 15:28:08 RAM 7168/7607MB (lfb 1x4MB) SWAP 615/16384MB (cached 177MB) CPU [68%@1344,3%@1344,7%@1344,22%@1344,0%@1344,84%@1344] GR3D_FREQ 98% cpu@62.968C soc2@61.781C soc0@62.406C gpu@64.375C tj@64.375C soc1@61.531C VDD_IN 18399mW/16512mW VDD_CPU_GPU_CV 9096mW/7645mW VDD_SOC 4034mW/3774mW
08-11-2026 15:28:09 RAM 7169/7607MB (lfb 1x4MB) SWAP 615/16384MB (cached 177MB) CPU [6%@729,4%@729,5%@729,7%@729,2%@1344,87%@1344] GR3D_FREQ 98% cpu@62.906C soc2@61.781C soc0@62.531C gpu@64.437C tj@64.218C soc1@61.562C VDD_IN 18164mW/16540mW VDD_CPU_GPU_CV 8666mW/7662mW VDD_SOC 4112mW/3779mW
08-11-2026 15:28:10 RAM 7170/7607MB (lfb 1x4MB) SWAP 615/16384MB (cached 177MB) CPU [16%@729,8%@729,6%@729,6%@729,0%@1344,84%@1344] GR3D_FREQ 98% cpu@62.656C soc2@61.875C soc0@62.593C gpu@64.125C tj@64.125C soc1@61.5C VDD_IN 17889mW/16563mW VDD_CPU_GPU_CV 8588mW/7678mW VDD_SOC 4073mW/3784mW
08-11-2026 15:28:11 RAM 7171/7607MB (lfb 2x4MB) SWAP 615/16384MB (cached 177MB) CPU [3%@729,4%@729,1%@729,3%@729,0%@1344,81%@1344] GR3D_FREQ 98% cpu@62.75C soc2@61.718C soc0@62.468C gpu@64.093C tj@64.093C soc1@61.5C VDD_IN 17889mW/16585mW VDD_CPU_GPU_CV 8354mW/7689mW VDD_SOC 4190mW/3791mW
08-11-2026 15:28:12 RAM 7171/7607MB (lfb 2x4MB) SWAP 615/16384MB (cached 177MB) CPU [5%@729,1%@729,1%@729,2%@729,0%@1344,87%@1344] GR3D_FREQ 98% cpu@62.906C soc2@61.781C soc0@62.5C gpu@64.187C tj@64.187C soc1@61.625C VDD_IN 17879mW/16606mW VDD_CPU_GPU_CV 8276mW/7699mW VDD_SOC 4190mW/3798mW
08-11-2026 15:28:13 RAM 7172/7607MB (lfb 2x4MB) SWAP 615/16384MB (cached 177MB) CPU [1%@729,2%@729,4%@729,1%@729,0%@1344,86%@1344] GR3D_FREQ 97% cpu@62.781C soc2@61.906C soc0@62.593C gpu@64.218C tj@64.218C soc1@61.625C VDD_IN 17929mW/16628mW VDD_CPU_GPU_CV 8159mW/7706mW VDD_SOC 4269mW/3805mW
08-11-2026 15:28:14 RAM 7174/7607MB (lfb 2x4MB) SWAP 615/16384MB (cached 177MB) CPU [10%@729,2%@729,20%@729,71%@729,3%@1344,86%@1344] GR3D_FREQ 98% cpu@63.062C soc2@62C soc0@62.625C gpu@64.093C tj@64.093C soc1@61.781C VDD_IN 18360mW/16655mW VDD_CPU_GPU_CV 8393mW/7717mW VDD_SOC 4308mW/3813mW
08-11-2026 15:28:15 RAM 7175/7607MB (lfb 2x4MB) SWAP 615/16384MB (cached 177MB) CPU [8%@729,4%@729,18%@729,5%@729,3%@1344,87%@1344] GR3D_FREQ 99% cpu@63.062C soc2@62C soc0@62.625C gpu@63.906C tj@63.906C soc1@61.593C VDD_IN 17968mW/16676mW VDD_CPU_GPU_CV 8003mW/7722mW VDD_SOC 4347mW/3822mW
08-11-2026 15:28:16 RAM 7176/7607MB (lfb 1x4MB) SWAP 615/16384MB (cached 177MB) CPU [2%@729,6%@729,1%@729,1%@729,0%@1344,82%@1344] GR3D_FREQ 99% cpu@62.968C soc2@62C soc0@62.5C gpu@64.125C tj@64.125C soc1@61.656C VDD_IN 17918mW/16695mW VDD_CPU_GPU_CV 8276mW/7730mW VDD_SOC 4230mW/3828mW
08-11-2026 15:28:17 RAM 7176/7607MB (lfb 1x4MB) SWAP 615/16384MB (cached 177MB) CPU [8%@729,1%@729,1%@729,2%@729,0%@729,85%@729] GR3D_FREQ 99% cpu@62.968C soc2@62C soc0@62.593C gpu@64.281C tj@64.281C soc1@61.718C VDD_IN 17486mW/16707mW VDD_CPU_GPU_CV 8368mW/7740mW VDD_SOC 4001mW/3831mW
08-11-2026 15:28:18 RAM 7176/7607MB (lfb 1x4MB) SWAP 615/16384MB (cached 177MB) CPU [6%@729,2%@729,1%@729,0%@729,1%@806,93%@806] GR3D_FREQ 99% cpu@62.75C soc2@62.062C soc0@62.687C gpu@64.281C tj@64.281C soc1@61.812C VDD_IN 18046mW/16727mW VDD_CPU_GPU_CV 8549mW/7752mW VDD_SOC 4112mW/3835mW
08-11-2026 15:28:19 RAM 7177/7607MB (lfb 1x4MB) SWAP 615/16384MB (cached 177MB) CPU [8%@1344,1%@1344,5%@1344,12%@1344,0%@1344,88%@1344] GR3D_FREQ 98% cpu@63.062C soc2@62.093C soc0@62.718C gpu@64.437C tj@64.437C soc1@61.875C VDD_IN 18007mW/16746mW VDD_CPU_GPU_CV 8940mW/7770mW VDD_SOC 3955mW/3837mW
08-11-2026 15:28:20 RAM 7177/7607MB (lfb 1x4MB) SWAP 614/16384MB (cached 177MB) CPU [10%@1344,6%@1344,35%@1344,64%@1344,4%@1344,82%@1344] GR3D_FREQ 97% cpu@63.156C soc2@62.062C soc0@62.656C gpu@64.531C tj@64.531C soc1@61.781C VDD_IN 18595mW/16772mW VDD_CPU_GPU_CV 9111mW/7789mW VDD_SOC 4027mW/3839mW
08-11-2026 15:28:21 RAM 7178/7607MB (lfb 1x4MB) SWAP 614/16384MB (cached 177MB) CPU [5%@1344,1%@1344,2%@1344,5%@1344,0%@1344,87%@1344] GR3D_FREQ 98% cpu@63.312C soc2@62.093C soc0@62.625C gpu@64.562C tj@64.562C soc1@61.812C VDD_IN 17889mW/16788mW VDD_CPU_GPU_CV 8784mW/7803mW VDD_SOC 4001mW/3842mW
08-11-2026 15:28:22 RAM 7178/7607MB (lfb 1x4MB) SWAP 614/16384MB (cached 177MB) CPU [2%@729,1%@729,2%@729,4%@729,0%@1344,85%@1344] GR3D_FREQ 98% cpu@62.937C soc2@62.156C soc0@62.875C gpu@64.312C tj@64.312C soc1@61.906C VDD_IN 18046mW/16806mW VDD_CPU_GPU_CV 8549mW/7814mW VDD_SOC 4073mW/3845mW
08-11-2026 15:28:23 RAM 7179/7607MB (lfb 2x4MB) SWAP 614/16384MB (cached 177MB) CPU [1%@1113,1%@1113,2%@1113,5%@1113,2%@1344,85%@1344] GR3D_FREQ 98% cpu@63.031C soc2@62.156C soc0@62.875C gpu@64.468C tj@64.468C soc1@61.781C VDD_IN 17929mW/16822mW VDD_CPU_GPU_CV 8627mW/7825mW VDD_SOC 4073mW/3848mW
08-11-2026 15:28:24 RAM 7179/7607MB (lfb 2x4MB) SWAP 614/16384MB (cached 177MB) CPU [3%@729,1%@729,3%@729,1%@729,2%@1344,86%@1344] GR3D_FREQ 98% cpu@63.187C soc2@62.093C soc0@62.812C gpu@64.5C tj@64.5C soc1@61.843C VDD_IN 18007mW/16838mW VDD_CPU_GPU_CV 8471mW/7834mW VDD_SOC 4151mW/3852mW
08-11-2026 15:28:25 RAM 7181/7607MB (lfb 2x4MB) SWAP 614/16384MB (cached 177MB) CPU [5%@1344,7%@1344,20%@1344,2%@1344,1%@1344,83%@1344] GR3D_FREQ 98% cpu@63.468C soc2@62.218C soc0@62.906C gpu@64.5C tj@64.5C soc1@61.812C VDD_IN 17889mW/16852mW VDD_CPU_GPU_CV 8471mW/7842mW VDD_SOC 4112mW/3856mW
08-11-2026 15:28:26 RAM 7180/7607MB (lfb 2x4MB) SWAP 614/16384MB (cached 177MB) CPU [9%@729,23%@729,49%@729,21%@729,2%@1344,86%@1344] GR3D_FREQ 98% cpu@63.406C soc2@62.25C soc0@62.906C gpu@64.531C tj@64.531C soc1@61.968C VDD_IN 18164mW/16870mW VDD_CPU_GPU_CV 8510mW/7851mW VDD_SOC 4190mW/3860mW
08-11-2026 15:28:27 RAM 7180/7607MB (lfb 2x4MB) SWAP 614/16384MB (cached 177MB) CPU [4%@729,3%@729,6%@729,2%@729,1%@1344,86%@1344] GR3D_FREQ 98% cpu@63.093C soc2@62.218C soc0@62.937C gpu@64.218C tj@64.218C soc1@61.875C VDD_IN 17811mW/16882mW VDD_CPU_GPU_CV 8120mW/7855mW VDD_SOC 4230mW/3865mW
08-11-2026 15:28:28 RAM 7180/7607MB (lfb 2x4MB) SWAP 614/16384MB (cached 177MB) CPU [2%@729,3%@729,5%@729,2%@729,1%@1344,82%@1344] GR3D_FREQ 98% cpu@63.25C soc2@62.218C soc0@62.875C gpu@64.218C tj@64.218C soc1@61.906C VDD_IN 17604mW/16891mW VDD_CPU_GPU_CV 7768mW/7854mW VDD_SOC 4315mW/3871mW
08-11-2026 15:28:29 RAM 7180/7607MB (lfb 2x4MB) SWAP 614/16384MB (cached 177MB) CPU [1%@729,3%@729,5%@729,3%@729,1%@1344,87%@1344] GR3D_FREQ 99% cpu@63.593C soc2@62.218C soc0@62.875C gpu@63.906C tj@63.906C soc1@61.843C VDD_IN 17761mW/16902mW VDD_CPU_GPU_CV 7820mW/7853mW VDD_SOC 4308mW/3876mW
08-11-2026 15:28:30 RAM 7181/7607MB (lfb 2x4MB) SWAP 614/16384MB (cached 177MB) CPU [2%@1344,1%@1344,4%@1344,1%@1344,0%@1344,85%@1344] GR3D_FREQ 99% cpu@63.062C soc2@62.156C soc0@62.906C gpu@64.312C tj@64.312C soc1@61.968C VDD_IN 17565mW/16911mW VDD_CPU_GPU_CV 8315mW/7859mW VDD_SOC 4080mW/3879mW
08-11-2026 15:28:31 RAM 7182/7607MB (lfb 1x4MB) SWAP 614/16384MB (cached 177MB) CPU [10%@1344,37%@1344,7%@1344,22%@1344,3%@729,86%@729] GR3D_FREQ 99% cpu@63.281C soc2@62.406C soc0@63C gpu@64.906C tj@64.906C soc1@61.906C VDD_IN 18242mW/16927mW VDD_CPU_GPU_CV 8744mW/7870mW VDD_SOC 4112mW/3882mW
08-11-2026 15:28:32 RAM 7183/7607MB (lfb 1x4MB) SWAP 614/16384MB (cached 177MB) CPU [4%@729,36%@729,19%@729,6%@729,1%@729,91%@729] GR3D_FREQ 99% cpu@63.062C soc2@62.375C soc0@63.156C gpu@64.437C tj@64.437C soc1@62C VDD_IN 17761mW/16938mW VDD_CPU_GPU_CV 8588mW/7879mW VDD_SOC 4040mW/3884mW
08-11-2026 15:28:33 RAM 7183/7607MB (lfb 1x4MB) SWAP 614/16384MB (cached 177MB) CPU [1%@729,3%@729,2%@729,3%@729,1%@1344,87%@1344] GR3D_FREQ 98% cpu@63.25C soc2@62.281C soc0@63C gpu@64.843C tj@64.843C soc1@62C VDD_IN 17929mW/16950mW VDD_CPU_GPU_CV 8627mW/7888mW VDD_SOC 4034mW/3886mW
08-11-2026 15:28:34 RAM 7184/7607MB (lfb 1x4MB) SWAP 614/16384MB (cached 177MB) CPU [2%@729,1%@729,3%@729,1%@729,2%@1344,82%@1344] GR3D_FREQ 98% cpu@63.375C soc2@62.281C soc0@62.937C gpu@64.843C tj@64.843C soc1@62.031C VDD_IN 17722mW/16959mW VDD_CPU_GPU_CV 8627mW/7897mW VDD_SOC 3962mW/3887mW
08-11-2026 15:28:35 RAM 7184/7607MB (lfb 1x4MB) SWAP 614/16384MB (cached 177MB) CPU [1%@729,2%@729,5%@729,1%@729,0%@1344,87%@1344] GR3D_FREQ 97% cpu@63.093C soc2@62.281C soc0@62.968C gpu@64.875C tj@64.875C soc1@61.968C VDD_IN 17968mW/16971mW VDD_CPU_GPU_CV 8627mW/7906mW VDD_SOC 4073mW/3889mW
08-11-2026 15:28:36 RAM 7185/7607MB (lfb 2x4MB) SWAP 614/16384MB (cached 177MB) CPU [7%@729,16%@729,7%@729,3%@729,1%@1344,86%@1344] GR3D_FREQ 98% cpu@63.375C soc2@62.406C soc0@63.031C gpu@64.906C tj@64.906C soc1@62C VDD_IN 17772mW/16981mW VDD_CPU_GPU_CV 8627mW/7914mW VDD_SOC 4001mW/3890mW
08-11-2026 15:28:37 RAM 7186/7607MB (lfb 2x4MB) SWAP 614/16384MB (cached 177MB) CPU [7%@1344,5%@1344,45%@1344,2%@1344,1%@1344,85%@1344] GR3D_FREQ 98% cpu@63.375C soc2@62.343C soc0@63.187C gpu@64.593C tj@64.593C soc1@61.968C VDD_IN 18282mW/16996mW VDD_CPU_GPU_CV 8798mW/7925mW VDD_SOC 4073mW/3892mW
08-11-2026 15:28:38 RAM 7186/7607MB (lfb 2x4MB) SWAP 614/16384MB (cached 177MB) CPU [7%@729,3%@729,43%@729,7%@729,1%@1344,85%@1344] GR3D_FREQ 98% cpu@63.343C soc2@62.406C soc0@63C gpu@64.75C tj@64.75C soc1@62.031C VDD_IN 17889mW/17006mW VDD_CPU_GPU_CV 8471mW/7931mW VDD_SOC 4073mW/3894mW
08-11-2026 15:28:39 RAM 7187/7607MB (lfb 2x4MB) SWAP 614/16384MB (cached 177MB) CPU [4%@729,3%@729,0%@729,3%@729,0%@1344,84%@1344] GR3D_FREQ 98% cpu@63.406C soc2@62.312C soc0@63.031C gpu@64.656C tj@64.656C soc1@62.031C VDD_IN 17850mW/17016mW VDD_CPU_GPU_CV 8276mW/7935mW VDD_SOC 4151mW/3897mW
08-11-2026 15:28:40 RAM 7187/7607MB (lfb 2x4MB) SWAP 614/16384MB (cached 177MB) CPU [2%@729,2%@729,4%@729,2%@729,0%@1344,86%@1344] GR3D_FREQ 99% cpu@63.25C soc2@62.343C soc0@63.062C gpu@64.656C tj@64.656C soc1@62.125C VDD_IN 17772mW/17024mW VDD_CPU_GPU_CV 8159mW/7937mW VDD_SOC 4197mW/3901mW
08-11-2026 15:28:41 RAM 7183/7607MB (lfb 1x4MB) SWAP 612/16384MB (cached 177MB) CPU [19%@729,6%@729,9%@729,6%@729,1%@1344,83%@1344] GR3D_FREQ 98% cpu@63.25C soc2@62.437C soc0@63.125C gpu@64.687C tj@64.687C soc1@62.187C VDD_IN 17761mW/17032mW VDD_CPU_GPU_CV 7977mW/7938mW VDD_SOC 4230mW/3904mW
08-11-2026 15:28:42 RAM 7183/7607MB (lfb 1x4MB) SWAP 612/16384MB (cached 177MB) CPU [4%@729,1%@729,1%@729,1%@729,0%@1344,84%@1344] GR3D_FREQ 99% cpu@63.562C soc2@62.343C soc0@63.187C gpu@64.25C tj@64.25C soc1@62.062C VDD_IN 17565mW/17038mW VDD_CPU_GPU_CV 7507mW/7933mW VDD_SOC 4354mW/3909mW
08-11-2026 15:28:43 RAM 7186/7607MB (lfb 1x4MB) SWAP 612/16384MB (cached 177MB) CPU [10%@1344,55%@1344,3%@1344,7%@1344,8%@1344,75%@1344] GR3D_FREQ 99% cpu@63.375C soc2@62.406C soc0@62.937C gpu@64.468C tj@64.468C soc1@62.062C VDD_IN 17772mW/17046mW VDD_CPU_GPU_CV 8510mW/7939mW VDD_SOC 4080mW/3911mW
08-11-2026 15:28:44 RAM 7184/7607MB (lfb 1x4MB) SWAP 611/16384MB (cached 178MB) CPU [7%@729,15%@729,22%@729,6%@729,86%@729,0%@729] GR3D_FREQ 99% cpu@63.375C soc2@62.468C soc0@63C gpu@64.812C tj@64.812C soc1@62.125C VDD_IN 18125mW/17058mW VDD_CPU_GPU_CV 8549mW/7946mW VDD_SOC 4112mW/3913mW
08-11-2026 15:28:45 RAM 7184/7607MB (lfb 1x4MB) SWAP 611/16384MB (cached 178MB) CPU [2%@729,1%@729,5%@729,2%@729,92%@729,0%@729] GR3D_FREQ 99% cpu@63.031C soc2@62.406C soc0@63.062C gpu@64.5C tj@64.5C soc1@62.218C VDD_IN 17604mW/17064mW VDD_CPU_GPU_CV 8471mW/7951mW VDD_SOC 4001mW/3914mW
08-11-2026 15:28:46 RAM 7187/7607MB (lfb 1x4MB) SWAP 610/16384MB (cached 178MB) CPU [6%@1344,93%@1344,14%@1344,6%@1344,5%@729,4%@729] GR3D_FREQ 98% cpu@63.593C soc2@62.5C soc0@63.218C gpu@64.718C tj@64.718C soc1@62.031C VDD_IN 18321mW/17077mW VDD_CPU_GPU_CV 8901mW/7961mW VDD_SOC 3995mW/3915mW
08-11-2026 15:28:47 RAM 7188/7607MB (lfb 1x4MB) SWAP 610/16384MB (cached 178MB) CPU [2%@1344,86%@1344,2%@1344,1%@1344,3%@729,1%@729] GR3D_FREQ 98% cpu@63.156C soc2@62.406C soc0@63.093C gpu@64.781C tj@64.781C soc1@62.031C VDD_IN 17772mW/17084mW VDD_CPU_GPU_CV 8744mW/7970mW VDD_SOC 3962mW/3916mW
08-11-2026 15:28:48 RAM 7188/7607MB (lfb 1x4MB) SWAP 610/16384MB (cached 178MB) CPU [5%@1344,86%@1344,2%@1344,0%@1344,0%@729,1%@729] GR3D_FREQ 97% cpu@63.375C soc2@62.5C soc0@63.062C gpu@64.843C tj@64.843C soc1@62.125C VDD_IN 18046mW/17094mW VDD_CPU_GPU_CV 8666mW/7977mW VDD_SOC 4034mW/3917mW
08-11-2026 15:28:49 RAM 7188/7607MB (lfb 1x4MB) SWAP 610/16384MB (cached 178MB) CPU [6%@1344,84%@1344,5%@1344,5%@1344,66%@1344,1%@1344] GR3D_FREQ 98% cpu@63.593C soc2@62.593C soc0@63.062C gpu@65C tj@65C soc1@62.218C VDD_IN 18242mW/17106mW VDD_CPU_GPU_CV 9096mW/7988mW VDD_SOC 3995mW/3918mW
08-11-2026 15:28:50 RAM 7189/7607MB (lfb 1x4MB) SWAP 610/16384MB (cached 178MB) CPU [5%@729,18%@729,1%@729,8%@729,82%@1344,1%@1344] GR3D_FREQ 98% cpu@63.156C soc2@62.5C soc0@63.156C gpu@64.937C tj@64.937C soc1@62.25C VDD_IN 18046mW/17115mW VDD_CPU_GPU_CV 8588mW/7994mW VDD_SOC 4073mW/3919mW
08-11-2026 15:28:51 RAM 7190/7607MB (lfb 2x4MB) SWAP 610/16384MB (cached 178MB) CPU [4%@1344,1%@1344,3%@1344,3%@1344,86%@1344,0%@1344] GR3D_FREQ 98% cpu@63.375C soc2@62.562C soc0@63.218C gpu@64.968C tj@64.968C soc1@62.218C VDD_IN 17850mW/17122mW VDD_CPU_GPU_CV 8549mW/8000mW VDD_SOC 4073mW/3921mW
08-11-2026 15:28:52 RAM 7191/7607MB (lfb 2x4MB) SWAP 610/16384MB (cached 178MB) CPU [12%@1344,7%@1344,4%@1344,16%@1344,75%@729,1%@729] GR3D_FREQ 97% cpu@63.281C soc2@62.531C soc0@63.187C gpu@65C tj@65C soc1@62.093C VDD_IN 17811mW/17129mW VDD_CPU_GPU_CV 8315mW/8003mW VDD_SOC 4112mW/3923mW
08-11-2026 15:28:53 RAM 7191/7607MB (lfb 2x4MB) SWAP 610/16384MB (cached 178MB) CPU [86%@1344,1%@1344,4%@1344,2%@1344,0%@729,1%@729] GR3D_FREQ 98% cpu@63.437C soc2@62.531C soc0@63.156C gpu@65.031C tj@65.031C soc1@62.125C VDD_IN 17772mW/17136mW VDD_CPU_GPU_CV 8315mW/8006mW VDD_SOC 4151mW/3925mW
08-11-2026 15:28:54 RAM 7191/7607MB (lfb 2x4MB) SWAP 610/16384MB (cached 178MB) CPU [4%@729,3%@729,2%@729,1%@729,83%@1344,1%@1344] GR3D_FREQ 98% cpu@63.406C soc2@62.437C soc0@63.093C gpu@64.968C tj@64.968C soc1@62.187C VDD_IN 17811mW/17142mW VDD_CPU_GPU_CV 8159mW/8007mW VDD_SOC 4230mW/3928mW
08-11-2026 15:28:55 RAM 7194/7607MB (lfb 2x4MB) SWAP 610/16384MB (cached 178MB) CPU [16%@1344,3%@1344,7%@1344,68%@1344,86%@1344,0%@1344] GR3D_FREQ 98% cpu@63.375C soc2@62.562C soc0@63.093C gpu@65.062C tj@65.062C soc1@62.218C VDD_IN 18321mW/17153mW VDD_CPU_GPU_CV 8432mW/8012mW VDD_SOC 4269mW/3931mW
08-11-2026 15:28:56 RAM 7195/7607MB (lfb 1x4MB) SWAP 610/16384MB (cached 178MB) CPU [10%@729,8%@729,4%@729,1%@729,86%@1344,1%@1344] GR3D_FREQ 98% cpu@63.406C soc2@62.531C soc0@63.218C gpu@64.656C tj@64.656C soc1@62.312C VDD_IN 17772mW/17159mW VDD_CPU_GPU_CV 7925mW/8011mW VDD_SOC 4308mW/3935mW
08-11-2026 15:28:57 RAM 7196/7607MB (lfb 1x4MB) SWAP 610/16384MB (cached 178MB) CPU [6%@729,7%@729,5%@729,15%@729,86%@1344,0%@1344] GR3D_FREQ 99% cpu@63.593C soc2@62.593C soc0@63.375C gpu@64.312C tj@64.312C soc1@62.187C VDD_IN 17889mW/17166mW VDD_CPU_GPU_CV 8055mW/8011mW VDD_SOC 4269mW/3938mW
08-11-2026 15:28:58 RAM 7196/7607MB (lfb 1x4MB) SWAP 610/16384MB (cached 178MB) CPU [2%@729,3%@729,1%@729,2%@729,82%@1344,1%@1344] GR3D_FREQ 97% cpu@63.312C soc2@62.468C soc0@63.093C gpu@64.75C tj@64.75C soc1@62.156C VDD_IN 17408mW/17169mW VDD_CPU_GPU_CV 8172mW/8013mW VDD_SOC 4080mW/3939mW
08-11-2026 15:28:59 RAM 7196/7607MB (lfb 1x4MB) SWAP 610/16384MB (cached 178MB) CPU [5%@729,3%@729,4%@729,3%@729,90%@729,1%@729] GR3D_FREQ 99% cpu@63.343C soc2@62.531C soc0@63.093C gpu@64.656C tj@64.656C soc1@62.187C VDD_IN 17683mW/17173mW VDD_CPU_GPU_CV 8250mW/8015mW VDD_SOC 4073mW/3940mW
08-11-2026 15:29:00 RAM 7197/7607MB (lfb 1x4MB) SWAP 610/16384MB (cached 178MB) CPU [3%@729,2%@729,5%@729,1%@729,91%@883,0%@883] GR3D_FREQ 99% cpu@63.187C soc2@62.468C soc0@63.187C gpu@65.093C tj@65.093C soc1@62.312C VDD_IN 17683mW/17178mW VDD_CPU_GPU_CV 8510mW/8019mW VDD_SOC 4001mW/3941mW
08-11-2026 15:29:01 RAM 7198/7607MB (lfb 2x4MB) SWAP 610/16384MB (cached 178MB) CPU [6%@729,5%@729,71%@729,22%@729,87%@1344,1%@1344] GR3D_FREQ 98% cpu@63.5C soc2@62.593C soc0@63.218C gpu@65.187C tj@65.187C soc1@62.187C VDD_IN 18517mW/17190mW VDD_CPU_GPU_CV 9033mW/8029mW VDD_SOC 3988mW/3941mW
08-11-2026 15:29:02 RAM 7199/7607MB (lfb 2x4MB) SWAP 610/16384MB (cached 178MB) CPU [6%@729,34%@729,8%@729,7%@729,51%@1344,14%@1344] GR3D_FREQ 98% cpu@63.468C soc2@62.5C soc0@63.125C gpu@65.25C tj@65.25C soc1@62.156C VDD_IN 17889mW/17196mW VDD_CPU_GPU_CV 8784mW/8035mW VDD_SOC 3955mW/3941mW
08-11-2026 15:29:03 RAM 7199/7607MB (lfb 2x4MB) SWAP 610/16384MB (cached 178MB) CPU [3%@729,2%@729,3%@729,2%@729,85%@1344,2%@1344] GR3D_FREQ 98% cpu@63.625C soc2@62.531C soc0@63.156C gpu@65.25C tj@65.25C soc1@62.156C VDD_IN 18046mW/17204mW VDD_CPU_GPU_CV 8588mW/8040mW VDD_SOC 4073mW/3943mW
08-11-2026 15:29:04 RAM 7199/7607MB (lfb 2x4MB) SWAP 610/16384MB (cached 178MB) CPU [0%@729,4%@729,2%@729,2%@729,87%@1344,0%@1344] GR3D_FREQ 97% cpu@63.406C soc2@62.562C soc0@63.156C gpu@64.906C tj@64.906C soc1@62.312C VDD_IN 17772mW/17209mW VDD_CPU_GPU_CV 8549mW/8045mW VDD_SOC 4040mW/3944mW
08-11-2026 15:29:05 RAM 7200/7607MB (lfb 2x4MB) SWAP 610/16384MB (cached 178MB) CPU [5%@729,1%@729,4%@729,1%@729,86%@1344,1%@1344] GR3D_FREQ 98% cpu@63.343C soc2@62.5C soc0@63.281C gpu@64.875C tj@64.875C soc1@62.187C VDD_IN 18046mW/17216mW VDD_CPU_GPU_CV 8549mW/8049mW VDD_SOC 4112mW/3945mW
08-11-2026 15:29:06 RAM 7201/7607MB (lfb 2x4MB) SWAP 610/16384MB (cached 178MB) CPU [6%@729,4%@729,3%@729,2%@729,83%@1344,2%@1344] GR3D_FREQ 97% cpu@63.437C soc2@62.593C soc0@63.093C gpu@64.781C tj@64.781C soc1@62.187C VDD_IN 17850mW/17222mW VDD_CPU_GPU_CV 8432mW/8053mW VDD_SOC 4112mW/3946mW
08-11-2026 15:29:07 RAM 7203/7607MB (lfb 1x4MB) SWAP 610/16384MB (cached 178MB) CPU [23%@729,7%@729,20%@729,70%@729,85%@1344,0%@1344] GR3D_FREQ 98% cpu@63.625C soc2@62.593C soc0@63.187C gpu@64.75C tj@64.75C soc1@62.25C VDD_IN 18439mW/17232mW VDD_CPU_GPU_CV 8744mW/8059mW VDD_SOC 4190mW/3949mW
08-11-2026 15:29:08 RAM 7203/7607MB (lfb 1x4MB) SWAP 610/16384MB (cached 178MB) CPU [2%@729,4%@729,2%@729,2%@729,84%@1344,1%@1344] GR3D_FREQ 97% cpu@63.781C soc2@62.5C soc0@63.281C gpu@64.593C tj@64.593C soc1@62.281C VDD_IN 17772mW/17237mW VDD_CPU_GPU_CV 8081mW/8059mW VDD_SOC 4190mW/3951mW
08-11-2026 15:29:09 RAM 7203/7607MB (lfb 1x4MB) SWAP 610/16384MB (cached 178MB) CPU [3%@729,4%@729,2%@729,1%@729,85%@1344,2%@1344] GR3D_FREQ 98% cpu@63.312C soc2@62.531C soc0@63.281C gpu@64.687C tj@64.687C soc1@62.312C VDD_IN 17643mW/17240mW VDD_CPU_GPU_CV 7899mW/8057mW VDD_SOC 4237mW/3953mW
08-11-2026 15:29:10 RAM 7203/7607MB (lfb 2x4MB) SWAP 610/16384MB (cached 178MB) CPU [2%@729,9%@729,1%@729,2%@729,85%@1344,1%@1344] GR3D_FREQ 99% cpu@63.531C soc2@62.531C soc0@63.312C gpu@64.531C tj@64.531C soc1@62.25C VDD_IN 17850mW/17246mW VDD_CPU_GPU_CV 7808mW/8055mW VDD_SOC 4386mW/3957mW
08-11-2026 15:29:11 RAM 7204/7607MB (lfb 2x4MB) SWAP 610/16384MB (cached 178MB) CPU [1%@729,3%@729,1%@729,2%@729,85%@1344,2%@1344] GR3D_FREQ 99% cpu@63.781C soc2@62.625C soc0@63.312C gpu@64.468C tj@64.468C soc1@62.25C VDD_IN 17615mW/17249mW VDD_CPU_GPU_CV 8016mW/8055mW VDD_SOC 4237mW/3959mW
08-11-2026 15:29:12 RAM 7204/7607MB (lfb 2x4MB) SWAP 609/16384MB (cached 178MB) CPU [20%@1344,18%@1344,4%@1344,7%@1344,87%@1344,2%@1344] GR3D_FREQ 99% cpu@63.718C soc2@62.687C soc0@63.218C gpu@65C tj@65C soc1@62.312C VDD_IN 18242mW/17257mW VDD_CPU_GPU_CV 8784mW/8061mW VDD_SOC 4151mW/3961mW
08-11-2026 15:29:13 RAM 7204/7607MB (lfb 2x4MB) SWAP 609/16384MB (cached 178MB) CPU [56%@729,4%@729,6%@729,22%@729,87%@729,1%@729] GR3D_FREQ 98% cpu@63.781C soc2@62.625C soc0@63.281C gpu@64.718C tj@64.718C soc1@62.343C VDD_IN 17368mW/17258mW VDD_CPU_GPU_CV 8290mW/8063mW VDD_SOC 3962mW/3961mW
08-11-2026 15:29:14 RAM 7204/7607MB (lfb 2x4MB) SWAP 609/16384MB (cached 178MB) CPU [69%@729,4%@729,2%@729,1%@729,24%@1113,1%@1113] GR3D_FREQ 99% cpu@63.406C soc2@62.656C soc0@63.343C gpu@65.093C tj@65.093C soc1@62.281C VDD_IN 18085mW/17264mW VDD_CPU_GPU_CV 8588mW/8067mW VDD_SOC 4073mW/3962mW
08-11-2026 15:29:15 RAM 7205/7607MB (lfb 2x4MB) SWAP 609/16384MB (cached 178MB) CPU [0%@729,5%@729,1%@729,1%@729,90%@1344,0%@1344] GR3D_FREQ 98% cpu@63.375C soc2@62.656C soc0@63.343C gpu@65.187C tj@65.187C soc1@62.312C VDD_IN 17850mW/17269mW VDD_CPU_GPU_CV 8784mW/8073mW VDD_SOC 3962mW/3962mW
08-11-2026 15:29:16 RAM 7206/7607MB (lfb 2x4MB) SWAP 609/16384MB (cached 178MB) CPU [2%@729,4%@729,2%@729,1%@729,84%@1344,0%@1344] GR3D_FREQ 99% cpu@63.625C soc2@62.593C soc0@63.218C gpu@64.906C tj@64.906C soc1@62.312C VDD_IN 18007mW/17275mW VDD_CPU_GPU_CV 8627mW/8077mW VDD_SOC 4073mW/3962mW
08-11-2026 15:29:17 RAM 7206/7607MB (lfb 1x4MB) SWAP 609/16384MB (cached 178MB) CPU [6%@883,4%@883,3%@883,5%@883,86%@1344,0%@1344] GR3D_FREQ 98% cpu@63.562C soc2@62.625C soc0@63.218C gpu@64.906C tj@64.906C soc1@62.375C VDD_IN 17929mW/17280mW VDD_CPU_GPU_CV 8744mW/8083mW VDD_SOC 3995mW/3963mW
08-11-2026 15:29:18 RAM 7195/7607MB (lfb 3x4MB) SWAP 590/16384MB (cached 272MB) CPU [39%@1344,37%@1344,34%@1344,29%@1344,90%@1344,36%@1344] GR3D_FREQ 98% cpu@63.875C soc2@62.75C soc0@63.343C gpu@64.906C tj@65.062C soc1@62.25C VDD_IN 18722mW/17292mW VDD_CPU_GPU_CV 9291mW/8092mW VDD_SOC 4105mW/3964mW
08-11-2026 15:29:19 RAM 7172/7607MB (lfb 2x4MB) SWAP 566/16384MB (cached 249MB) CPU [15%@806,17%@806,31%@806,67%@806,85%@1344,8%@1344] GR3D_FREQ 97% cpu@63.562C soc2@62.625C soc0@63.468C gpu@65.25C tj@65.25C soc1@62.312C VDD_IN 18321mW/17300mW VDD_CPU_GPU_CV 9018mW/8099mW VDD_SOC 4034mW/3964mW
08-11-2026 15:29:20 RAM 7173/7607MB (lfb 2x4MB) SWAP 566/16384MB (cached 249MB) CPU [3%@729,5%@729,2%@729,1%@729,85%@1344,2%@1344] GR3D_FREQ 98% cpu@63.5C soc2@62.593C soc0@63.281C gpu@65.187C tj@65.187C soc1@62.312C VDD_IN 18046mW/17305mW VDD_CPU_GPU_CV 8510mW/8103mW VDD_SOC 4151mW/3966mW
08-11-2026 15:29:21 RAM 7174/7607MB (lfb 2x4MB) SWAP 566/16384MB (cached 249MB) CPU [6%@729,4%@729,2%@729,0%@729,85%@1344,0%@1344] GR3D_FREQ 98% cpu@63.687C soc2@62.625C soc0@63.25C gpu@65.187C tj@65.187C soc1@62.312C VDD_IN 17850mW/17310mW VDD_CPU_GPU_CV 8393mW/8105mW VDD_SOC 4112mW/3967mW
08-11-2026 15:29:22 RAM 7175/7607MB (lfb 2x4MB) SWAP 566/16384MB (cached 249MB) CPU [2%@729,3%@729,1%@729,0%@729,85%@1344,1%@1344] GR3D_FREQ 97% cpu@63.343C soc2@62.625C soc0@63.375C gpu@65.093C tj@65.093C soc1@62.531C VDD_IN 17850mW/17314mW VDD_CPU_GPU_CV 8237mW/8106mW VDD_SOC 4190mW/3969mW
08-11-2026 15:29:23 RAM 7176/7607MB (lfb 2x4MB) SWAP 566/16384MB (cached 249MB) CPU [4%@729,2%@729,1%@729,1%@729,83%@1344,2%@1344] GR3D_FREQ 98% cpu@63.437C soc2@62.625C soc0@63.437C gpu@65.187C tj@64.906C soc1@62.281C VDD_IN 17575mW/17316mW VDD_CPU_GPU_CV 7977mW/8105mW VDD_SOC 4237mW/3971mW
08-11-2026 15:29:24 RAM 7182/7607MB (lfb 2x4MB) SWAP 566/16384MB (cached 249MB) CPU [8%@729,12%@729,8%@729,6%@729,86%@1344,4%@1344] GR3D_FREQ 98% cpu@63.656C soc2@62.593C soc0@63.281C gpu@64.843C tj@64.843C soc1@62.312C VDD_IN 17772mW/17319mW VDD_CPU_GPU_CV 8003mW/8104mW VDD_SOC 4269mW/3973mW
08-11-2026 15:29:25 RAM 7182/7607MB (lfb 2x4MB) SWAP 566/16384MB (cached 249MB) CPU [13%@1344,1%@1344,4%@1344,2%@1344,70%@729,1%@729] GR3D_FREQ 99% cpu@63.906C soc2@62.718C soc0@63.187C gpu@64.375C tj@64.375C soc1@62.406C VDD_IN 17408mW/17320mW VDD_CPU_GPU_CV 7625mW/8100mW VDD_SOC 4276mW/3975mW
08-11-2026 15:29:26 RAM 7183/7607MB (lfb 2x4MB) SWAP 566/16384MB (cached 249MB) CPU [86%@1344,1%@1344,6%@1344,1%@1344,0%@729,1%@729] GR3D_FREQ 99% cpu@63.812C soc2@62.75C soc0@63.343C gpu@65.031C tj@65.031C soc1@62.312C VDD_IN 17654mW/17322mW VDD_CPU_GPU_CV 8393mW/8103mW VDD_SOC 4119mW/3976mW
08-11-2026 15:29:27 RAM 7184/7607MB (lfb 2x4MB) SWAP 566/16384MB (cached 249MB) CPU [65%@1344,1%@1344,5%@1344,2%@1344,0%@729,22%@729] GR3D_FREQ 99% cpu@63.5C soc2@62.781C soc0@63.281C gpu@65.093C tj@65.093C soc1@62.468C VDD_IN 18085mW/17328mW VDD_CPU_GPU_CV 8510mW/8106mW VDD_SOC 4151mW/3978mW
08-11-2026 15:29:28 RAM 7184/7607MB (lfb 2x4MB) SWAP 566/16384MB (cached 249MB) CPU [1%@729,4%@729,4%@729,0%@729,0%@729,91%@729] GR3D_FREQ 99% cpu@63.406C soc2@62.656C soc0@63.468C gpu@64.875C tj@64.875C soc1@62.343C VDD_IN 17643mW/17330mW VDD_CPU_GPU_CV 8471mW/8108mW VDD_SOC 4001mW/3978mW
08-11-2026 15:29:29 RAM 7189/7607MB (lfb 2x4MB) SWAP 565/16384MB (cached 249MB) CPU [3%@729,7%@729,21%@729,4%@729,4%@1344,93%@1344] GR3D_FREQ 98% cpu@63.656C soc2@62.687C soc0@63.343C gpu@65.062C tj@65.312C soc1@62.375C VDD_IN 18242mW/17337mW VDD_CPU_GPU_CV 8784mW/8113mW VDD_SOC 4034mW/3978mW
08-11-2026 15:29:30 RAM 7189/7607MB (lfb 2x4MB) SWAP 565/16384MB (cached 249MB) CPU [5%@1344,1%@1344,2%@1344,0%@1344,0%@1344,87%@1344] GR3D_FREQ 98% cpu@63.812C soc2@62.687C soc0@63.406C gpu@64.875C tj@64.875C soc1@62.312C VDD_IN 17772mW/17340mW VDD_CPU_GPU_CV 8744mW/8118mW VDD_SOC 3955mW/3978mW
08-11-2026 15:29:31 RAM 7189/7607MB (lfb 2x4MB) SWAP 565/16384MB (cached 249MB) CPU [2%@729,2%@729,4%@729,1%@729,1%@1344,86%@1344] GR3D_FREQ 97% cpu@63.687C soc2@62.687C soc0@63.25C gpu@64.906C tj@64.906C soc1@62.437C VDD_IN 17968mW/17344mW VDD_CPU_GPU_CV 8588mW/8121mW VDD_SOC 4034mW/3978mW
08-11-2026 15:29:32 RAM 7190/7607MB (lfb 2x4MB) SWAP 565/16384MB (cached 249MB) CPU [8%@729,1%@729,1%@729,2%@729,0%@1344,84%@1344] GR3D_FREQ 98% cpu@63.5C soc2@62.75C soc0@63.343C gpu@64.968C tj@64.968C soc1@62.562C VDD_IN 17811mW/17348mW VDD_CPU_GPU_CV 8666mW/8125mW VDD_SOC 3995mW/3978mW
08-11-2026 15:29:33 RAM 7190/7607MB (lfb 2x4MB) SWAP 565/16384MB (cached 249MB) CPU [2%@1344,5%@1344,1%@1344,1%@1344,3%@1344,83%@1344] GR3D_FREQ 97% cpu@63.5C soc2@62.656C soc0@63.437C gpu@64.875C tj@64.875C soc1@62.343C VDD_IN 17889mW/17352mW VDD_CPU_GPU_CV 8471mW/8127mW VDD_SOC 4073mW/3979mW
08-11-2026 15:29:34 RAM 7177/7607MB (lfb 2x4MB) SWAP 565/16384MB (cached 248MB) CPU [4%@729,9%@729,9%@729,14%@729,2%@1344,86%@1344] GR3D_FREQ 98% cpu@63.75C soc2@62.625C soc0@63.312C gpu@64.937C tj@64.937C soc1@62.343C VDD_IN 17968mW/17356mW VDD_CPU_GPU_CV 8627mW/8131mW VDD_SOC 4073mW/3980mW
08-11-2026 15:29:35 RAM 7168/7607MB (lfb 2x4MB) SWAP 566/16384MB (cached 248MB) CPU [3%@729,1%@729,3%@729,1%@729,3%@1344,84%@1344] GR3D_FREQ 97% cpu@63.875C soc2@62.687C soc0@63.468C gpu@65.062C tj@65.062C soc1@62.5C VDD_IN 17889mW/17360mW VDD_CPU_GPU_CV 8354mW/8132mW VDD_SOC 4151mW/3981mW
08-11-2026 15:29:36 RAM 7168/7607MB (lfb 2x4MB) SWAP 566/16384MB (cached 248MB) CPU [3%@729,2%@729,7%@729,2%@729,2%@1344,86%@1344] GR3D_FREQ 98% cpu@63.593C soc2@62.75C soc0@63.375C gpu@65.125C tj@65.125C soc1@62.437C VDD_IN 17850mW/17363mW VDD_CPU_GPU_CV 8315mW/8134mW VDD_SOC 4151mW/3982mW
08-11-2026 15:29:37 RAM 7169/7607MB (lfb 2x4MB) SWAP 566/16384MB (cached 248MB) CPU [3%@729,1%@729,4%@729,3%@729,1%@1344,85%@1344] GR3D_FREQ 99% cpu@63.562C soc2@62.656C soc0@63.468C gpu@65.156C tj@65.156C soc1@62.531C VDD_IN 17850mW/17366mW VDD_CPU_GPU_CV 8159mW/8134mW VDD_SOC 4230mW/3984mW
08-11-2026 15:29:38 RAM 7169/7607MB (lfb 2x4MB) SWAP 566/16384MB (cached 248MB) CPU [2%@729,0%@729,2%@729,2%@729,0%@1344,82%@1344] GR3D_FREQ 98% cpu@63.656C soc2@62.687C soc0@63.468C gpu@65.062C tj@65.062C soc1@62.343C VDD_IN 17526mW/17367mW VDD_CPU_GPU_CV 7781mW/8131mW VDD_SOC 4237mW/3986mW
08-11-2026 15:29:39 RAM 7172/7607MB (lfb 2x4MB) SWAP 566/16384MB (cached 248MB) CPU [9%@806,4%@806,9%@806,2%@806,1%@1344,86%@1344] GR3D_FREQ 99% cpu@63.937C soc2@62.687C soc0@63.343C gpu@64.937C tj@64.937C soc1@62.312C VDD_IN 17811mW/17370mW VDD_CPU_GPU_CV 7925mW/8130mW VDD_SOC 4347mW/3988mW
08-11-2026 15:29:40 RAM 7173/7607MB (lfb 2x4MB) SWAP 566/16384MB (cached 248MB) CPU [7%@729,5%@729,8%@729,5%@729,3%@1344,84%@1344] GR3D_FREQ 99% cpu@64C soc2@62.656C soc0@63.343C gpu@64.812C tj@64.812C soc1@62.437C VDD_IN 17526mW/17371mW VDD_CPU_GPU_CV 8094mW/8130mW VDD_SOC 4158mW/3989mW
08-11-2026 15:29:41 RAM 7173/7607MB (lfb 2x4MB) SWAP 566/16384MB (cached 248MB) CPU [1%@729,6%@729,2%@729,1%@729,0%@1344,84%@1344] GR3D_FREQ 99% cpu@63.531C soc2@62.687C soc0@63.406C gpu@65C tj@65C soc1@62.468C VDD_IN 17732mW/17374mW VDD_CPU_GPU_CV 8393mW/8132mW VDD_SOC 4119mW/3990mW
08-11-2026 15:29:42 RAM 7174/7607MB (lfb 2x4MB) SWAP 566/16384MB (cached 248MB) CPU [4%@729,3%@729,2%@729,1%@729,0%@729,91%@729] GR3D_FREQ 99% cpu@63.5C soc2@62.718C soc0@63.437C gpu@64.906C tj@64.906C soc1@62.375C VDD_IN 17811mW/17377mW VDD_CPU_GPU_CV 8368mW/8133mW VDD_SOC 4073mW/3991mW
08-11-2026 15:29:43 RAM 7177/7607MB (lfb 3x4MB) SWAP 566/16384MB (cached 248MB) CPU [4%@729,8%@729,1%@729,5%@729,2%@1190,91%@1190] GR3D_FREQ 99% cpu@63.468C soc2@62.75C soc0@63.25C gpu@65.062C tj@65.062C soc1@62.375C VDD_IN 17811mW/17380mW VDD_CPU_GPU_CV 8705mW/8137mW VDD_SOC 3995mW/3991mW
08-11-2026 15:29:44 RAM 7178/7607MB (lfb 3x4MB) SWAP 566/16384MB (cached 248MB) CPU [2%@729,5%@729,1%@729,2%@729,0%@1344,88%@1344] GR3D_FREQ 98% cpu@63.687C soc2@62.781C soc0@63.312C gpu@65.093C tj@65.093C soc1@62.406C VDD_IN 18085mW/17384mW VDD_CPU_GPU_CV 8666mW/8140mW VDD_SOC 4034mW/3991mW
08-11-2026 15:29:45 RAM 7181/7607MB (lfb 3x4MB) SWAP 566/16384MB (cached 248MB) CPU [9%@729,7%@729,16%@729,4%@729,1%@1344,87%@1344] GR3D_FREQ 98% cpu@63.937C soc2@62.718C soc0@63.375C gpu@65.25C tj@65.25C soc1@62.406C VDD_IN 17850mW/17387mW VDD_CPU_GPU_CV 8705mW/8144mW VDD_SOC 3955mW/3991mW
08-11-2026 15:29:46 RAM 7181/7607MB (lfb 3x4MB) SWAP 566/16384MB (cached 248MB) CPU [4%@729,2%@729,2%@729,2%@729,1%@1344,84%@1344] GR3D_FREQ 98% cpu@63.531C soc2@62.718C soc0@63.468C gpu@65.312C tj@65.312C soc1@62.656C VDD_IN 18046mW/17391mW VDD_CPU_GPU_CV 8588mW/8147mW VDD_SOC 4073mW/3991mW
08-11-2026 15:29:47 RAM 7180/7607MB (lfb 3x4MB) SWAP 566/16384MB (cached 248MB) CPU [3%@729,5%@729,1%@729,1%@729,0%@1344,85%@1344] GR3D_FREQ 98% cpu@63.625C soc2@62.781C soc0@63.5C gpu@65.281C tj@65.281C soc1@62.375C VDD_IN 17811mW/17394mW VDD_CPU_GPU_CV 8588mW/8150mW VDD_SOC 4034mW/3991mW
08-11-2026 15:29:48 RAM 7180/7607MB (lfb 3x4MB) SWAP 566/16384MB (cached 248MB) CPU [3%@729,5%@729,2%@729,1%@729,0%@1344,82%@1344] GR3D_FREQ 98% cpu@63.625C soc2@62.718C soc0@63.375C gpu@65.375C tj@65.375C soc1@62.437C VDD_IN 17929mW/17398mW VDD_CPU_GPU_CV 8432mW/8152mW VDD_SOC 4112mW/3992mW
08-11-2026 15:29:49 RAM 7181/7607MB (lfb 3x4MB) SWAP 566/16384MB (cached 248MB) CPU [2%@729,3%@729,3%@729,3%@729,0%@1344,85%@1344] GR3D_FREQ 97% cpu@63.687C soc2@62.593C soc0@63.468C gpu@65.281C tj@65.281C soc1@62.468C VDD_IN 17643mW/17399mW VDD_CPU_GPU_CV 8276mW/8152mW VDD_SOC 4080mW/3993mW
08-11-2026 15:29:50 RAM 7183/7607MB (lfb 2x4MB) SWAP 566/16384MB (cached 248MB) CPU [4%@729,7%@729,16%@729,11%@729,2%@1344,84%@1344] GR3D_FREQ 98% cpu@63.937C soc2@62.718C soc0@63.437C gpu@65.312C tj@65.312C soc1@62.5C VDD_IN 17811mW/17402mW VDD_CPU_GPU_CV 8198mW/8153mW VDD_SOC 4151mW/3994mW
08-11-2026 15:29:51 RAM 7183/7607MB (lfb 2x4MB) SWAP 566/16384MB (cached 248MB) CPU [2%@729,5%@729,1%@729,2%@729,2%@1344,86%@1344] GR3D_FREQ 97% cpu@63.593C soc2@62.718C soc0@63.437C gpu@65C tj@65C soc1@62.593C VDD_IN 17811mW/17404mW VDD_CPU_GPU_CV 8081mW/8152mW VDD_SOC 4230mW/3995mW
08-11-2026 15:29:52 RAM 7183/7607MB (lfb 2x4MB) SWAP 566/16384MB (cached 248MB) CPU [4%@729,3%@729,3%@729,1%@729,0%@1344,86%@1344] GR3D_FREQ 98% cpu@63.625C soc2@62.843C soc0@63.562C gpu@65.093C tj@65.093C soc1@62.406C VDD_IN 17850mW/17407mW VDD_CPU_GPU_CV 8042mW/8151mW VDD_SOC 4269mW/3997mW
08-11-2026 15:29:53 RAM 7182/7607MB (lfb 2x4MB) SWAP 566/16384MB (cached 248MB) CPU [5%@729,0%@729,2%@729,2%@729,2%@1344,85%@1344] GR3D_FREQ 98% cpu@63.937C soc2@62.656C soc0@63.437C gpu@64.937C tj@64.937C soc1@62.468C VDD_IN 17850mW/17410mW VDD_CPU_GPU_CV 7808mW/8149mW VDD_SOC 4386mW/3999mW
08-11-2026 15:29:54 RAM 7180/7607MB (lfb 1x4MB) SWAP 566/16384MB (cached 248MB) CPU [5%@729,5%@729,1%@729,2%@729,0%@1344,86%@1344] GR3D_FREQ 99% cpu@63.937C soc2@62.875C soc0@63.437C gpu@64.593C tj@64.593C soc1@62.406C VDD_IN 17732mW/17412mW VDD_CPU_GPU_CV 8003mW/8148mW VDD_SOC 4276mW/4001mW
08-11-2026 15:29:55 RAM 7183/7607MB (lfb 1x4MB) SWAP 566/16384MB (cached 248MB) CPU [5%@729,17%@729,6%@729,9%@729,0%@1344,84%@1344] GR3D_FREQ 99% cpu@63.937C soc2@62.812C soc0@63.375C gpu@65.281C tj@65.281C soc1@62.468C VDD_IN 18085mW/17416mW VDD_CPU_GPU_CV 8510mW/8151mW VDD_SOC 4151mW/4002mW
08-11-2026 15:29:56 RAM 7184/7607MB (lfb 1x4MB) SWAP 566/16384MB (cached 248MB) CPU [3%@729,4%@729,7%@729,69%@729,8%@1344,88%@1344] GR3D_FREQ 99% cpu@63.656C soc2@62.812C soc0@63.531C gpu@64.781C tj@64.781C soc1@62.625C VDD_IN 17889mW/17419mW VDD_CPU_GPU_CV 8744mW/8154mW VDD_SOC 4034mW/4002mW
08-11-2026 15:29:57 RAM 7185/7607MB (lfb 1x4MB) SWAP 566/16384MB (cached 248MB) CPU [6%@729,3%@729,9%@729,4%@729,6%@1036,92%@1036] GR3D_FREQ 99% cpu@63.718C soc2@62.781C soc0@63.562C gpu@65.156C tj@65.156C soc1@62.531C VDD_IN 18125mW/17423mW VDD_CPU_GPU_CV 8588mW/8157mW VDD_SOC 4073mW/4003mW
08-11-2026 15:29:58 RAM 7185/7607MB (lfb 1x4MB) SWAP 566/16384MB (cached 248MB) CPU [2%@729,4%@729,1%@729,0%@729,1%@1344,92%@1344] GR3D_FREQ 98% cpu@63.812C soc2@62.687C soc0@63.375C gpu@65.093C tj@65.093C soc1@62.406C VDD_IN 17850mW/17426mW VDD_CPU_GPU_CV 8784mW/8161mW VDD_SOC 3955mW/4002mW
08-11-2026 15:29:59 RAM 7186/7607MB (lfb 1x4MB) SWAP 566/16384MB (cached 248MB) CPU [4%@729,2%@729,4%@729,1%@729,1%@1344,85%@1344] GR3D_FREQ 98% cpu@63.656C soc2@62.843C soc0@63.406C gpu@65.062C tj@65.062C soc1@62.468C VDD_IN 18085mW/17429mW VDD_CPU_GPU_CV 8666mW/8164mW VDD_SOC 4073mW/4003mW
08-11-2026 15:30:00 RAM 7188/7607MB (lfb 1x4MB) SWAP 566/16384MB (cached 248MB) CPU [7%@1190,4%@1190,16%@1190,5%@1190,3%@1344,84%@1344] GR3D_FREQ 98% cpu@64.093C soc2@62.875C soc0@63.437C gpu@65.156C tj@65.156C soc1@62.593C VDD_IN 18046mW/17433mW VDD_CPU_GPU_CV 8901mW/8168mW VDD_SOC 3995mW/4003mW
08-11-2026 15:30:01 RAM 7187/7607MB (lfb 1x4MB) SWAP 566/16384MB (cached 248MB) CPU [4%@729,5%@729,4%@729,4%@729,0%@1344,86%@1344] GR3D_FREQ 98% cpu@63.593C soc2@62.781C soc0@63.5C gpu@65.281C tj@65.281C soc1@62.468C VDD_IN 18085mW/17437mW VDD_CPU_GPU_CV 8588mW/8170mW VDD_SOC 4073mW/4003mW
08-11-2026 15:30:02 RAM 7188/7607MB (lfb 1x4MB) SWAP 566/16384MB (cached 248MB) CPU [3%@729,2%@729,3%@729,1%@729,1%@1344,86%@1344] GR3D_FREQ 98% cpu@63.656C soc2@62.812C soc0@63.593C gpu@65.281C tj@65.281C soc1@62.375C VDD_IN 17850mW/17439mW VDD_CPU_GPU_CV 8588mW/8173mW VDD_SOC 4034mW/4003mW
08-11-2026 15:30:03 RAM 7189/7607MB (lfb 1x4MB) SWAP 566/16384MB (cached 248MB) CPU [1%@729,2%@729,2%@729,1%@729,3%@1344,86%@1344] GR3D_FREQ 98% cpu@63.843C soc2@62.75C soc0@63.437C gpu@65.312C tj@65.312C soc1@62.5C VDD_IN 17968mW/17442mW VDD_CPU_GPU_CV 8432mW/8174mW VDD_SOC 4112mW/4004mW
08-11-2026 15:30:04 RAM 7189/7607MB (lfb 1x4MB) SWAP 566/16384MB (cached 248MB) CPU [2%@729,1%@729,2%@729,1%@729,1%@1344,84%@1344] GR3D_FREQ 97% cpu@63.625C soc2@62.781C soc0@63.468C gpu@65.218C tj@65.218C soc1@62.531C VDD_IN 17772mW/17444mW VDD_CPU_GPU_CV 8393mW/8176mW VDD_SOC 4112mW/4005mW
08-11-2026 15:30:05 RAM 7190/7607MB (lfb 1x4MB) SWAP 566/16384MB (cached 248MB) CPU [2%@729,1%@729,8%@729,2%@729,0%@1344,85%@1344] GR3D_FREQ 98% cpu@63.875C soc2@62.812C soc0@63.562C gpu@65.312C tj@65.312C soc1@62.531C VDD_IN 17968mW/17447mW VDD_CPU_GPU_CV 8315mW/8176mW VDD_SOC 4190mW/4006mW
08-11-2026 15:30:06 RAM 7193/7607MB (lfb 1x4MB) SWAP 566/16384MB (cached 248MB) CPU [11%@729,4%@729,7%@729,12%@729,8%@1344,86%@1344] GR3D_FREQ 99% cpu@63.687C soc2@62.875C soc0@63.5C gpu@65.25C tj@65.25C soc1@62.437C VDD_IN 17889mW/17450mW VDD_CPU_GPU_CV 8159mW/8176mW VDD_SOC 4230mW/4007mW
08-11-2026 15:30:07 RAM 7194/7607MB (lfb 1x4MB) SWAP 566/16384MB (cached 248MB) CPU [3%@729,4%@729,5%@729,1%@729,1%@1344,82%@1344] GR3D_FREQ 98% cpu@63.687C soc2@62.781C soc0@63.437C gpu@65C tj@65C soc1@62.437C VDD_IN 17811mW/17452mW VDD_CPU_GPU_CV 7925mW/8175mW VDD_SOC 4308mW/4009mW
08-11-2026 15:30:08 RAM 7195/7607MB (lfb 1x4MB) SWAP 566/16384MB (cached 248MB) CPU [4%@729,2%@729,5%@729,2%@729,0%@1344,85%@1344] GR3D_FREQ 99% cpu@64.156C soc2@62.781C soc0@63.562C gpu@64.406C tj@64.406C soc1@62.531C VDD_IN 17772mW/17454mW VDD_CPU_GPU_CV 7690mW/8172mW VDD_SOC 4386mW/4011mW
08-11-2026 15:30:09 RAM 7196/7607MB (lfb 1x4MB) SWAP 566/16384MB (cached 248MB) CPU [4%@729,1%@729,2%@729,1%@729,1%@1344,85%@1344] GR3D_FREQ 99% cpu@63.687C soc2@62.781C soc0@63.468C gpu@65C tj@65C soc1@62.562C VDD_IN 17497mW/17454mW VDD_CPU_GPU_CV 8198mW/8172mW VDD_SOC 4119mW/4011mW
08-11-2026 15:30:10 RAM 7180/7607MB (lfb 1x4MB) SWAP 566/16384MB (cached 248MB) CPU [4%@729,3%@729,2%@729,2%@729,1%@1344,86%@1344] GR3D_FREQ 99% cpu@63.812C soc2@62.906C soc0@63.562C gpu@65.25C tj@65.25C soc1@62.656C VDD_IN 18085mW/17458mW VDD_CPU_GPU_CV 8432mW/8174mW VDD_SOC 4190mW/4012mW
08-11-2026 15:30:11 RAM 7171/7607MB (lfb 1x4MB) SWAP 566/16384MB (cached 248MB) CPU [8%@729,3%@729,14%@729,10%@729,5%@729,90%@729] GR3D_FREQ 99% cpu@63.437C soc2@62.812C soc0@63.468C gpu@64.593C tj@64.593C soc1@62.468C VDD_IN 17250mW/17456mW VDD_CPU_GPU_CV 8211mW/8174mW VDD_SOC 3923mW/4012mW
08-11-2026 15:30:12 RAM 7171/7607MB (lfb 1x4MB) SWAP 566/16384MB (cached 248MB) CPU [3%@729,1%@729,6%@729,2%@729,1%@729,69%@729] GR3D_FREQ 99% cpu@63.5C soc2@62.656C soc0@63.343C gpu@64.781C tj@64.781C soc1@62.375C VDD_IN 15822mW/17447mW VDD_CPU_GPU_CV 7441mW/8170mW VDD_SOC 3654mW/4010mW
08-11-2026 15:30:13 RAM 7257/7607MB (lfb 3x4MB) SWAP 585/16384MB (cached 247MB) CPU [27%@1344,35%@1344,20%@1344,34%@1344,70%@1344,27%@1344] GR3D_FREQ 0% cpu@63.468C soc2@62C soc0@63.093C gpu@62.718C tj@63.468C soc1@62.312C VDD_IN 8081mW/17396mW VDD_CPU_GPU_CV 2503mW/8139mW VDD_SOC 1950mW/3999mW
08-11-2026 15:30:14 RAM 7423/7607MB (lfb 2x4MB) SWAP 761/16384MB (cached 272MB) CPU [91%@1344,84%@1344,90%@1344,88%@1344,93%@1344,91%@1344] GR3D_FREQ 0% cpu@62.812C soc2@61.625C soc0@62.656C gpu@62.343C tj@62.812C soc1@62.062C VDD_IN 7695mW/17343mW VDD_CPU_GPU_CV 2468mW/8108mW VDD_SOC 1674mW/3986mW
08-11-2026 15:30:15 RAM 7361/7607MB (lfb 2x4MB) SWAP 811/16384MB (cached 229MB) CPU [21%@1344,62%@1344,21%@1344,17%@1344,19%@729,34%@729] GR3D_FREQ 98% cpu@62.687C soc2@61.656C soc0@62.718C gpu@63.875C tj@63.875C soc1@62.031C VDD_IN 12893mW/17319mW VDD_CPU_GPU_CV 5825mW/8095mW VDD_SOC 2527mW/3978mW
08-11-2026 15:30:16 RAM 7345/7607MB (lfb 2x4MB) SWAP 821/16384MB (cached 221MB) CPU [21%@1344,92%@1344,5%@1344,13%@1344,1%@729,13%@729] GR3D_FREQ 98% cpu@62.937C soc2@62.093C soc0@62.968C gpu@64.312C tj@64.312C soc1@62.093C VDD_IN 17850mW/17322mW VDD_CPU_GPU_CV 8315mW/8097mW VDD_SOC 4073mW/3978mW
08-11-2026 15:30:17 RAM 7342/7607MB (lfb 2x4MB) SWAP 822/16384MB (cached 221MB) CPU [7%@1344,91%@1344,2%@1344,2%@1344,4%@729,5%@729] GR3D_FREQ 98% cpu@63.062C soc2@62.281C soc0@63C gpu@64.5C tj@64.5C soc1@62C VDD_IN 17929mW/17325mW VDD_CPU_GPU_CV 8276mW/8098mW VDD_SOC 4151mW/3979mW
08-11-2026 15:30:18 RAM 7344/7607MB (lfb 2x4MB) SWAP 821/16384MB (cached 221MB) CPU [2%@1344,83%@1344,2%@1344,3%@1344,1%@729,0%@729] GR3D_FREQ 98% cpu@63.281C soc2@62.343C soc0@62.937C gpu@64.593C tj@64.593C soc1@62.062C VDD_IN 17889mW/17328mW VDD_CPU_GPU_CV 8120mW/8098mW VDD_SOC 4269mW/3981mW
08-11-2026 15:30:19 RAM 7345/7607MB (lfb 2x4MB) SWAP 821/16384MB (cached 221MB) CPU [6%@1344,86%@1344,2%@1344,1%@1344,0%@729,0%@729] GR3D_FREQ 98% cpu@63.343C soc2@62.406C soc0@62.968C gpu@64.5C tj@64.5C soc1@62.062C VDD_IN 17850mW/17331mW VDD_CPU_GPU_CV 7925mW/8097mW VDD_SOC 4308mW/3983mW
08-11-2026 15:30:20 RAM 7338/7607MB (lfb 2x4MB) SWAP 827/16384MB (cached 220MB) CPU [3%@1344,84%@1344,2%@1344,1%@1344,3%@729,4%@729] GR3D_FREQ 99% cpu@63.406C soc2@62.406C soc0@63.093C gpu@64.062C tj@64.062C soc1@62.218C VDD_IN 17408mW/17331mW VDD_CPU_GPU_CV 7664mW/8094mW VDD_SOC 4237mW/3984mW
08-11-2026 15:30:21 RAM 7341/7607MB (lfb 2x4MB) SWAP 827/16384MB (cached 220MB) CPU [5%@1344,84%@1344,12%@1344,16%@1344,2%@729,0%@729] GR3D_FREQ 96% cpu@63.531C soc2@62.5C soc0@63.093C gpu@65C tj@65C soc1@62.187C VDD_IN 17840mW/17334mW VDD_CPU_GPU_CV 8315mW/8096mW VDD_SOC 4112mW/3985mW
08-11-2026 15:30:23 RAM 7341/7607MB (lfb 2x4MB) SWAP 828/16384MB (cached 220MB) CPU [5%@729,37%@729,6%@729,3%@729,1%@729,51%@729] GR3D_FREQ 99% cpu@63.093C soc2@62.468C soc0@63.187C gpu@65.218C tj@65.218C soc1@62.062C VDD_IN 17654mW/17335mW VDD_CPU_GPU_CV 8510mW/8098mW VDD_SOC 4001mW/3985mW
08-11-2026 15:30:24 RAM 7340/7607MB (lfb 2x4MB) SWAP 829/16384MB (cached 220MB) CPU [4%@729,3%@729,8%@729,1%@729,2%@806,93%@806] GR3D_FREQ 99% cpu@63.281C soc2@62.5C soc0@63.062C gpu@64.812C tj@64.812C soc1@62.125C VDD_IN 17929mW/17338mW VDD_CPU_GPU_CV 8471mW/8100mW VDD_SOC 4073mW/3985mW
08-11-2026 15:30:25 RAM 7328/7607MB (lfb 2x4MB) SWAP 835/16384MB (cached 219MB) CPU [1%@1344,4%@1344,1%@1344,3%@1344,3%@1344,91%@1344] GR3D_FREQ 98% cpu@63.562C soc2@62.531C soc0@63.093C gpu@65.156C tj@65.156C soc1@62.156C VDD_IN 17850mW/17341mW VDD_CPU_GPU_CV 8823mW/8104mW VDD_SOC 3955mW/3985mW
08-11-2026 15:30:26 RAM 7328/7607MB (lfb 2x4MB) SWAP 835/16384MB (cached 219MB) CPU [2%@729,2%@729,4%@729,3%@729,2%@1344,85%@1344] GR3D_FREQ 98% cpu@63.312C soc2@62.468C soc0@63.093C gpu@65.218C tj@65.218C soc1@62.218C VDD_IN 18046mW/17345mW VDD_CPU_GPU_CV 8666mW/8106mW VDD_SOC 4073mW/3985mW
08-11-2026 15:30:27 RAM 7328/7607MB (lfb 2x4MB) SWAP 835/16384MB (cached 219MB) CPU [3%@729,1%@729,3%@729,5%@729,0%@1344,82%@1344] GR3D_FREQ 98% cpu@63.656C soc2@62.406C soc0@63.093C gpu@64.843C tj@64.843C soc1@62.312C VDD_IN 17772mW/17347mW VDD_CPU_GPU_CV 8705mW/8109mW VDD_SOC 3995mW/3986mW
08-11-2026 15:30:28 RAM 6725/7607MB (lfb 2x4MB) SWAP 830/16384MB (cached 219MB) CPU [29%@1344,30%@1344,9%@1344,17%@1344,24%@729,26%@729] GR3D_FREQ 0% cpu@62.718C soc2@61.875C soc0@63C gpu@62.531C tj@63C soc1@62C VDD_IN 9220mW/17305mW VDD_CPU_GPU_CV 2777mW/8082mW VDD_SOC 2662mW/3979mW
