
slorado base-caller version 0.5.0-beta
model path:         models/dna_r10.4.1_e8.2_400bps_fast@v5.0.0
input path:         test/PGXXXX230339/reads_20k.blow5
output path:        /dev/null
device:             cuda:all
chunk size:         12288
read batch size:    4096
gpu batch size:     128
no. threads:        8
overlap:            150
overlap decode:     yes
fixed-c batch:      no (narrow partials)
flush threshold:    64

[parse_qscore_params::INFO][1;34m mean_qscore_start_pos not found in config toml, setting default to 60[0m
[basecaller_main::0.786*1.82] 4096 Entries (201.7M bytes) loaded
[basecaller_main::36.906*0.31] 4096 Entries (201.7M bytes) processed
[basecaller_main::37.464*0.31] 4096 Entries (212.8M bytes) loaded
[basecaller_main::73.422*0.27] 4096 Entries (212.8M bytes) processed
[basecaller_main::73.933*0.28] 4096 Entries (198.2M bytes) loaded
[basecaller_main::107.738*0.26] 4096 Entries (198.2M bytes) processed
[basecaller_main::108.256*0.26] 4096 Entries (203.8M bytes) loaded
[basecaller_main::142.807*0.26] 4096 Entries (203.8M bytes) processed
[basecaller_main::142.922*0.26] 3616 Entries (181.5M bytes) loaded
[basecaller_main::173.716*0.25] 3616 Entries (181.5M bytes) processed

[basecaller_main] total entries: 20000
[basecaller_main] total bytes: 998.1 M
[basecaller_main] model initialization: 0.218 sec
[basecaller_main] data loading: 2.167 sec
[basecaller_main] data processing: 171.228 sec
[basecaller_main]     - parse: 4.215 sec
[basecaller_main]     - preprocess: 0.351 sec
[basecaller_main]     - runners: 166.415 sec
[basecaller_main]          - synchronisation: 0.000 sec
[basecaller_main]          - model runner [0]: 166.397 sec
[basecaller_main]             - accept: 4.760 sec
[basecaller_main]             - basecall: 161.637 sec
[basecaller_main]                 - inference: 72.746 sec
[basecaller_main]                     - conv_stack: 2.640 sec
[basecaller_main]                         - input [N,C,T]: [64, 1, 12288]
[basecaller_main]                         - conv[0]: 1.124 sec
[basecaller_main]                             in  [N,C,T]: [64, 1, 12288]
[basecaller_main]                             out [N,C,T]: [64, 16, 12288]
[basecaller_main]                             op: 0.936 sec  act: 0.189 sec
[basecaller_main]                         - conv[1]: 0.797 sec
[basecaller_main]                             in  [N,C,T]: [64, 16, 12288]
[basecaller_main]                             out [N,C,T]: [64, 16, 12288]
[basecaller_main]                             op: 0.664 sec  act: 0.133 sec
[basecaller_main]                         - conv[2]: 0.704 sec
[basecaller_main]                             in  [N,C,T]: [64, 16, 12288]
[basecaller_main]                             out [N,C,T]: [64, 96, 2048]
[basecaller_main]                             op: 0.576 sec  act: 0.128 sec
[basecaller_main]                         - transpose: 0.015 sec
[basecaller_main]                             in  [N,C,T]: [64, 96, 2048]
[basecaller_main]                             out [N,T,C]: [64, 2048, 96]
[basecaller_main]                     - rnns: 9.989 sec
[basecaller_main]                         - rnn[0] (reverse): 2.794 sec
[basecaller_main]                             in  [N,T,C]: [64, 2048, 96]
[basecaller_main]                             out [N,T,C]: [64, 2048, 96]
[basecaller_main]                             flip: 0.138 sec  lstm: 2.655 sec
[basecaller_main]                         - rnn[1] (forward): 1.815 sec
[basecaller_main]                             in  [N,T,C]: [64, 2048, 96]
[basecaller_main]                             out [N,T,C]: [64, 2048, 96]
[basecaller_main]                             flip: 0.134 sec  lstm: 1.682 sec
[basecaller_main]                         - rnn[2] (reverse): 1.760 sec
[basecaller_main]                             in  [N,T,C]: [64, 2048, 96]
[basecaller_main]                             out [N,T,C]: [64, 2048, 96]
[basecaller_main]                             flip: 0.124 sec  lstm: 1.636 sec
[basecaller_main]                         - rnn[3] (forward): 1.747 sec
[basecaller_main]                             in  [N,T,C]: [64, 2048, 96]
[basecaller_main]                             out [N,T,C]: [64, 2048, 96]
[basecaller_main]                             flip: 0.121 sec  lstm: 1.626 sec
[basecaller_main]                         - rnn[4] (reverse): 1.746 sec
[basecaller_main]                             in  [N,T,C]: [64, 2048, 96]
[basecaller_main]                             out [N,T,C]: [64, 2048, 96]
[basecaller_main]                             flip: 0.120 sec  lstm: 1.626 sec
[basecaller_main]                         - rnn_out_flip: 0.128 sec
[basecaller_main]                             out [N,T,C]: [64, 2048, 96]
[basecaller_main]                     - crf_1: 0.431 sec
[basecaller_main]                         in  [N,T,C]: [64, 2048, 96]
[basecaller_main]                         out [N,T,C]: [64, 2048, 256]
[basecaller_main]                     - crf_2: 0.000 sec
[basecaller_main]                     - clamp: 0.079 sec
[basecaller_main]                 - decode: 160.991 sec
[basecaller_main]                     - scores [N,T,C]: [9, 2048, 256]
[basecaller_main]                     - bwd_scan: 3.849 sec
[basecaller_main]                     - beam_search: 67.047 sec
[basecaller_main]                     - fwd_post_scan: 16.092 sec
[basecaller_main]                     - qual_data: 7.859 sec
[basecaller_main]                     - gen_sequence: 5.211 sec
[basecaller_main]                     - d2h_copy: 0.069 sec
[basecaller_main]             - modcall: 0.000 sec
[basecaller_main] load-imbalance: 1598 GPU batches (1598 tail), 102089 real chunks, 102455 padded slots -> 50.1% of 204544 launched GPU slots wasted on padding
[basecaller_main]     - postprocess: 0.246 sec
[basecaller_main]     - mod_preprocess: 0.000 sec
[basecaller_main]     - mod_postprocess: 0.000 sec
[basecaller_main] data output: 0.112 sec
[basecaller_main] data free: 0.084 sec
[main] Version: 0.5.0-beta
[main] CMD: ./slorado basecaller -C 128 -c 12288 -K 4096 -p 150 --overlap-decode=yes --fixed-c-batch=no --flush-threshold=64 -o /dev/null models/dna_r10.4.1_e8.2_400bps_fast@v5.0.0 test/PGXXXX230339/reads_20k.blow5
[main] Real time: 173.820 sec; CPU time: 44.141 sec; Peak RAM: 4.455 GB

