08-11-2026 17:38:37 RAM 2064/7607MB (lfb 135x4MB) SWAP 1414/16384MB (cached 142MB) CPU [0%@729,1%@729,3%@1036,4%@1036,0%@729,0%@729] GR3D_FREQ 6% cpu@58.218C soc2@57.343C soc0@59.062C gpu@57.656C tj@59.062C soc1@58.468C VDD_IN 5216mW/5216mW VDD_CPU_GPU_CV 641mW/641mW VDD_SOC 1482mW/1482mW
08-11-2026 17:38:38 RAM 2247/7607MB (lfb 135x4MB) SWAP 1414/16384MB (cached 142MB) CPU [60%@729,10%@729,16%@729,10%@729,12%@1344,7%@1344] GR3D_FREQ 15% cpu@58.437C soc2@57.25C soc0@58.718C gpu@57.625C tj@58.718C soc1@58.375C VDD_IN 5920mW/5568mW VDD_CPU_GPU_CV 1158mW/900mW VDD_SOC 1517mW/1500mW
08-11-2026 17:38:39 RAM 2761/7607MB (lfb 135x4MB) SWAP 1414/16384MB (cached 142MB) CPU [26%@883,21%@883,23%@883,24%@883,61%@1344,33%@1344] GR3D_FREQ 1% cpu@58.437C soc2@57.281C soc0@58.687C gpu@57.625C tj@58.687C soc1@58.375C VDD_IN 6429mW/5855mW VDD_CPU_GPU_CV 1515mW/1105mW VDD_SOC 1557mW/1519mW
08-11-2026 17:38:40 RAM 3457/7607MB (lfb 113x4MB) SWAP 1414/16384MB (cached 142MB) CPU [70%@1344,66%@1344,67%@1344,62%@1344,68%@1344,73%@1344] GR3D_FREQ 10% cpu@58.656C soc2@57.25C soc0@58.656C gpu@57.687C tj@58.656C soc1@58.312C VDD_IN 7188mW/6188mW VDD_CPU_GPU_CV 2113mW/1357mW VDD_SOC 1634mW/1548mW
08-11-2026 17:38:41 RAM 4416/7607MB (lfb 37x4MB) SWAP 1414/16384MB (cached 142MB) CPU [70%@729,21%@729,23%@729,19%@729,28%@1344,18%@1344] GR3D_FREQ 0% cpu@57.968C soc2@57.25C soc0@58.593C gpu@57.75C tj@58.593C soc1@58C VDD_IN 7775mW/6506mW VDD_CPU_GPU_CV 2269mW/1539mW VDD_SOC 1794mW/1597mW
08-11-2026 17:38:42 RAM 4515/7607MB (lfb 37x4MB) SWAP 1414/16384MB (cached 142MB) CPU [3%@729,1%@729,1%@729,3%@729,16%@729,0%@729] GR3D_FREQ 99% cpu@58.625C soc2@57.687C soc0@58.718C gpu@59.687C tj@59.687C soc1@58.093C VDD_IN 14018mW/7758mW VDD_CPU_GPU_CV 6140mW/2306mW VDD_SOC 3198mW/1864mW
08-11-2026 17:38:43 RAM 4517/7607MB (lfb 38x4MB) SWAP 1414/16384MB (cached 142MB) CPU [1%@729,2%@729,0%@729,2%@729,11%@729,0%@729] GR3D_FREQ 99% cpu@59.125C soc2@57.937C soc0@58.875C gpu@60C tj@60C soc1@58.218C VDD_IN 15493mW/8863mW VDD_CPU_GPU_CV 6708mW/2935mW VDD_SOC 3857mW/2148mW
08-11-2026 17:38:44 RAM 4520/7607MB (lfb 37x4MB) SWAP 1414/16384MB (cached 142MB) CPU [2%@729,2%@729,3%@729,1%@729,12%@729,0%@729] GR3D_FREQ 99% cpu@58.875C soc2@58.156C soc0@58.875C gpu@60.187C tj@60.187C soc1@58.343C VDD_IN 15651mW/9711mW VDD_CPU_GPU_CV 6747mW/3411mW VDD_SOC 3896mW/2367mW
08-11-2026 17:38:45 RAM 4522/7607MB (lfb 37x4MB) SWAP 1414/16384MB (cached 142MB) CPU [1%@729,1%@729,1%@729,2%@729,12%@729,0%@729] GR3D_FREQ 99% cpu@59.062C soc2@58.218C soc0@59.093C gpu@60.218C tj@60.218C soc1@58.343C VDD_IN 15611mW/10367mW VDD_CPU_GPU_CV 6787mW/3786mW VDD_SOC 3936mW/2541mW
08-11-2026 17:38:46 RAM 4525/7607MB (lfb 38x4MB) SWAP 1414/16384MB (cached 142MB) CPU [9%@729,3%@729,3%@729,18%@729,12%@729,2%@729] GR3D_FREQ 99% cpu@59.125C soc2@58.343C soc0@59C gpu@60.218C tj@60.218C soc1@58.375C VDD_IN 15769mW/10907mW VDD_CPU_GPU_CV 6826mW/4090mW VDD_SOC 3936mW/2681mW
08-11-2026 17:38:47 RAM 4527/7607MB (lfb 37x4MB) SWAP 1414/16384MB (cached 142MB) CPU [3%@729,1%@729,2%@729,0%@729,12%@729,0%@729] GR3D_FREQ 99% cpu@59.25C soc2@58.375C soc0@59.218C gpu@60.156C tj@60.156C soc1@58.437C VDD_IN 15572mW/11331mW VDD_CPU_GPU_CV 6747mW/4332mW VDD_SOC 3896mW/2791mW
08-11-2026 17:38:48 RAM 4530/7607MB (lfb 37x4MB) SWAP 1414/16384MB (cached 142MB) CPU [2%@729,2%@729,1%@729,2%@729,12%@729,0%@729] GR3D_FREQ 99% cpu@59.562C soc2@58.437C soc0@59.218C gpu@60.437C tj@60.437C soc1@58.625C VDD_IN 15611mW/11688mW VDD_CPU_GPU_CV 6787mW/4537mW VDD_SOC 3896mW/2883mW
08-11-2026 17:38:49 RAM 4532/7607MB (lfb 38x4MB) SWAP 1414/16384MB (cached 142MB) CPU [2%@729,1%@729,2%@729,1%@729,12%@729,0%@729] GR3D_FREQ 99% cpu@59.312C soc2@58.406C soc0@59.25C gpu@60.531C tj@60.531C soc1@58.437C VDD_IN 15690mW/11996mW VDD_CPU_GPU_CV 6787mW/4710mW VDD_SOC 3936mW/2964mW
08-11-2026 17:38:50 RAM 4534/7607MB (lfb 38x4MB) SWAP 1414/16384MB (cached 142MB) CPU [2%@729,1%@729,2%@729,1%@729,12%@729,1%@729] GR3D_FREQ 99% cpu@59.437C soc2@58.531C soc0@59.343C gpu@60.656C tj@60.656C soc1@58.531C VDD_IN 15611mW/12254mW VDD_CPU_GPU_CV 6787mW/4858mW VDD_SOC 3936mW/3034mW
08-11-2026 17:38:51 RAM 4538/7607MB (lfb 37x4MB) SWAP 1414/16384MB (cached 142MB) CPU [6%@729,0%@729,19%@729,7%@729,9%@729,4%@729] GR3D_FREQ 99% cpu@59.656C soc2@58.5C soc0@59.281C gpu@60.812C tj@60.812C soc1@58.656C VDD_IN 15809mW/12491mW VDD_CPU_GPU_CV 6904mW/4994mW VDD_SOC 3936mW/3094mW
08-11-2026 17:38:52 RAM 4539/7607MB (lfb 38x4MB) SWAP 1414/16384MB (cached 142MB) CPU [1%@729,2%@729,1%@729,1%@729,0%@729,11%@729] GR3D_FREQ 99% cpu@59.375C soc2@58.593C soc0@59.437C gpu@60.656C tj@60.656C soc1@58.625C VDD_IN 15651mW/12688mW VDD_CPU_GPU_CV 6787mW/5106mW VDD_SOC 3936mW/3146mW
08-11-2026 17:38:53 RAM 4542/7607MB (lfb 38x4MB) SWAP 1414/16384MB (cached 142MB) CPU [2%@729,3%@729,2%@729,1%@729,0%@729,13%@729] GR3D_FREQ 99% cpu@59.437C soc2@58.656C soc0@59.593C gpu@60.593C tj@60.593C soc1@58.781C VDD_IN 15690mW/12865mW VDD_CPU_GPU_CV 6787mW/5205mW VDD_SOC 3936mW/3193mW
08-11-2026 17:38:54 RAM 4544/7607MB (lfb 37x4MB) SWAP 1414/16384MB (cached 142MB) CPU [1%@729,1%@729,2%@729,0%@729,0%@729,12%@729] GR3D_FREQ 99% cpu@59.5C soc2@58.718C soc0@59.593C gpu@60.562C tj@60.562C soc1@58.687C VDD_IN 15651mW/13020mW VDD_CPU_GPU_CV 6747mW/5291mW VDD_SOC 3936mW/3234mW
08-11-2026 17:38:55 RAM 4546/7607MB (lfb 37x4MB) SWAP 1414/16384MB (cached 142MB) CPU [2%@729,2%@729,2%@729,1%@729,0%@729,12%@729] GR3D_FREQ 99% cpu@59.875C soc2@58.625C soc0@59.468C gpu@61.062C tj@61.062C soc1@58.656C VDD_IN 15611mW/13156mW VDD_CPU_GPU_CV 6787mW/5370mW VDD_SOC 3936mW/3271mW
08-11-2026 17:38:56 RAM 4550/7607MB (lfb 38x4MB) SWAP 1414/16384MB (cached 142MB) CPU [7%@960,7%@960,8%@960,3%@960,0%@729,12%@729] GR3D_FREQ 99% cpu@60.093C soc2@58.75C soc0@59.593C gpu@60.968C tj@60.968C soc1@58.812C VDD_IN 15848mW/13291mW VDD_CPU_GPU_CV 6944mW/5448mW VDD_SOC 3936mW/3304mW
08-11-2026 17:38:57 RAM 4553/7607MB (lfb 37x4MB) SWAP 1414/16384MB (cached 142MB) CPU [3%@729,3%@729,5%@729,4%@729,13%@729,0%@729] GR3D_FREQ 99% cpu@59.531C soc2@58.843C soc0@59.687C gpu@61.031C tj@61.031C soc1@58.937C VDD_IN 15690mW/13405mW VDD_CPU_GPU_CV 6826mW/5514mW VDD_SOC 3936mW/3334mW
08-11-2026 17:38:58 RAM 4555/7607MB (lfb 38x4MB) SWAP 1414/16384MB (cached 142MB) CPU [1%@1344,1%@1344,2%@1344,2%@1344,12%@729,0%@729] GR3D_FREQ 99% cpu@59.656C soc2@58.968C soc0@59.812C gpu@61.187C tj@61.187C soc1@58.812C VDD_IN 15651mW/13507mW VDD_CPU_GPU_CV 6787mW/5572mW VDD_SOC 3936mW/3362mW
08-11-2026 17:38:59 RAM 4557/7607MB (lfb 38x4MB) SWAP 1414/16384MB (cached 142MB) CPU [4%@729,3%@729,2%@729,1%@729,12%@729,0%@729] GR3D_FREQ 99% cpu@59.812C soc2@58.843C soc0@59.687C gpu@61C tj@61C soc1@58.843C VDD_IN 15730mW/13604mW VDD_CPU_GPU_CV 6826mW/5626mW VDD_SOC 3936mW/3387mW
08-11-2026 17:39:00 RAM 4560/7607MB (lfb 37x4MB) SWAP 1414/16384MB (cached 142MB) CPU [0%@729,2%@729,1%@729,2%@729,12%@729,0%@729] GR3D_FREQ 99% cpu@59.968C soc2@58.812C soc0@59.687C gpu@60.937C tj@60.937C soc1@58.875C VDD_IN 15690mW/13691mW VDD_CPU_GPU_CV 6787mW/5675mW VDD_SOC 3936mW/3410mW
08-11-2026 17:39:01 RAM 4562/7607MB (lfb 37x4MB) SWAP 1414/16384MB (cached 142MB) CPU [2%@729,2%@729,1%@729,3%@729,12%@729,0%@729] GR3D_FREQ 99% cpu@59.875C soc2@58.843C soc0@59.718C gpu@60.968C tj@60.968C soc1@58.937C VDD_IN 15690mW/13771mW VDD_CPU_GPU_CV 6787mW/5719mW VDD_SOC 3936mW/3431mW
08-11-2026 17:39:02 RAM 4566/7607MB (lfb 38x4MB) SWAP 1413/16384MB (cached 142MB) CPU [3%@729,9%@729,3%@729,15%@729,12%@729,1%@729] GR3D_FREQ 99% cpu@60.156C soc2@58.968C soc0@59.843C gpu@61.156C tj@61.156C soc1@59C VDD_IN 15769mW/13847mW VDD_CPU_GPU_CV 6865mW/5763mW VDD_SOC 3936mW/3450mW
08-11-2026 17:39:03 RAM 4568/7607MB (lfb 37x4MB) SWAP 1413/16384MB (cached 142MB) CPU [3%@729,6%@729,2%@729,3%@729,11%@729,1%@729] GR3D_FREQ 99% cpu@59.875C soc2@59C soc0@59.968C gpu@61.031C tj@61.031C soc1@58.937C VDD_IN 15769mW/13919mW VDD_CPU_GPU_CV 6826mW/5803mW VDD_SOC 3975mW/3470mW
08-11-2026 17:39:04 RAM 4570/7607MB (lfb 37x4MB) SWAP 1413/16384MB (cached 142MB) CPU [1%@729,2%@729,0%@729,1%@729,12%@729,0%@729] GR3D_FREQ 99% cpu@60C soc2@59C soc0@59.812C gpu@61.062C tj@60.906C soc1@59C VDD_IN 15690mW/13982mW VDD_CPU_GPU_CV 6787mW/5838mW VDD_SOC 3936mW/3486mW
08-11-2026 17:39:05 RAM 4573/7607MB (lfb 38x4MB) SWAP 1413/16384MB (cached 142MB) CPU [2%@729,2%@729,2%@729,1%@729,12%@729,1%@729] GR3D_FREQ 99% cpu@60.218C soc2@59.062C soc0@60C gpu@60.875C tj@60.875C soc1@59.031C VDD_IN 15730mW/14042mW VDD_CPU_GPU_CV 6826mW/5872mW VDD_SOC 3936mW/3502mW
08-11-2026 17:39:06 RAM 4575/7607MB (lfb 37x4MB) SWAP 1413/16384MB (cached 142MB) CPU [2%@729,1%@729,1%@729,2%@729,12%@729,0%@729] GR3D_FREQ 99% cpu@59.875C soc2@59.062C soc0@59.843C gpu@61.125C tj@61.125C soc1@59.125C VDD_IN 15730mW/14098mW VDD_CPU_GPU_CV 6826mW/5904mW VDD_SOC 3936mW/3516mW
08-11-2026 17:39:07 RAM 4582/7607MB (lfb 38x4MB) SWAP 1413/16384MB (cached 142MB) CPU [4%@729,12%@729,2%@729,18%@729,12%@729,1%@729] GR3D_FREQ 99% cpu@59.968C soc2@59.187C soc0@60.031C gpu@60.937C tj@60.937C soc1@59.062C VDD_IN 15769mW/14152mW VDD_CPU_GPU_CV 6904mW/5936mW VDD_SOC 3936mW/3530mW
08-11-2026 17:39:08 RAM 4585/7607MB (lfb 37x4MB) SWAP 1413/16384MB (cached 142MB) CPU [1%@729,0%@729,1%@729,2%@729,12%@729,0%@729] GR3D_FREQ 99% cpu@59.937C soc2@59.218C soc0@59.937C gpu@60.937C tj@60.937C soc1@59.156C VDD_IN 15611mW/14198mW VDD_CPU_GPU_CV 6787mW/5963mW VDD_SOC 3936mW/3542mW
08-11-2026 17:39:09 RAM 4588/7607MB (lfb 38x4MB) SWAP 1413/16384MB (cached 142MB) CPU [3%@729,3%@729,1%@729,0%@729,12%@729,0%@729] GR3D_FREQ 99% cpu@60.062C soc2@59.218C soc0@59.875C gpu@61.375C tj@61.375C soc1@59.218C VDD_IN 15651mW/14242mW VDD_CPU_GPU_CV 6787mW/5988mW VDD_SOC 3936mW/3554mW
08-11-2026 17:39:10 RAM 4590/7607MB (lfb 38x4MB) SWAP 1413/16384MB (cached 142MB) CPU [2%@729,2%@729,4%@729,1%@729,12%@729,1%@729] GR3D_FREQ 99% cpu@60.343C soc2@59.187C soc0@60C gpu@61.468C tj@61.468C soc1@59.187C VDD_IN 15730mW/14286mW VDD_CPU_GPU_CV 6787mW/6011mW VDD_SOC 3936mW/3566mW
08-11-2026 17:39:11 RAM 4590/7607MB (lfb 38x4MB) SWAP 1413/16384MB (cached 142MB) CPU [2%@729,2%@729,1%@729,1%@729,12%@729,0%@729] GR3D_FREQ 99% cpu@60.031C soc2@59.281C soc0@60.093C gpu@61.375C tj@61.375C soc1@59.312C VDD_IN 15690mW/14326mW VDD_CPU_GPU_CV 6787mW/6033mW VDD_SOC 3936mW/3576mW
08-11-2026 17:39:12 RAM 4594/7607MB (lfb 37x4MB) SWAP 1413/16384MB (cached 142MB) CPU [17%@1190,6%@1190,3%@1190,2%@1190,12%@729,0%@729] GR3D_FREQ 99% cpu@60.25C soc2@59.343C soc0@60.25C gpu@61.406C tj@61.406C soc1@59.187C VDD_IN 15809mW/14367mW VDD_CPU_GPU_CV 6944mW/6059mW VDD_SOC 3936mW/3586mW
08-11-2026 17:39:13 RAM 4596/7607MB (lfb 38x4MB) SWAP 1413/16384MB (cached 142MB) CPU [6%@729,3%@729,3%@729,4%@729,12%@729,0%@729] GR3D_FREQ 99% cpu@60.125C soc2@59.281C soc0@60.093C gpu@61.625C tj@61.625C soc1@59.218C VDD_IN 15690mW/14403mW VDD_CPU_GPU_CV 6787mW/6078mW VDD_SOC 3936mW/3596mW
08-11-2026 17:39:14 RAM 4598/7607MB (lfb 38x4MB) SWAP 1413/16384MB (cached 142MB) CPU [1%@729,2%@729,0%@729,1%@729,11%@729,1%@729] GR3D_FREQ 99% cpu@60.218C soc2@59.312C soc0@60.156C gpu@61.5C tj@61.5C soc1@59.312C VDD_IN 15730mW/14438mW VDD_CPU_GPU_CV 6826mW/6098mW VDD_SOC 3936mW/3605mW
08-11-2026 17:39:15 RAM 4685/7607MB (lfb 37x4MB) SWAP 1413/16384MB (cached 142MB) CPU [8%@729,19%@729,6%@729,14%@729,10%@729,8%@729] GR3D_FREQ 0% cpu@59.968C soc2@58.718C soc0@59.875C gpu@59.281C tj@59.968C soc1@59.312C VDD_IN 8120mW/14276mW VDD_CPU_GPU_CV 2225mW/5999mW VDD_SOC 2308mW/3571mW
08-11-2026 17:39:16 RAM 5098/7607MB (lfb 26x4MB) SWAP 1413/16384MB (cached 142MB) CPU [74%@729,75%@729,73%@729,79%@729,74%@729,73%@729] GR3D_FREQ 99% cpu@59.343C soc2@58.562C soc0@59.687C gpu@59.968C tj@59.968C soc1@59.125C VDD_IN 8797mW/14139mW VDD_CPU_GPU_CV 2980mW/5923mW VDD_SOC 1950mW/3531mW
08-11-2026 17:39:17 RAM 5098/7607MB (lfb 26x4MB) SWAP 1413/16384MB (cached 142MB) CPU [2%@729,1%@729,2%@729,11%@729,1%@729,1%@729] GR3D_FREQ 99% cpu@59.781C soc2@59C soc0@59.937C gpu@60.781C tj@60.781C soc1@58.937C VDD_IN 15020mW/14160mW VDD_CPU_GPU_CV 6483mW/5937mW VDD_SOC 3745mW/3536mW
08-11-2026 17:39:18 RAM 5103/7607MB (lfb 26x4MB) SWAP 1413/16384MB (cached 142MB) CPU [4%@729,12%@729,13%@729,18%@729,0%@729,1%@729] GR3D_FREQ 99% cpu@60.093C soc2@59.031C soc0@59.906C gpu@60.906C tj@60.906C soc1@59.125C VDD_IN 15651mW/14196mW VDD_CPU_GPU_CV 6826mW/5958mW VDD_SOC 3896mW/3545mW
08-11-2026 17:39:19 RAM 5103/7607MB (lfb 26x4MB) SWAP 1413/16384MB (cached 142MB) CPU [3%@729,2%@729,13%@729,2%@729,0%@729,0%@729] GR3D_FREQ 99% cpu@60.093C soc2@59.062C soc0@59.906C gpu@61.218C tj@61.218C soc1@59.156C VDD_IN 15690mW/14230mW VDD_CPU_GPU_CV 6787mW/5977mW VDD_SOC 3936mW/3554mW
08-11-2026 17:39:20 RAM 5103/7607MB (lfb 26x4MB) SWAP 1413/16384MB (cached 142MB) CPU [2%@729,2%@729,13%@729,1%@729,0%@729,1%@729] GR3D_FREQ 99% cpu@60.468C soc2@59.187C soc0@60.062C gpu@61.406C tj@61.406C soc1@59.312C VDD_IN 15730mW/14265mW VDD_CPU_GPU_CV 6826mW/5997mW VDD_SOC 3936mW/3562mW
08-11-2026 17:39:21 RAM 5103/7607MB (lfb 26x4MB) SWAP 1413/16384MB (cached 142MB) CPU [13%@729,1%@729,1%@729,1%@729,0%@729,2%@729] GR3D_FREQ 99% cpu@60.031C soc2@59.281C soc0@60.125C gpu@61.437C tj@61.437C soc1@59.343C VDD_IN 15690mW/14296mW VDD_CPU_GPU_CV 6787mW/6014mW VDD_SOC 3936mW/3571mW
08-11-2026 17:39:22 RAM 5104/7607MB (lfb 26x4MB) SWAP 1413/16384MB (cached 142MB) CPU [13%@729,0%@729,1%@729,1%@729,2%@729,1%@729] GR3D_FREQ 99% cpu@60.156C soc2@59.312C soc0@60.187C gpu@61.562C tj@61.562C soc1@59.218C VDD_IN 15690mW/14327mW VDD_CPU_GPU_CV 6787mW/6031mW VDD_SOC 3936mW/3579mW
08-11-2026 17:39:23 RAM 5106/7607MB (lfb 26x4MB) SWAP 1413/16384MB (cached 142MB) CPU [10%@729,7%@729,7%@729,18%@729,2%@729,0%@729] GR3D_FREQ 99% cpu@60.281C soc2@59.281C soc0@60.062C gpu@61.812C tj@61.812C soc1@59.343C VDD_IN 15887mW/14360mW VDD_CPU_GPU_CV 6944mW/6050mW VDD_SOC 3975mW/3587mW
08-11-2026 17:39:24 RAM 5106/7607MB (lfb 26x4MB) SWAP 1413/16384MB (cached 142MB) CPU [1%@729,2%@729,12%@729,3%@729,0%@729,0%@729] GR3D_FREQ 99% cpu@60.25C soc2@59.406C soc0@60.156C gpu@61.406C tj@61.406C soc1@59.343C VDD_IN 15730mW/14388mW VDD_CPU_GPU_CV 6865mW/6067mW VDD_SOC 3936mW/3594mW
08-11-2026 17:39:25 RAM 5109/7607MB (lfb 26x4MB) SWAP 1413/16384MB (cached 142MB) CPU [2%@729,1%@729,15%@729,1%@729,0%@729,0%@729] GR3D_FREQ 99% cpu@60.5C soc2@59.375C soc0@60.187C gpu@61.375C tj@61.375C soc1@59.406C VDD_IN 15690mW/14415mW VDD_CPU_GPU_CV 6826mW/6083mW VDD_SOC 3936mW/3601mW
08-11-2026 17:39:26 RAM 5112/7607MB (lfb 26x4MB) SWAP 1413/16384MB (cached 142MB) CPU [1%@729,1%@729,13%@729,2%@729,0%@729,1%@729] GR3D_FREQ 99% cpu@60.25C soc2@59.343C soc0@60.281C gpu@61.468C tj@61.468C soc1@59.343C VDD_IN 15730mW/14441mW VDD_CPU_GPU_CV 6826mW/6098mW VDD_SOC 3936mW/3608mW
08-11-2026 17:39:27 RAM 5114/7607MB (lfb 26x4MB) SWAP 1413/16384MB (cached 142MB) CPU [2%@729,4%@729,13%@729,1%@729,0%@729,0%@729] GR3D_FREQ 99% cpu@60.312C soc2@59.437C soc0@60.187C gpu@61.906C tj@61.906C soc1@59.406C VDD_IN 15690mW/14466mW VDD_CPU_GPU_CV 6826mW/6112mW VDD_SOC 3936mW/3614mW
08-11-2026 17:39:28 RAM 5120/7607MB (lfb 26x4MB) SWAP 1413/16384MB (cached 142MB) CPU [10%@1267,3%@1267,13%@1267,18%@1267,0%@729,0%@729] GR3D_FREQ 99% cpu@60.718C soc2@59.562C soc0@60.25C gpu@61.343C tj@61.343C soc1@59.437C VDD_IN 15927mW/14494mW VDD_CPU_GPU_CV 7022mW/6129mW VDD_SOC 3936mW/3621mW
08-11-2026 17:39:29 RAM 5121/7607MB (lfb 26x4MB) SWAP 1413/16384MB (cached 142MB) CPU [6%@729,2%@729,9%@729,2%@729,0%@729,1%@729] GR3D_FREQ 99% cpu@60.187C soc2@59.625C soc0@60.25C gpu@61.343C tj@61.343C soc1@59.468C VDD_IN 15769mW/14518mW VDD_CPU_GPU_CV 6826mW/6143mW VDD_SOC 3936mW/3627mW
08-11-2026 17:39:30 RAM 5123/7607MB (lfb 26x4MB) SWAP 1413/16384MB (cached 142MB) CPU [10%@729,2%@729,6%@729,1%@729,0%@729,0%@729] GR3D_FREQ 99% cpu@60.25C soc2@59.625C soc0@60.343C gpu@61.562C tj@61.562C soc1@59.562C VDD_IN 15730mW/14540mW VDD_CPU_GPU_CV 6787mW/6155mW VDD_SOC 3936mW/3632mW
08-11-2026 17:39:31 RAM 5126/7607MB (lfb 26x4MB) SWAP 1413/16384MB (cached 142MB) CPU [6%@729,1%@729,8%@729,2%@729,0%@729,0%@729] GR3D_FREQ 99% cpu@60.437C soc2@59.531C soc0@60.437C gpu@61.468C tj@61.468C soc1@59.406C VDD_IN 15730mW/14562mW VDD_CPU_GPU_CV 6826mW/6167mW VDD_SOC 3975mW/3639mW
08-11-2026 17:39:32 RAM 5128/7607MB (lfb 26x4MB) SWAP 1413/16384MB (cached 142MB) CPU [12%@729,2%@729,1%@729,1%@729,0%@729,0%@729] GR3D_FREQ 99% cpu@60.593C soc2@59.593C soc0@60.343C gpu@61.625C tj@61.625C soc1@59.437C VDD_IN 15690mW/14582mW VDD_CPU_GPU_CV 6787mW/6178mW VDD_SOC 3936mW/3644mW
08-11-2026 17:39:33 RAM 5130/7607MB (lfb 26x4MB) SWAP 1413/16384MB (cached 142MB) CPU [9%@729,0%@729,5%@729,2%@729,1%@729,0%@729] GR3D_FREQ 99% cpu@60.593C soc2@59.593C soc0@60.312C gpu@61.625C tj@61.625C soc1@59.562C VDD_IN 15730mW/14602mW VDD_CPU_GPU_CV 6787mW/6188mW VDD_SOC 3936mW/3649mW
08-11-2026 17:39:34 RAM 5133/7607MB (lfb 26x4MB) SWAP 1413/16384MB (cached 142MB) CPU [9%@729,22%@729,14%@729,2%@729,0%@729,0%@729] GR3D_FREQ 99% cpu@60.843C soc2@59.656C soc0@60.437C gpu@61.906C tj@61.906C soc1@59.656C VDD_IN 15769mW/14622mW VDD_CPU_GPU_CV 6865mW/6200mW VDD_SOC 3936mW/3654mW
08-11-2026 17:39:35 RAM 5134/7607MB (lfb 26x4MB) SWAP 1413/16384MB (cached 142MB) CPU [6%@729,1%@729,10%@729,1%@729,1%@729,0%@729] GR3D_FREQ 99% cpu@60.406C soc2@59.687C soc0@60.531C gpu@61.843C tj@61.843C soc1@59.531C VDD_IN 15769mW/14642mW VDD_CPU_GPU_CV 6826mW/6211mW VDD_SOC 3936mW/3659mW
08-11-2026 17:39:36 RAM 5136/7607MB (lfb 26x4MB) SWAP 1413/16384MB (cached 142MB) CPU [9%@729,5%@729,1%@729,1%@729,0%@729,1%@729] GR3D_FREQ 99% cpu@60.593C soc2@59.625C soc0@60.468C gpu@61.687C tj@61.687C soc1@59.593C VDD_IN 15809mW/14661mW VDD_CPU_GPU_CV 6826mW/6221mW VDD_SOC 3975mW/3664mW
08-11-2026 17:39:37 RAM 5139/7607MB (lfb 26x4MB) SWAP 1413/16384MB (cached 142MB) CPU [3%@729,13%@729,2%@729,1%@729,0%@729,0%@729] GR3D_FREQ 99% cpu@60.812C soc2@59.75C soc0@60.531C gpu@61.625C tj@61.625C soc1@59.593C VDD_IN 15730mW/14679mW VDD_CPU_GPU_CV 6787mW/6230mW VDD_SOC 3936mW/3668mW
08-11-2026 17:39:38 RAM 5141/7607MB (lfb 26x4MB) SWAP 1413/16384MB (cached 142MB) CPU [1%@729,13%@729,1%@729,1%@729,0%@729,0%@729] GR3D_FREQ 99% cpu@60.687C soc2@59.718C soc0@60.562C gpu@61.843C tj@61.843C soc1@59.625C VDD_IN 15769mW/14696mW VDD_CPU_GPU_CV 6826mW/6240mW VDD_SOC 3936mW/3673mW
08-11-2026 17:39:39 RAM 5145/7607MB (lfb 26x4MB) SWAP 1413/16384MB (cached 142MB) CPU [11%@729,13%@729,7%@729,6%@729,10%@729,4%@729] GR3D_FREQ 99% cpu@60.531C soc2@59.75C soc0@60.562C gpu@61.687C tj@61.687C soc1@59.625C VDD_IN 15887mW/14715mW VDD_CPU_GPU_CV 6904mW/6250mW VDD_SOC 3936mW/3677mW
08-11-2026 17:39:40 RAM 5147/7607MB (lfb 26x4MB) SWAP 1413/16384MB (cached 142MB) CPU [2%@729,13%@729,2%@729,1%@729,0%@729,0%@729] GR3D_FREQ 99% cpu@60.625C soc2@59.687C soc0@60.5C gpu@61.75C tj@61.75C soc1@59.718C VDD_IN 15730mW/14731mW VDD_CPU_GPU_CV 6826mW/6259mW VDD_SOC 3936mW/3681mW
08-11-2026 17:39:41 RAM 5150/7607MB (lfb 26x4MB) SWAP 1413/16384MB (cached 142MB) CPU [2%@729,13%@729,3%@729,2%@729,0%@729,0%@729] GR3D_FREQ 99% cpu@60.625C soc2@59.687C soc0@60.593C gpu@62.187C tj@62.187C soc1@59.75C VDD_IN 15730mW/14746mW VDD_CPU_GPU_CV 6826mW/6268mW VDD_SOC 3936mW/3685mW
08-11-2026 17:39:42 RAM 5152/7607MB (lfb 26x4MB) SWAP 1413/16384MB (cached 142MB) CPU [0%@729,13%@729,3%@729,2%@729,0%@729,0%@729] GR3D_FREQ 99% cpu@60.937C soc2@59.875C soc0@60.625C gpu@61.906C tj@61.906C soc1@59.812C VDD_IN 15769mW/14762mW VDD_CPU_GPU_CV 6826mW/6277mW VDD_SOC 3975mW/3689mW
08-11-2026 17:39:43 RAM 5154/7607MB (lfb 26x4MB) SWAP 1413/16384MB (cached 142MB) CPU [1%@729,12%@729,2%@729,2%@729,0%@729,0%@729] GR3D_FREQ 99% cpu@60.75C soc2@59.875C soc0@60.656C gpu@61.843C tj@61.843C soc1@59.687C VDD_IN 15769mW/14777mW VDD_CPU_GPU_CV 6826mW/6285mW VDD_SOC 3936mW/3693mW
08-11-2026 17:39:44 RAM 5156/7607MB (lfb 26x4MB) SWAP 1413/16384MB (cached 142MB) CPU [7%@729,12%@729,9%@729,18%@729,1%@729,0%@729] GR3D_FREQ 99% cpu@60.812C soc2@59.875C soc0@60.562C gpu@61.843C tj@61.843C soc1@59.75C VDD_IN 15980mW/14795mW VDD_CPU_GPU_CV 7022mW/6296mW VDD_SOC 3975mW/3697mW
08-11-2026 17:39:45 RAM 5158/7607MB (lfb 26x4MB) SWAP 1413/16384MB (cached 142MB) CPU [3%@729,12%@729,0%@729,1%@729,0%@729,0%@729] GR3D_FREQ 99% cpu@60.843C soc2@59.906C soc0@60.656C gpu@62C tj@62C soc1@59.812C VDD_IN 15690mW/14808mW VDD_CPU_GPU_CV 6826mW/6303mW VDD_SOC 3936mW/3701mW
08-11-2026 17:39:46 RAM 5160/7607MB (lfb 26x4MB) SWAP 1413/16384MB (cached 142MB) CPU [1%@729,12%@729,3%@729,2%@729,0%@729,0%@729] GR3D_FREQ 99% cpu@60.656C soc2@59.906C soc0@60.718C gpu@62.093C tj@62.093C soc1@59.875C VDD_IN 15848mW/14822mW VDD_CPU_GPU_CV 6865mW/6311mW VDD_SOC 3975mW/3704mW
08-11-2026 17:39:47 RAM 5162/7607MB (lfb 26x4MB) SWAP 1413/16384MB (cached 142MB) CPU [2%@729,13%@729,2%@729,1%@729,0%@729,0%@729] GR3D_FREQ 99% cpu@61C soc2@59.906C soc0@60.781C gpu@62.093C tj@62.093C soc1@60C VDD_IN 15848mW/14837mW VDD_CPU_GPU_CV 6904mW/6320mW VDD_SOC 3975mW/3708mW
08-11-2026 17:39:48 RAM 5165/7607MB (lfb 26x4MB) SWAP 1413/16384MB (cached 142MB) CPU [1%@1113,13%@1113,3%@1036,3%@1036,0%@729,0%@729] GR3D_FREQ 99% cpu@60.718C soc2@59.937C soc0@60.781C gpu@62.062C tj@62.062C soc1@59.718C VDD_IN 15809mW/14850mW VDD_CPU_GPU_CV 6826mW/6327mW VDD_SOC 3975mW/3712mW
08-11-2026 17:39:49 RAM 5167/7607MB (lfb 26x4MB) SWAP 1413/16384MB (cached 142MB) CPU [3%@729,13%@729,3%@729,1%@729,0%@729,0%@729] GR3D_FREQ 99% cpu@60.812C soc2@59.937C soc0@60.687C gpu@62.187C tj@62.187C soc1@59.906C VDD_IN 15809mW/14864mW VDD_CPU_GPU_CV 6826mW/6334mW VDD_SOC 3975mW/3716mW
08-11-2026 17:39:50 RAM 5171/7607MB (lfb 26x4MB) SWAP 1413/16384MB (cached 142MB) CPU [15%@729,6%@729,6%@729,19%@729,1%@729,0%@729] GR3D_FREQ 99% cpu@60.937C soc2@59.968C soc0@60.75C gpu@62.062C tj@62.062C soc1@59.906C VDD_IN 15809mW/14876mW VDD_CPU_GPU_CV 6865mW/6341mW VDD_SOC 3975mW/3719mW
08-11-2026 17:39:51 RAM 5173/7607MB (lfb 26x4MB) SWAP 1413/16384MB (cached 142MB) CPU [8%@729,14%@729,5%@729,3%@729,13%@729,5%@729] GR3D_FREQ 0% cpu@60.375C soc2@59.687C soc0@60.687C gpu@60.562C tj@60.687C soc1@59.968C VDD_IN 11765mW/14835mW VDD_CPU_GPU_CV 4304mW/6314mW VDD_SOC 3248mW/3713mW
08-11-2026 17:39:52 RAM 5338/7607MB (lfb 21x4MB) SWAP 1413/16384MB (cached 142MB) CPU [69%@1344,70%@1344,68%@1344,68%@1344,79%@1344,73%@1344] GR3D_FREQ 0% cpu@60.593C soc2@59.5C soc0@60.375C gpu@59.656C tj@60.593C soc1@59.718C VDD_IN 8293mW/14749mW VDD_CPU_GPU_CV 2662mW/6266mW VDD_SOC 1910mW/3689mW
08-11-2026 17:39:53 RAM 5339/7607MB (lfb 21x4MB) SWAP 1413/16384MB (cached 142MB) CPU [0%@729,12%@729,0%@729,1%@729,1%@729,2%@729] GR3D_FREQ 99% cpu@60.531C soc2@59.593C soc0@60.281C gpu@61.437C tj@61.437C soc1@59.625C VDD_IN 14886mW/14751mW VDD_CPU_GPU_CV 6405mW/6267mW VDD_SOC 3666mW/3689mW
08-11-2026 17:39:54 RAM 5339/7607MB (lfb 21x4MB) SWAP 1413/16384MB (cached 142MB) CPU [2%@729,13%@729,2%@729,2%@729,0%@729,0%@729] GR3D_FREQ 99% cpu@60.781C soc2@59.687C soc0@60.562C gpu@62.125C tj@62.125C soc1@59.75C VDD_IN 15690mW/14763mW VDD_CPU_GPU_CV 6787mW/6274mW VDD_SOC 3936mW/3692mW
08-11-2026 17:39:55 RAM 5340/7607MB (lfb 22x4MB) SWAP 1413/16384MB (cached 142MB) CPU [7%@729,15%@729,8%@729,16%@729,0%@729,0%@729] GR3D_FREQ 99% cpu@60.843C soc2@59.781C soc0@60.625C gpu@61.687C tj@61.687C soc1@59.812C VDD_IN 15848mW/14776mW VDD_CPU_GPU_CV 6904mW/6282mW VDD_SOC 3975mW/3696mW
08-11-2026 17:39:56 RAM 5340/7607MB (lfb 22x4MB) SWAP 1413/16384MB (cached 142MB) CPU [3%@729,14%@729,1%@729,2%@729,0%@729,0%@729] GR3D_FREQ 99% cpu@60.5C soc2@59.937C soc0@60.687C gpu@61.718C tj@61.718C soc1@59.937C VDD_IN 15730mW/14788mW VDD_CPU_GPU_CV 6787mW/6288mW VDD_SOC 3936mW/3699mW
08-11-2026 17:39:57 RAM 5340/7607MB (lfb 22x4MB) SWAP 1413/16384MB (cached 142MB) CPU [3%@729,12%@729,2%@729,2%@729,0%@729,0%@729] GR3D_FREQ 99% cpu@60.593C soc2@59.937C soc0@60.687C gpu@61.843C tj@61.843C soc1@59.687C VDD_IN 15730mW/14800mW VDD_CPU_GPU_CV 6826mW/6295mW VDD_SOC 3936mW/3702mW
08-11-2026 17:39:58 RAM 5340/7607MB (lfb 22x4MB) SWAP 1413/16384MB (cached 142MB) CPU [1%@729,12%@729,6%@729,2%@729,0%@729,0%@729] GR3D_FREQ 99% cpu@60.843C soc2@59.906C soc0@60.625C gpu@62C tj@62C soc1@59.812C VDD_IN 15848mW/14813mW VDD_CPU_GPU_CV 6865mW/6302mW VDD_SOC 3975mW/3705mW
08-11-2026 17:39:59 RAM 5340/7607MB (lfb 22x4MB) SWAP 1413/16384MB (cached 142MB) CPU [4%@729,13%@729,1%@729,1%@729,0%@729,0%@729] GR3D_FREQ 99% cpu@60.968C soc2@59.843C soc0@60.656C gpu@61.968C tj@61.968C soc1@59.906C VDD_IN 15690mW/14823mW VDD_CPU_GPU_CV 6826mW/6308mW VDD_SOC 3936mW/3708mW
08-11-2026 17:40:00 RAM 5341/7607MB (lfb 22x4MB) SWAP 1413/16384MB (cached 142MB) CPU [9%@729,27%@729,5%@729,7%@729,0%@729,0%@729] GR3D_FREQ 99% cpu@60.718C soc2@60.031C soc0@60.781C gpu@61.906C tj@61.906C soc1@59.906C VDD_IN 15927mW/14836mW VDD_CPU_GPU_CV 7022mW/6317mW VDD_SOC 3975mW/3711mW
08-11-2026 17:40:01 RAM 5341/7607MB (lfb 22x4MB) SWAP 1413/16384MB (cached 142MB) CPU [3%@729,12%@729,0%@729,2%@729,0%@729,1%@729] GR3D_FREQ 99% cpu@60.75C soc2@60C soc0@60.781C gpu@62.187C tj@62.187C soc1@59.875C VDD_IN 15809mW/14848mW VDD_CPU_GPU_CV 6865mW/6323mW VDD_SOC 3975mW/3714mW
08-11-2026 17:40:02 RAM 5341/7607MB (lfb 22x4MB) SWAP 1413/16384MB (cached 142MB) CPU [2%@729,7%@729,2%@729,6%@729,0%@729,0%@729] GR3D_FREQ 99% cpu@60.687C soc2@59.968C soc0@60.812C gpu@61.968C tj@61.968C soc1@59.875C VDD_IN 15809mW/14859mW VDD_CPU_GPU_CV 6865mW/6329mW VDD_SOC 3936mW/3717mW
08-11-2026 17:40:03 RAM 5341/7607MB (lfb 22x4MB) SWAP 1413/16384MB (cached 142MB) CPU [2%@729,2%@729,1%@729,14%@729,0%@729,0%@729] GR3D_FREQ 99% cpu@60.812C soc2@59.968C soc0@60.687C gpu@61.875C tj@61.875C soc1@59.843C VDD_IN 15769mW/14869mW VDD_CPU_GPU_CV 6826mW/6335mW VDD_SOC 3936mW/3719mW
08-11-2026 17:40:04 RAM 5341/7607MB (lfb 22x4MB) SWAP 1413/16384MB (cached 142MB) CPU [2%@729,3%@729,3%@729,11%@729,0%@729,0%@729] GR3D_FREQ 99% cpu@61.125C soc2@60C soc0@60.781C gpu@62.031C tj@62.031C soc1@60C VDD_IN 15769mW/14880mW VDD_CPU_GPU_CV 6826mW/6341mW VDD_SOC 3936mW/3721mW
08-11-2026 17:40:05 RAM 5341/7607MB (lfb 22x4MB) SWAP 1413/16384MB (cached 142MB) CPU [4%@1190,8%@1190,1%@1190,6%@1190,0%@729,0%@729] GR3D_FREQ 99% cpu@60.937C soc2@60.093C soc0@60.906C gpu@61.968C tj@61.968C soc1@59.968C VDD_IN 15848mW/14891mW VDD_CPU_GPU_CV 6904mW/6347mW VDD_SOC 3975mW/3724mW
08-11-2026 17:40:06 RAM 5340/7607MB (lfb 22x4MB) SWAP 1413/16384MB (cached 142MB) CPU [10%@729,14%@729,16%@729,5%@729,0%@729,1%@729] GR3D_FREQ 99% cpu@60.781C soc2@60.093C soc0@60.937C gpu@61.875C tj@61.875C soc1@59.937C VDD_IN 15769mW/14900mW VDD_CPU_GPU_CV 6826mW/6352mW VDD_SOC 3936mW/3727mW
08-11-2026 17:40:07 RAM 5340/7607MB (lfb 22x4MB) SWAP 1413/16384MB (cached 142MB) CPU [10%@729,7%@729,1%@729,1%@729,0%@729,0%@729] GR3D_FREQ 99% cpu@61.031C soc2@60C soc0@60.812C gpu@62.375C tj@62.375C soc1@59.937C VDD_IN 15690mW/14909mW VDD_CPU_GPU_CV 6787mW/6357mW VDD_SOC 3936mW/3729mW
08-11-2026 17:40:08 RAM 5340/7607MB (lfb 22x4MB) SWAP 1413/16384MB (cached 142MB) CPU [13%@729,1%@729,1%@729,2%@729,0%@729,0%@729] GR3D_FREQ 99% cpu@60.937C soc2@60.125C soc0@60.781C gpu@62.25C tj@62.25C soc1@60.031C VDD_IN 15769mW/14918mW VDD_CPU_GPU_CV 6826mW/6362mW VDD_SOC 3936mW/3731mW
08-11-2026 17:40:09 RAM 5340/7607MB (lfb 22x4MB) SWAP 1413/16384MB (cached 142MB) CPU [14%@729,1%@729,2%@729,2%@729,0%@729,0%@729] GR3D_FREQ 99% cpu@61.156C soc2@60.031C soc0@60.875C gpu@62.125C tj@62.125C soc1@60.156C VDD_IN 15730mW/14927mW VDD_CPU_GPU_CV 6787mW/6367mW VDD_SOC 3936mW/3733mW
08-11-2026 17:40:10 RAM 5340/7607MB (lfb 22x4MB) SWAP 1413/16384MB (cached 142MB) CPU [13%@729,0%@729,1%@729,1%@729,3%@729,0%@729] GR3D_FREQ 99% cpu@60.875C soc2@60.125C soc0@60.968C gpu@62.375C tj@62.375C soc1@60.187C VDD_IN 15809mW/14936mW VDD_CPU_GPU_CV 6865mW/6372mW VDD_SOC 3936mW/3736mW
08-11-2026 17:40:11 RAM 5341/7607MB (lfb 21x4MB) SWAP 1413/16384MB (cached 142MB) CPU [13%@729,11%@729,5%@729,17%@729,0%@729,0%@729] GR3D_FREQ 99% cpu@61.031C soc2@60.125C soc0@61.031C gpu@62.281C tj@62.281C soc1@60.062C VDD_IN 15887mW/14946mW VDD_CPU_GPU_CV 6904mW/6378mW VDD_SOC 3975mW/3738mW
08-11-2026 17:40:12 RAM 5341/7607MB (lfb 21x4MB) SWAP 1413/16384MB (cached 142MB) CPU [2%@729,2%@729,1%@729,14%@729,0%@729,1%@729] GR3D_FREQ 99% cpu@61.093C soc2@60.125C soc0@60.937C gpu@62.125C tj@62.125C soc1@60.031C VDD_IN 15809mW/14955mW VDD_CPU_GPU_CV 6865mW/6383mW VDD_SOC 3975mW/3741mW
08-11-2026 17:40:13 RAM 5341/7607MB (lfb 21x4MB) SWAP 1413/16384MB (cached 142MB) CPU [1%@729,1%@729,4%@729,12%@729,0%@729,0%@729] GR3D_FREQ 99% cpu@61.031C soc2@60.125C soc0@60.937C gpu@62.125C tj@62.125C soc1@60.093C VDD_IN 15809mW/14964mW VDD_CPU_GPU_CV 6865mW/6388mW VDD_SOC 3975mW/3743mW
08-11-2026 17:40:14 RAM 5340/7607MB (lfb 21x4MB) SWAP 1413/16384MB (cached 142MB) CPU [3%@729,1%@729,3%@729,13%@729,0%@729,0%@729] GR3D_FREQ 99% cpu@61.25C soc2@60.218C soc0@61.031C gpu@62.187C tj@62.187C soc1@60.187C VDD_IN 15809mW/14973mW VDD_CPU_GPU_CV 6865mW/6393mW VDD_SOC 3975mW/3745mW
08-11-2026 17:40:15 RAM 5340/7607MB (lfb 21x4MB) SWAP 1413/16384MB (cached 142MB) CPU [3%@729,2%@729,2%@729,12%@729,0%@729,0%@729] GR3D_FREQ 99% cpu@60.937C soc2@60.218C soc0@61.125C gpu@62.375C tj@62.375C soc1@59.937C VDD_IN 15809mW/14981mW VDD_CPU_GPU_CV 6865mW/6397mW VDD_SOC 3975mW/3748mW
08-11-2026 17:40:16 RAM 5342/7607MB (lfb 21x4MB) SWAP 1413/16384MB (cached 142MB) CPU [6%@729,19%@729,8%@729,11%@729,0%@729,1%@729] GR3D_FREQ 99% cpu@61.156C soc2@60.156C soc0@60.906C gpu@62.156C tj@62.156C soc1@60.031C VDD_IN 15901mW/14990mW VDD_CPU_GPU_CV 6983mW/6403mW VDD_SOC 3975mW/3750mW
08-11-2026 17:40:17 RAM 5342/7607MB (lfb 21x4MB) SWAP 1413/16384MB (cached 142MB) CPU [9%@729,2%@729,2%@729,5%@729,0%@729,0%@729] GR3D_FREQ 99% cpu@61.125C soc2@60.156C soc0@61.031C gpu@62.375C tj@62.375C soc1@60.093C VDD_IN 15730mW/14998mW VDD_CPU_GPU_CV 6826mW/6407mW VDD_SOC 3936mW/3752mW
08-11-2026 17:40:18 RAM 5341/7607MB (lfb 22x4MB) SWAP 1412/16384MB (cached 142MB) CPU [8%@1344,2%@1344,9%@1344,3%@1344,0%@729,0%@729] GR3D_FREQ 99% cpu@61.125C soc2@60.343C soc0@61.031C gpu@62.687C tj@62.687C soc1@60.218C VDD_IN 15887mW/15007mW VDD_CPU_GPU_CV 6904mW/6412mW VDD_SOC 3975mW/3754mW
08-11-2026 17:40:19 RAM 5340/7607MB (lfb 21x4MB) SWAP 1412/16384MB (cached 142MB) CPU [16%@729,16%@729,16%@729,6%@729,0%@729,0%@729] GR3D_FREQ 99% cpu@61.312C soc2@60.25C soc0@60.937C gpu@62.093C tj@62.093C soc1@60.312C VDD_IN 15848mW/15015mW VDD_CPU_GPU_CV 6944mW/6417mW VDD_SOC 3975mW/3756mW
08-11-2026 17:40:20 RAM 5340/7607MB (lfb 21x4MB) SWAP 1412/16384MB (cached 142MB) CPU [5%@729,1%@729,14%@729,6%@729,0%@729,2%@729] GR3D_FREQ 99% cpu@61.031C soc2@60.218C soc0@61.125C gpu@62.093C tj@62.093C soc1@60.156C VDD_IN 15809mW/15022mW VDD_CPU_GPU_CV 6865mW/6422mW VDD_SOC 3936mW/3758mW
08-11-2026 17:40:21 RAM 5340/7607MB (lfb 21x4MB) SWAP 1412/16384MB (cached 142MB) CPU [9%@729,14%@729,9%@729,4%@729,0%@729,1%@729] GR3D_FREQ 99% cpu@61.406C soc2@60.218C soc0@60.968C gpu@62.437C tj@62.437C soc1@60.093C VDD_IN 15887mW/15031mW VDD_CPU_GPU_CV 6944mW/6427mW VDD_SOC 3936mW/3760mW
08-11-2026 17:40:22 RAM 5341/7607MB (lfb 21x4MB) SWAP 1412/16384MB (cached 142MB) CPU [5%@729,7%@729,26%@729,2%@729,0%@729,0%@729] GR3D_FREQ 99% cpu@61.125C soc2@60.125C soc0@61.093C gpu@62.375C tj@62.375C soc1@60.25C VDD_IN 15848mW/15038mW VDD_CPU_GPU_CV 6904mW/6431mW VDD_SOC 3975mW/3762mW
08-11-2026 17:40:23 RAM 5341/7607MB (lfb 21x4MB) SWAP 1412/16384MB (cached 142MB) CPU [2%@729,2%@729,13%@729,1%@729,0%@729,0%@729] GR3D_FREQ 99% cpu@61C soc2@60.281C soc0@61.062C gpu@62.343C tj@62.343C soc1@60.218C VDD_IN 15809mW/15045mW VDD_CPU_GPU_CV 6826mW/6435mW VDD_SOC 3975mW/3764mW
08-11-2026 17:40:24 RAM 5341/7607MB (lfb 21x4MB) SWAP 1412/16384MB (cached 142MB) CPU [2%@729,1%@729,13%@729,2%@729,0%@729,0%@729] GR3D_FREQ 99% cpu@61C soc2@60.312C soc0@61.125C gpu@62.343C tj@62.343C soc1@60.062C VDD_IN 15809mW/15053mW VDD_CPU_GPU_CV 6865mW/6439mW VDD_SOC 3975mW/3766mW
08-11-2026 17:40:25 RAM 5341/7607MB (lfb 21x4MB) SWAP 1412/16384MB (cached 142MB) CPU [8%@1344,9%@1344,15%@1344,8%@1344,3%@729,3%@729] GR3D_FREQ 0% cpu@60.968C soc2@60.031C soc0@60.937C gpu@61.062C tj@61.062C soc1@60.093C VDD_IN 12716mW/15031mW VDD_CPU_GPU_CV 4967mW/6425mW VDD_SOC 3361mW/3762mW
08-11-2026 17:40:26 RAM 5402/7607MB (lfb 22x4MB) SWAP 1412/16384MB (cached 142MB) CPU [64%@1344,72%@1344,61%@1344,63%@1344,60%@1344,60%@1344] GR3D_FREQ 0% cpu@60.937C soc2@59.625C soc0@60.656C gpu@59.843C tj@61.062C soc1@59.906C VDD_IN 8333mW/14970mW VDD_CPU_GPU_CV 2782mW/6392mW VDD_SOC 1910mW/3745mW
08-11-2026 17:40:27 RAM 5416/7607MB (lfb 21x4MB) SWAP 1412/16384MB (cached 142MB) CPU [17%@729,23%@729,19%@729,18%@729,11%@729,10%@729] GR3D_FREQ 99% cpu@60.781C soc2@59.812C soc0@60.687C gpu@61.75C tj@61.75C soc1@59.968C VDD_IN 14689mW/14968mW VDD_CPU_GPU_CV 6287mW/6391mW VDD_SOC 3587mW/3744mW
08-11-2026 17:40:28 RAM 5416/7607MB (lfb 21x4MB) SWAP 1412/16384MB (cached 142MB) CPU [2%@729,2%@729,13%@729,1%@729,2%@729,1%@729] GR3D_FREQ 99% cpu@60.687C soc2@60.031C soc0@60.75C gpu@62.125C tj@62.125C soc1@60.093C VDD_IN 15769mW/14975mW VDD_CPU_GPU_CV 6826mW/6395mW VDD_SOC 3936mW/3745mW
08-11-2026 17:40:29 RAM 5416/7607MB (lfb 21x4MB) SWAP 1412/16384MB (cached 142MB) CPU [1%@729,3%@729,11%@729,1%@729,2%@729,0%@729] GR3D_FREQ 99% cpu@60.812C soc2@60.062C soc0@61C gpu@61.937C tj@61.937C soc1@59.906C VDD_IN 15769mW/14982mW VDD_CPU_GPU_CV 6826mW/6399mW VDD_SOC 3975mW/3747mW
08-11-2026 17:40:30 RAM 5416/7607MB (lfb 21x4MB) SWAP 1412/16384MB (cached 142MB) CPU [1%@729,1%@729,12%@729,1%@729,0%@729,1%@729] GR3D_FREQ 99% cpu@60.968C soc2@60.093C soc0@60.687C gpu@61.968C tj@62.25C soc1@60C VDD_IN 15769mW/14989mW VDD_CPU_GPU_CV 6865mW/6403mW VDD_SOC 3936mW/3749mW
08-11-2026 17:40:31 RAM 5417/7607MB (lfb 21x4MB) SWAP 1412/16384MB (cached 142MB) CPU [1%@729,2%@729,13%@729,1%@729,0%@729,0%@729] GR3D_FREQ 99% cpu@61.125C soc2@60.125C soc0@60.937C gpu@62.406C tj@62.406C soc1@60.031C VDD_IN 15809mW/14996mW VDD_CPU_GPU_CV 6865mW/6407mW VDD_SOC 3975mW/3751mW
08-11-2026 17:40:32 RAM 5417/7607MB (lfb 20x4MB) SWAP 1412/16384MB (cached 142MB) CPU [7%@729,9%@729,10%@729,19%@729,1%@729,1%@729] GR3D_FREQ 99% cpu@61.093C soc2@60.156C soc0@60.906C gpu@62.312C tj@62.312C soc1@60.156C VDD_IN 15940mW/15004mW VDD_CPU_GPU_CV 6983mW/6412mW VDD_SOC 3975mW/3753mW
08-11-2026 17:40:33 RAM 5417/7607MB (lfb 20x4MB) SWAP 1412/16384MB (cached 142MB) CPU [5%@729,0%@729,12%@729,1%@729,0%@729,0%@729] GR3D_FREQ 99% cpu@60.937C soc2@60.187C soc0@61.031C gpu@62.343C tj@62.343C soc1@60.218C VDD_IN 15809mW/15011mW VDD_CPU_GPU_CV 6865mW/6416mW VDD_SOC 3975mW/3755mW
08-11-2026 17:40:34 RAM 5417/7607MB (lfb 20x4MB) SWAP 1412/16384MB (cached 142MB) CPU [1%@729,1%@729,14%@729,2%@729,0%@729,0%@729] GR3D_FREQ 99% cpu@60.937C soc2@60.281C soc0@61.093C gpu@62.343C tj@62.343C soc1@60.062C VDD_IN 15809mW/15018mW VDD_CPU_GPU_CV 6865mW/6420mW VDD_SOC 3975mW/3757mW
08-11-2026 17:40:35 RAM 5417/7607MB (lfb 20x4MB) SWAP 1412/16384MB (cached 142MB) CPU [3%@729,1%@729,11%@729,2%@729,0%@729,0%@729] GR3D_FREQ 99% cpu@61.187C soc2@60.125C soc0@60.937C gpu@62.156C tj@62.156C soc1@60.093C VDD_IN 15809mW/15024mW VDD_CPU_GPU_CV 6865mW/6424mW VDD_SOC 3975mW/3758mW
08-11-2026 17:40:36 RAM 5417/7607MB (lfb 20x4MB) SWAP 1412/16384MB (cached 142MB) CPU [4%@729,2%@729,12%@729,1%@729,0%@729,0%@729] GR3D_FREQ 99% cpu@61.437C soc2@60.187C soc0@61.031C gpu@62.156C tj@62.156C soc1@60.156C VDD_IN 15809mW/15031mW VDD_CPU_GPU_CV 6865mW/6427mW VDD_SOC 3975mW/3760mW
08-11-2026 17:40:38 RAM 5417/7607MB (lfb 20x4MB) SWAP 1412/16384MB (cached 142MB) CPU [11%@806,15%@806,6%@806,2%@806,1%@729,1%@729] GR3D_FREQ 99% cpu@61.25C soc2@60.218C soc0@61C gpu@62.187C tj@62.187C soc1@60.25C VDD_IN 15901mW/15038mW VDD_CPU_GPU_CV 6983mW/6432mW VDD_SOC 3975mW/3762mW
08-11-2026 17:40:39 RAM 5417/7607MB (lfb 20x4MB) SWAP 1412/16384MB (cached 142MB) CPU [7%@729,15%@729,4%@729,3%@729,1%@729,1%@729] GR3D_FREQ 99% cpu@60.968C soc2@60.218C soc0@61.156C gpu@62.375C tj@62.375C soc1@60.156C VDD_IN 15848mW/15045mW VDD_CPU_GPU_CV 6904mW/6436mW VDD_SOC 3975mW/3764mW
08-11-2026 17:40:40 RAM 5417/7607MB (lfb 20x4MB) SWAP 1412/16384MB (cached 142MB) CPU [3%@729,13%@729,2%@729,1%@729,0%@729,2%@729] GR3D_FREQ 99% cpu@61C soc2@60.218C soc0@61.031C gpu@62.312C tj@62.312C soc1@60.156C VDD_IN 15769mW/15051mW VDD_CPU_GPU_CV 6865mW/6439mW VDD_SOC 3975mW/3766mW
08-11-2026 17:40:41 RAM 5418/7607MB (lfb 20x4MB) SWAP 1412/16384MB (cached 142MB) CPU [1%@729,12%@729,4%@729,2%@729,0%@729,0%@729] GR3D_FREQ 99% cpu@61.156C soc2@60.312C soc0@61C gpu@62.562C tj@62.562C soc1@60.25C VDD_IN 15809mW/15057mW VDD_CPU_GPU_CV 6904mW/6443mW VDD_SOC 3975mW/3767mW
08-11-2026 17:40:42 RAM 5419/7607MB (lfb 20x4MB) SWAP 1412/16384MB (cached 142MB) CPU [1%@729,12%@729,1%@729,1%@729,0%@729,0%@729] GR3D_FREQ 99% cpu@61.375C soc2@60.281C soc0@61.125C gpu@62.656C tj@62.656C soc1@60.312C VDD_IN 15769mW/15062mW VDD_CPU_GPU_CV 6865mW/6446mW VDD_SOC 3936mW/3769mW
08-11-2026 17:40:43 RAM 5420/7607MB (lfb 20x4MB) SWAP 1412/16384MB (cached 142MB) CPU [11%@1344,4%@1344,1%@1344,1%@1344,3%@729,0%@729] GR3D_FREQ 99% cpu@61.062C soc2@60.375C soc0@61.156C gpu@62.531C tj@62.531C soc1@60.375C VDD_IN 15769mW/15068mW VDD_CPU_GPU_CV 6826mW/6449mW VDD_SOC 3975mW/3770mW
08-11-2026 17:40:44 RAM 5424/7607MB (lfb 19x4MB) SWAP 1412/16384MB (cached 142MB) CPU [14%@729,16%@729,4%@729,4%@729,5%@729,2%@729] GR3D_FREQ 99% cpu@61.156C soc2@60.375C soc0@61.218C gpu@62.406C tj@62.406C soc1@60.218C VDD_IN 15862mW/15074mW VDD_CPU_GPU_CV 6904mW/6453mW VDD_SOC 3975mW/3772mW
08-11-2026 17:40:45 RAM 5427/7607MB (lfb 18x4MB) SWAP 1412/16384MB (cached 142MB) CPU [14%@729,0%@729,2%@729,1%@729,0%@729,1%@729] GR3D_FREQ 99% cpu@61.312C soc2@60.281C soc0@61.125C gpu@62.281C tj@62.281C soc1@60.25C VDD_IN 15809mW/15080mW VDD_CPU_GPU_CV 6865mW/6456mW VDD_SOC 3975mW/3773mW
08-11-2026 17:40:46 RAM 5430/7607MB (lfb 18x4MB) SWAP 1412/16384MB (cached 142MB) CPU [13%@729,1%@729,1%@729,1%@729,1%@729,0%@729] GR3D_FREQ 99% cpu@61.218C soc2@60.343C soc0@61.062C gpu@62.562C tj@62.562C soc1@60.343C VDD_IN 15769mW/15085mW VDD_CPU_GPU_CV 6826mW/6459mW VDD_SOC 3936mW/3775mW
08-11-2026 17:40:47 RAM 5432/7607MB (lfb 17x4MB) SWAP 1412/16384MB (cached 142MB) CPU [13%@729,1%@729,1%@729,1%@729,0%@729,1%@729] GR3D_FREQ 99% cpu@61.468C soc2@60.343C soc0@61.156C gpu@62.375C tj@62.375C soc1@60.312C VDD_IN 15769mW/15091mW VDD_CPU_GPU_CV 6865mW/6462mW VDD_SOC 3936mW/3776mW
08-11-2026 17:40:48 RAM 5434/7607MB (lfb 17x4MB) SWAP 1412/16384MB (cached 142MB) CPU [14%@729,1%@729,2%@729,1%@729,0%@729,0%@729] GR3D_FREQ 99% cpu@61.062C soc2@60.312C soc0@61.156C gpu@62.375C tj@62.375C soc1@60.218C VDD_IN 15769mW/15096mW VDD_CPU_GPU_CV 6826mW/6465mW VDD_SOC 3936mW/3777mW
08-11-2026 17:40:49 RAM 5438/7607MB (lfb 16x4MB) SWAP 1412/16384MB (cached 142MB) CPU [10%@729,23%@729,4%@729,9%@729,0%@729,0%@729] GR3D_FREQ 99% cpu@61.187C soc2@60.437C soc0@61.125C gpu@62.437C tj@62.437C soc1@60.25C VDD_IN 15862mW/15102mW VDD_CPU_GPU_CV 6983mW/6469mW VDD_SOC 3975mW/3779mW
08-11-2026 17:40:50 RAM 5441/7607MB (lfb 15x4MB) SWAP 1412/16384MB (cached 142MB) CPU [3%@729,13%@729,3%@729,2%@729,0%@729,0%@729] GR3D_FREQ 99% cpu@61.343C soc2@60.375C soc0@61.187C gpu@62.312C tj@62.312C soc1@60.375C VDD_IN 15848mW/15107mW VDD_CPU_GPU_CV 6865mW/6472mW VDD_SOC 3975mW/3780mW
08-11-2026 17:40:51 RAM 5443/7607MB (lfb 14x4MB) SWAP 1412/16384MB (cached 142MB) CPU [2%@729,14%@729,0%@729,2%@729,0%@729,0%@729] GR3D_FREQ 99% cpu@61.125C soc2@60.468C soc0@61.25C gpu@62.343C tj@62.343C soc1@60.375C VDD_IN 15809mW/15112mW VDD_CPU_GPU_CV 6826mW/6474mW VDD_SOC 3975mW/3782mW
08-11-2026 17:40:52 RAM 5444/7607MB (lfb 14x4MB) SWAP 1412/16384MB (cached 142MB) CPU [2%@729,13%@729,1%@729,2%@729,0%@729,0%@729] GR3D_FREQ 99% cpu@61.218C soc2@60.468C soc0@61.25C gpu@62.437C tj@62.437C soc1@60.406C VDD_IN 15848mW/15118mW VDD_CPU_GPU_CV 6865mW/6477mW VDD_SOC 3975mW/3783mW
08-11-2026 17:40:53 RAM 5447/7607MB (lfb 13x4MB) SWAP 1412/16384MB (cached 142MB) CPU [2%@729,13%@729,1%@729,2%@729,0%@729,0%@729] GR3D_FREQ 99% cpu@61.312C soc2@60.406C soc0@61.25C gpu@62.75C tj@62.75C soc1@60.343C VDD_IN 15809mW/15123mW VDD_CPU_GPU_CV 6865mW/6480mW VDD_SOC 3975mW/3784mW
08-11-2026 17:40:54 RAM 5449/7607MB (lfb 13x4MB) SWAP 1412/16384MB (cached 142MB) CPU [6%@1113,20%@1113,2%@1113,12%@1113,0%@729,0%@729] GR3D_FREQ 99% cpu@61.625C soc2@60.406C soc0@61.187C gpu@62.718C tj@62.718C soc1@60.375C VDD_IN 15980mW/15129mW VDD_CPU_GPU_CV 7022mW/6484mW VDD_SOC 3975mW/3786mW
08-11-2026 17:40:55 RAM 5451/7607MB (lfb 12x4MB) SWAP 1412/16384MB (cached 142MB) CPU [14%@729,3%@729,5%@729,3%@729,0%@729,1%@729] GR3D_FREQ 99% cpu@61.437C soc2@60.468C soc0@61.25C gpu@62.656C tj@62.656C soc1@60.468C VDD_IN 15848mW/15134mW VDD_CPU_GPU_CV 6865mW/6487mW VDD_SOC 3975mW/3787mW
08-11-2026 17:40:56 RAM 5454/7607MB (lfb 12x4MB) SWAP 1412/16384MB (cached 142MB) CPU [15%@729,1%@729,1%@729,2%@729,0%@729,0%@729] GR3D_FREQ 99% cpu@61.281C soc2@60.656C soc0@61.25C gpu@62.656C tj@62.656C soc1@60.468C VDD_IN 15809mW/15139mW VDD_CPU_GPU_CV 6865mW/6490mW VDD_SOC 3975mW/3789mW
08-11-2026 17:40:57 RAM 5456/7607MB (lfb 11x4MB) SWAP 1412/16384MB (cached 142MB) CPU [13%@729,2%@729,0%@729,4%@729,0%@729,0%@729] GR3D_FREQ 99% cpu@61.25C soc2@60.468C soc0@61.312C gpu@62.531C tj@62.531C soc1@60.375C VDD_IN 15848mW/15144mW VDD_CPU_GPU_CV 6826mW/6492mW VDD_SOC 3975mW/3790mW
08-11-2026 17:40:58 RAM 5458/7607MB (lfb 11x4MB) SWAP 1412/16384MB (cached 142MB) CPU [13%@729,2%@729,1%@729,1%@729,0%@729,0%@729] GR3D_FREQ 99% cpu@61.406C soc2@60.437C soc0@61.218C gpu@62.437C tj@62.437C soc1@60.343C VDD_IN 15809mW/15149mW VDD_CPU_GPU_CV 6865mW/6495mW VDD_SOC 3975mW/3791mW
08-11-2026 17:40:59 RAM 5460/7607MB (lfb 10x4MB) SWAP 1412/16384MB (cached 142MB) CPU [13%@1344,3%@1344,0%@1344,2%@1344,0%@729,0%@729] GR3D_FREQ 99% cpu@61.593C soc2@60.5C soc0@61.25C gpu@62.5C tj@62.5C soc1@60.406C VDD_IN 15809mW/15154mW VDD_CPU_GPU_CV 6865mW/6497mW VDD_SOC 3975mW/3792mW
08-11-2026 17:41:00 RAM 5460/7607MB (lfb 10x4MB) SWAP 1412/16384MB (cached 142MB) CPU [24%@729,9%@729,10%@729,3%@729,0%@729,0%@729] GR3D_FREQ 99% cpu@61.5C soc2@60.562C soc0@61.218C gpu@62.687C tj@62.687C soc1@60.468C VDD_IN 15809mW/15158mW VDD_CPU_GPU_CV 6865mW/6500mW VDD_SOC 3975mW/3794mW
08-11-2026 17:41:01 RAM 5466/7607MB (lfb 9x4MB) SWAP 1412/16384MB (cached 142MB) CPU [19%@1344,27%@1344,29%@1344,18%@1344,16%@1344,15%@1344] GR3D_FREQ 0% cpu@61.812C soc2@60.437C soc0@61.375C gpu@61.187C tj@61.812C soc1@60.593C VDD_IN 12122mW/15137mW VDD_CPU_GPU_CV 4620mW/6487mW VDD_SOC 3243mW/3790mW
08-11-2026 17:41:02 RAM 5520/7607MB (lfb 2x2MB) SWAP 1412/16384MB (cached 142MB) CPU [50%@729,56%@729,48%@729,49%@729,49%@729,49%@729] GR3D_FREQ 99% cpu@61.031C soc2@60.156C soc0@61.156C gpu@62.218C tj@62.218C soc1@60.343C VDD_IN 13447mW/15126mW VDD_CPU_GPU_CV 5637mW/6481mW VDD_SOC 3159mW/3786mW
08-11-2026 17:41:03 RAM 5520/7607MB (lfb 2x2MB) SWAP 1412/16384MB (cached 142MB) CPU [1%@729,13%@729,1%@729,0%@729,0%@729,1%@729] GR3D_FREQ 99% cpu@61.218C soc2@60.343C soc0@61.093C gpu@62.5C tj@62.5C soc1@60.312C VDD_IN 15611mW/15129mW VDD_CPU_GPU_CV 6747mW/6483mW VDD_SOC 3896mW/3786mW
08-11-2026 17:41:04 RAM 5520/7607MB (lfb 2x2MB) SWAP 1412/16384MB (cached 142MB) CPU [3%@729,13%@729,1%@729,1%@729,0%@729,1%@729] GR3D_FREQ 99% cpu@61.406C soc2@60.468C soc0@61.187C gpu@62.781C tj@62.781C soc1@60.437C VDD_IN 15809mW/15134mW VDD_CPU_GPU_CV 6865mW/6485mW VDD_SOC 3936mW/3787mW
08-11-2026 17:41:05 RAM 5527/7607MB (lfb 74x1MB) SWAP 1412/16384MB (cached 142MB) CPU [5%@729,14%@729,17%@729,11%@729,0%@729,0%@729] GR3D_FREQ 99% cpu@61.218C soc2@60.406C soc0@61.218C gpu@62.437C tj@62.437C soc1@60.468C VDD_IN 15940mW/15139mW VDD_CPU_GPU_CV 6983mW/6489mW VDD_SOC 3975mW/3789mW
08-11-2026 17:41:06 RAM 5527/7607MB (lfb 74x1MB) SWAP 1412/16384MB (cached 142MB) CPU [2%@729,12%@729,2%@729,3%@729,0%@729,0%@729] GR3D_FREQ 99% cpu@61.218C soc2@60.593C soc0@61.437C gpu@62.5C tj@62.5C soc1@60.406C VDD_IN 15887mW/15144mW VDD_CPU_GPU_CV 6904mW/6491mW VDD_SOC 3975mW/3790mW
08-11-2026 17:41:07 RAM 5527/7607MB (lfb 74x1MB) SWAP 1412/16384MB (cached 142MB) CPU [2%@729,13%@729,2%@729,1%@729,0%@729,0%@729] GR3D_FREQ 99% cpu@61.25C soc2@60.531C soc0@61.218C gpu@62.406C tj@62.406C soc1@60.375C VDD_IN 15848mW/15149mW VDD_CPU_GPU_CV 6865mW/6494mW VDD_SOC 3975mW/3791mW
08-11-2026 17:41:08 RAM 5527/7607MB (lfb 74x1MB) SWAP 1412/16384MB (cached 142MB) CPU [1%@729,12%@729,2%@729,2%@729,0%@729,1%@729] GR3D_FREQ 99% cpu@61.343C soc2@60.468C soc0@61.25C gpu@62.75C tj@62.75C soc1@60.375C VDD_IN 15809mW/15153mW VDD_CPU_GPU_CV 6865mW/6496mW VDD_SOC 3975mW/3792mW
08-11-2026 17:41:09 RAM 5527/7607MB (lfb 74x1MB) SWAP 1412/16384MB (cached 142MB) CPU [1%@729,14%@729,2%@729,1%@729,0%@729,1%@729] GR3D_FREQ 99% cpu@61.718C soc2@60.5C soc0@61.25C gpu@62.531C tj@62.531C soc1@60.468C VDD_IN 15848mW/15158mW VDD_CPU_GPU_CV 6904mW/6499mW VDD_SOC 3975mW/3794mW
08-11-2026 17:41:10 RAM 5522/7607MB (lfb 75x1MB) SWAP 1412/16384MB (cached 142MB) CPU [5%@1344,13%@1344,19%@1344,10%@1344,2%@729,4%@729] GR3D_FREQ 99% cpu@61.625C soc2@60.593C soc0@61.343C gpu@62.906C tj@62.906C soc1@60.593C VDD_IN 16058mW/15164mW VDD_CPU_GPU_CV 7100mW/6503mW VDD_SOC 3975mW/3795mW
08-11-2026 17:41:11 RAM 5524/7607MB (lfb 74x1MB) SWAP 1412/16384MB (cached 142MB) CPU [2%@729,13%@729,1%@729,1%@729,0%@729,1%@729] GR3D_FREQ 99% cpu@61.375C soc2@60.625C soc0@61.375C gpu@62.937C tj@62.937C soc1@60.468C VDD_IN 15848mW/15168mW VDD_CPU_GPU_CV 6904mW/6506mW VDD_SOC 3975mW/3796mW
08-11-2026 17:41:12 RAM 5524/7607MB (lfb 74x1MB) SWAP 1412/16384MB (cached 142MB) CPU [1%@729,13%@729,2%@729,1%@729,0%@729,0%@729] GR3D_FREQ 99% cpu@61.5C soc2@60.5C soc0@61.281C gpu@62.531C tj@62.531C soc1@60.468C VDD_IN 15822mW/15172mW VDD_CPU_GPU_CV 6904mW/6508mW VDD_SOC 3975mW/3797mW
08-11-2026 17:41:13 RAM 5524/7607MB (lfb 74x1MB) SWAP 1412/16384MB (cached 142MB) CPU [2%@729,12%@729,1%@729,2%@729,0%@729,1%@729] GR3D_FREQ 99% cpu@61.5C soc2@60.593C soc0@61.343C gpu@62.406C tj@62.406C soc1@60.437C VDD_IN 15809mW/15176mW VDD_CPU_GPU_CV 6865mW/6511mW VDD_SOC 3975mW/3798mW
08-11-2026 17:41:14 RAM 5524/7607MB (lfb 74x1MB) SWAP 1412/16384MB (cached 142MB) CPU [12%@729,2%@729,4%@729,1%@729,0%@729,0%@729] GR3D_FREQ 99% cpu@61.625C soc2@60.562C soc0@61.312C gpu@62.468C tj@62.468C soc1@60.562C VDD_IN 15769mW/15180mW VDD_CPU_GPU_CV 6826mW/6513mW VDD_SOC 3936mW/3799mW
08-11-2026 17:41:15 RAM 5524/7607MB (lfb 74x1MB) SWAP 1412/16384MB (cached 142MB) CPU [2%@729,11%@729,2%@729,2%@729,0%@729,1%@729] GR3D_FREQ 99% cpu@61.406C soc2@60.625C soc0@61.531C gpu@62.75C tj@62.75C soc1@60.656C VDD_IN 15809mW/15184mW VDD_CPU_GPU_CV 6865mW/6515mW VDD_SOC 3975mW/3800mW
08-11-2026 17:41:16 RAM 5523/7607MB (lfb 74x1MB) SWAP 1412/16384MB (cached 142MB) CPU [7%@729,15%@729,18%@729,4%@729,3%@729,1%@729] GR3D_FREQ 99% cpu@61.437C soc2@60.593C soc0@61.531C gpu@62.718C tj@62.718C soc1@60.437C VDD_IN 15887mW/15188mW VDD_CPU_GPU_CV 6944mW/6517mW VDD_SOC 3975mW/3801mW
08-11-2026 17:41:17 RAM 5523/7607MB (lfb 74x1MB) SWAP 1412/16384MB (cached 142MB) CPU [2%@729,14%@729,0%@729,0%@729,1%@729,0%@729] GR3D_FREQ 99% cpu@61.562C soc2@60.687C soc0@61.468C gpu@62.718C tj@62.718C soc1@60.468C VDD_IN 15809mW/15192mW VDD_CPU_GPU_CV 6865mW/6520mW VDD_SOC 3975mW/3802mW
08-11-2026 17:41:18 RAM 5523/7607MB (lfb 74x1MB) SWAP 1412/16384MB (cached 142MB) CPU [0%@729,12%@729,0%@729,1%@729,2%@729,2%@729] GR3D_FREQ 99% cpu@61.406C soc2@60.531C soc0@61.343C gpu@62.718C tj@62.718C soc1@60.531C VDD_IN 15809mW/15196mW VDD_CPU_GPU_CV 6904mW/6522mW VDD_SOC 3975mW/3803mW
08-11-2026 17:41:19 RAM 5523/7607MB (lfb 74x1MB) SWAP 1412/16384MB (cached 142MB) CPU [16%@729,1%@729,0%@729,1%@729,1%@729,1%@729] GR3D_FREQ 99% cpu@61.718C soc2@60.656C soc0@61.406C gpu@62.718C tj@62.718C soc1@60.625C VDD_IN 15848mW/15200mW VDD_CPU_GPU_CV 6865mW/6524mW VDD_SOC 3975mW/3804mW
08-11-2026 17:41:20 RAM 5523/7607MB (lfb 74x1MB) SWAP 1412/16384MB (cached 142MB) CPU [13%@729,2%@729,1%@729,1%@729,1%@729,1%@729] GR3D_FREQ 99% cpu@61.468C soc2@60.687C soc0@61.437C gpu@62.687C tj@62.687C soc1@60.5C VDD_IN 15848mW/15204mW VDD_CPU_GPU_CV 6865mW/6526mW VDD_SOC 3975mW/3806mW
08-11-2026 17:41:21 RAM 5528/7607MB (lfb 74x1MB) SWAP 1412/16384MB (cached 142MB) CPU [9%@729,6%@729,16%@729,5%@729,8%@729,2%@729] GR3D_FREQ 99% cpu@61.5C soc2@60.656C soc0@61.343C gpu@62.625C tj@62.625C soc1@60.5C VDD_IN 15901mW/15208mW VDD_CPU_GPU_CV 6944mW/6529mW VDD_SOC 3975mW/3807mW
08-11-2026 17:41:22 RAM 5528/7607MB (lfb 74x1MB) SWAP 1412/16384MB (cached 142MB) CPU [3%@729,1%@729,1%@729,3%@729,12%@729,1%@729] GR3D_FREQ 99% cpu@61.625C soc2@60.625C soc0@61.468C gpu@62.781C tj@62.781C soc1@60.625C VDD_IN 15809mW/15212mW VDD_CPU_GPU_CV 6865mW/6531mW VDD_SOC 3975mW/3808mW
08-11-2026 17:41:23 RAM 5528/7607MB (lfb 74x1MB) SWAP 1412/16384MB (cached 142MB) CPU [2%@729,1%@729,3%@729,2%@729,12%@729,0%@729] GR3D_FREQ 99% cpu@61.468C soc2@60.687C soc0@61.468C gpu@62.843C tj@62.843C soc1@60.718C VDD_IN 15848mW/15216mW VDD_CPU_GPU_CV 6865mW/6533mW VDD_SOC 3975mW/3809mW
08-11-2026 17:41:24 RAM 5528/7607MB (lfb 74x1MB) SWAP 1412/16384MB (cached 142MB) CPU [1%@1036,2%@1036,0%@1036,1%@1036,13%@729,0%@729] GR3D_FREQ 99% cpu@61.781C soc2@60.687C soc0@61.437C gpu@62.843C tj@62.843C soc1@60.656C VDD_IN 15809mW/15219mW VDD_CPU_GPU_CV 6904mW/6535mW VDD_SOC 3975mW/3810mW
08-11-2026 17:41:25 RAM 5528/7607MB (lfb 74x1MB) SWAP 1412/16384MB (cached 142MB) CPU [2%@729,2%@729,0%@729,1%@729,12%@729,0%@729] GR3D_FREQ 99% cpu@61.593C soc2@60.718C soc0@61.406C gpu@62.593C tj@62.593C soc1@60.562C VDD_IN 15783mW/15223mW VDD_CPU_GPU_CV 6904mW/6537mW VDD_SOC 3975mW/3811mW
08-11-2026 17:41:26 RAM 5527/7607MB (lfb 74x1MB) SWAP 1412/16384MB (cached 142MB) CPU [7%@729,8%@729,4%@729,18%@729,12%@729,0%@729] GR3D_FREQ 99% cpu@61.781C soc2@60.781C soc0@61.531C gpu@62.812C tj@62.812C soc1@60.687C VDD_IN 16058mW/15228mW VDD_CPU_GPU_CV 7050mW/6540mW VDD_SOC 3968mW/3811mW
08-11-2026 17:41:27 RAM 5530/7607MB (lfb 74x1MB) SWAP 1412/16384MB (cached 142MB) CPU [3%@1113,2%@1113,1%@1113,1%@1113,12%@729,1%@729] GR3D_FREQ 99% cpu@61.625C soc2@60.781C soc0@61.593C gpu@62.906C tj@62.906C soc1@60.562C VDD_IN 15848mW/15231mW VDD_CPU_GPU_CV 6865mW/6542mW VDD_SOC 3975mW/3812mW
08-11-2026 17:41:28 RAM 5530/7607MB (lfb 74x1MB) SWAP 1412/16384MB (cached 142MB) CPU [1%@1344,2%@1344,1%@1344,2%@1344,11%@729,1%@729] GR3D_FREQ 99% cpu@61.687C soc2@60.687C soc0@61.593C gpu@62.843C tj@62.843C soc1@60.625C VDD_IN 15809mW/15235mW VDD_CPU_GPU_CV 6826mW/6544mW VDD_SOC 3975mW/3813mW
08-11-2026 17:41:29 RAM 5531/7607MB (lfb 74x1MB) SWAP 1412/16384MB (cached 142MB) CPU [2%@729,2%@729,1%@729,1%@729,12%@729,0%@729] GR3D_FREQ 99% cpu@61.906C soc2@60.718C soc0@61.531C gpu@62.906C tj@62.906C soc1@60.656C VDD_IN 15730mW/15238mW VDD_CPU_GPU_CV 6826mW/6545mW VDD_SOC 3936mW/3814mW
08-11-2026 17:41:30 RAM 5531/7607MB (lfb 74x1MB) SWAP 1412/16384MB (cached 142MB) CPU [2%@729,1%@729,0%@729,2%@729,2%@729,7%@729] GR3D_FREQ 99% cpu@61.656C soc2@60.781C soc0@61.562C gpu@62.625C tj@62.625C soc1@60.718C VDD_IN 15730mW/15240mW VDD_CPU_GPU_CV 6826mW/6547mW VDD_SOC 3936mW/3815mW
08-11-2026 17:41:31 RAM 5531/7607MB (lfb 74x1MB) SWAP 1412/16384MB (cached 142MB) CPU [2%@1344,0%@1344,1%@1344,3%@1344,0%@729,13%@729] GR3D_FREQ 99% cpu@61.781C soc2@60.75C soc0@61.5C gpu@62.531C tj@62.531C soc1@60.75C VDD_IN 15690mW/15243mW VDD_CPU_GPU_CV 6787mW/6548mW VDD_SOC 3936mW/3816mW
08-11-2026 17:41:32 RAM 3895/7607MB (lfb 46x4MB) SWAP 1412/16384MB (cached 142MB) CPU [55%@729,11%@729,7%@729,10%@729,2%@1344,33%@1344] GR3D_FREQ 31% cpu@61C soc2@60.312C soc0@61.562C gpu@60.843C tj@61.562C soc1@60.562C VDD_IN 9195mW/15208mW VDD_CPU_GPU_CV 2817mW/6527mW VDD_SOC 2583mW/3808mW
