
slorado base-caller version 0.5.0-beta
model path:         models/dna_r10.4.1_e8.2_400bps_fast@v5.0.0
input path:         test/PGXXXX230339/reads_20k.blow5
output path:        /dev/null
device:             cuda:all
chunk size:         12288
read batch size:    4096
gpu batch size:     128
no. threads:        8
overlap:            150
overlap decode:     yes
fixed-c batch:      no (narrow partials)
flush threshold:    64
speculative decode: no

[parse_qscore_params::INFO][1;34m mean_qscore_start_pos not found in config toml, setting default to 60[0m
[basecaller_main::0.773*1.72] 4096 Entries (201.7M bytes) loaded
[basecaller_main::36.799*0.31] 4096 Entries (201.7M bytes) processed
[basecaller_main::37.363*0.31] 4096 Entries (212.8M bytes) loaded
[basecaller_main::73.395*0.27] 4096 Entries (212.8M bytes) processed
[basecaller_main::73.907*0.28] 4096 Entries (198.2M bytes) loaded
[basecaller_main::107.724*0.26] 4096 Entries (198.2M bytes) processed
[basecaller_main::108.260*0.26] 4096 Entries (203.8M bytes) loaded
[basecaller_main::142.824*0.26] 4096 Entries (203.8M bytes) processed
[basecaller_main::143.302*0.26] 3616 Entries (181.5M bytes) loaded
[basecaller_main::174.111*0.25] 3616 Entries (181.5M bytes) processed

[basecaller_main] total entries: 20000
[basecaller_main] total bytes: 998.1 M
[basecaller_main] model initialization: 0.227 sec
[basecaller_main] data loading: 2.523 sec
[basecaller_main] data processing: 171.248 sec
[basecaller_main]     - parse: 4.122 sec
[basecaller_main]     - preprocess: 0.352 sec
[basecaller_main]     - runners: 166.514 sec
[basecaller_main]          - synchronisation: 0.000 sec
[basecaller_main]          - model runner [0]: 166.496 sec
[basecaller_main]             - accept: 4.552 sec
[basecaller_main]             - basecall: 161.944 sec
[basecaller_main]                 - inference: 73.085 sec
[basecaller_main]                     - conv_stack: 2.626 sec
[basecaller_main]                         - input [N,C,T]: [64, 1, 12288]
[basecaller_main]                         - conv[0]: 1.127 sec
[basecaller_main]                             in  [N,C,T]: [64, 1, 12288]
[basecaller_main]                             out [N,C,T]: [64, 16, 12288]
[basecaller_main]                             op: 0.944 sec  act: 0.182 sec
[basecaller_main]                         - conv[1]: 0.789 sec
[basecaller_main]                             in  [N,C,T]: [64, 16, 12288]
[basecaller_main]                             out [N,C,T]: [64, 16, 12288]
[basecaller_main]                             op: 0.665 sec  act: 0.124 sec
[basecaller_main]                         - conv[2]: 0.695 sec
[basecaller_main]                             in  [N,C,T]: [64, 16, 12288]
[basecaller_main]                             out [N,C,T]: [64, 96, 2048]
[basecaller_main]                             op: 0.574 sec  act: 0.122 sec
[basecaller_main]                         - transpose: 0.015 sec
[basecaller_main]                             in  [N,C,T]: [64, 96, 2048]
[basecaller_main]                             out [N,T,C]: [64, 2048, 96]
[basecaller_main]                     - rnns: 10.130 sec
[basecaller_main]                         - rnn[0] (reverse): 2.974 sec
[basecaller_main]                             in  [N,T,C]: [64, 2048, 96]
[basecaller_main]                             out [N,T,C]: [64, 2048, 96]
[basecaller_main]                             flip: 0.139 sec  lstm: 2.835 sec
[basecaller_main]                         - rnn[1] (forward): 1.806 sec
[basecaller_main]                             in  [N,T,C]: [64, 2048, 96]
[basecaller_main]                             out [N,T,C]: [64, 2048, 96]
[basecaller_main]                             flip: 0.133 sec  lstm: 1.672 sec
[basecaller_main]                         - rnn[2] (reverse): 1.750 sec
[basecaller_main]                             in  [N,T,C]: [64, 2048, 96]
[basecaller_main]                             out [N,T,C]: [64, 2048, 96]
[basecaller_main]                             flip: 0.121 sec  lstm: 1.630 sec
[basecaller_main]                         - rnn[3] (forward): 1.739 sec
[basecaller_main]                             in  [N,T,C]: [64, 2048, 96]
[basecaller_main]                             out [N,T,C]: [64, 2048, 96]
[basecaller_main]                             flip: 0.119 sec  lstm: 1.620 sec
[basecaller_main]                         - rnn[4] (reverse): 1.734 sec
[basecaller_main]                             in  [N,T,C]: [64, 2048, 96]
[basecaller_main]                             out [N,T,C]: [64, 2048, 96]
[basecaller_main]                             flip: 0.118 sec  lstm: 1.616 sec
[basecaller_main]                         - rnn_out_flip: 0.126 sec
[basecaller_main]                             out [N,T,C]: [64, 2048, 96]
[basecaller_main]                     - crf_1: 0.433 sec
[basecaller_main]                         in  [N,T,C]: [64, 2048, 96]
[basecaller_main]                         out [N,T,C]: [64, 2048, 256]
[basecaller_main]                     - crf_2: 0.000 sec
[basecaller_main]                     - clamp: 0.078 sec
[basecaller_main]                 - decode: 161.287 sec
[basecaller_main]                     - scores [N,T,C]: [9, 2048, 256]
[basecaller_main]                     - bwd_scan: 3.827 sec
[basecaller_main]                     - beam_search: 67.042 sec
[basecaller_main]                     - fwd_post_scan: 16.136 sec
[basecaller_main]                     - qual_data: 7.865 sec
[basecaller_main]                     - gen_sequence: 5.193 sec
[basecaller_main]                     - d2h_copy: 0.068 sec
[basecaller_main]             - modcall: 0.000 sec
[basecaller_main] load-imbalance: 1598 GPU batches (1598 tail), 102089 real chunks, 102455 padded slots -> 50.1% of 204544 launched GPU slots wasted on padding
[basecaller_main]     - postprocess: 0.260 sec
[basecaller_main]     - mod_preprocess: 0.000 sec
[basecaller_main]     - mod_postprocess: 0.000 sec
[basecaller_main] data output: 0.119 sec
[basecaller_main] data free: 0.084 sec
[main] Version: 0.5.0-beta
[main] CMD: ./slorado basecaller -C 128 -c 12288 -K 4096 -p 150 --overlap-decode=yes --fixed-c-batch=no --flush-threshold=64 -o /dev/null models/dna_r10.4.1_e8.2_400bps_fast@v5.0.0 test/PGXXXX230339/reads_20k.blow5
[main] Real time: 174.218 sec; CPU time: 44.155 sec; Peak RAM: 4.540 GB

