08-11-2026 15:20:31 RAM 3316/7607MB (lfb 58x4MB) SWAP 2/16384MB (cached 0MB) CPU [2%@729,2%@729,2%@729,1%@729,1%@729,0%@729] GR3D_FREQ 0% cpu@54.531C soc2@53.75C soc0@55C gpu@54.812C tj@55C soc1@54.562C VDD_IN 5216mW/5216mW VDD_CPU_GPU_CV 681mW/681mW VDD_SOC 1482mW/1482mW
08-11-2026 15:20:32 RAM 3498/7607MB (lfb 58x4MB) SWAP 2/16384MB (cached 0MB) CPU [12%@1344,69%@1344,11%@1344,14%@1344,7%@729,8%@729] GR3D_FREQ 0% cpu@54.843C soc2@53.531C soc0@54.968C gpu@54.375C tj@54.968C soc1@54.562C VDD_IN 5800mW/5508mW VDD_CPU_GPU_CV 1118mW/900mW VDD_SOC 1480mW/1481mW
08-11-2026 15:20:33 RAM 4067/7607MB (lfb 35x4MB) SWAP 2/16384MB (cached 0MB) CPU [44%@1344,35%@1344,30%@1344,24%@1344,30%@1344,51%@1344] GR3D_FREQ 0% cpu@54.5C soc2@53.593C soc0@54.875C gpu@54.281C tj@54.875C soc1@54.375C VDD_IN 6400mW/5805mW VDD_CPU_GPU_CV 1517mW/1105mW VDD_SOC 1557mW/1506mW
08-11-2026 15:20:34 RAM 4853/7607MB (lfb 17x4MB) SWAP 2/16384MB (cached 0MB) CPU [56%@1344,58%@1344,56%@1344,57%@1344,60%@1344,65%@1344] GR3D_FREQ 0% cpu@54.718C soc2@53.375C soc0@54.656C gpu@54.125C tj@54.718C soc1@54.281C VDD_IN 6789mW/6051mW VDD_CPU_GPU_CV 1794mW/1278mW VDD_SOC 1597mW/1529mW
08-11-2026 15:20:35 RAM 6006/7607MB (lfb 2x4MB) SWAP 2/16384MB (cached 0MB) CPU [20%@729,27%@729,16%@729,28%@729,72%@729,5%@729] GR3D_FREQ 99% cpu@54.437C soc2@53.281C soc0@54.687C gpu@54.625C tj@54.687C soc1@54.406C VDD_IN 7894mW/6420mW VDD_CPU_GPU_CV 2348mW/1492mW VDD_SOC 1834mW/1590mW
08-11-2026 15:20:37 RAM 6009/7607MB (lfb 2x4MB) SWAP 2/16384MB (cached 0MB) CPU [3%@729,0%@729,2%@729,2%@729,12%@729,0%@729] GR3D_FREQ 99% cpu@54.875C soc2@54.093C soc0@54.968C gpu@56.062C tj@56.062C soc1@54.562C VDD_IN 14808mW/7818mW VDD_CPU_GPU_CV 6365mW/2304mW VDD_SOC 3587mW/1923mW
08-11-2026 15:20:38 RAM 6009/7607MB (lfb 1x4MB) SWAP 2/16384MB (cached 0MB) CPU [2%@729,2%@729,2%@729,0%@729,12%@729,4%@729] GR3D_FREQ 99% cpu@55.187C soc2@54.375C soc0@55.25C gpu@56.562C tj@56.562C soc1@54.625C VDD_IN 15572mW/8926mW VDD_CPU_GPU_CV 6758mW/2940mW VDD_SOC 3896mW/2205mW
08-11-2026 15:20:39 RAM 6011/7607MB (lfb 1x4MB) SWAP 2/16384MB (cached 0MB) CPU [6%@729,17%@729,2%@729,10%@729,11%@729,0%@729] GR3D_FREQ 99% cpu@55.531C soc2@54.531C soc0@55.5C gpu@56.625C tj@56.625C soc1@54.656C VDD_IN 15690mW/9771mW VDD_CPU_GPU_CV 6826mW/3426mW VDD_SOC 3896mW/2416mW
08-11-2026 15:20:40 RAM 6011/7607MB (lfb 1x4MB) SWAP 2/16384MB (cached 0MB) CPU [3%@729,7%@729,6%@729,4%@729,12%@729,0%@729] GR3D_FREQ 99% cpu@55.593C soc2@54.75C soc0@55.437C gpu@56.875C tj@56.875C soc1@54.75C VDD_IN 15651mW/10424mW VDD_CPU_GPU_CV 6826mW/3804mW VDD_SOC 3896mW/2581mW
08-11-2026 15:20:41 RAM 6013/7607MB (lfb 2x4MB) SWAP 2/16384MB (cached 0MB) CPU [3%@729,2%@729,1%@729,2%@729,12%@729,0%@729] GR3D_FREQ 99% cpu@55.812C soc2@54.75C soc0@55.562C gpu@57.187C tj@57.187C soc1@54.812C VDD_IN 15651mW/10947mW VDD_CPU_GPU_CV 6787mW/4102mW VDD_SOC 3896mW/2712mW
08-11-2026 15:20:42 RAM 6016/7607MB (lfb 2x4MB) SWAP 2/16384MB (cached 0MB) CPU [1%@1190,1%@1190,2%@1190,2%@1190,10%@729,0%@729] GR3D_FREQ 99% cpu@55.687C soc2@54.906C soc0@55.718C gpu@57.125C tj@57.125C soc1@55.062C VDD_IN 15651mW/11375mW VDD_CPU_GPU_CV 6787mW/4346mW VDD_SOC 3896mW/2820mW
08-11-2026 15:20:43 RAM 6021/7607MB (lfb 1x4MB) SWAP 2/16384MB (cached 0MB) CPU [5%@729,6%@729,7%@729,5%@729,12%@729,0%@729] GR3D_FREQ 99% cpu@55.937C soc2@55.062C soc0@55.937C gpu@57.25C tj@57.25C soc1@55.031C VDD_IN 15690mW/11734mW VDD_CPU_GPU_CV 6826mW/4553mW VDD_SOC 3936mW/2913mW
08-11-2026 15:20:44 RAM 6023/7607MB (lfb 2x4MB) SWAP 2/16384MB (cached 0MB) CPU [9%@1344,18%@1344,5%@1344,4%@1344,12%@729,0%@729] GR3D_FREQ 99% cpu@56.156C soc2@55.187C soc0@55.875C gpu@57.312C tj@57.312C soc1@55.125C VDD_IN 15809mW/12048mW VDD_CPU_GPU_CV 6944mW/4737mW VDD_SOC 3936mW/2991mW
08-11-2026 15:20:45 RAM 6026/7607MB (lfb 1x4MB) SWAP 2/16384MB (cached 0MB) CPU [2%@729,2%@729,1%@729,1%@729,13%@729,1%@729] GR3D_FREQ 99% cpu@56.437C soc2@55.281C soc0@56C gpu@57.437C tj@57.437C soc1@55.25C VDD_IN 15690mW/12308mW VDD_CPU_GPU_CV 6826mW/4886mW VDD_SOC 3936mW/3059mW
08-11-2026 15:20:46 RAM 6028/7607MB (lfb 1x4MB) SWAP 2/16384MB (cached 0MB) CPU [2%@1113,0%@1113,2%@1113,2%@1113,11%@729,0%@729] GR3D_FREQ 99% cpu@56.25C soc2@55.375C soc0@56.062C gpu@57.437C tj@57.437C soc1@55.437C VDD_IN 15651mW/12531mW VDD_CPU_GPU_CV 6837mW/5016mW VDD_SOC 3896mW/3115mW
08-11-2026 15:20:47 RAM 6030/7607MB (lfb 2x4MB) SWAP 2/16384MB (cached 0MB) CPU [3%@1344,2%@1344,1%@1344,2%@1344,12%@729,0%@729] GR3D_FREQ 99% cpu@56.5C soc2@55.406C soc0@56.25C gpu@57.5C tj@57.5C soc1@55.375C VDD_IN 15572mW/12721mW VDD_CPU_GPU_CV 6758mW/5125mW VDD_SOC 3896mW/3164mW
08-11-2026 15:20:48 RAM 6033/7607MB (lfb 2x4MB) SWAP 2/16384MB (cached 0MB) CPU [3%@729,1%@729,1%@729,3%@729,11%@729,0%@729] GR3D_FREQ 99% cpu@56.437C soc2@55.5C soc0@56.218C gpu@57.656C tj@57.656C soc1@55.5C VDD_IN 15611mW/12891mW VDD_CPU_GPU_CV 6798mW/5223mW VDD_SOC 3896mW/3207mW
08-11-2026 15:20:49 RAM 6035/7607MB (lfb 1x4MB) SWAP 2/16384MB (cached 0MB) CPU [13%@729,3%@729,4%@729,13%@729,11%@729,0%@729] GR3D_FREQ 99% cpu@56.656C soc2@55.593C soc0@56.312C gpu@57.437C tj@57.437C soc1@55.656C VDD_IN 15809mW/13053mW VDD_CPU_GPU_CV 6944mW/5319mW VDD_SOC 3896mW/3245mW
08-11-2026 15:20:50 RAM 6037/7607MB (lfb 1x4MB) SWAP 2/16384MB (cached 0MB) CPU [4%@729,1%@729,2%@729,1%@729,12%@729,0%@729] GR3D_FREQ 99% cpu@56.968C soc2@55.718C soc0@56.5C gpu@57.406C tj@57.406C soc1@55.687C VDD_IN 15533mW/13184mW VDD_CPU_GPU_CV 6719mW/5393mW VDD_SOC 3857mW/3277mW
08-11-2026 15:20:51 RAM 6040/7607MB (lfb 2x4MB) SWAP 2/16384MB (cached 0MB) CPU [1%@729,1%@729,1%@729,2%@729,11%@729,0%@729] GR3D_FREQ 99% cpu@56.468C soc2@55.781C soc0@56.468C gpu@57.718C tj@57.718C soc1@55.625C VDD_IN 15533mW/13301mW VDD_CPU_GPU_CV 6719mW/5459mW VDD_SOC 3896mW/3308mW
08-11-2026 15:20:52 RAM 6042/7607MB (lfb 1x4MB) SWAP 2/16384MB (cached 0MB) CPU [2%@729,2%@729,1%@729,2%@729,11%@729,0%@729] GR3D_FREQ 99% cpu@56.687C soc2@55.843C soc0@56.531C gpu@57.625C tj@57.625C soc1@55.718C VDD_IN 15572mW/13409mW VDD_CPU_GPU_CV 6758mW/5521mW VDD_SOC 3896mW/3336mW
08-11-2026 15:20:53 RAM 6044/7607MB (lfb 1x4MB) SWAP 2/16384MB (cached 0MB) CPU [0%@729,2%@729,2%@729,1%@729,12%@729,0%@729] GR3D_FREQ 99% cpu@57.031C soc2@55.812C soc0@56.562C gpu@57.906C tj@57.906C soc1@55.812C VDD_IN 15533mW/13506mW VDD_CPU_GPU_CV 6719mW/5575mW VDD_SOC 3896mW/3362mW
08-11-2026 15:20:54 RAM 6046/7607MB (lfb 2x4MB) SWAP 2/16384MB (cached 0MB) CPU [9%@883,3%@883,3%@883,9%@883,11%@729,0%@729] GR3D_FREQ 99% cpu@56.906C soc2@55.937C soc0@56.656C gpu@58.062C tj@58.062C soc1@55.937C VDD_IN 15651mW/13599mW VDD_CPU_GPU_CV 6826mW/5630mW VDD_SOC 3896mW/3385mW
08-11-2026 15:20:55 RAM 6048/7607MB (lfb 2x4MB) SWAP 2/16384MB (cached 0MB) CPU [2%@729,3%@729,2%@729,8%@729,12%@729,0%@729] GR3D_FREQ 99% cpu@57.125C soc2@56.031C soc0@56.781C gpu@58.437C tj@58.437C soc1@56.093C VDD_IN 15572mW/13681mW VDD_CPU_GPU_CV 6758mW/5677mW VDD_SOC 3902mW/3406mW
08-11-2026 15:20:56 RAM 6050/7607MB (lfb 1x4MB) SWAP 2/16384MB (cached 0MB) CPU [2%@729,2%@729,1%@729,2%@729,11%@729,0%@729] GR3D_FREQ 99% cpu@56.812C soc2@56.156C soc0@56.968C gpu@58.468C tj@58.468C soc1@56C VDD_IN 15572mW/13757mW VDD_CPU_GPU_CV 6758mW/5720mW VDD_SOC 3896mW/3426mW
08-11-2026 15:20:57 RAM 6053/7607MB (lfb 1x4MB) SWAP 2/16384MB (cached 0MB) CPU [2%@729,0%@729,2%@729,2%@729,11%@729,0%@729] GR3D_FREQ 99% cpu@57.062C soc2@56.156C soc0@57C gpu@58.468C tj@58.468C soc1@56.125C VDD_IN 15572mW/13827mW VDD_CPU_GPU_CV 6758mW/5760mW VDD_SOC 3896mW/3444mW
08-11-2026 15:20:58 RAM 6055/7607MB (lfb 2x4MB) SWAP 2/16384MB (cached 0MB) CPU [3%@729,2%@729,1%@729,1%@729,12%@729,0%@729] GR3D_FREQ 99% cpu@57.25C soc2@56.187C soc0@56.937C gpu@58.75C tj@58.75C soc1@56.312C VDD_IN 15533mW/13890mW VDD_CPU_GPU_CV 6719mW/5795mW VDD_SOC 3896mW/3461mW
08-11-2026 15:20:59 RAM 6057/7607MB (lfb 2x4MB) SWAP 2/16384MB (cached 0MB) CPU [1%@729,2%@729,2%@729,2%@729,12%@729,0%@729] GR3D_FREQ 99% cpu@57.093C soc2@56.218C soc0@57.093C gpu@58.687C tj@58.687C soc1@56.343C VDD_IN 15572mW/13950mW VDD_CPU_GPU_CV 6758mW/5830mW VDD_SOC 3896mW/3476mW
08-11-2026 15:21:00 RAM 6059/7607MB (lfb 1x4MB) SWAP 2/16384MB (cached 0MB) CPU [5%@729,6%@729,7%@729,16%@729,13%@729,1%@729] GR3D_FREQ 99% cpu@57.468C soc2@56.406C soc0@57.187C gpu@58.375C tj@58.375C soc1@56.468C VDD_IN 15572mW/14006mW VDD_CPU_GPU_CV 6758mW/5862mW VDD_SOC 3896mW/3491mW
08-11-2026 15:21:01 RAM 6062/7607MB (lfb 2x4MB) SWAP 2/16384MB (cached 0MB) CPU [3%@729,1%@729,1%@729,3%@729,11%@729,0%@729] GR3D_FREQ 99% cpu@57.156C soc2@56.468C soc0@57.281C gpu@58.5C tj@58.5C soc1@56.375C VDD_IN 15611mW/14059mW VDD_CPU_GPU_CV 6758mW/5892mW VDD_SOC 3896mW/3504mW
08-11-2026 15:21:02 RAM 6065/7607MB (lfb 2x4MB) SWAP 2/16384MB (cached 0MB) CPU [2%@729,1%@729,1%@729,2%@729,12%@729,0%@729] GR3D_FREQ 99% cpu@57.343C soc2@56.437C soc0@57.218C gpu@58.75C tj@58.75C soc1@56.437C VDD_IN 15572mW/14108mW VDD_CPU_GPU_CV 6758mW/5920mW VDD_SOC 3896mW/3517mW
08-11-2026 15:21:03 RAM 6067/7607MB (lfb 1x4MB) SWAP 2/16384MB (cached 0MB) CPU [2%@729,2%@729,2%@729,1%@729,11%@729,0%@729] GR3D_FREQ 99% cpu@57.593C soc2@56.468C soc0@57.25C gpu@58.687C tj@58.687C soc1@56.468C VDD_IN 15611mW/14155mW VDD_CPU_GPU_CV 6798mW/5947mW VDD_SOC 3896mW/3529mW
08-11-2026 15:21:04 RAM 6069/7607MB (lfb 1x4MB) SWAP 2/16384MB (cached 0MB) CPU [2%@729,2%@729,1%@729,1%@729,13%@729,0%@729] GR3D_FREQ 99% cpu@57.468C soc2@56.625C soc0@57.343C gpu@58.718C tj@58.718C soc1@56.718C VDD_IN 15533mW/14197mW VDD_CPU_GPU_CV 6719mW/5970mW VDD_SOC 3896mW/3540mW
08-11-2026 15:21:05 RAM 6071/7607MB (lfb 2x4MB) SWAP 2/16384MB (cached 0MB) CPU [17%@729,6%@729,4%@729,6%@729,12%@729,2%@729] GR3D_FREQ 99% cpu@57.531C soc2@56.812C soc0@57.531C gpu@58.75C tj@58.75C soc1@56.843C VDD_IN 15611mW/14238mW VDD_CPU_GPU_CV 6787mW/5994mW VDD_SOC 3896mW/3550mW
08-11-2026 15:21:06 RAM 6073/7607MB (lfb 2x4MB) SWAP 2/16384MB (cached 0MB) CPU [2%@729,1%@729,2%@729,0%@729,12%@729,0%@729] GR3D_FREQ 99% cpu@57.75C soc2@56.875C soc0@57.531C gpu@58.687C tj@58.687C soc1@56.656C VDD_IN 15572mW/14277mW VDD_CPU_GPU_CV 6758mW/6016mW VDD_SOC 3936mW/3561mW
08-11-2026 15:21:07 RAM 6076/7607MB (lfb 1x4MB) SWAP 2/16384MB (cached 0MB) CPU [3%@729,2%@729,3%@729,2%@729,11%@729,0%@729] GR3D_FREQ 99% cpu@57.687C soc2@56.906C soc0@57.562C gpu@58.812C tj@58.812C soc1@56.781C VDD_IN 15611mW/14314mW VDD_CPU_GPU_CV 6747mW/6037mW VDD_SOC 3896mW/3571mW
08-11-2026 15:21:08 RAM 6078/7607MB (lfb 2x4MB) SWAP 2/16384MB (cached 0MB) CPU [2%@729,2%@729,1%@729,1%@729,12%@729,0%@729] GR3D_FREQ 99% cpu@57.968C soc2@56.812C soc0@57.562C gpu@58.781C tj@58.781C soc1@56.937C VDD_IN 15611mW/14349mW VDD_CPU_GPU_CV 6758mW/6056mW VDD_SOC 3896mW/3579mW
08-11-2026 15:21:09 RAM 6080/7607MB (lfb 2x4MB) SWAP 2/16384MB (cached 0MB) CPU [2%@729,0%@729,1%@729,2%@729,11%@729,0%@729] GR3D_FREQ 99% cpu@57.687C soc2@56.937C soc0@57.75C gpu@58.968C tj@58.968C soc1@56.968C VDD_IN 15611mW/14382mW VDD_CPU_GPU_CV 6747mW/6074mW VDD_SOC 3896mW/3588mW
08-11-2026 15:21:10 RAM 6094/7607MB (lfb 1x4MB) SWAP 2/16384MB (cached 0MB) CPU [25%@1344,31%@1344,23%@1344,27%@1344,24%@1344,18%@1344] GR3D_FREQ 0% cpu@57.718C soc2@56.281C soc0@57.531C gpu@57.031C tj@57.718C soc1@56.812C VDD_IN 8054mW/14220mW VDD_CPU_GPU_CV 2308mW/5978mW VDD_SOC 2149mW/3551mW
08-11-2026 15:21:11 RAM 6421/7607MB (lfb 1x4MB) SWAP 2/16384MB (cached 0MB) CPU [78%@729,74%@729,75%@729,72%@729,74%@729,72%@729] GR3D_FREQ 99% cpu@57.156C soc2@56.093C soc0@57.25C gpu@57.937C tj@57.937C soc1@56.718C VDD_IN 9195mW/14094mW VDD_CPU_GPU_CV 3298mW/5911mW VDD_SOC 1950mW/3511mW
08-11-2026 15:21:12 RAM 6421/7607MB (lfb 1x4MB) SWAP 2/16384MB (cached 0MB) CPU [13%@729,0%@729,1%@729,3%@729,0%@729,0%@729] GR3D_FREQ 99% cpu@57.75C soc2@56.593C soc0@57.437C gpu@58.968C tj@58.968C soc1@56.843C VDD_IN 15044mW/14117mW VDD_CPU_GPU_CV 6444mW/5924mW VDD_SOC 3705mW/3516mW
08-11-2026 15:21:13 RAM 6421/7607MB (lfb 1x4MB) SWAP 2/16384MB (cached 0MB) CPU [12%@729,2%@729,2%@729,2%@729,0%@729,0%@729] GR3D_FREQ 99% cpu@57.875C soc2@56.937C soc0@57.625C gpu@59.062C tj@59.062C soc1@57C VDD_IN 15572mW/14152mW VDD_CPU_GPU_CV 6758mW/5944mW VDD_SOC 3896mW/3525mW
08-11-2026 15:21:14 RAM 6421/7607MB (lfb 1x4MB) SWAP 2/16384MB (cached 0MB) CPU [11%@729,2%@729,1%@729,5%@729,0%@729,0%@729] GR3D_FREQ 99% cpu@57.625C soc2@57C soc0@57.781C gpu@58.906C tj@58.906C soc1@57.031C VDD_IN 15572mW/14185mW VDD_CPU_GPU_CV 6747mW/5962mW VDD_SOC 3896mW/3533mW
08-11-2026 15:21:15 RAM 6423/7607MB (lfb 1x4MB) SWAP 2/16384MB (cached 0MB) CPU [9%@729,11%@729,14%@729,10%@729,0%@729,0%@729] GR3D_FREQ 99% cpu@57.843C soc2@57.093C soc0@57.906C gpu@59.093C tj@59.093C soc1@57C VDD_IN 15809mW/14222mW VDD_CPU_GPU_CV 6904mW/5984mW VDD_SOC 3936mW/3542mW
08-11-2026 15:21:16 RAM 6424/7607MB (lfb 1x4MB) SWAP 2/16384MB (cached 0MB) CPU [13%@729,1%@729,2%@729,1%@729,0%@729,0%@729] GR3D_FREQ 99% cpu@58.062C soc2@57C soc0@57.875C gpu@59.25C tj@59.25C soc1@57.062C VDD_IN 15651mW/14254mW VDD_CPU_GPU_CV 6826mW/6002mW VDD_SOC 3936mW/3551mW
08-11-2026 15:21:17 RAM 6426/7607MB (lfb 1x4MB) SWAP 2/16384MB (cached 0MB) CPU [13%@729,3%@729,1%@729,1%@729,0%@729,1%@729] GR3D_FREQ 99% cpu@58.375C soc2@57.218C soc0@57.875C gpu@59.187C tj@59.187C soc1@57.125C VDD_IN 15651mW/14284mW VDD_CPU_GPU_CV 6787mW/6019mW VDD_SOC 3896mW/3559mW
08-11-2026 15:21:18 RAM 6428/7607MB (lfb 1x4MB) SWAP 2/16384MB (cached 0MB) CPU [14%@729,1%@729,2%@729,2%@729,0%@729,0%@729] GR3D_FREQ 99% cpu@58.312C soc2@57.281C soc0@58C gpu@59.25C tj@59.25C soc1@57.25C VDD_IN 15690mW/14314mW VDD_CPU_GPU_CV 6826mW/6037mW VDD_SOC 3936mW/3567mW
08-11-2026 15:21:19 RAM 6431/7607MB (lfb 1x4MB) SWAP 2/16384MB (cached 0MB) CPU [13%@729,3%@729,2%@729,1%@729,0%@729,0%@729] GR3D_FREQ 99% cpu@58.5C soc2@57.343C soc0@58.125C gpu@59.593C tj@59.593C soc1@57.437C VDD_IN 15611mW/14341mW VDD_CPU_GPU_CV 6787mW/6052mW VDD_SOC 3896mW/3574mW
08-11-2026 15:21:20 RAM 6434/7607MB (lfb 1x4MB) SWAP 2/16384MB (cached 0MB) CPU [17%@729,7%@729,6%@729,16%@729,0%@729,1%@729] GR3D_FREQ 99% cpu@58.25C soc2@57.375C soc0@58.25C gpu@59.593C tj@59.593C soc1@57.25C VDD_IN 15887mW/14372mW VDD_CPU_GPU_CV 6983mW/6071mW VDD_SOC 3936mW/3581mW
08-11-2026 15:21:21 RAM 6436/7607MB (lfb 1x4MB) SWAP 2/16384MB (cached 0MB) CPU [12%@729,3%@729,2%@729,3%@729,0%@729,0%@729] GR3D_FREQ 99% cpu@58.281C soc2@57.437C soc0@58.093C gpu@59.687C tj@59.687C soc1@57.406C VDD_IN 15690mW/14399mW VDD_CPU_GPU_CV 6826mW/6086mW VDD_SOC 3936mW/3588mW
08-11-2026 15:21:22 RAM 6438/7607MB (lfb 1x4MB) SWAP 2/16384MB (cached 0MB) CPU [13%@729,1%@729,1%@729,3%@729,0%@729,1%@729] GR3D_FREQ 99% cpu@58.562C soc2@57.375C soc0@58.062C gpu@59.718C tj@59.718C soc1@57.468C VDD_IN 15651mW/14423mW VDD_CPU_GPU_CV 6787mW/6100mW VDD_SOC 3936mW/3595mW
08-11-2026 15:21:23 RAM 6440/7607MB (lfb 1x4MB) SWAP 2/16384MB (cached 0MB) CPU [14%@729,2%@729,2%@729,1%@729,0%@729,0%@729] GR3D_FREQ 99% cpu@58.218C soc2@57.468C soc0@58.218C gpu@59.937C tj@59.937C soc1@57.5C VDD_IN 15611mW/14446mW VDD_CPU_GPU_CV 6747mW/6112mW VDD_SOC 3936mW/3601mW
08-11-2026 15:21:24 RAM 6443/7607MB (lfb 1x4MB) SWAP 2/16384MB (cached 0MB) CPU [12%@729,1%@729,2%@729,1%@729,0%@729,0%@729] GR3D_FREQ 99% cpu@58.312C soc2@57.625C soc0@58.343C gpu@59.593C tj@59.593C soc1@57.437C VDD_IN 15651mW/14469mW VDD_CPU_GPU_CV 6747mW/6124mW VDD_SOC 3936mW/3608mW
08-11-2026 15:21:25 RAM 6445/7607MB (lfb 1x4MB) SWAP 2/16384MB (cached 0MB) CPU [12%@729,3%@729,6%@729,6%@729,0%@729,0%@729] GR3D_FREQ 99% cpu@58.593C soc2@57.593C soc0@58.187C gpu@59.656C tj@59.656C soc1@57.437C VDD_IN 15769mW/14493mW VDD_CPU_GPU_CV 6865mW/6138mW VDD_SOC 3936mW/3614mW
08-11-2026 15:21:26 RAM 6448/7607MB (lfb 1x4MB) SWAP 2/16384MB (cached 0MB) CPU [12%@729,5%@729,3%@729,14%@729,0%@729,0%@729] GR3D_FREQ 99% cpu@58.468C soc2@57.656C soc0@58.281C gpu@59.781C tj@59.781C soc1@57.562C VDD_IN 15651mW/14514mW VDD_CPU_GPU_CV 6826mW/6151mW VDD_SOC 3936mW/3620mW
08-11-2026 15:21:27 RAM 6451/7607MB (lfb 1x4MB) SWAP 2/16384MB (cached 0MB) CPU [13%@729,1%@729,1%@729,2%@729,0%@729,0%@729] GR3D_FREQ 99% cpu@58.875C soc2@57.718C soc0@58.343C gpu@59.812C tj@59.812C soc1@57.687C VDD_IN 15730mW/14536mW VDD_CPU_GPU_CV 6826mW/6163mW VDD_SOC 3936mW/3625mW
08-11-2026 15:21:28 RAM 6453/7607MB (lfb 1x4MB) SWAP 2/16384MB (cached 0MB) CPU [13%@729,3%@729,2%@729,1%@729,0%@729,0%@729] GR3D_FREQ 99% cpu@58.5C soc2@57.75C soc0@58.5C gpu@59.781C tj@59.781C soc1@57.781C VDD_IN 15651mW/14555mW VDD_CPU_GPU_CV 6787mW/6174mW VDD_SOC 3896mW/3630mW
08-11-2026 15:21:29 RAM 6453/7607MB (lfb 1x4MB) SWAP 2/16384MB (cached 0MB) CPU [4%@729,14%@729,1%@729,1%@729,0%@729,0%@729] GR3D_FREQ 99% cpu@58.5C soc2@57.781C soc0@58.593C gpu@59.562C tj@59.562C soc1@57.593C VDD_IN 15611mW/14574mW VDD_CPU_GPU_CV 6747mW/6184mW VDD_SOC 3896mW/3635mW
08-11-2026 15:21:30 RAM 6454/7607MB (lfb 1x4MB) SWAP 2/16384MB (cached 0MB) CPU [3%@729,13%@729,1%@729,2%@729,0%@729,0%@729] GR3D_FREQ 99% cpu@58.625C soc2@57.718C soc0@58.531C gpu@59.75C tj@59.75C soc1@57.718C VDD_IN 15651mW/14592mW VDD_CPU_GPU_CV 6787mW/6194mW VDD_SOC 3896mW/3639mW
08-11-2026 15:21:31 RAM 6457/7607MB (lfb 1x4MB) SWAP 2/16384MB (cached 0MB) CPU [15%@1344,18%@1344,8%@1344,9%@1344,2%@729,0%@729] GR3D_FREQ 99% cpu@58.718C soc2@57.812C soc0@58.5C gpu@59.812C tj@59.812C soc1@57.718C VDD_IN 15730mW/14611mW VDD_CPU_GPU_CV 6826mW/6204mW VDD_SOC 3936mW/3644mW
08-11-2026 15:21:32 RAM 6460/7607MB (lfb 1x4MB) SWAP 2/16384MB (cached 0MB) CPU [2%@729,11%@729,2%@729,1%@729,0%@729,0%@729] GR3D_FREQ 99% cpu@58.968C soc2@57.906C soc0@58.593C gpu@59.75C tj@59.75C soc1@57.843C VDD_IN 15651mW/14628mW VDD_CPU_GPU_CV 6787mW/6214mW VDD_SOC 3936mW/3649mW
08-11-2026 15:21:33 RAM 6462/7607MB (lfb 1x4MB) SWAP 2/16384MB (cached 0MB) CPU [4%@729,11%@729,0%@729,4%@729,0%@729,0%@729] GR3D_FREQ 99% cpu@58.75C soc2@58C soc0@58.625C gpu@59.875C tj@59.937C soc1@57.937C VDD_IN 15651mW/14644mW VDD_CPU_GPU_CV 6787mW/6223mW VDD_SOC 3936mW/3653mW
08-11-2026 15:21:34 RAM 6465/7607MB (lfb 1x4MB) SWAP 2/16384MB (cached 0MB) CPU [2%@729,1%@729,1%@729,14%@729,0%@729,0%@729] GR3D_FREQ 99% cpu@58.812C soc2@57.906C soc0@58.781C gpu@60.187C tj@60.187C soc1@57.781C VDD_IN 15651mW/14660mW VDD_CPU_GPU_CV 6787mW/6232mW VDD_SOC 3896mW/3657mW
08-11-2026 15:21:35 RAM 6468/7607MB (lfb 1x4MB) SWAP 2/16384MB (cached 0MB) CPU [3%@729,2%@729,1%@729,10%@729,1%@729,0%@729] GR3D_FREQ 99% cpu@59C soc2@57.875C soc0@58.718C gpu@60.156C tj@60.156C soc1@57.906C VDD_IN 15611mW/14675mW VDD_CPU_GPU_CV 6787mW/6241mW VDD_SOC 3936mW/3662mW
08-11-2026 15:21:36 RAM 6466/7607MB (lfb 2x4MB) SWAP 2/16384MB (cached 0MB) CPU [15%@729,25%@729,29%@729,27%@729,19%@729,18%@729] GR3D_FREQ 99% cpu@58.843C soc2@58.125C soc0@58.687C gpu@60.062C tj@60.062C soc1@58C VDD_IN 16006mW/14696mW VDD_CPU_GPU_CV 7061mW/6253mW VDD_SOC 3936mW/3666mW
08-11-2026 15:21:37 RAM 6468/7607MB (lfb 2x4MB) SWAP 2/16384MB (cached 0MB) CPU [12%@729,1%@729,3%@729,4%@729,0%@729,0%@729] GR3D_FREQ 99% cpu@59.156C soc2@58.156C soc0@58.875C gpu@60.312C tj@60.312C soc1@58.062C VDD_IN 15730mW/14711mW VDD_CPU_GPU_CV 6826mW/6262mW VDD_SOC 3936mW/3670mW
08-11-2026 15:21:38 RAM 6468/7607MB (lfb 2x4MB) SWAP 2/16384MB (cached 0MB) CPU [2%@729,2%@729,3%@729,12%@729,0%@729,0%@729] GR3D_FREQ 99% cpu@58.937C soc2@58.156C soc0@58.875C gpu@60.156C tj@60.156C soc1@58C VDD_IN 15730mW/14726mW VDD_CPU_GPU_CV 6787mW/6270mW VDD_SOC 3936mW/3674mW
08-11-2026 15:21:39 RAM 6469/7607MB (lfb 2x4MB) SWAP 2/16384MB (cached 0MB) CPU [12%@729,0%@729,2%@729,5%@729,0%@729,1%@729] GR3D_FREQ 99% cpu@59.031C soc2@58.125C soc0@58.781C gpu@60.093C tj@60.093C soc1@58.031C VDD_IN 15730mW/14741mW VDD_CPU_GPU_CV 6787mW/6277mW VDD_SOC 3936mW/3678mW
08-11-2026 15:21:40 RAM 6465/7607MB (lfb 2x4MB) SWAP 2/16384MB (cached 0MB) CPU [13%@729,5%@729,3%@729,2%@729,0%@729,0%@729] GR3D_FREQ 99% cpu@59.218C soc2@58.25C soc0@58.906C gpu@60.093C tj@60.093C soc1@58.125C VDD_IN 15651mW/14754mW VDD_CPU_GPU_CV 6787mW/6285mW VDD_SOC 3936mW/3682mW
08-11-2026 15:21:41 RAM 6471/7607MB (lfb 2x4MB) SWAP 2/16384MB (cached 0MB) CPU [16%@729,12%@729,5%@729,13%@729,0%@729,0%@729] GR3D_FREQ 99% cpu@58.937C soc2@58.25C soc0@59.062C gpu@60.406C tj@60.406C soc1@58.187C VDD_IN 15809mW/14769mW VDD_CPU_GPU_CV 6904mW/6294mW VDD_SOC 3896mW/3685mW
08-11-2026 15:21:42 RAM 6474/7607MB (lfb 2x4MB) SWAP 2/16384MB (cached 0MB) CPU [13%@729,2%@729,1%@729,3%@729,0%@729,0%@729] GR3D_FREQ 99% cpu@59.343C soc2@58.312C soc0@59.093C gpu@60.343C tj@60.343C soc1@58.343C VDD_IN 15769mW/14784mW VDD_CPU_GPU_CV 6826mW/6301mW VDD_SOC 3936mW/3688mW
08-11-2026 15:21:43 RAM 6478/7607MB (lfb 1x4MB) SWAP 2/16384MB (cached 0MB) CPU [12%@729,8%@729,1%@729,3%@729,0%@729,0%@729] GR3D_FREQ 99% cpu@59.125C soc2@58.25C soc0@59.125C gpu@60.562C tj@60.562C soc1@58.156C VDD_IN 15730mW/14797mW VDD_CPU_GPU_CV 6865mW/6309mW VDD_SOC 3936mW/3692mW
08-11-2026 15:21:44 RAM 6479/7607MB (lfb 1x4MB) SWAP 2/16384MB (cached 0MB) CPU [9%@729,10%@729,2%@729,1%@729,0%@729,0%@729] GR3D_FREQ 99% cpu@59.187C soc2@58.406C soc0@59.156C gpu@60.625C tj@60.625C soc1@58.375C VDD_IN 15690mW/14809mW VDD_CPU_GPU_CV 6826mW/6316mW VDD_SOC 3936mW/3695mW
08-11-2026 15:21:45 RAM 6480/7607MB (lfb 1x4MB) SWAP 2/16384MB (cached 0MB) CPU [13%@729,2%@729,1%@729,2%@729,0%@729,0%@729] GR3D_FREQ 99% cpu@59.437C soc2@58.312C soc0@59.062C gpu@60.625C tj@60.625C soc1@58.406C VDD_IN 15690mW/14821mW VDD_CPU_GPU_CV 6787mW/6322mW VDD_SOC 3936mW/3698mW
08-11-2026 15:21:46 RAM 6476/7607MB (lfb 2x4MB) SWAP 2/16384MB (cached 0MB) CPU [23%@1344,13%@1344,17%@1190,7%@1190,6%@1190,20%@1190] GR3D_FREQ 0% cpu@59.187C soc2@58.25C soc0@59.125C gpu@59.25C tj@59.25C soc1@58.468C VDD_IN 11745mW/14780mW VDD_CPU_GPU_CV 4350mW/6296mW VDD_SOC 3208mW/3692mW
08-11-2026 15:21:47 RAM 6619/7607MB (lfb 2x4MB) SWAP 2/16384MB (cached 0MB) CPU [79%@1344,79%@1344,75%@1344,81%@1344,72%@1344,72%@1344] GR3D_FREQ 0% cpu@59.031C soc2@57.718C soc0@58.781C gpu@58.25C tj@59.031C soc1@58.187C VDD_IN 8373mW/14696mW VDD_CPU_GPU_CV 2702mW/6249mW VDD_SOC 1870mW/3668mW
08-11-2026 15:21:48 RAM 6619/7607MB (lfb 2x4MB) SWAP 2/16384MB (cached 0MB) CPU [2%@729,2%@729,3%@729,14%@729,0%@729,0%@729] GR3D_FREQ 99% cpu@59.062C soc2@58.031C soc0@58.843C gpu@60.125C tj@60.125C soc1@58.218C VDD_IN 14768mW/14696mW VDD_CPU_GPU_CV 6326mW/6250mW VDD_SOC 3627mW/3667mW
08-11-2026 15:21:49 RAM 6619/7607MB (lfb 2x4MB) SWAP 2/16384MB (cached 0MB) CPU [5%@729,9%@729,1%@729,7%@729,0%@729,0%@729] GR3D_FREQ 99% cpu@59.343C soc2@58.281C soc0@58.968C gpu@60.187C tj@60.187C soc1@58.281C VDD_IN 15611mW/14708mW VDD_CPU_GPU_CV 6747mW/6256mW VDD_SOC 3936mW/3671mW
08-11-2026 15:21:50 RAM 6619/7607MB (lfb 2x4MB) SWAP 2/16384MB (cached 0MB) CPU [2%@729,12%@729,1%@729,2%@729,0%@729,0%@729] GR3D_FREQ 99% cpu@59.312C soc2@58.25C soc0@59.062C gpu@60.375C tj@60.375C soc1@58.312C VDD_IN 15651mW/14720mW VDD_CPU_GPU_CV 6787mW/6263mW VDD_SOC 3936mW/3674mW
08-11-2026 15:21:51 RAM 6619/7607MB (lfb 1x4MB) SWAP 2/16384MB (cached 0MB) CPU [6%@1267,8%@1267,5%@1267,15%@1267,2%@729,2%@729] GR3D_FREQ 99% cpu@59.562C soc2@58.468C soc0@59.093C gpu@60.781C tj@60.781C soc1@58.468C VDD_IN 15848mW/14734mW VDD_CPU_GPU_CV 6904mW/6271mW VDD_SOC 3936mW/3677mW
08-11-2026 15:21:52 RAM 6626/7607MB (lfb 1x4MB) SWAP 2/16384MB (cached 0MB) CPU [4%@729,21%@729,7%@729,15%@729,1%@729,2%@729] GR3D_FREQ 99% cpu@59.156C soc2@58.375C soc0@59.187C gpu@60.437C tj@60.437C soc1@58.281C VDD_IN 15730mW/14747mW VDD_CPU_GPU_CV 6826mW/6278mW VDD_SOC 3936mW/3680mW
08-11-2026 15:21:53 RAM 6628/7607MB (lfb 1x4MB) SWAP 2/16384MB (cached 0MB) CPU [3%@729,1%@729,1%@729,13%@729,0%@729,0%@729] GR3D_FREQ 99% cpu@59.375C soc2@58.5C soc0@59.218C gpu@60.343C tj@60.343C soc1@58.375C VDD_IN 15690mW/14758mW VDD_CPU_GPU_CV 6787mW/6284mW VDD_SOC 3936mW/3684mW
08-11-2026 15:21:54 RAM 6630/7607MB (lfb 1x4MB) SWAP 2/16384MB (cached 0MB) CPU [1%@729,4%@729,2%@729,10%@729,0%@729,0%@729] GR3D_FREQ 99% cpu@59.656C soc2@58.5C soc0@59.312C gpu@60.375C tj@60.375C soc1@58.437C VDD_IN 15690mW/14769mW VDD_CPU_GPU_CV 6787mW/6290mW VDD_SOC 3896mW/3686mW
08-11-2026 15:21:55 RAM 6632/7607MB (lfb 1x4MB) SWAP 2/16384MB (cached 0MB) CPU [2%@729,9%@729,3%@729,6%@729,0%@729,0%@729] GR3D_FREQ 99% cpu@59.437C soc2@58.468C soc0@59.312C gpu@60.437C tj@60.437C soc1@58.562C VDD_IN 15730mW/14781mW VDD_CPU_GPU_CV 6826mW/6296mW VDD_SOC 3936mW/3689mW
08-11-2026 15:21:56 RAM 6635/7607MB (lfb 1x4MB) SWAP 2/16384MB (cached 0MB) CPU [3%@729,1%@729,2%@729,13%@729,0%@729,0%@729] GR3D_FREQ 99% cpu@59.75C soc2@58.593C soc0@59.343C gpu@60.781C tj@60.781C soc1@58.5C VDD_IN 15690mW/14791mW VDD_CPU_GPU_CV 6787mW/6302mW VDD_SOC 3936mW/3692mW
08-11-2026 15:21:57 RAM 6640/7607MB (lfb 1x4MB) SWAP 2/16384MB (cached 0MB) CPU [9%@729,8%@729,11%@729,20%@729,0%@729,1%@729] GR3D_FREQ 99% cpu@59.343C soc2@58.5C soc0@59.437C gpu@60.687C tj@60.687C soc1@58.468C VDD_IN 15730mW/14802mW VDD_CPU_GPU_CV 6865mW/6309mW VDD_SOC 3936mW/3695mW
08-11-2026 15:21:58 RAM 6642/7607MB (lfb 1x4MB) SWAP 2/16384MB (cached 0MB) CPU [2%@729,1%@729,13%@729,2%@729,0%@729,0%@729] GR3D_FREQ 99% cpu@59.468C soc2@58.531C soc0@59.343C gpu@60.812C tj@60.812C soc1@58.562C VDD_IN 15730mW/14813mW VDD_CPU_GPU_CV 6826mW/6315mW VDD_SOC 3936mW/3698mW
08-11-2026 15:21:59 RAM 6644/7607MB (lfb 1x4MB) SWAP 2/16384MB (cached 0MB) CPU [4%@729,2%@729,13%@729,2%@729,0%@729,0%@729] GR3D_FREQ 99% cpu@59.781C soc2@58.718C soc0@59.406C gpu@60.968C tj@60.968C soc1@58.593C VDD_IN 15690mW/14823mW VDD_CPU_GPU_CV 6787mW/6320mW VDD_SOC 3936mW/3700mW
08-11-2026 15:22:00 RAM 6646/7607MB (lfb 1x4MB) SWAP 2/16384MB (cached 0MB) CPU [13%@729,0%@729,2%@729,4%@729,0%@729,0%@729] GR3D_FREQ 99% cpu@59.375C soc2@58.625C soc0@59.468C gpu@60.531C tj@60.531C soc1@58.687C VDD_IN 15769mW/14834mW VDD_CPU_GPU_CV 6826mW/6326mW VDD_SOC 3936mW/3703mW
08-11-2026 15:22:01 RAM 6648/7607MB (lfb 1x4MB) SWAP 2/16384MB (cached 0MB) CPU [13%@729,4%@729,2%@729,2%@729,0%@729,0%@729] GR3D_FREQ 99% cpu@59.593C soc2@58.781C soc0@59.531C gpu@60.593C tj@60.593C soc1@58.5C VDD_IN 15690mW/14843mW VDD_CPU_GPU_CV 6787mW/6331mW VDD_SOC 3936mW/3706mW
08-11-2026 15:22:02 RAM 6645/7607MB (lfb 1x4MB) SWAP 2/16384MB (cached 0MB) CPU [15%@729,12%@729,5%@729,14%@729,6%@729,3%@729] GR3D_FREQ 99% cpu@59.718C soc2@58.75C soc0@59.406C gpu@60.843C tj@60.843C soc1@58.593C VDD_IN 15848mW/14854mW VDD_CPU_GPU_CV 6944mW/6338mW VDD_SOC 3936mW/3708mW
08-11-2026 15:22:03 RAM 6648/7607MB (lfb 1x4MB) SWAP 2/16384MB (cached 0MB) CPU [12%@729,0%@729,2%@729,4%@729,0%@729,0%@729] GR3D_FREQ 99% cpu@59.593C soc2@58.812C soc0@59.5C gpu@60.687C tj@60.687C soc1@58.656C VDD_IN 15730mW/14864mW VDD_CPU_GPU_CV 6826mW/6343mW VDD_SOC 3936mW/3711mW
08-11-2026 15:22:04 RAM 6650/7607MB (lfb 1x4MB) SWAP 2/16384MB (cached 0MB) CPU [13%@729,1%@729,2%@729,1%@729,0%@729,0%@729] GR3D_FREQ 99% cpu@59.812C soc2@58.75C soc0@59.437C gpu@60.75C tj@60.75C soc1@58.781C VDD_IN 15651mW/14872mW VDD_CPU_GPU_CV 6787mW/6348mW VDD_SOC 3936mW/3713mW
08-11-2026 15:22:05 RAM 6653/7607MB (lfb 1x4MB) SWAP 2/16384MB (cached 0MB) CPU [13%@729,1%@729,1%@729,3%@729,0%@729,1%@729] GR3D_FREQ 99% cpu@59.625C soc2@58.843C soc0@59.593C gpu@61.156C tj@61.156C soc1@58.906C VDD_IN 15730mW/14881mW VDD_CPU_GPU_CV 6826mW/6353mW VDD_SOC 3936mW/3715mW
08-11-2026 15:22:06 RAM 6655/7607MB (lfb 1x4MB) SWAP 2/16384MB (cached 0MB) CPU [13%@729,1%@729,1%@729,1%@729,0%@729,0%@729] GR3D_FREQ 99% cpu@59.687C soc2@58.843C soc0@59.656C gpu@61.187C tj@61.187C soc1@58.687C VDD_IN 15730mW/14890mW VDD_CPU_GPU_CV 6787mW/6357mW VDD_SOC 3936mW/3718mW
08-11-2026 15:22:07 RAM 6664/7607MB (lfb 1x4MB) SWAP 2/16384MB (cached 0MB) CPU [9%@729,6%@729,13%@729,18%@729,1%@729,0%@729] GR3D_FREQ 99% cpu@59.781C soc2@58.906C soc0@59.593C gpu@61.062C tj@61.062C soc1@58.843C VDD_IN 15927mW/14901mW VDD_CPU_GPU_CV 6983mW/6364mW VDD_SOC 3936mW/3720mW
08-11-2026 15:22:08 RAM 6664/7607MB (lfb 1x4MB) SWAP 2/16384MB (cached 0MB) CPU [3%@729,13%@729,2%@729,1%@729,0%@729,1%@729] GR3D_FREQ 99% cpu@59.718C soc2@58.843C soc0@59.687C gpu@61.187C tj@61.187C soc1@58.875C VDD_IN 15769mW/14910mW VDD_CPU_GPU_CV 6826mW/6369mW VDD_SOC 3936mW/3722mW
08-11-2026 15:22:09 RAM 6665/7607MB (lfb 1x4MB) SWAP 2/16384MB (cached 0MB) CPU [5%@729,11%@729,1%@729,1%@729,0%@729,1%@729] GR3D_FREQ 99% cpu@60C soc2@58.875C soc0@59.718C gpu@61.156C tj@61.156C soc1@58.937C VDD_IN 15769mW/14919mW VDD_CPU_GPU_CV 6787mW/6373mW VDD_SOC 3936mW/3724mW
08-11-2026 15:22:10 RAM 6667/7607MB (lfb 1x4MB) SWAP 2/16384MB (cached 0MB) CPU [14%@729,3%@729,5%@729,2%@729,0%@729,1%@729] GR3D_FREQ 99% cpu@59.656C soc2@58.968C soc0@59.75C gpu@61.187C tj@61.187C soc1@59.031C VDD_IN 15730mW/14927mW VDD_CPU_GPU_CV 6826mW/6378mW VDD_SOC 3936mW/3727mW
08-11-2026 15:22:11 RAM 6669/7607MB (lfb 1x4MB) SWAP 2/16384MB (cached 0MB) CPU [12%@729,1%@729,2%@729,2%@729,0%@729,0%@729] GR3D_FREQ 99% cpu@59.812C soc2@58.875C soc0@60C gpu@61.031C tj@61.031C soc1@58.906C VDD_IN 15690mW/14935mW VDD_CPU_GPU_CV 6787mW/6382mW VDD_SOC 3936mW/3729mW
08-11-2026 15:22:12 RAM 6669/7607MB (lfb 1x4MB) SWAP 2/16384MB (cached 0MB) CPU [13%@883,13%@883,1%@883,8%@883,3%@729,1%@729] GR3D_FREQ 99% cpu@60.218C soc2@59.062C soc0@59.687C gpu@60.968C tj@60.968C soc1@58.906C VDD_IN 15809mW/14943mW VDD_CPU_GPU_CV 6904mW/6387mW VDD_SOC 3936mW/3731mW
08-11-2026 15:22:13 RAM 6673/7607MB (lfb 1x4MB) SWAP 2/16384MB (cached 0MB) CPU [10%@729,8%@729,14%@729,2%@729,0%@729,1%@729] GR3D_FREQ 99% cpu@59.687C soc2@59C soc0@59.75C gpu@61.25C tj@61.25C soc1@58.968C VDD_IN 15690mW/14951mW VDD_CPU_GPU_CV 6826mW/6391mW VDD_SOC 3936mW/3733mW
08-11-2026 15:22:14 RAM 6676/7607MB (lfb 1x4MB) SWAP 2/16384MB (cached 0MB) CPU [1%@729,2%@729,11%@729,1%@729,0%@729,3%@729] GR3D_FREQ 99% cpu@60.312C soc2@59.031C soc0@59.812C gpu@61.406C tj@61.406C soc1@59.156C VDD_IN 15730mW/14958mW VDD_CPU_GPU_CV 6826mW/6395mW VDD_SOC 3975mW/3735mW
08-11-2026 15:22:15 RAM 6677/7607MB (lfb 1x4MB) SWAP 2/16384MB (cached 0MB) CPU [7%@729,2%@729,7%@729,1%@729,1%@729,2%@729] GR3D_FREQ 99% cpu@59.812C soc2@59.156C soc0@59.937C gpu@61.468C tj@61.468C soc1@58.937C VDD_IN 15730mW/14965mW VDD_CPU_GPU_CV 6826mW/6399mW VDD_SOC 3936mW/3737mW
08-11-2026 15:22:16 RAM 6679/7607MB (lfb 1x4MB) SWAP 2/16384MB (cached 0MB) CPU [12%@729,1%@729,0%@729,2%@729,1%@729,2%@729] GR3D_FREQ 99% cpu@59.937C soc2@59.031C soc0@59.843C gpu@61.031C tj@61.031C soc1@59.031C VDD_IN 15690mW/14972mW VDD_CPU_GPU_CV 6787mW/6403mW VDD_SOC 3936mW/3739mW
08-11-2026 15:22:17 RAM 6681/7607MB (lfb 1x4MB) SWAP 2/16384MB (cached 0MB) CPU [13%@729,2%@729,1%@729,0%@729,1%@729,1%@729] GR3D_FREQ 99% cpu@60.093C soc2@59.062C soc0@59.906C gpu@61.156C tj@61.156C soc1@59.093C VDD_IN 15769mW/14980mW VDD_CPU_GPU_CV 6826mW/6407mW VDD_SOC 3936mW/3741mW
08-11-2026 15:22:18 RAM 6689/7607MB (lfb 1x4MB) SWAP 2/16384MB (cached 0MB) CPU [11%@729,18%@729,6%@729,9%@729,3%@729,1%@729] GR3D_FREQ 99% cpu@59.875C soc2@59.187C soc0@59.937C gpu@61.125C tj@61.125C soc1@59.125C VDD_IN 15809mW/14988mW VDD_CPU_GPU_CV 6865mW/6411mW VDD_SOC 3936mW/3743mW
08-11-2026 15:22:19 RAM 6691/7607MB (lfb 1x4MB) SWAP 2/16384MB (cached 0MB) CPU [8%@729,8%@729,3%@729,0%@729,0%@729,1%@729] GR3D_FREQ 99% cpu@59.968C soc2@59.218C soc0@60C gpu@61.281C tj@61.281C soc1@59.25C VDD_IN 15730mW/14995mW VDD_CPU_GPU_CV 6826mW/6415mW VDD_SOC 3936mW/3744mW
08-11-2026 15:22:20 RAM 6696/7607MB (lfb 2x4MB) SWAP 2/16384MB (cached 0MB) CPU [12%@1113,15%@1113,6%@1113,5%@1113,3%@729,7%@729] GR3D_FREQ 0% cpu@59.812C soc2@58.968C soc0@60.062C gpu@59.968C tj@60.062C soc1@59.093C VDD_IN 12518mW/14972mW VDD_CPU_GPU_CV 4857mW/6401mW VDD_SOC 3322mW/3740mW
08-11-2026 15:22:21 RAM 6741/7607MB (lfb 2x4MB) SWAP 2/16384MB (cached 0MB) CPU [68%@1344,61%@1344,60%@1344,59%@1344,63%@1344,75%@1344] GR3D_FREQ 6% cpu@59.906C soc2@58.468C soc0@59.5C gpu@58.968C tj@60C soc1@58.906C VDD_IN 8293mW/14911mW VDD_CPU_GPU_CV 2782mW/6368mW VDD_SOC 1870mW/3723mW
08-11-2026 15:22:22 RAM 6763/7607MB (lfb 2x4MB) SWAP 2/16384MB (cached 0MB) CPU [18%@729,21%@729,13%@729,14%@729,13%@729,12%@729] GR3D_FREQ 99% cpu@59.75C soc2@58.75C soc0@59.593C gpu@60.906C tj@60.718C soc1@58.968C VDD_IN 14571mW/14908mW VDD_CPU_GPU_CV 6218mW/6367mW VDD_SOC 3587mW/3722mW
08-11-2026 15:22:23 RAM 6768/7607MB (lfb 2x4MB) SWAP 2/16384MB (cached 0MB) CPU [21%@729,8%@729,8%@729,3%@729,9%@729,1%@729] GR3D_FREQ 99% cpu@60.218C soc2@58.968C soc0@59.75C gpu@60.906C tj@60.906C soc1@59.125C VDD_IN 15730mW/14915mW VDD_CPU_GPU_CV 6865mW/6371mW VDD_SOC 3936mW/3724mW
08-11-2026 15:22:24 RAM 6767/7607MB (lfb 2x4MB) SWAP 3/16384MB (cached 0MB) CPU [2%@729,2%@729,1%@729,2%@729,12%@729,0%@729] GR3D_FREQ 99% cpu@59.781C soc2@59.062C soc0@59.906C gpu@60.906C tj@60.906C soc1@58.937C VDD_IN 15730mW/14923mW VDD_CPU_GPU_CV 6826mW/6375mW VDD_SOC 3936mW/3726mW
08-11-2026 15:22:25 RAM 6766/7607MB (lfb 2x4MB) SWAP 3/16384MB (cached 0MB) CPU [2%@729,2%@729,2%@729,1%@729,12%@729,0%@729] GR3D_FREQ 99% cpu@59.906C soc2@59.062C soc0@59.781C gpu@61.156C tj@61.156C soc1@59C VDD_IN 15690mW/14929mW VDD_CPU_GPU_CV 6787mW/6379mW VDD_SOC 3936mW/3728mW
08-11-2026 15:22:26 RAM 6766/7607MB (lfb 2x4MB) SWAP 3/16384MB (cached 0MB) CPU [2%@729,2%@729,1%@729,2%@729,11%@729,0%@729] GR3D_FREQ 99% cpu@60.218C soc2@59.093C soc0@59.843C gpu@61.062C tj@61.062C soc1@59C VDD_IN 15769mW/14937mW VDD_CPU_GPU_CV 6826mW/6383mW VDD_SOC 3975mW/3730mW
08-11-2026 15:22:27 RAM 6765/7607MB (lfb 2x4MB) SWAP 3/16384MB (cached 0MB) CPU [1%@729,2%@729,0%@729,1%@729,11%@729,0%@729] GR3D_FREQ 99% cpu@59.906C soc2@59.062C soc0@59.937C gpu@61.25C tj@61.25C soc1@59.125C VDD_IN 15730mW/14943mW VDD_CPU_GPU_CV 6826mW/6387mW VDD_SOC 3936mW/3732mW
08-11-2026 15:22:28 RAM 6771/7607MB (lfb 2x4MB) SWAP 3/16384MB (cached 0MB) CPU [4%@729,18%@729,6%@729,8%@729,12%@729,0%@729] GR3D_FREQ 99% cpu@60.25C soc2@59.25C soc0@60.031C gpu@61.406C tj@61.406C soc1@59.312C VDD_IN 15887mW/14952mW VDD_CPU_GPU_CV 6904mW/6391mW VDD_SOC 3936mW/3734mW
08-11-2026 15:22:29 RAM 6769/7607MB (lfb 2x4MB) SWAP 3/16384MB (cached 0MB) CPU [3%@729,1%@729,2%@729,2%@729,13%@729,0%@729] GR3D_FREQ 99% cpu@59.968C soc2@59.187C soc0@60.062C gpu@61.562C tj@61.562C soc1@59.156C VDD_IN 15730mW/14958mW VDD_CPU_GPU_CV 6826mW/6395mW VDD_SOC 3975mW/3736mW
08-11-2026 15:22:30 RAM 6770/7607MB (lfb 2x4MB) SWAP 3/16384MB (cached 0MB) CPU [1%@729,2%@729,1%@729,0%@729,11%@729,0%@729] GR3D_FREQ 99% cpu@60.156C soc2@59.218C soc0@60C gpu@61.375C tj@61.375C soc1@59.125C VDD_IN 15690mW/14964mW VDD_CPU_GPU_CV 6826mW/6398mW VDD_SOC 3936mW/3737mW
08-11-2026 15:22:31 RAM 6770/7607MB (lfb 2x4MB) SWAP 3/16384MB (cached 0MB) CPU [2%@729,2%@729,2%@729,2%@729,11%@729,0%@729] GR3D_FREQ 99% cpu@60.312C soc2@59.187C soc0@59.968C gpu@61.406C tj@61.406C soc1@59.281C VDD_IN 15730mW/14971mW VDD_CPU_GPU_CV 6826mW/6402mW VDD_SOC 3936mW/3739mW
08-11-2026 15:22:32 RAM 6772/7607MB (lfb 2x4MB) SWAP 3/16384MB (cached 0MB) CPU [2%@729,2%@729,3%@729,2%@729,12%@729,0%@729] GR3D_FREQ 99% cpu@60.156C soc2@59.312C soc0@60.125C gpu@61.656C tj@61.406C soc1@59.312C VDD_IN 15730mW/14977mW VDD_CPU_GPU_CV 6826mW/6405mW VDD_SOC 3936mW/3741mW
08-11-2026 15:22:33 RAM 6773/7607MB (lfb 2x4MB) SWAP 5/16384MB (cached 2MB) CPU [3%@729,18%@729,11%@729,6%@729,12%@729,0%@729] GR3D_FREQ 99% cpu@60.156C soc2@59.343C soc0@60.062C gpu@61.312C tj@61.312C soc1@59.125C VDD_IN 16006mW/14985mW VDD_CPU_GPU_CV 7061mW/6411mW VDD_SOC 3975mW/3742mW
08-11-2026 15:22:34 RAM 6774/7607MB (lfb 2x4MB) SWAP 5/16384MB (cached 2MB) CPU [2%@729,4%@729,2%@729,1%@729,11%@729,0%@729] GR3D_FREQ 99% cpu@60.062C soc2@59.312C soc0@60.125C gpu@61.312C tj@61.312C soc1@59.187C VDD_IN 15730mW/14991mW VDD_CPU_GPU_CV 6826mW/6414mW VDD_SOC 3936mW/3744mW
08-11-2026 15:22:35 RAM 6776/7607MB (lfb 2x4MB) SWAP 5/16384MB (cached 2MB) CPU [2%@729,4%@729,2%@729,1%@729,12%@729,0%@729] GR3D_FREQ 99% cpu@60.187C soc2@59.25C soc0@60.031C gpu@61.406C tj@61.406C soc1@59.312C VDD_IN 15730mW/14997mW VDD_CPU_GPU_CV 6826mW/6417mW VDD_SOC 3936mW/3746mW
08-11-2026 15:22:36 RAM 6777/7607MB (lfb 2x4MB) SWAP 5/16384MB (cached 2MB) CPU [3%@729,1%@729,1%@729,1%@729,13%@729,0%@729] GR3D_FREQ 99% cpu@60.531C soc2@59.343C soc0@60.062C gpu@61.25C tj@61.25C soc1@59.281C VDD_IN 15769mW/15004mW VDD_CPU_GPU_CV 6826mW/6421mW VDD_SOC 3936mW/3747mW
08-11-2026 15:22:37 RAM 6778/7607MB (lfb 2x4MB) SWAP 5/16384MB (cached 2MB) CPU [2%@729,1%@729,0%@729,1%@729,11%@729,2%@729] GR3D_FREQ 99% cpu@60.125C soc2@59.406C soc0@60.187C gpu@61.656C tj@61.656C soc1@59.406C VDD_IN 15730mW/15009mW VDD_CPU_GPU_CV 6826mW/6424mW VDD_SOC 3936mW/3749mW
08-11-2026 15:22:38 RAM 6782/7607MB (lfb 2x4MB) SWAP 5/16384MB (cached 2MB) CPU [2%@806,3%@806,7%@806,10%@806,11%@729,0%@729] GR3D_FREQ 99% cpu@60.375C soc2@59.437C soc0@60.218C gpu@61.656C tj@61.656C soc1@59.281C VDD_IN 15927mW/15017mW VDD_CPU_GPU_CV 6983mW/6428mW VDD_SOC 3936mW/3750mW
08-11-2026 15:22:39 RAM 6783/7607MB (lfb 2x4MB) SWAP 5/16384MB (cached 2MB) CPU [6%@729,2%@729,2%@729,11%@729,15%@729,2%@729] GR3D_FREQ 99% cpu@60.281C soc2@59.312C soc0@60.125C gpu@61.781C tj@61.781C soc1@59.343C VDD_IN 15769mW/15022mW VDD_CPU_GPU_CV 6865mW/6432mW VDD_SOC 3936mW/3752mW
08-11-2026 15:22:40 RAM 6784/7607MB (lfb 2x4MB) SWAP 5/16384MB (cached 2MB) CPU [2%@729,1%@729,2%@729,2%@729,11%@729,0%@729] GR3D_FREQ 99% cpu@60.25C soc2@59.281C soc0@60.187C gpu@61.781C tj@61.781C soc1@59.312C VDD_IN 15769mW/15028mW VDD_CPU_GPU_CV 6826mW/6435mW VDD_SOC 3936mW/3753mW
08-11-2026 15:22:41 RAM 6786/7607MB (lfb 2x4MB) SWAP 5/16384MB (cached 2MB) CPU [1%@729,2%@729,2%@729,3%@729,12%@729,0%@729] GR3D_FREQ 99% cpu@60.468C soc2@59.406C soc0@60.062C gpu@61.281C tj@61.281C soc1@59.375C VDD_IN 15690mW/15033mW VDD_CPU_GPU_CV 6826mW/6438mW VDD_SOC 3936mW/3754mW
08-11-2026 15:22:42 RAM 6788/7607MB (lfb 2x4MB) SWAP 5/16384MB (cached 2MB) CPU [3%@1113,5%@1113,2%@1113,2%@1113,12%@729,0%@729] GR3D_FREQ 99% cpu@60.25C soc2@59.406C soc0@60.156C gpu@61.5C tj@61.625C soc1@59.437C VDD_IN 15769mW/15039mW VDD_CPU_GPU_CV 6865mW/6441mW VDD_SOC 3936mW/3756mW
08-11-2026 15:22:43 RAM 6789/7607MB (lfb 2x4MB) SWAP 5/16384MB (cached 2MB) CPU [2%@729,1%@729,1%@729,1%@729,11%@729,0%@729] GR3D_FREQ 99% cpu@60.218C soc2@59.312C soc0@60.281C gpu@61.531C tj@61.531C soc1@59.281C VDD_IN 15809mW/15045mW VDD_CPU_GPU_CV 6865mW/6444mW VDD_SOC 3975mW/3757mW
08-11-2026 15:22:44 RAM 6781/7607MB (lfb 2x4MB) SWAP 5/16384MB (cached 2MB) CPU [9%@729,7%@729,7%@729,17%@729,12%@729,0%@729] GR3D_FREQ 99% cpu@60.343C soc2@59.406C soc0@60.187C gpu@61.5C tj@61.5C soc1@59.312C VDD_IN 15769mW/15050mW VDD_CPU_GPU_CV 6826mW/6447mW VDD_SOC 3936mW/3759mW
08-11-2026 15:22:45 RAM 6785/7607MB (lfb 2x4MB) SWAP 5/16384MB (cached 2MB) CPU [2%@729,2%@729,1%@729,3%@729,10%@729,0%@729] GR3D_FREQ 99% cpu@60.343C soc2@59.406C soc0@60.187C gpu@61.468C tj@61.468C soc1@59.468C VDD_IN 15769mW/15056mW VDD_CPU_GPU_CV 6865mW/6450mW VDD_SOC 3936mW/3760mW
08-11-2026 15:22:46 RAM 6788/7607MB (lfb 2x4MB) SWAP 5/16384MB (cached 2MB) CPU [3%@729,2%@729,1%@729,3%@729,12%@729,0%@729] GR3D_FREQ 99% cpu@60.468C soc2@59.468C soc0@60.187C gpu@61.531C tj@61.531C soc1@59.375C VDD_IN 15809mW/15061mW VDD_CPU_GPU_CV 6826mW/6453mW VDD_SOC 3936mW/3761mW
08-11-2026 15:22:47 RAM 6791/7607MB (lfb 2x4MB) SWAP 5/16384MB (cached 2MB) CPU [1%@729,2%@729,2%@729,1%@729,10%@729,0%@729] GR3D_FREQ 99% cpu@60.218C soc2@59.593C soc0@60.218C gpu@61.468C tj@61.468C soc1@59.406C VDD_IN 15769mW/15066mW VDD_CPU_GPU_CV 6826mW/6456mW VDD_SOC 3936mW/3763mW
08-11-2026 15:22:48 RAM 6793/7607MB (lfb 2x4MB) SWAP 5/16384MB (cached 2MB) CPU [2%@729,2%@729,1%@729,1%@729,12%@729,0%@729] GR3D_FREQ 99% cpu@60.25C soc2@59.468C soc0@60.218C gpu@61.406C tj@61.406C soc1@59.406C VDD_IN 15730mW/15071mW VDD_CPU_GPU_CV 6826mW/6458mW VDD_SOC 3936mW/3764mW
08-11-2026 15:22:49 RAM 6800/7607MB (lfb 2x4MB) SWAP 5/16384MB (cached 2MB) CPU [8%@729,7%@729,6%@729,5%@729,15%@729,17%@729] GR3D_FREQ 99% cpu@60.437C soc2@59.468C soc0@60.312C gpu@61.437C tj@61.437C soc1@59.406C VDD_IN 15927mW/15077mW VDD_CPU_GPU_CV 6944mW/6462mW VDD_SOC 3975mW/3765mW
08-11-2026 15:22:50 RAM 6802/7607MB (lfb 2x4MB) SWAP 5/16384MB (cached 2MB) CPU [2%@729,2%@729,4%@729,2%@729,12%@729,1%@729] GR3D_FREQ 99% cpu@60.156C soc2@59.406C soc0@60.218C gpu@61.593C tj@61.75C soc1@59.562C VDD_IN 15769mW/15082mW VDD_CPU_GPU_CV 6826mW/6465mW VDD_SOC 3975mW/3767mW
08-11-2026 15:22:51 RAM 6804/7607MB (lfb 2x4MB) SWAP 5/16384MB (cached 2MB) CPU [1%@729,2%@729,0%@729,0%@729,10%@729,0%@729] GR3D_FREQ 99% cpu@60.593C soc2@59.625C soc0@60.375C gpu@61.687C tj@61.687C soc1@59.5C VDD_IN 15809mW/15088mW VDD_CPU_GPU_CV 6865mW/6467mW VDD_SOC 3975mW/3768mW
08-11-2026 15:22:52 RAM 6806/7607MB (lfb 2x4MB) SWAP 5/16384MB (cached 2MB) CPU [4%@729,2%@729,1%@729,2%@729,12%@729,0%@729] GR3D_FREQ 99% cpu@60.375C soc2@59.468C soc0@60.218C gpu@61.687C tj@61.687C soc1@59.343C VDD_IN 15730mW/15092mW VDD_CPU_GPU_CV 6826mW/6470mW VDD_SOC 3936mW/3770mW
08-11-2026 15:22:53 RAM 6807/7607MB (lfb 2x4MB) SWAP 5/16384MB (cached 2MB) CPU [2%@729,1%@729,3%@729,1%@729,11%@729,0%@729] GR3D_FREQ 99% cpu@60.625C soc2@59.5C soc0@60.281C gpu@61.875C tj@61.875C soc1@59.562C VDD_IN 15769mW/15097mW VDD_CPU_GPU_CV 6865mW/6473mW VDD_SOC 3936mW/3771mW
08-11-2026 15:22:54 RAM 6813/7607MB (lfb 2x4MB) SWAP 5/16384MB (cached 2MB) CPU [19%@729,7%@729,4%@729,7%@729,12%@729,1%@729] GR3D_FREQ 99% cpu@60.531C soc2@59.593C soc0@60.218C gpu@61.625C tj@61.625C soc1@59.593C VDD_IN 15927mW/15103mW VDD_CPU_GPU_CV 6983mW/6476mW VDD_SOC 3975mW/3772mW
08-11-2026 15:22:55 RAM 6808/7607MB (lfb 2x4MB) SWAP 5/16384MB (cached 2MB) CPU [14%@1344,6%@1344,12%@1344,5%@1344,12%@729,2%@729] GR3D_FREQ 0% cpu@60.218C soc2@59.281C soc0@60.281C gpu@60.031C tj@60.281C soc1@59.625C VDD_IN 11507mW/15078mW VDD_CPU_GPU_CV 4152mW/6460mW VDD_SOC 3208mW/3768mW
08-11-2026 15:22:56 RAM 6801/7607MB (lfb 1x4MB) SWAP 9/16384MB (cached 6MB) CPU [66%@729,74%@729,68%@729,69%@729,65%@729,64%@729] GR3D_FREQ 99% cpu@59.656C soc2@58.937C soc0@60.062C gpu@60C tj@60.062C soc1@59.375C VDD_IN 8956mW/15035mW VDD_CPU_GPU_CV 3060mW/6437mW VDD_SOC 2030mW/3756mW
08-11-2026 15:22:57 RAM 6801/7607MB (lfb 1x4MB) SWAP 9/16384MB (cached 6MB) CPU [2%@729,1%@729,1%@729,2%@729,11%@729,0%@729] GR3D_FREQ 99% cpu@60.125C soc2@59.187C soc0@59.937C gpu@61.125C tj@61.125C soc1@59.25C VDD_IN 15059mW/15036mW VDD_CPU_GPU_CV 6444mW/6437mW VDD_SOC 3745mW/3756mW
08-11-2026 15:22:58 RAM 6801/7607MB (lfb 1x4MB) SWAP 9/16384MB (cached 6MB) CPU [3%@729,1%@729,1%@729,3%@729,11%@729,0%@729] GR3D_FREQ 99% cpu@60.5C soc2@59.281C soc0@60.187C gpu@61.593C tj@61.593C soc1@59.406C VDD_IN 15651mW/15040mW VDD_CPU_GPU_CV 6787mW/6439mW VDD_SOC 3936mW/3757mW
08-11-2026 15:22:59 RAM 6810/7607MB (lfb 1x4MB) SWAP 9/16384MB (cached 6MB) CPU [2%@729,23%@729,6%@729,3%@729,10%@729,1%@729] GR3D_FREQ 99% cpu@60.562C soc2@59.468C soc0@60.093C gpu@61.593C tj@61.593C soc1@59.406C VDD_IN 16006mW/15046mW VDD_CPU_GPU_CV 7061mW/6443mW VDD_SOC 3975mW/3759mW
08-11-2026 15:23:00 RAM 6812/7607MB (lfb 1x4MB) SWAP 9/16384MB (cached 6MB) CPU [5%@729,2%@729,1%@729,2%@729,14%@729,0%@729] GR3D_FREQ 99% cpu@60.562C soc2@59.437C soc0@60.281C gpu@61.656C tj@61.656C soc1@59.562C VDD_IN 15769mW/15051mW VDD_CPU_GPU_CV 6826mW/6446mW VDD_SOC 3936mW/3760mW
08-11-2026 15:23:01 RAM 6815/7607MB (lfb 1x4MB) SWAP 9/16384MB (cached 6MB) CPU [0%@729,2%@729,2%@729,2%@729,11%@729,0%@729] GR3D_FREQ 99% cpu@60.25C soc2@59.406C soc0@60.281C gpu@61.718C tj@61.718C soc1@59.375C VDD_IN 15769mW/15056mW VDD_CPU_GPU_CV 6865mW/6449mW VDD_SOC 3936mW/3761mW
08-11-2026 15:23:02 RAM 6817/7607MB (lfb 1x4MB) SWAP 9/16384MB (cached 6MB) CPU [2%@729,1%@729,1%@729,1%@729,12%@729,0%@729] GR3D_FREQ 99% cpu@60.406C soc2@59.468C soc0@60.25C gpu@61.875C tj@61.875C soc1@59.437C VDD_IN 15809mW/15061mW VDD_CPU_GPU_CV 6865mW/6451mW VDD_SOC 3975mW/3763mW
08-11-2026 15:23:03 RAM 6819/7607MB (lfb 1x4MB) SWAP 9/16384MB (cached 6MB) CPU [4%@729,0%@729,1%@729,3%@729,11%@729,0%@729] GR3D_FREQ 99% cpu@60.656C soc2@59.5C soc0@60.218C gpu@61.875C tj@61.875C soc1@59.468C VDD_IN 15809mW/15066mW VDD_CPU_GPU_CV 6865mW/6454mW VDD_SOC 3936mW/3764mW
08-11-2026 15:23:04 RAM 6822/7607MB (lfb 1x4MB) SWAP 9/16384MB (cached 6MB) CPU [4%@1190,3%@1190,0%@1190,6%@1190,11%@729,0%@729] GR3D_FREQ 99% cpu@60.75C soc2@59.468C soc0@60.187C gpu@61.562C tj@61.562C soc1@59.531C VDD_IN 15848mW/15071mW VDD_CPU_GPU_CV 6944mW/6457mW VDD_SOC 3936mW/3765mW
08-11-2026 15:23:05 RAM 6826/7607MB (lfb 1x4MB) SWAP 9/16384MB (cached 6MB) CPU [9%@729,5%@729,3%@729,15%@729,10%@729,0%@729] GR3D_FREQ 99% cpu@60.656C soc2@59.625C soc0@60.406C gpu@61.718C tj@61.718C soc1@59.593C VDD_IN 15809mW/15076mW VDD_CPU_GPU_CV 6865mW/6460mW VDD_SOC 3936mW/3766mW
08-11-2026 15:23:06 RAM 6829/7607MB (lfb 1x4MB) SWAP 9/16384MB (cached 6MB) CPU [2%@729,2%@729,1%@729,12%@729,0%@729,1%@729] GR3D_FREQ 99% cpu@60.375C soc2@59.531C soc0@60.468C gpu@61.75C tj@61.75C soc1@59.5C VDD_IN 15848mW/15081mW VDD_CPU_GPU_CV 6865mW/6463mW VDD_SOC 3975mW/3767mW
08-11-2026 15:23:07 RAM 6831/7607MB (lfb 1x4MB) SWAP 9/16384MB (cached 6MB) CPU [3%@729,2%@729,1%@729,12%@729,0%@729,3%@729] GR3D_FREQ 99% cpu@60.406C soc2@59.531C soc0@60.312C gpu@61.718C tj@61.718C soc1@59.5C VDD_IN 15730mW/15085mW VDD_CPU_GPU_CV 6826mW/6465mW VDD_SOC 3936mW/3769mW
08-11-2026 15:23:08 RAM 6833/7607MB (lfb 1x4MB) SWAP 9/16384MB (cached 6MB) CPU [2%@729,3%@729,1%@729,12%@729,0%@729,0%@729] GR3D_FREQ 99% cpu@60.687C soc2@59.625C soc0@60.375C gpu@61.687C tj@61.687C soc1@59.531C VDD_IN 15809mW/15090mW VDD_CPU_GPU_CV 6826mW/6467mW VDD_SOC 3936mW/3770mW
08-11-2026 15:23:09 RAM 6836/7607MB (lfb 1x4MB) SWAP 9/16384MB (cached 6MB) CPU [4%@729,2%@729,1%@729,12%@729,0%@729,0%@729] GR3D_FREQ 99% cpu@60.312C soc2@59.625C soc0@60.406C gpu@61.75C tj@61.75C soc1@59.562C VDD_IN 15769mW/15094mW VDD_CPU_GPU_CV 6826mW/6470mW VDD_SOC 3936mW/3771mW
08-11-2026 15:23:10 RAM 6841/7607MB (lfb 1x4MB) SWAP 9/16384MB (cached 6MB) CPU [6%@729,23%@729,11%@729,9%@729,0%@729,1%@729] GR3D_FREQ 99% cpu@60.5C soc2@59.75C soc0@60.468C gpu@61.625C tj@61.625C soc1@59.468C VDD_IN 15848mW/15099mW VDD_CPU_GPU_CV 6904mW/6472mW VDD_SOC 3975mW/3772mW
08-11-2026 15:23:11 RAM 6843/7607MB (lfb 1x4MB) SWAP 9/16384MB (cached 6MB) CPU [2%@729,13%@729,3%@729,1%@729,0%@729,1%@729] GR3D_FREQ 99% cpu@60.625C soc2@59.625C soc0@60.312C gpu@61.593C tj@61.593C soc1@59.625C VDD_IN 15730mW/15103mW VDD_CPU_GPU_CV 6826mW/6475mW VDD_SOC 3936mW/3773mW
08-11-2026 15:23:12 RAM 6846/7607MB (lfb 1x4MB) SWAP 9/16384MB (cached 6MB) CPU [1%@729,13%@729,1%@729,1%@729,0%@729,0%@729] GR3D_FREQ 99% cpu@60.531C soc2@59.687C soc0@60.406C gpu@61.875C tj@61.875C soc1@59.625C VDD_IN 15809mW/15107mW VDD_CPU_GPU_CV 6865mW/6477mW VDD_SOC 3975mW/3774mW
08-11-2026 15:23:13 RAM 6848/7607MB (lfb 1x4MB) SWAP 9/16384MB (cached 6MB) CPU [2%@729,12%@729,3%@729,3%@729,0%@729,0%@729] GR3D_FREQ 99% cpu@60.812C soc2@59.687C soc0@60.437C gpu@61.968C tj@61.968C soc1@59.718C VDD_IN 15809mW/15111mW VDD_CPU_GPU_CV 6865mW/6479mW VDD_SOC 3975mW/3775mW
08-11-2026 15:23:14 RAM 6850/7607MB (lfb 1x4MB) SWAP 9/16384MB (cached 6MB) CPU [2%@729,12%@729,2%@729,0%@729,0%@729,0%@729] GR3D_FREQ 99% cpu@60.437C soc2@59.781C soc0@60.406C gpu@61.937C tj@61.937C soc1@59.812C VDD_IN 15769mW/15115mW VDD_CPU_GPU_CV 6826mW/6481mW VDD_SOC 3936mW/3776mW
08-11-2026 15:23:15 RAM 6854/7607MB (lfb 1x4MB) SWAP 9/16384MB (cached 6MB) CPU [11%@729,21%@729,8%@729,10%@729,1%@729,1%@729] GR3D_FREQ 99% cpu@60.625C soc2@59.687C soc0@60.625C gpu@61.875C tj@61.875C soc1@59.656C VDD_IN 15848mW/15120mW VDD_CPU_GPU_CV 6904mW/6484mW VDD_SOC 3936mW/3777mW
08-11-2026 15:23:16 RAM 6840/7607MB (lfb 1x4MB) SWAP 9/16384MB (cached 6MB) CPU [13%@729,2%@729,2%@729,1%@729,0%@729,0%@729] GR3D_FREQ 99% cpu@60.75C soc2@59.687C soc0@60.5C gpu@62.031C tj@62.031C soc1@59.75C VDD_IN 15769mW/15124mW VDD_CPU_GPU_CV 6865mW/6486mW VDD_SOC 3936mW/3778mW
08-11-2026 15:23:17 RAM 6841/7607MB (lfb 1x4MB) SWAP 9/16384MB (cached 6MB) CPU [14%@729,3%@729,1%@729,3%@729,0%@729,0%@729] GR3D_FREQ 99% cpu@60.562C soc2@59.781C soc0@60.593C gpu@61.812C tj@61.812C soc1@59.812C VDD_IN 15809mW/15128mW VDD_CPU_GPU_CV 6865mW/6489mW VDD_SOC 3975mW/3780mW
08-11-2026 15:23:18 RAM 6844/7607MB (lfb 1x4MB) SWAP 9/16384MB (cached 6MB) CPU [14%@729,1%@729,2%@729,2%@729,0%@729,0%@729] GR3D_FREQ 99% cpu@60.781C soc2@59.781C soc0@60.625C gpu@61.875C tj@61.875C soc1@59.812C VDD_IN 15809mW/15132mW VDD_CPU_GPU_CV 6865mW/6491mW VDD_SOC 3975mW/3781mW
08-11-2026 15:23:19 RAM 6846/7607MB (lfb 1x4MB) SWAP 9/16384MB (cached 6MB) CPU [14%@729,4%@729,1%@729,1%@729,0%@729,0%@729] GR3D_FREQ 99% cpu@60.5C soc2@59.906C soc0@60.562C gpu@61.75C tj@61.75C soc1@59.687C VDD_IN 15769mW/15136mW VDD_CPU_GPU_CV 6826mW/6493mW VDD_SOC 3936mW/3782mW
08-11-2026 15:23:20 RAM 6854/7607MB (lfb 1x4MB) SWAP 9/16384MB (cached 6MB) CPU [25%@729,9%@729,6%@729,8%@729,0%@729,1%@729] GR3D_FREQ 99% cpu@60.656C soc2@59.812C soc0@60.468C gpu@61.968C tj@61.968C soc1@59.656C VDD_IN 15966mW/15141mW VDD_CPU_GPU_CV 7022mW/6496mW VDD_SOC 3975mW/3783mW
08-11-2026 15:23:21 RAM 6851/7607MB (lfb 1x4MB) SWAP 9/16384MB (cached 6MB) CPU [2%@729,2%@729,4%@729,13%@729,0%@729,0%@729] GR3D_FREQ 99% cpu@60.875C soc2@59.875C soc0@60.625C gpu@61.843C tj@61.843C soc1@59.843C VDD_IN 15769mW/15144mW VDD_CPU_GPU_CV 6865mW/6498mW VDD_SOC 3936mW/3784mW
08-11-2026 15:23:22 RAM 6853/7607MB (lfb 1x4MB) SWAP 9/16384MB (cached 6MB) CPU [12%@729,2%@729,2%@729,3%@729,0%@729,0%@729] GR3D_FREQ 99% cpu@60.656C soc2@59.875C soc0@60.656C gpu@62.125C tj@62.125C soc1@59.75C VDD_IN 15769mW/15148mW VDD_CPU_GPU_CV 6826mW/6500mW VDD_SOC 3936mW/3785mW
08-11-2026 15:23:23 RAM 6856/7607MB (lfb 1x4MB) SWAP 9/16384MB (cached 6MB) CPU [12%@729,2%@729,1%@729,1%@729,0%@729,0%@729] GR3D_FREQ 99% cpu@60.906C soc2@59.875C soc0@60.656C gpu@62.156C tj@62.156C soc1@59.906C VDD_IN 15769mW/15152mW VDD_CPU_GPU_CV 6865mW/6502mW VDD_SOC 3936mW/3785mW
08-11-2026 15:23:24 RAM 6857/7607MB (lfb 1x4MB) SWAP 11/16384MB (cached 7MB) CPU [13%@1344,1%@1344,3%@1344,1%@1344,0%@729,0%@729] GR3D_FREQ 99% cpu@60.656C soc2@59.875C soc0@60.656C gpu@62.25C tj@62.25C soc1@59.718C VDD_IN 15848mW/15156mW VDD_CPU_GPU_CV 6865mW/6504mW VDD_SOC 3975mW/3787mW
08-11-2026 15:23:25 RAM 6863/7607MB (lfb 1x4MB) SWAP 11/16384MB (cached 7MB) CPU [27%@1190,6%@1267,8%@1267,6%@1267,2%@729,1%@729] GR3D_FREQ 99% cpu@61.093C soc2@60.031C soc0@60.656C gpu@62.281C tj@62.281C soc1@59.906C VDD_IN 16019mW/15161mW VDD_CPU_GPU_CV 7061mW/6508mW VDD_SOC 3975mW/3788mW
08-11-2026 15:23:27 RAM 6735/7607MB (lfb 2x4MB) SWAP 11/16384MB (cached 7MB) CPU [18%@1113,6%@1113,4%@1113,14%@1113,6%@1344,6%@1344] GR3D_FREQ 0% cpu@60.812C soc2@59.781C soc0@60.656C gpu@60.906C tj@60.906C soc1@59.875C VDD_IN 12756mW/15147mW VDD_CPU_GPU_CV 4888mW/6498mW VDD_SOC 3401mW/3785mW
