
slorado base-caller version 0.5.0-beta
model path:         models/dna_r10.4.1_e8.2_400bps_fast@v5.0.0
input path:         test/PGXXXX230339/reads_1k.blow5
output path:        /dev/null
device:             cuda:all
chunk size:         12288
read batch size:    4096
gpu batch size:     128
no. threads:        8
overlap:            150
overlap decode:     yes
fixed-c batch:      yes (no narrow)
flush threshold:    16

[parse_qscore_params::INFO][1;34m mean_qscore_start_pos not found in config toml, setting default to 60[0m
[basecaller_main::0.239*4.78] 1000 Entries (49.5M bytes) loaded
[basecaller_main::64.444*0.11] 1000 Entries (49.5M bytes) processed

[basecaller_main] total entries: 1000
[basecaller_main] total bytes: 49.5 M
[basecaller_main] model initialization: 0.188 sec
[basecaller_main] data loading: 0.049 sec
[basecaller_main] data processing: 64.205 sec
[basecaller_main]     - parse: 0.370 sec
[basecaller_main]     - preprocess: 0.014 sec
[basecaller_main]     - runners: 63.798 sec
[basecaller_main]          - synchronisation: 0.000 sec
[basecaller_main]          - model runner [0]: 63.795 sec
[basecaller_main]             - accept: 0.292 sec
[basecaller_main]             - basecall: 63.502 sec
[basecaller_main]                 - inference: 41.054 sec
[basecaller_main]                     - conv_stack: 0.677 sec
[basecaller_main]                         - input [N,C,T]: [128, 1, 12288]
[basecaller_main]                         - conv[0]: 0.375 sec
[basecaller_main]                             in  [N,C,T]: [128, 1, 12288]
[basecaller_main]                             out [N,C,T]: [128, 16, 12288]
[basecaller_main]                             op: 0.318 sec  act: 0.057 sec
[basecaller_main]                         - conv[1]: 0.172 sec
[basecaller_main]                             in  [N,C,T]: [128, 16, 12288]
[basecaller_main]                             out [N,C,T]: [128, 16, 12288]
[basecaller_main]                             op: 0.147 sec  act: 0.025 sec
[basecaller_main]                         - conv[2]: 0.127 sec
[basecaller_main]                             in  [N,C,T]: [128, 16, 12288]
[basecaller_main]                             out [N,C,T]: [128, 96, 2048]
[basecaller_main]                             op: 0.103 sec  act: 0.024 sec
[basecaller_main]                         - transpose: 0.003 sec
[basecaller_main]                             in  [N,C,T]: [128, 96, 2048]
[basecaller_main]                             out [N,T,C]: [128, 2048, 96]
[basecaller_main]                     - rnns: 3.298 sec
[basecaller_main]                         - rnn[0] (reverse): 1.417 sec
[basecaller_main]                             in  [N,T,C]: [128, 2048, 96]
[basecaller_main]                             out [N,T,C]: [128, 2048, 96]
[basecaller_main]                             flip: 0.079 sec  lstm: 1.339 sec
[basecaller_main]                         - rnn[1] (forward): 0.473 sec
[basecaller_main]                             in  [N,T,C]: [128, 2048, 96]
[basecaller_main]                             out [N,T,C]: [128, 2048, 96]
[basecaller_main]                             flip: 0.027 sec  lstm: 0.446 sec
[basecaller_main]                         - rnn[2] (reverse): 0.461 sec
[basecaller_main]                             in  [N,T,C]: [128, 2048, 96]
[basecaller_main]                             out [N,T,C]: [128, 2048, 96]
[basecaller_main]                             flip: 0.025 sec  lstm: 0.436 sec
[basecaller_main]                         - rnn[3] (forward): 0.460 sec
[basecaller_main]                             in  [N,T,C]: [128, 2048, 96]
[basecaller_main]                             out [N,T,C]: [128, 2048, 96]
[basecaller_main]                             flip: 0.025 sec  lstm: 0.435 sec
[basecaller_main]                         - rnn[4] (reverse): 0.461 sec
[basecaller_main]                             in  [N,T,C]: [128, 2048, 96]
[basecaller_main]                             out [N,T,C]: [128, 2048, 96]
[basecaller_main]                             flip: 0.025 sec  lstm: 0.436 sec
[basecaller_main]                         - rnn_out_flip: 0.026 sec
[basecaller_main]                             out [N,T,C]: [128, 2048, 96]
[basecaller_main]                     - crf_1: 0.101 sec
[basecaller_main]                         in  [N,T,C]: [128, 2048, 96]
[basecaller_main]                         out [N,T,C]: [128, 2048, 256]
[basecaller_main]                     - crf_2: 0.000 sec
[basecaller_main]                     - clamp: 0.016 sec
[basecaller_main]                 - decode: 62.628 sec
[basecaller_main]                     - scores [N,T,C]: [128, 2048, 256]
[basecaller_main]                     - bwd_scan: 0.961 sec
[basecaller_main]                     - beam_search: 15.231 sec
[basecaller_main]                     - fwd_post_scan: 6.236 sec
[basecaller_main]                     - qual_data: 1.589 sec
[basecaller_main]                     - gen_sequence: 1.200 sec
[basecaller_main]                     - d2h_copy: 0.022 sec
[basecaller_main]             - modcall: 0.000 sec
[basecaller_main] load-imbalance: 319 GPU batches (319 tail), 5100 real chunks, 35732 padded slots -> 87.5% of 40832 launched GPU slots wasted on padding
[basecaller_main]     - postprocess: 0.024 sec
[basecaller_main]     - mod_preprocess: 0.000 sec
[basecaller_main]     - mod_postprocess: 0.000 sec
[basecaller_main] data output: 0.005 sec
[basecaller_main] data free: 0.009 sec
[main] Version: 0.5.0-beta
[main] CMD: ./slorado basecaller -C 128 -c 12288 -K 4096 -p 150 --overlap-decode=yes --fixed-c-batch=yes --flush-threshold=16 -o /dev/null models/dna_r10.4.1_e8.2_400bps_fast@v5.0.0 test/PGXXXX230339/reads_1k.blow5
[main] Real time: 64.469 sec; CPU time: 7.276 sec; Peak RAM: 3.651 GB

