
slorado base-caller version 0.5.0-beta
model path:         models/dna_r10.4.1_e8.2_400bps_fast@v5.0.0
input path:         test/PGXXXX230339/reads_1k.blow5
output path:        /dev/null
device:             cuda:all
chunk size:         12288
read batch size:    4096
gpu batch size:     128
no. threads:        8
overlap:            150
overlap decode:     yes
fixed-c batch:      yes (no narrow)
flush threshold:    128

[parse_qscore_params::INFO][1;34m mean_qscore_start_pos not found in config toml, setting default to 60[0m
[basecaller_main::0.251*4.26] 1000 Entries (49.5M bytes) loaded
[basecaller_main::10.100*0.41] 1000 Entries (49.5M bytes) processed

[basecaller_main] total entries: 1000
[basecaller_main] total bytes: 49.5 M
[basecaller_main] model initialization: 0.201 sec
[basecaller_main] data loading: 0.048 sec
[basecaller_main] data processing: 9.848 sec
[basecaller_main]     - parse: 0.379 sec
[basecaller_main]     - preprocess: 0.021 sec
[basecaller_main]     - runners: 9.426 sec
[basecaller_main]          - synchronisation: 0.000 sec
[basecaller_main]          - model runner [0]: 9.425 sec
[basecaller_main]             - accept: 0.224 sec
[basecaller_main]             - basecall: 9.201 sec
[basecaller_main]                 - inference: 5.115 sec
[basecaller_main]                     - conv_stack: 0.307 sec
[basecaller_main]                         - input [N,C,T]: [128, 1, 12288]
[basecaller_main]                         - conv[0]: 0.230 sec
[basecaller_main]                             in  [N,C,T]: [128, 1, 12288]
[basecaller_main]                             out [N,C,T]: [128, 16, 12288]
[basecaller_main]                             op: 0.197 sec  act: 0.033 sec
[basecaller_main]                         - conv[1]: 0.055 sec
[basecaller_main]                             in  [N,C,T]: [128, 16, 12288]
[basecaller_main]                             out [N,C,T]: [128, 16, 12288]
[basecaller_main]                             op: 0.052 sec  act: 0.003 sec
[basecaller_main]                         - conv[2]: 0.022 sec
[basecaller_main]                             in  [N,C,T]: [128, 16, 12288]
[basecaller_main]                             out [N,C,T]: [128, 96, 2048]
[basecaller_main]                             op: 0.019 sec  act: 0.003 sec
[basecaller_main]                         - transpose: 0.000 sec
[basecaller_main]                             in  [N,C,T]: [128, 96, 2048]
[basecaller_main]                             out [N,T,C]: [128, 2048, 96]
[basecaller_main]                     - rnns: 1.134 sec
[basecaller_main]                         - rnn[0] (reverse): 0.896 sec
[basecaller_main]                             in  [N,T,C]: [128, 2048, 96]
[basecaller_main]                             out [N,T,C]: [128, 2048, 96]
[basecaller_main]                             flip: 0.045 sec  lstm: 0.851 sec
[basecaller_main]                         - rnn[1] (forward): 0.061 sec
[basecaller_main]                             in  [N,T,C]: [128, 2048, 96]
[basecaller_main]                             out [N,T,C]: [128, 2048, 96]
[basecaller_main]                             flip: 0.004 sec  lstm: 0.057 sec
[basecaller_main]                         - rnn[2] (reverse): 0.058 sec
[basecaller_main]                             in  [N,T,C]: [128, 2048, 96]
[basecaller_main]                             out [N,T,C]: [128, 2048, 96]
[basecaller_main]                             flip: 0.003 sec  lstm: 0.055 sec
[basecaller_main]                         - rnn[3] (forward): 0.057 sec
[basecaller_main]                             in  [N,T,C]: [128, 2048, 96]
[basecaller_main]                             out [N,T,C]: [128, 2048, 96]
[basecaller_main]                             flip: 0.003 sec  lstm: 0.054 sec
[basecaller_main]                         - rnn[4] (reverse): 0.058 sec
[basecaller_main]                             in  [N,T,C]: [128, 2048, 96]
[basecaller_main]                             out [N,T,C]: [128, 2048, 96]
[basecaller_main]                             flip: 0.003 sec  lstm: 0.055 sec
[basecaller_main]                         - rnn_out_flip: 0.003 sec
[basecaller_main]                             out [N,T,C]: [128, 2048, 96]
[basecaller_main]                     - crf_1: 0.021 sec
[basecaller_main]                         in  [N,T,C]: [128, 2048, 96]
[basecaller_main]                         out [N,T,C]: [128, 2048, 256]
[basecaller_main]                     - crf_2: 0.000 sec
[basecaller_main]                     - clamp: 0.002 sec
[basecaller_main]                 - decode: 8.357 sec
[basecaller_main]                     - scores [N,T,C]: [128, 2048, 256]
[basecaller_main]                     - bwd_scan: 0.122 sec
[basecaller_main]                     - beam_search: 2.730 sec
[basecaller_main]                     - fwd_post_scan: 0.810 sec
[basecaller_main]                     - qual_data: 0.268 sec
[basecaller_main]                     - gen_sequence: 0.392 sec
[basecaller_main]                     - d2h_copy: 0.003 sec
[basecaller_main]             - modcall: 0.000 sec
[basecaller_main] load-imbalance: 40 GPU batches (1 tail), 5100 real chunks, 20 padded slots -> 0.4% of 5120 launched GPU slots wasted on padding
[basecaller_main]     - postprocess: 0.022 sec
[basecaller_main]     - mod_preprocess: 0.000 sec
[basecaller_main]     - mod_postprocess: 0.000 sec
[basecaller_main] data output: 0.004 sec
[basecaller_main] data free: 0.009 sec
[main] Version: 0.5.0-beta
[main] CMD: ./slorado basecaller -C 128 -c 12288 -K 4096 -p 150 --overlap-decode=yes --fixed-c-batch=yes --flush-threshold=128 -o /dev/null models/dna_r10.4.1_e8.2_400bps_fast@v5.0.0 test/PGXXXX230339/reads_1k.blow5
[main] Real time: 10.123 sec; CPU time: 4.151 sec; Peak RAM: 3.647 GB

