
slorado base-caller version 0.5.0-beta
model path:         models/dna_r10.4.1_e8.2_400bps_fast@v5.0.0
input path:         test/PGXXXX230339/reads_1k.blow5
output path:        /dev/null
device:             cuda:all
chunk size:         12288
read batch size:    4096
gpu batch size:     128
no. threads:        8
overlap:            150
overlap decode:     yes
fixed-c batch:      yes (no narrow)
flush threshold:    12

[parse_qscore_params::INFO][1;34m mean_qscore_start_pos not found in config toml, setting default to 60[0m
[basecaller_main::0.239*4.72] 1000 Entries (49.5M bytes) loaded
[basecaller_main::85.059*0.10] 1000 Entries (49.5M bytes) processed

[basecaller_main] total entries: 1000
[basecaller_main] total bytes: 49.5 M
[basecaller_main] model initialization: 0.188 sec
[basecaller_main] data loading: 0.049 sec
[basecaller_main] data processing: 84.820 sec
[basecaller_main]     - parse: 0.403 sec
[basecaller_main]     - preprocess: 0.015 sec
[basecaller_main]     - runners: 84.383 sec
[basecaller_main]          - synchronisation: 0.000 sec
[basecaller_main]          - model runner [0]: 84.379 sec
[basecaller_main]             - accept: 0.312 sec
[basecaller_main]             - basecall: 84.067 sec
[basecaller_main]                 - inference: 54.376 sec
[basecaller_main]                     - conv_stack: 0.825 sec
[basecaller_main]                         - input [N,C,T]: [128, 1, 12288]
[basecaller_main]                         - conv[0]: 0.437 sec
[basecaller_main]                             in  [N,C,T]: [128, 1, 12288]
[basecaller_main]                             out [N,C,T]: [128, 16, 12288]
[basecaller_main]                             op: 0.370 sec  act: 0.067 sec
[basecaller_main]                         - conv[1]: 0.217 sec
[basecaller_main]                             in  [N,C,T]: [128, 16, 12288]
[basecaller_main]                             out [N,C,T]: [128, 16, 12288]
[basecaller_main]                             op: 0.184 sec  act: 0.033 sec
[basecaller_main]                         - conv[2]: 0.167 sec
[basecaller_main]                             in  [N,C,T]: [128, 16, 12288]
[basecaller_main]                             out [N,C,T]: [128, 96, 2048]
[basecaller_main]                             op: 0.135 sec  act: 0.032 sec
[basecaller_main]                         - transpose: 0.004 sec
[basecaller_main]                             in  [N,C,T]: [128, 96, 2048]
[basecaller_main]                             out [N,T,C]: [128, 2048, 96]
[basecaller_main]                     - rnns: 4.069 sec
[basecaller_main]                         - rnn[0] (reverse): 1.574 sec
[basecaller_main]                             in  [N,T,C]: [128, 2048, 96]
[basecaller_main]                             out [N,T,C]: [128, 2048, 96]
[basecaller_main]                             flip: 0.063 sec  lstm: 1.510 sec
[basecaller_main]                         - rnn[1] (forward): 0.626 sec
[basecaller_main]                             in  [N,T,C]: [128, 2048, 96]
[basecaller_main]                             out [N,T,C]: [128, 2048, 96]
[basecaller_main]                             flip: 0.036 sec  lstm: 0.590 sec
[basecaller_main]                         - rnn[2] (reverse): 0.612 sec
[basecaller_main]                             in  [N,T,C]: [128, 2048, 96]
[basecaller_main]                             out [N,T,C]: [128, 2048, 96]
[basecaller_main]                             flip: 0.033 sec  lstm: 0.578 sec
[basecaller_main]                         - rnn[3] (forward): 0.612 sec
[basecaller_main]                             in  [N,T,C]: [128, 2048, 96]
[basecaller_main]                             out [N,T,C]: [128, 2048, 96]
[basecaller_main]                             flip: 0.033 sec  lstm: 0.579 sec
[basecaller_main]                         - rnn[4] (reverse): 0.612 sec
[basecaller_main]                             in  [N,T,C]: [128, 2048, 96]
[basecaller_main]                             out [N,T,C]: [128, 2048, 96]
[basecaller_main]                             flip: 0.033 sec  lstm: 0.579 sec
[basecaller_main]                         - rnn_out_flip: 0.035 sec
[basecaller_main]                             out [N,T,C]: [128, 2048, 96]
[basecaller_main]                     - crf_1: 0.131 sec
[basecaller_main]                         in  [N,T,C]: [128, 2048, 96]
[basecaller_main]                         out [N,T,C]: [128, 2048, 256]
[basecaller_main]                     - crf_2: 0.000 sec
[basecaller_main]                     - clamp: 0.021 sec
[basecaller_main]                 - decode: 83.215 sec
[basecaller_main]                     - scores [N,T,C]: [128, 2048, 256]
[basecaller_main]                     - bwd_scan: 1.279 sec
[basecaller_main]                     - beam_search: 20.252 sec
[basecaller_main]                     - fwd_post_scan: 8.339 sec
[basecaller_main]                     - qual_data: 1.937 sec
[basecaller_main]                     - gen_sequence: 1.629 sec
[basecaller_main]                     - d2h_copy: 0.031 sec
[basecaller_main]             - modcall: 0.000 sec
[basecaller_main] load-imbalance: 425 GPU batches (425 tail), 5100 real chunks, 49300 padded slots -> 90.6% of 54400 launched GPU slots wasted on padding
[basecaller_main]     - postprocess: 0.019 sec
[basecaller_main]     - mod_preprocess: 0.000 sec
[basecaller_main]     - mod_postprocess: 0.000 sec
[basecaller_main] data output: 0.005 sec
[basecaller_main] data free: 0.010 sec
[main] Version: 0.5.0-beta
[main] CMD: ./slorado basecaller -C 128 -c 12288 -K 4096 -p 150 --overlap-decode=yes --fixed-c-batch=yes --flush-threshold=12 -o /dev/null models/dna_r10.4.1_e8.2_400bps_fast@v5.0.0 test/PGXXXX230339/reads_1k.blow5
[main] Real time: 85.088 sec; CPU time: 8.389 sec; Peak RAM: 3.651 GB

