
slorado base-caller version 0.5.0-beta
model path:         models/dna_r10.4.1_e8.2_400bps_fast@v5.0.0
input path:         test/PGXXXX230339/reads_1k.blow5
output path:        /dev/null
device:             cuda:all
chunk size:         12288
read batch size:    4096
gpu batch size:     128
no. threads:        8
overlap:            150
overlap decode:     yes
fixed-c batch:      no (narrow partials)
flush threshold:    48

[parse_qscore_params::INFO][1;34m mean_qscore_start_pos not found in config toml, setting default to 60[0m
[basecaller_main::0.254*4.44] 1000 Entries (49.5M bytes) loaded
[basecaller_main::10.405*0.40] 1000 Entries (49.5M bytes) processed

[basecaller_main] total entries: 1000
[basecaller_main] total bytes: 49.5 M
[basecaller_main] model initialization: 0.203 sec
[basecaller_main] data loading: 0.049 sec
[basecaller_main] data processing: 10.151 sec
[basecaller_main]     - parse: 0.357 sec
[basecaller_main]     - preprocess: 0.015 sec
[basecaller_main]     - runners: 9.757 sec
[basecaller_main]          - synchronisation: 0.000 sec
[basecaller_main]          - model runner [0]: 9.756 sec
[basecaller_main]             - accept: 0.241 sec
[basecaller_main]             - basecall: 9.514 sec
[basecaller_main]                 - inference: 3.993 sec
[basecaller_main]                     - conv_stack: 0.425 sec
[basecaller_main]                         - input [N,C,T]: [48, 1, 12288]
[basecaller_main]                         - conv[0]: 0.280 sec
[basecaller_main]                             in  [N,C,T]: [48, 1, 12288]
[basecaller_main]                             out [N,C,T]: [48, 16, 12288]
[basecaller_main]                             op: 0.244 sec  act: 0.036 sec
[basecaller_main]                         - conv[1]: 0.086 sec
[basecaller_main]                             in  [N,C,T]: [48, 16, 12288]
[basecaller_main]                             out [N,C,T]: [48, 16, 12288]
[basecaller_main]                             op: 0.077 sec  act: 0.009 sec
[basecaller_main]                         - conv[2]: 0.058 sec
[basecaller_main]                             in  [N,C,T]: [48, 16, 12288]
[basecaller_main]                             out [N,C,T]: [48, 96, 2048]
[basecaller_main]                             op: 0.049 sec  act: 0.009 sec
[basecaller_main]                         - transpose: 0.001 sec
[basecaller_main]                             in  [N,C,T]: [48, 96, 2048]
[basecaller_main]                             out [N,T,C]: [48, 2048, 96]
[basecaller_main]                     - rnns: 0.943 sec
[basecaller_main]                         - rnn[0] (reverse): 0.486 sec
[basecaller_main]                             in  [N,T,C]: [48, 2048, 96]
[basecaller_main]                             out [N,T,C]: [48, 2048, 96]
[basecaller_main]                             flip: 0.022 sec  lstm: 0.464 sec
[basecaller_main]                         - rnn[1] (forward): 0.116 sec
[basecaller_main]                             in  [N,T,C]: [48, 2048, 96]
[basecaller_main]                             out [N,T,C]: [48, 2048, 96]
[basecaller_main]                             flip: 0.010 sec  lstm: 0.106 sec
[basecaller_main]                         - rnn[2] (reverse): 0.111 sec
[basecaller_main]                             in  [N,T,C]: [48, 2048, 96]
[basecaller_main]                             out [N,T,C]: [48, 2048, 96]
[basecaller_main]                             flip: 0.009 sec  lstm: 0.103 sec
[basecaller_main]                         - rnn[3] (forward): 0.111 sec
[basecaller_main]                             in  [N,T,C]: [48, 2048, 96]
[basecaller_main]                             out [N,T,C]: [48, 2048, 96]
[basecaller_main]                             flip: 0.009 sec  lstm: 0.102 sec
[basecaller_main]                         - rnn[4] (reverse): 0.110 sec
[basecaller_main]                             in  [N,T,C]: [48, 2048, 96]
[basecaller_main]                             out [N,T,C]: [48, 2048, 96]
[basecaller_main]                             flip: 0.009 sec  lstm: 0.102 sec
[basecaller_main]                         - rnn_out_flip: 0.009 sec
[basecaller_main]                             out [N,T,C]: [48, 2048, 96]
[basecaller_main]                     - crf_1: 0.034 sec
[basecaller_main]                         in  [N,T,C]: [48, 2048, 96]
[basecaller_main]                         out [N,T,C]: [48, 2048, 256]
[basecaller_main]                     - crf_2: 0.000 sec
[basecaller_main]                     - clamp: 0.005 sec
[basecaller_main]                 - decode: 8.994 sec
[basecaller_main]                     - scores [N,T,C]: [12, 2048, 256]
[basecaller_main]                     - bwd_scan: 0.249 sec
[basecaller_main]                     - beam_search: 4.089 sec
[basecaller_main]                     - fwd_post_scan: 1.049 sec
[basecaller_main]                     - qual_data: 0.494 sec
[basecaller_main]                     - gen_sequence: 0.345 sec
[basecaller_main]                     - d2h_copy: 0.004 sec
[basecaller_main]             - modcall: 0.000 sec
[basecaller_main] load-imbalance: 107 GPU batches (107 tail), 5100 real chunks, 8596 padded slots -> 62.8% of 13696 launched GPU slots wasted on padding
[basecaller_main]     - postprocess: 0.022 sec
[basecaller_main]     - mod_preprocess: 0.000 sec
[basecaller_main]     - mod_postprocess: 0.000 sec
[basecaller_main] data output: 0.005 sec
[basecaller_main] data free: 0.008 sec
[main] Version: 0.5.0-beta
[main] CMD: ./slorado basecaller -C 128 -c 12288 -K 4096 -p 150 --overlap-decode=yes --fixed-c-batch=no --flush-threshold=48 -o /dev/null models/dna_r10.4.1_e8.2_400bps_fast@v5.0.0 test/PGXXXX230339/reads_1k.blow5
[main] Real time: 10.427 sec; CPU time: 4.196 sec; Peak RAM: 2.238 GB

