
slorado base-caller version 0.5.0-beta
model path:         models/dna_r10.4.1_e8.2_400bps_hac@v5.0.0
input path:         test/PGXXXX230339/reads_1k.blow5
output path:        /dev/null
device:             cuda:all
chunk size:         12288
read batch size:    4096
gpu batch size:     128
no. threads:        8
overlap:            150

[basecaller_main::0.362*3.22] 1000 Entries (49.5M bytes) loaded
[basecaller_main::46.021*0.82] 1000 Entries (49.5M bytes) processed
[basecaller_main] total entries: 1000
[basecaller_main] total bytes: 49.5 M
[basecaller_main] model initialization: 0.314 sec (0.7%)
[basecaller_main] data loading: 0.046 sec (0.1%)
[basecaller_main] data processing: 45.659 sec (99.2%)
[basecaller_main]     - parse: 0.371 sec (0.8%)
[basecaller_main]     - preprocess: 0.015 sec (0.0%)
[basecaller_main]     - runners: 45.250 sec (98.3%)
[basecaller_main]          - synchronisation: 0.000 sec (0.0%)
[basecaller_main]          - model runner [0]: 45.250 sec (98.3% util)
[basecaller_main]             - accept: 0.276 sec (0.6% util)
[basecaller_main]             - basecall: 44.974 sec (97.7% util)
[basecaller_main]                 - inference: 40.751 sec (88.5% util)
[basecaller_main]                     - conv_stack: 3.162 sec (6.9% util)
[basecaller_main]                     - rnns: 35.721 sec (77.6% util)
[basecaller_main]                     - crf_1: 1.386 sec (3.0% util)
[basecaller_main]                     - crf_2: 0.000 sec (0.0% util)
[basecaller_main]                     - clamp: 0.481 sec (1.0% util)
[basecaller_main]                 - decode: 4.190 sec (9.1% util)
[basecaller_main]             - modcall: 0.000 sec (0.0% util)
[basecaller_main]     - postprocess: 0.023 sec (0.0%)
[basecaller_main]     - mod_preprocess: 0.000 sec (0.0%)
[basecaller_main]     - mod_postprocess: 0.000 sec (0.0%)
[basecaller_main] data output: 0.005 sec (0.0%)
[basecaller_main] data free: 0.010 sec (0.0%)
[main] Version: 0.5.0-beta
[main] CMD: ./slorado basecaller -C 128 -c 12288 -K 4096 -p 150 --cpu-beam=no -o /dev/null models/dna_r10.4.1_e8.2_400bps_hac@v5.0.0 test/PGXXXX230339/reads_1k.blow5
[main] Real time: 46.064 sec; CPU time: 37.624 sec; Peak RAM: 3.757 GB

