08-11-2026 23:02:50 RAM 2006/7607MB (lfb 148x4MB) SWAP 1432/16384MB (cached 137MB) CPU [1%@729,3%@729,1%@729,3%@729,0%@1036,0%@1036] GR3D_FREQ 0% cpu@48.093C soc2@47.187C soc0@48.812C gpu@48.687C tj@48.812C soc1@48.625C VDD_IN 5056mW/5056mW VDD_CPU_GPU_CV 560mW/560mW VDD_SOC 1484mW/1484mW
08-11-2026 23:02:51 RAM 2221/7607MB (lfb 148x4MB) SWAP 1432/16384MB (cached 137MB) CPU [12%@1344,72%@1344,11%@1344,11%@1344,7%@729,7%@729] GR3D_FREQ 19% cpu@48.437C soc2@47.125C soc0@48.656C gpu@49.031C tj@49.031C soc1@48.437C VDD_IN 5729mW/5393mW VDD_CPU_GPU_CV 1040mW/800mW VDD_SOC 1520mW/1502mW
08-11-2026 23:02:52 RAM 3290/7607MB (lfb 96x4MB) SWAP 1432/16384MB (cached 137MB) CPU [49%@729,22%@729,27%@729,39%@729,49%@1344,24%@1344] GR3D_FREQ 0% cpu@48.875C soc2@47.281C soc0@48.687C gpu@49.281C tj@49.281C soc1@48.375C VDD_IN 7188mW/5991mW VDD_CPU_GPU_CV 1873mW/1158mW VDD_SOC 1757mW/1587mW
08-11-2026 23:02:53 RAM 4141/7607MB (lfb 48x4MB) SWAP 1432/16384MB (cached 137MB) CPU [4%@1344,2%@1344,2%@1344,2%@1344,27%@1344,73%@1344] GR3D_FREQ 98% cpu@49.875C soc2@48C soc0@48.937C gpu@51C tj@51C soc1@48.625C VDD_IN 14199mW/8043mW VDD_CPU_GPU_CV 6741mW/2554mW VDD_SOC 2961mW/1931mW
08-11-2026 23:02:54 RAM 4682/7607MB (lfb 26x4MB) SWAP 1432/16384MB (cached 137MB) CPU [4%@729,3%@1344,2%@1344,29%@1344,0%@1344,72%@1344] GR3D_FREQ 98% cpu@49.781C soc2@48.343C soc0@49.312C gpu@51.343C tj@51.343C soc1@48.843C VDD_IN 14752mW/9385mW VDD_CPU_GPU_CV 6730mW/3389mW VDD_SOC 3119mW/2168mW
08-11-2026 23:02:55 RAM 4683/7607MB (lfb 26x4MB) SWAP 1432/16384MB (cached 137MB) CPU [2%@729,2%@729,1%@729,3%@729,0%@1344,75%@1344] GR3D_FREQ 98% cpu@50.437C soc2@48.75C soc0@49.656C gpu@51.75C tj@51.75C soc1@48.968C VDD_IN 16558mW/10580mW VDD_CPU_GPU_CV 7336mW/4047mW VDD_SOC 4014mW/2476mW
08-11-2026 23:02:56 RAM 4684/7607MB (lfb 26x4MB) SWAP 1431/16384MB (cached 137MB) CPU [3%@729,2%@729,3%@729,2%@729,0%@1036,76%@1036] GR3D_FREQ 99% cpu@50.968C soc2@49.093C soc0@49.75C gpu@51.593C tj@51.593C soc1@49.156C VDD_IN 16439mW/11417mW VDD_CPU_GPU_CV 7100mW/4483mW VDD_SOC 4093mW/2707mW
08-11-2026 23:02:57 RAM 4684/7607MB (lfb 26x4MB) SWAP 1431/16384MB (cached 137MB) CPU [3%@729,4%@729,4%@729,2%@729,0%@729,79%@729] GR3D_FREQ 99% cpu@50.625C soc2@49.25C soc0@50.125C gpu@52.062C tj@52.062C soc1@49.437C VDD_IN 16282mW/12025mW VDD_CPU_GPU_CV 7571mW/4869mW VDD_SOC 3817mW/2846mW
08-11-2026 23:02:58 RAM 4685/7607MB (lfb 26x4MB) SWAP 1431/16384MB (cached 137MB) CPU [11%@1344,7%@1344,10%@1344,5%@1344,0%@729,84%@729] GR3D_FREQ 99% cpu@51.187C soc2@49.625C soc0@50.406C gpu@52.5C tj@52.5C soc1@49.625C VDD_IN 17200mW/12600mW VDD_CPU_GPU_CV 8303mW/5250mW VDD_SOC 3929mW/2966mW
08-11-2026 23:02:59 RAM 4686/7607MB (lfb 26x4MB) SWAP 1431/16384MB (cached 137MB) CPU [4%@1344,1%@1344,0%@1344,5%@1344,0%@1344,84%@1344] GR3D_FREQ 97% cpu@51.031C soc2@49.937C soc0@50.687C gpu@52.687C tj@52.687C soc1@49.687C VDD_IN 17515mW/13092mW VDD_CPU_GPU_CV 8616mW/5587mW VDD_SOC 3890mW/3058mW
08-11-2026 23:03:00 RAM 4686/7607MB (lfb 26x4MB) SWAP 1431/16384MB (cached 137MB) CPU [3%@729,1%@729,2%@729,5%@729,0%@1344,75%@1344] GR3D_FREQ 98% cpu@51.437C soc2@49.937C soc0@50.593C gpu@52.968C tj@52.968C soc1@50.031C VDD_IN 17475mW/13490mW VDD_CPU_GPU_CV 8538mW/5855mW VDD_SOC 3929mW/3138mW
08-11-2026 23:03:01 RAM 4687/7607MB (lfb 26x4MB) SWAP 1431/16384MB (cached 137MB) CPU [1%@729,2%@729,2%@729,3%@729,0%@1344,75%@1344] GR3D_FREQ 98% cpu@51.812C soc2@50.25C soc0@50.843C gpu@53.343C tj@53.343C soc1@50.156C VDD_IN 17475mW/13822mW VDD_CPU_GPU_CV 8499mW/6076mW VDD_SOC 3968mW/3207mW
08-11-2026 23:03:02 RAM 4687/7607MB (lfb 26x4MB) SWAP 1431/16384MB (cached 137MB) CPU [3%@1344,2%@1344,1%@1344,2%@1344,0%@1344,75%@1344] GR3D_FREQ 97% cpu@51.687C soc2@50.375C soc0@51.062C gpu@53.281C tj@53.281C soc1@50.343C VDD_IN 17318mW/14091mW VDD_CPU_GPU_CV 8303mW/6247mW VDD_SOC 3968mW/3265mW
08-11-2026 23:03:03 RAM 4692/7607MB (lfb 26x4MB) SWAP 1430/16384MB (cached 137MB) CPU [20%@1344,6%@1344,19%@1344,11%@1344,12%@1344,75%@1344] GR3D_FREQ 97% cpu@52C soc2@50.656C soc0@51.312C gpu@53.562C tj@53.562C soc1@50.687C VDD_IN 17672mW/14347mW VDD_CPU_GPU_CV 8499mW/6408mW VDD_SOC 4008mW/3318mW
08-11-2026 23:03:04 RAM 4693/7607MB (lfb 26x4MB) SWAP 1430/16384MB (cached 137MB) CPU [4%@729,9%@729,8%@729,4%@729,0%@1344,76%@1344] GR3D_FREQ 98% cpu@52.281C soc2@50.75C soc0@51.656C gpu@53.625C tj@53.625C soc1@50.625C VDD_IN 17279mW/14542mW VDD_CPU_GPU_CV 8107mW/6521mW VDD_SOC 4047mW/3367mW
08-11-2026 23:03:05 RAM 4694/7607MB (lfb 26x4MB) SWAP 1430/16384MB (cached 137MB) CPU [5%@729,8%@729,8%@729,7%@729,0%@1344,74%@1344] GR3D_FREQ 98% cpu@52.406C soc2@50.875C soc0@51.531C gpu@53.937C tj@53.937C soc1@50.75C VDD_IN 17042mW/14699mW VDD_CPU_GPU_CV 7794mW/6601mW VDD_SOC 4093mW/3412mW
08-11-2026 23:03:06 RAM 4694/7607MB (lfb 26x4MB) SWAP 1430/16384MB (cached 137MB) CPU [3%@729,4%@729,4%@729,4%@729,0%@1344,76%@1344] GR3D_FREQ 98% cpu@52.593C soc2@51.093C soc0@51.812C gpu@53.656C tj@53.656C soc1@51.062C VDD_IN 16873mW/14827mW VDD_CPU_GPU_CV 7493mW/6653mW VDD_SOC 4132mW/3455mW
08-11-2026 23:03:07 RAM 4694/7607MB (lfb 26x4MB) SWAP 1430/16384MB (cached 137MB) CPU [3%@729,1%@729,2%@729,4%@729,0%@1036,76%@1036] GR3D_FREQ 99% cpu@52.718C soc2@51.281C soc0@51.937C gpu@53.375C tj@53.375C soc1@51.187C VDD_IN 16558mW/14923mW VDD_CPU_GPU_CV 7100mW/6678mW VDD_SOC 4132mW/3492mW
08-11-2026 23:03:08 RAM 4695/7607MB (lfb 26x4MB) SWAP 1430/16384MB (cached 137MB) CPU [1%@729,1%@729,4%@729,4%@729,0%@729,77%@729] GR3D_FREQ 99% cpu@52.437C soc2@51.406C soc0@52.25C gpu@53.906C tj@53.906C soc1@51.25C VDD_IN 16282mW/14994mW VDD_CPU_GPU_CV 7650mW/6729mW VDD_SOC 3817mW/3509mW
08-11-2026 23:03:09 RAM 4696/7607MB (lfb 26x4MB) SWAP 1430/16384MB (cached 137MB) CPU [6%@729,16%@729,6%@729,7%@729,0%@729,84%@729] GR3D_FREQ 99% cpu@52.812C soc2@51.593C soc0@52.25C gpu@54.156C tj@54.156C soc1@51.5C VDD_IN 17042mW/15097mW VDD_CPU_GPU_CV 8186mW/6802mW VDD_SOC 3896mW/3529mW
08-11-2026 23:03:10 RAM 4697/7607MB (lfb 26x4MB) SWAP 1430/16384MB (cached 137MB) CPU [3%@729,2%@729,2%@729,3%@729,0%@883,84%@883] GR3D_FREQ 98% cpu@53.218C soc2@51.781C soc0@52.468C gpu@54.343C tj@54.656C soc1@51.656C VDD_IN 17515mW/15212mW VDD_CPU_GPU_CV 8616mW/6888mW VDD_SOC 3929mW/3548mW
08-11-2026 23:03:11 RAM 4695/7607MB (lfb 26x4MB) SWAP 1430/16384MB (cached 137MB) CPU [2%@1344,2%@1344,3%@1344,2%@1344,0%@1344,79%@1344] GR3D_FREQ 98% cpu@53.437C soc2@51.875C soc0@52.593C gpu@54.875C tj@54.875C soc1@51.937C VDD_IN 17593mW/15320mW VDD_CPU_GPU_CV 8616mW/6967mW VDD_SOC 3968mW/3567mW
08-11-2026 23:03:12 RAM 4695/7607MB (lfb 26x4MB) SWAP 1430/16384MB (cached 137MB) CPU [3%@729,1%@729,1%@729,3%@729,0%@1344,75%@1344] GR3D_FREQ 97% cpu@53.281C soc2@52.156C soc0@52.843C gpu@55.031C tj@55.031C soc1@52.125C VDD_IN 17475mW/15414mW VDD_CPU_GPU_CV 8538mW/7035mW VDD_SOC 3929mW/3583mW
08-11-2026 23:03:13 RAM 4696/7607MB (lfb 26x4MB) SWAP 1430/16384MB (cached 137MB) CPU [1%@729,1%@729,3%@729,2%@729,0%@1344,75%@1344] GR3D_FREQ 98% cpu@53.468C soc2@52.218C soc0@53.062C gpu@55.156C tj@55.156C soc1@52.093C VDD_IN 17436mW/15498mW VDD_CPU_GPU_CV 8381mW/7091mW VDD_SOC 3968mW/3599mW
08-11-2026 23:03:14 RAM 4694/7607MB (lfb 26x4MB) SWAP 1430/16384MB (cached 137MB) CPU [7%@729,16%@729,6%@729,8%@729,1%@1344,75%@1344] GR3D_FREQ 98% cpu@53.843C soc2@52.343C soc0@52.968C gpu@55.312C tj@55.312C soc1@52.281C VDD_IN 17515mW/15579mW VDD_CPU_GPU_CV 8421mW/7144mW VDD_SOC 4008mW/3615mW
08-11-2026 23:03:15 RAM 4695/7607MB (lfb 26x4MB) SWAP 1430/16384MB (cached 137MB) CPU [2%@729,4%@729,2%@729,4%@729,1%@1344,76%@1344] GR3D_FREQ 98% cpu@54.218C soc2@52.531C soc0@53.281C gpu@55.062C tj@55.062C soc1@52.5C VDD_IN 17160mW/15640mW VDD_CPU_GPU_CV 8029mW/7178mW VDD_SOC 4047mW/3632mW
08-11-2026 23:03:16 RAM 4695/7607MB (lfb 26x4MB) SWAP 1430/16384MB (cached 137MB) CPU [3%@729,2%@729,2%@729,4%@729,1%@1344,75%@1344] GR3D_FREQ 98% cpu@53.906C soc2@52.625C soc0@53.406C gpu@55.25C tj@55.25C soc1@52.687C VDD_IN 17121mW/15694mW VDD_CPU_GPU_CV 7872mW/7204mW VDD_SOC 4047mW/3647mW
08-11-2026 23:03:17 RAM 4696/7607MB (lfb 26x4MB) SWAP 1430/16384MB (cached 137MB) CPU [3%@729,1%@729,1%@729,4%@729,0%@1344,77%@1344] GR3D_FREQ 97% cpu@54C soc2@52.812C soc0@53.593C gpu@55.312C tj@55.312C soc1@52.843C VDD_IN 17003mW/15741mW VDD_CPU_GPU_CV 7716mW/7222mW VDD_SOC 4132mW/3664mW
08-11-2026 23:03:18 RAM 4696/7607MB (lfb 26x4MB) SWAP 1430/16384MB (cached 137MB) CPU [3%@729,2%@729,2%@729,5%@1344,0%@1344,76%@1344] GR3D_FREQ 98% cpu@54.218C soc2@52.937C soc0@53.875C gpu@55.375C tj@55.375C soc1@52.906C VDD_IN 16715mW/15775mW VDD_CPU_GPU_CV 7297mW/7225mW VDD_SOC 4093mW/3679mW
08-11-2026 23:03:19 RAM 4696/7607MB (lfb 26x4MB) SWAP 1430/16384MB (cached 137MB) CPU [2%@729,2%@729,4%@729,1%@729,1%@729,76%@729] GR3D_FREQ 99% cpu@54.468C soc2@53.156C soc0@53.781C gpu@55.218C tj@55.468C soc1@53.062C VDD_IN 16439mW/15797mW VDD_CPU_GPU_CV 7454mW/7233mW VDD_SOC 3896mW/3686mW
08-11-2026 23:03:20 RAM 4696/7607MB (lfb 26x4MB) SWAP 1430/16384MB (cached 137MB) CPU [17%@729,3%@729,10%@729,5%@729,1%@729,82%@729] GR3D_FREQ 99% cpu@54.468C soc2@53.281C soc0@53.937C gpu@55.562C tj@55.562C soc1@53.125C VDD_IN 16518mW/15820mW VDD_CPU_GPU_CV 7807mW/7251mW VDD_SOC 3778mW/3689mW
08-11-2026 23:03:21 RAM 4696/7607MB (lfb 26x4MB) SWAP 1430/16384MB (cached 137MB) CPU [7%@729,0%@729,2%@729,1%@729,0%@729,83%@729] GR3D_FREQ 98% cpu@54.5C soc2@53.468C soc0@54.093C gpu@55.875C tj@55.875C soc1@53.375C VDD_IN 17554mW/15874mW VDD_CPU_GPU_CV 8538mW/7291mW VDD_SOC 3968mW/3698mW
08-11-2026 23:03:22 RAM 4697/7607MB (lfb 26x4MB) SWAP 1430/16384MB (cached 137MB) CPU [1%@1344,2%@1344,1%@1344,4%@1344,0%@1344,84%@1344] GR3D_FREQ 97% cpu@54.75C soc2@53.656C soc0@54.312C gpu@55.968C tj@55.968C soc1@53.312C VDD_IN 17515mW/15924mW VDD_CPU_GPU_CV 8656mW/7333mW VDD_SOC 3851mW/3703mW
08-11-2026 23:03:23 RAM 4698/7607MB (lfb 26x4MB) SWAP 1430/16384MB (cached 137MB) CPU [3%@729,2%@729,1%@729,1%@729,2%@1344,75%@1344] GR3D_FREQ 99% cpu@54.812C soc2@53.625C soc0@54.375C gpu@56.093C tj@56.093C soc1@53.468C VDD_IN 17436mW/15969mW VDD_CPU_GPU_CV 8499mW/7367mW VDD_SOC 3890mW/3708mW
08-11-2026 23:03:24 RAM 4698/7607MB (lfb 26x4MB) SWAP 1430/16384MB (cached 137MB) CPU [3%@729,3%@729,5%@729,1%@729,0%@1344,75%@1344] GR3D_FREQ 97% cpu@55C soc2@53.781C soc0@54.406C gpu@56.125C tj@56.312C soc1@53.656C VDD_IN 17436mW/16010mW VDD_CPU_GPU_CV 8499mW/7399mW VDD_SOC 3890mW/3713mW
08-11-2026 23:03:25 RAM 4696/7607MB (lfb 26x4MB) SWAP 1430/16384MB (cached 137MB) CPU [12%@1344,1%@1344,17%@1344,4%@1344,1%@1344,75%@1344] GR3D_FREQ 97% cpu@55.375C soc2@53.937C soc0@54.656C gpu@56.562C tj@56.562C soc1@53.812C VDD_IN 17515mW/16052mW VDD_CPU_GPU_CV 8460mW/7429mW VDD_SOC 3890mW/3718mW
08-11-2026 23:03:26 RAM 4696/7607MB (lfb 26x4MB) SWAP 1430/16384MB (cached 137MB) CPU [1%@729,1%@729,8%@729,3%@729,0%@1344,75%@1344] GR3D_FREQ 97% cpu@55.156C soc2@54C soc0@54.75C gpu@56.5C tj@56.5C soc1@53.968C VDD_IN 17239mW/16084mW VDD_CPU_GPU_CV 8186mW/7449mW VDD_SOC 3929mW/3724mW
08-11-2026 23:03:27 RAM 4697/7607MB (lfb 26x4MB) SWAP 1430/16384MB (cached 137MB) CPU [7%@729,2%@729,1%@729,1%@729,0%@1344,76%@1344] GR3D_FREQ 98% cpu@55.281C soc2@54.312C soc0@54.843C gpu@56.718C tj@56.718C soc1@53.906C VDD_IN 17160mW/16113mW VDD_CPU_GPU_CV 8029mW/7465mW VDD_SOC 3968mW/3730mW
08-11-2026 23:03:28 RAM 4697/7607MB (lfb 26x4MB) SWAP 1430/16384MB (cached 137MB) CPU [3%@729,1%@729,5%@729,2%@729,0%@1344,75%@1344] GR3D_FREQ 98% cpu@55.531C soc2@54.218C soc0@54.843C gpu@56.625C tj@56.625C soc1@54.093C VDD_IN 16924mW/16133mW VDD_CPU_GPU_CV 7716mW/7471mW VDD_SOC 4014mW/3738mW
08-11-2026 23:03:29 RAM 4698/7607MB (lfb 26x4MB) SWAP 1430/16384MB (cached 137MB) CPU [5%@729,1%@729,2%@729,1%@729,0%@1344,75%@1344] GR3D_FREQ 98% cpu@55.375C soc2@54.343C soc0@55C gpu@56.562C tj@56.562C soc1@54.25C VDD_IN 16676mW/16147mW VDD_CPU_GPU_CV 7375mW/7469mW VDD_SOC 4054mW/3746mW
08-11-2026 23:03:30 RAM 4698/7607MB (lfb 26x4MB) SWAP 1430/16384MB (cached 137MB) CPU [3%@729,1%@729,4%@729,2%@729,0%@883,75%@883] GR3D_FREQ 99% cpu@56.031C soc2@54.406C soc0@55.125C gpu@56.156C tj@56.156C soc1@54.375C VDD_IN 16439mW/16154mW VDD_CPU_GPU_CV 7218mW/7462mW VDD_SOC 4014mW/3752mW
08-11-2026 23:03:31 RAM 4702/7607MB (lfb 26x4MB) SWAP 1430/16384MB (cached 137MB) CPU [16%@729,7%@729,8%@729,4%@729,0%@729,78%@729] GR3D_FREQ 99% cpu@55.343C soc2@54.531C soc0@55.375C gpu@56.687C tj@56.687C soc1@54.656C VDD_IN 16400mW/16160mW VDD_CPU_GPU_CV 7689mW/7468mW VDD_SOC 3778mW/3753mW
08-11-2026 23:03:32 RAM 4702/7607MB (lfb 26x4MB) SWAP 1430/16384MB (cached 137MB) CPU [3%@729,1%@729,5%@729,2%@729,2%@729,84%@729] GR3D_FREQ 99% cpu@55.625C soc2@54.593C soc0@55.468C gpu@56.906C tj@56.906C soc1@54.437C VDD_IN 17160mW/16183mW VDD_CPU_GPU_CV 8264mW/7486mW VDD_SOC 3851mW/3755mW
08-11-2026 23:03:33 RAM 4703/7607MB (lfb 26x4MB) SWAP 1430/16384MB (cached 137MB) CPU [2%@729,1%@729,2%@729,3%@729,0%@1344,84%@1344] GR3D_FREQ 97% cpu@55.937C soc2@54.812C soc0@55.468C gpu@57.125C tj@57.312C soc1@54.656C VDD_IN 17475mW/16213mW VDD_CPU_GPU_CV 8563mW/7511mW VDD_SOC 3851mW/3757mW
08-11-2026 23:03:34 RAM 4703/7607MB (lfb 26x4MB) SWAP 1430/16384MB (cached 137MB) CPU [3%@729,4%@729,2%@729,1%@729,0%@1344,79%@1344] GR3D_FREQ 98% cpu@55.875C soc2@54.875C soc0@55.531C gpu@57.437C tj@57.437C soc1@54.812C VDD_IN 17515mW/16242mW VDD_CPU_GPU_CV 8577mW/7535mW VDD_SOC 3890mW/3760mW
08-11-2026 23:03:35 RAM 4704/7607MB (lfb 27x4MB) SWAP 1430/16384MB (cached 137MB) CPU [1%@1113,5%@1113,1%@1113,2%@1113,0%@1344,76%@1344] GR3D_FREQ 98% cpu@56.187C soc2@55.031C soc0@55.781C gpu@57.531C tj@57.531C soc1@55C VDD_IN 17475mW/16268mW VDD_CPU_GPU_CV 8538mW/7556mW VDD_SOC 3890mW/3763mW
08-11-2026 23:03:36 RAM 4703/7607MB (lfb 26x4MB) SWAP 1430/16384MB (cached 137MB) CPU [9%@1113,2%@1113,19%@1113,5%@1113,0%@1344,75%@1344] GR3D_FREQ 99% cpu@56.187C soc2@55.187C soc0@55.843C gpu@57.687C tj@57.687C soc1@54.937C VDD_IN 17515mW/16295mW VDD_CPU_GPU_CV 8499mW/7576mW VDD_SOC 3929mW/3767mW
08-11-2026 23:03:37 RAM 3538/7607MB (lfb 68x4MB) SWAP 1430/16384MB (cached 137MB) CPU [16%@1344,4%@1344,8%@1344,26%@1344,5%@729,56%@729] GR3D_FREQ 3% cpu@55.937C soc2@54.5C soc0@55.531C gpu@55.5C tj@55.937C soc1@54.906C VDD_IN 9713mW/16158mW VDD_CPU_GPU_CV 3174mW/7485mW VDD_SOC 2662mW/3743mW
