08-11-2026 23:08:21 RAM 2015/7607MB (lfb 167x4MB) SWAP 1427/16384MB (cached 137MB) CPU [3%@729,1%@729,1%@729,1%@729,1%@729,0%@729] GR3D_FREQ 0% cpu@55.625C soc2@54.812C soc0@56.406C gpu@55.562C tj@56.406C soc1@56.156C VDD_IN 5144mW/5144mW VDD_CPU_GPU_CV 601mW/601mW VDD_SOC 1444mW/1444mW
08-11-2026 23:08:22 RAM 2239/7607MB (lfb 167x4MB) SWAP 1427/16384MB (cached 137MB) CPU [11%@1344,52%@1344,19%@1344,10%@1344,35%@729,9%@729] GR3D_FREQ 0% cpu@56.343C soc2@54.875C soc0@56.406C gpu@55.75C tj@56.406C soc1@56.031C VDD_IN 5960mW/5552mW VDD_CPU_GPU_CV 1198mW/900mW VDD_SOC 1520mW/1482mW
08-11-2026 23:08:23 RAM 3548/7607MB (lfb 65x4MB) SWAP 1427/16384MB (cached 137MB) CPU [20%@1344,70%@1344,21%@1344,14%@1344,9%@1344,13%@1344] GR3D_FREQ 99% cpu@56.593C soc2@55.312C soc0@56.375C gpu@57.062C tj@57.062C soc1@56.062C VDD_IN 10912mW/7339mW VDD_CPU_GPU_CV 4357mW/2052mW VDD_SOC 2261mW/1742mW
08-11-2026 23:08:24 RAM 3701/7607MB (lfb 64x4MB) SWAP 1427/16384MB (cached 137MB) CPU [73%@1344,77%@1344,72%@1344,66%@1344,59%@729,63%@729] GR3D_FREQ 99% cpu@57.312C soc2@55.968C soc0@56.781C gpu@57.656C tj@57.656C soc1@56.031C VDD_IN 16570mW/9647mW VDD_CPU_GPU_CV 7441mW/3399mW VDD_SOC 3896mW/2280mW
08-11-2026 23:08:25 RAM 3674/7607MB (lfb 64x4MB) SWAP 1427/16384MB (cached 137MB) CPU [67%@1344,60%@1344,72%@1344,64%@1344,62%@1344,56%@1344] GR3D_FREQ 99% cpu@57.656C soc2@56.093C soc0@56.875C gpu@58.25C tj@58.25C soc1@56.281C VDD_IN 15651mW/10847mW VDD_CPU_GPU_CV 6865mW/4092mW VDD_SOC 3896mW/2603mW
08-11-2026 23:08:26 RAM 3663/7607MB (lfb 65x4MB) SWAP 1427/16384MB (cached 137MB) CPU [56%@1344,59%@1344,66%@1344,67%@1344,77%@1344,56%@1344] GR3D_FREQ 99% cpu@57.625C soc2@56.218C soc0@56.781C gpu@57.75C tj@57.75C soc1@56.312C VDD_IN 15611mW/11641mW VDD_CPU_GPU_CV 6669mW/4522mW VDD_SOC 3975mW/2832mW
08-11-2026 23:08:27 RAM 3446/7607MB (lfb 109x4MB) SWAP 1427/16384MB (cached 137MB) CPU [63%@729,71%@729,67%@729,64%@729,70%@806,70%@806] GR3D_FREQ 10% cpu@57.656C soc2@56.281C soc0@57.031C gpu@57.531C tj@57.656C soc1@56.5C VDD_IN 14373mW/12032mW VDD_CPU_GPU_CV 6061mW/4742mW VDD_SOC 3672mW/2952mW
08-11-2026 23:08:28 RAM 3698/7607MB (lfb 64x4MB) SWAP 1427/16384MB (cached 137MB) CPU [59%@1344,55%@1344,63%@1344,80%@1344,70%@1344,58%@1344] GR3D_FREQ 99% cpu@57.968C soc2@56.531C soc0@57.031C gpu@58.093C tj@58.093C soc1@56.687C VDD_IN 15730mW/12494mW VDD_CPU_GPU_CV 6826mW/5002mW VDD_SOC 3975mW/3080mW
08-11-2026 23:08:29 RAM 3678/7607MB (lfb 64x4MB) SWAP 1427/16384MB (cached 137MB) CPU [71%@1344,64%@1344,73%@1344,56%@1344,74%@1344,70%@1344] GR3D_FREQ 99% cpu@57.937C soc2@56.531C soc0@57.187C gpu@58.187C tj@58.187C soc1@56.5C VDD_IN 15611mW/12840mW VDD_CPU_GPU_CV 6758mW/5197mW VDD_SOC 3936mW/3175mW
08-11-2026 23:08:30 RAM 3704/7607MB (lfb 65x4MB) SWAP 1427/16384MB (cached 137MB) CPU [67%@1344,66%@1344,73%@1344,65%@1344,73%@729,57%@729] GR3D_FREQ 0% cpu@57.656C soc2@56.312C soc0@57.218C gpu@57.25C tj@57.656C soc1@56.562C VDD_IN 14176mW/12974mW VDD_CPU_GPU_CV 5943mW/5272mW VDD_SOC 3632mW/3221mW
08-11-2026 23:08:31 RAM 3696/7607MB (lfb 65x4MB) SWAP 1427/16384MB (cached 137MB) CPU [65%@1344,59%@1344,64%@1344,65%@1344,69%@1344,60%@1344] GR3D_FREQ 99% cpu@58.218C soc2@56.562C soc0@57.125C gpu@58.312C tj@58.5C soc1@56.562C VDD_IN 15730mW/13224mW VDD_CPU_GPU_CV 6826mW/5413mW VDD_SOC 3975mW/3289mW
08-11-2026 23:08:32 RAM 3489/7607MB (lfb 101x4MB) SWAP 1427/16384MB (cached 137MB) CPU [56%@729,72%@729,69%@729,55%@729,66%@729,56%@729] GR3D_FREQ 85% cpu@57.812C soc2@56.343C soc0@57.156C gpu@57.812C tj@57.812C soc1@56.687C VDD_IN 14080mW/13296mW VDD_CPU_GPU_CV 5785mW/5444mW VDD_SOC 3672mW/3321mW
08-11-2026 23:08:33 RAM 3707/7607MB (lfb 64x4MB) SWAP 1427/16384MB (cached 137MB) CPU [70%@1344,65%@1344,59%@1344,68%@1344,63%@1344,73%@1344] GR3D_FREQ 0% cpu@58.218C soc2@56.593C soc0@57.281C gpu@57.531C tj@58.218C soc1@56.75C VDD_IN 15202mW/13442mW VDD_CPU_GPU_CV 6483mW/5524mW VDD_SOC 3863mW/3363mW
08-11-2026 23:08:34 RAM 3695/7607MB (lfb 65x4MB) SWAP 1427/16384MB (cached 137MB) CPU [64%@1344,57%@1344,73%@1344,66%@1344,58%@1344,61%@1344] GR3D_FREQ 99% cpu@58.218C soc2@56.781C soc0@57.437C gpu@58.25C tj@58.25C soc1@56.656C VDD_IN 15572mW/13594mW VDD_CPU_GPU_CV 6787mW/5614mW VDD_SOC 3936mW/3404mW
08-11-2026 23:08:35 RAM 3541/7607MB (lfb 90x4MB) SWAP 1427/16384MB (cached 137MB) CPU [63%@729,65%@729,70%@729,69%@729,69%@729,74%@729] GR3D_FREQ 99% cpu@58.125C soc2@56.625C soc0@57.25C gpu@58.187C tj@58.187C soc1@56.781C VDD_IN 14808mW/13675mW VDD_CPU_GPU_CV 6208mW/5654mW VDD_SOC 3824mW/3432mW
08-11-2026 23:08:36 RAM 3709/7607MB (lfb 64x4MB) SWAP 1427/16384MB (cached 137MB) CPU [63%@1344,66%@1344,72%@1344,75%@1344,67%@1344,58%@1344] GR3D_FREQ 27% cpu@58.468C soc2@56.718C soc0@57.312C gpu@57.781C tj@58.468C soc1@56.812C VDD_IN 15414mW/13784mW VDD_CPU_GPU_CV 6680mW/5718mW VDD_SOC 3902mW/3461mW
08-11-2026 23:08:37 RAM 3681/7607MB (lfb 65x4MB) SWAP 1427/16384MB (cached 137MB) CPU [70%@1344,57%@1344,59%@1344,66%@1344,58%@1344,55%@1344] GR3D_FREQ 99% cpu@58.218C soc2@56.781C soc0@57.437C gpu@58.562C tj@58.562C soc1@57C VDD_IN 15163mW/13865mW VDD_CPU_GPU_CV 6444mW/5761mW VDD_SOC 3902mW/3487mW
08-11-2026 23:08:38 RAM 3528/7607MB (lfb 93x4MB) SWAP 1427/16384MB (cached 137MB) CPU [74%@1344,60%@1344,70%@1344,76%@1344,64%@729,54%@729] GR3D_FREQ 0% cpu@57.718C soc2@56.75C soc0@57.406C gpu@57.687C tj@57.718C soc1@56.781C VDD_IN 14373mW/13893mW VDD_CPU_GPU_CV 6061mW/5777mW VDD_SOC 3672mW/3497mW
08-11-2026 23:08:39 RAM 3700/7607MB (lfb 64x4MB) SWAP 1427/16384MB (cached 137MB) CPU [62%@1344,66%@1344,70%@1344,61%@1344,71%@1344,61%@1344] GR3D_FREQ 24% cpu@58.343C soc2@56.937C soc0@57.562C gpu@58.312C tj@58.343C soc1@56.843C VDD_IN 15690mW/13988mW VDD_CPU_GPU_CV 6787mW/5831mW VDD_SOC 3936mW/3520mW
08-11-2026 23:08:40 RAM 3699/7607MB (lfb 64x4MB) SWAP 1427/16384MB (cached 137MB) CPU [53%@1344,72%@1344,65%@1344,71%@1344,85%@1344,66%@1344] GR3D_FREQ 99% cpu@58.656C soc2@56.906C soc0@57.406C gpu@58.781C tj@58.781C soc1@56.937C VDD_IN 16203mW/14099mW VDD_CPU_GPU_CV 7179mW/5898mW VDD_SOC 4014mW/3545mW
08-11-2026 23:08:41 RAM 3645/7607MB (lfb 68x4MB) SWAP 1427/16384MB (cached 137MB) CPU [59%@729,59%@729,65%@729,64%@729,55%@729,64%@729] GR3D_FREQ 99% cpu@58.562C soc2@56.843C soc0@57.5C gpu@58.718C tj@58.718C soc1@57C VDD_IN 15202mW/14151mW VDD_CPU_GPU_CV 6405mW/5922mW VDD_SOC 3942mW/3564mW
08-11-2026 23:08:42 RAM 3709/7607MB (lfb 64x4MB) SWAP 1427/16384MB (cached 137MB) CPU [58%@1344,88%@1344,71%@1344,69%@1344,72%@1344,70%@1344] GR3D_FREQ 0% cpu@58.375C soc2@56.906C soc0@57.562C gpu@57.687C tj@58.031C soc1@57.125C VDD_IN 14729mW/14177mW VDD_CPU_GPU_CV 6248mW/5937mW VDD_SOC 3745mW/3572mW
08-11-2026 23:08:43 RAM 3697/7607MB (lfb 65x4MB) SWAP 1427/16384MB (cached 137MB) CPU [65%@1344,72%@1344,70%@1344,63%@1344,60%@1344,49%@1344] GR3D_FREQ 99% cpu@58.625C soc2@57.218C soc0@57.75C gpu@58.625C tj@58.625C soc1@56.906C VDD_IN 15927mW/14254mW VDD_CPU_GPU_CV 6944mW/5981mW VDD_SOC 4014mW/3591mW
08-11-2026 23:08:44 RAM 3506/7607MB (lfb 100x4MB) SWAP 1427/16384MB (cached 137MB) CPU [59%@729,54%@729,57%@729,65%@729,78%@883,63%@883] GR3D_FREQ 99% cpu@58.312C soc2@56.875C soc0@57.593C gpu@58.406C tj@58.406C soc1@57.062C VDD_IN 14492mW/14263mW VDD_CPU_GPU_CV 6061mW/5984mW VDD_SOC 3745mW/3598mW
08-11-2026 23:08:45 RAM 3701/7607MB (lfb 64x4MB) SWAP 1427/16384MB (cached 137MB) CPU [64%@1344,73%@1344,66%@1344,56%@1344,67%@1344,55%@1344] GR3D_FREQ 0% cpu@58.687C soc2@57.031C soc0@57.593C gpu@58.218C tj@58.687C soc1@57.156C VDD_IN 15454mW/14311mW VDD_CPU_GPU_CV 6680mW/6012mW VDD_SOC 3902mW/3610mW
08-11-2026 23:08:46 RAM 3686/7607MB (lfb 64x4MB) SWAP 1427/16384MB (cached 137MB) CPU [67%@1344,71%@1344,82%@1344,65%@1344,65%@1344,61%@1344] GR3D_FREQ 99% cpu@58.812C soc2@57.156C soc0@57.718C gpu@59.093C tj@59.093C soc1@57.125C VDD_IN 15809mW/14369mW VDD_CPU_GPU_CV 6944mW/6048mW VDD_SOC 3975mW/3624mW
08-11-2026 23:08:47 RAM 3666/7607MB (lfb 65x4MB) SWAP 1427/16384MB (cached 137MB) CPU [57%@1344,66%@1344,59%@1344,62%@1344,77%@806,57%@806] GR3D_FREQ 99% cpu@58.406C soc2@57.156C soc0@57.812C gpu@59.062C tj@59.062C soc1@57.156C VDD_IN 15296mW/14403mW VDD_CPU_GPU_CV 6483mW/6064mW VDD_SOC 3942mW/3636mW
08-11-2026 23:08:48 RAM 3455/7607MB (lfb 109x4MB) SWAP 1427/16384MB (cached 137MB) CPU [71%@729,66%@729,57%@729,76%@729,74%@960,57%@960] GR3D_FREQ 0% cpu@58.187C soc2@57C soc0@57.937C gpu@58.25C tj@58.25C soc1@57.125C VDD_IN 14373mW/14402mW VDD_CPU_GPU_CV 6022mW/6062mW VDD_SOC 3711mW/3639mW
08-11-2026 23:08:49 RAM 3705/7607MB (lfb 64x4MB) SWAP 1427/16384MB (cached 137MB) CPU [63%@1344,66%@1344,71%@1344,63%@1344,79%@1344,59%@1344] GR3D_FREQ 0% cpu@58.937C soc2@57.25C soc0@57.812C gpu@58.343C tj@58.937C soc1@57.281C VDD_IN 15572mW/14442mW VDD_CPU_GPU_CV 6758mW/6086mW VDD_SOC 3896mW/3647mW
08-11-2026 23:08:50 RAM 3681/7607MB (lfb 65x4MB) SWAP 1427/16384MB (cached 137MB) CPU [59%@1344,61%@1344,72%@1344,54%@1344,67%@1344,59%@1344] GR3D_FREQ 99% cpu@58.5C soc2@57.25C soc0@57.781C gpu@59.25C tj@59.25C soc1@57.406C VDD_IN 15335mW/14472mW VDD_CPU_GPU_CV 6601mW/6104mW VDD_SOC 3902mW/3656mW
08-11-2026 23:08:51 RAM 3580/7607MB (lfb 80x4MB) SWAP 1427/16384MB (cached 137MB) CPU [58%@1344,80%@1344,59%@1344,68%@1344,68%@729,69%@729] GR3D_FREQ 99% cpu@58.593C soc2@57.25C soc0@57.937C gpu@59C tj@59C soc1@57.312C VDD_IN 15123mW/14493mW VDD_CPU_GPU_CV 6405mW/6113mW VDD_SOC 3863mW/3663mW
08-11-2026 23:08:52 RAM 3716/7607MB (lfb 65x4MB) SWAP 1427/16384MB (cached 137MB) CPU [79%@1344,68%@1344,68%@1344,69%@1344,73%@729,64%@729] GR3D_FREQ 0% cpu@59C soc2@57.281C soc0@57.843C gpu@58.562C tj@59C soc1@57.343C VDD_IN 15123mW/14513mW VDD_CPU_GPU_CV 6483mW/6125mW VDD_SOC 3824mW/3668mW
08-11-2026 23:08:53 RAM 3698/7607MB (lfb 65x4MB) SWAP 1427/16384MB (cached 137MB) CPU [70%@1344,55%@1344,54%@1344,68%@1344,64%@1344,65%@1344] GR3D_FREQ 99% cpu@59.187C soc2@57.343C soc0@57.906C gpu@58.968C tj@59.187C soc1@57.437C VDD_IN 15848mW/14553mW VDD_CPU_GPU_CV 6944mW/6150mW VDD_SOC 3975mW/3677mW
08-11-2026 23:08:54 RAM 3561/7607MB (lfb 89x4MB) SWAP 1427/16384MB (cached 137MB) CPU [65%@729,61%@729,62%@729,63%@729,59%@729,63%@729] GR3D_FREQ 99% cpu@58.75C soc2@57.281C soc0@57.968C gpu@58.843C tj@58.843C soc1@57.562C VDD_IN 14768mW/14560mW VDD_CPU_GPU_CV 6169mW/6150mW VDD_SOC 3824mW/3681mW
08-11-2026 23:08:55 RAM 3494/7607MB (lfb 104x4MB) SWAP 1427/16384MB (cached 137MB) CPU [68%@1344,62%@1344,54%@1344,69%@1344,80%@806,74%@806] GR3D_FREQ 99% cpu@58.687C soc2@57.375C soc0@58.062C gpu@58.875C tj@58.875C soc1@57.343C VDD_IN 15005mW/14572mW VDD_CPU_GPU_CV 6405mW/6157mW VDD_SOC 3824mW/3685mW
08-11-2026 23:08:56 RAM 3710/7607MB (lfb 65x4MB) SWAP 1427/16384MB (cached 137MB) CPU [63%@1344,74%@1344,64%@1344,64%@1344,59%@729,76%@729] GR3D_FREQ 5% cpu@58.718C soc2@57.343C soc0@58.187C gpu@58.375C tj@58.718C soc1@57.468C VDD_IN 15163mW/14589mW VDD_CPU_GPU_CV 6483mW/6167mW VDD_SOC 3824mW/3689mW
08-11-2026 23:08:57 RAM 3676/7607MB (lfb 65x4MB) SWAP 1427/16384MB (cached 137MB) CPU [72%@1344,80%@1344,80%@1344,77%@1344,74%@1267,73%@1267] GR3D_FREQ 99% cpu@59.031C soc2@57.25C soc0@57.937C gpu@58.843C tj@59.031C soc1@57.531C VDD_IN 14768mW/14594mW VDD_CPU_GPU_CV 6169mW/6167mW VDD_SOC 3784mW/3692mW
08-11-2026 23:08:58 RAM 3703/7607MB (lfb 65x4MB) SWAP 1427/16384MB (cached 137MB) CPU [82%@1344,69%@1344,61%@1344,64%@1344,64%@1113,65%@1113] GR3D_FREQ 0% cpu@58.843C soc2@57.437C soc0@58.093C gpu@58.25C tj@58.843C soc1@57.468C VDD_IN 14808mW/14599mW VDD_CPU_GPU_CV 6208mW/6168mW VDD_SOC 3784mW/3694mW
08-11-2026 23:08:59 RAM 3699/7607MB (lfb 64x4MB) SWAP 1427/16384MB (cached 137MB) CPU [69%@1344,63%@1344,57%@1344,53%@1344,67%@1344,61%@1344] GR3D_FREQ 99% cpu@59.031C soc2@57.531C soc0@58.156C gpu@59.156C tj@59.156C soc1@57.562C VDD_IN 15690mW/14627mW VDD_CPU_GPU_CV 6826mW/6185mW VDD_SOC 3936mW/3700mW
08-11-2026 23:09:00 RAM 3541/7607MB (lfb 88x4MB) SWAP 1427/16384MB (cached 137MB) CPU [58%@729,73%@729,63%@729,56%@729,73%@960,60%@960] GR3D_FREQ 99% cpu@58.812C soc2@57.406C soc0@58.187C gpu@58.718C tj@58.812C soc1@57.531C VDD_IN 14294mW/14619mW VDD_CPU_GPU_CV 5943mW/6179mW VDD_SOC 3751mW/3702mW
08-11-2026 23:09:01 RAM 3521/7607MB (lfb 98x4MB) SWAP 1427/16384MB (cached 137MB) CPU [61%@1344,75%@1344,75%@1344,55%@1344,67%@729,63%@729] GR3D_FREQ 3% cpu@58.656C soc2@57.437C soc0@57.937C gpu@58.218C tj@58.656C soc1@57.531C VDD_IN 14768mW/14622mW VDD_CPU_GPU_CV 6248mW/6180mW VDD_SOC 3745mW/3703mW
08-11-2026 23:09:02 RAM 3708/7607MB (lfb 65x4MB) SWAP 1427/16384MB (cached 137MB) CPU [72%@1344,60%@1344,62%@1344,70%@1344,64%@1344,69%@1344] GR3D_FREQ 0% cpu@59.093C soc2@57.593C soc0@58.125C gpu@58.5C tj@59.093C soc1@57.562C VDD_IN 15572mW/14645mW VDD_CPU_GPU_CV 6758mW/6194mW VDD_SOC 3936mW/3708mW
08-11-2026 23:09:03 RAM 3681/7607MB (lfb 64x4MB) SWAP 1427/16384MB (cached 137MB) CPU [58%@1344,76%@1344,61%@1344,61%@1344,66%@1344,66%@1344] GR3D_FREQ 99% cpu@59.093C soc2@57.593C soc0@58.187C gpu@59.312C tj@59.312C soc1@57.718C VDD_IN 15044mW/14654mW VDD_CPU_GPU_CV 6365mW/6198mW VDD_SOC 3863mW/3712mW
08-11-2026 23:09:04 RAM 3454/7607MB (lfb 111x4MB) SWAP 1427/16384MB (cached 137MB) CPU [63%@1344,70%@1344,64%@1344,73%@1344,82%@883,63%@883] GR3D_FREQ 15% cpu@58.625C soc2@57.593C soc0@58.281C gpu@58.656C tj@58.656C soc1@57.593C VDD_IN 14571mW/14652mW VDD_CPU_GPU_CV 6179mW/6198mW VDD_SOC 3705mW/3712mW
08-11-2026 23:09:05 RAM 3702/7607MB (lfb 64x4MB) SWAP 1427/16384MB (cached 137MB) CPU [74%@1344,71%@1344,56%@1344,55%@1344,67%@1344,59%@1344] GR3D_FREQ 20% cpu@59.156C soc2@57.562C soc0@58.312C gpu@58.843C tj@59.156C soc1@57.625C VDD_IN 15611mW/14674mW VDD_CPU_GPU_CV 6747mW/6210mW VDD_SOC 3936mW/3717mW
08-11-2026 23:09:06 RAM 3674/7607MB (lfb 64x4MB) SWAP 1427/16384MB (cached 137MB) CPU [64%@1344,65%@1344,54%@1344,69%@1344,66%@1344,50%@1344] GR3D_FREQ 99% cpu@59.437C soc2@57.656C soc0@58.187C gpu@59.281C tj@59.437C soc1@57.687C VDD_IN 15533mW/14692mW VDD_CPU_GPU_CV 6630mW/6219mW VDD_SOC 3975mW/3722mW
08-11-2026 23:09:07 RAM 3459/7607MB (lfb 112x4MB) SWAP 1427/16384MB (cached 137MB) CPU [58%@1344,80%@1344,82%@1344,56%@1344,61%@1267,67%@1267] GR3D_FREQ 40% cpu@58.562C soc2@57.593C soc0@58.281C gpu@58.562C tj@58.562C soc1@57.781C VDD_IN 14215mW/14682mW VDD_CPU_GPU_CV 5943mW/6213mW VDD_SOC 3672mW/3721mW
08-11-2026 23:09:08 RAM 3717/7607MB (lfb 64x4MB) SWAP 1427/16384MB (cached 137MB) CPU [66%@1344,62%@1344,72%@1344,79%@1344,63%@1344,74%@1344] GR3D_FREQ 7% cpu@59.187C soc2@57.687C soc0@58.312C gpu@58.625C tj@59.187C soc1@57.625C VDD_IN 15572mW/14701mW VDD_CPU_GPU_CV 6787mW/6225mW VDD_SOC 3896mW/3725mW
08-11-2026 23:09:09 RAM 3689/7607MB (lfb 64x4MB) SWAP 1427/16384MB (cached 137MB) CPU [62%@1344,64%@1344,70%@1344,59%@1344,73%@1344,58%@1344] GR3D_FREQ 99% cpu@59.156C soc2@57.562C soc0@58.375C gpu@59.343C tj@59.562C soc1@57.687C VDD_IN 15493mW/14717mW VDD_CPU_GPU_CV 6719mW/6235mW VDD_SOC 3936mW/3729mW
08-11-2026 23:09:10 RAM 3609/7607MB (lfb 77x4MB) SWAP 1427/16384MB (cached 137MB) CPU [58%@729,69%@729,68%@729,54%@729,64%@729,73%@729] GR3D_FREQ 99% cpu@58.968C soc2@57.625C soc0@58.312C gpu@59.5C tj@59.5C soc1@57.687C VDD_IN 15005mW/14723mW VDD_CPU_GPU_CV 6287mW/6236mW VDD_SOC 3863mW/3732mW
08-11-2026 23:09:11 RAM 3709/7607MB (lfb 65x4MB) SWAP 1427/16384MB (cached 137MB) CPU [70%@1267,66%@1267,67%@1267,71%@1267,68%@1344,72%@1344] GR3D_FREQ 0% cpu@59.375C soc2@57.781C soc0@58.312C gpu@58.906C tj@59.375C soc1@57.812C VDD_IN 15296mW/14734mW VDD_CPU_GPU_CV 6601mW/6243mW VDD_SOC 3863mW/3734mW
08-11-2026 23:09:12 RAM 3703/7607MB (lfb 65x4MB) SWAP 1427/16384MB (cached 137MB) CPU [64%@1344,55%@1344,58%@1344,56%@1344,79%@1344,77%@1344] GR3D_FREQ 99% cpu@59.281C soc2@57.781C soc0@58.406C gpu@59.625C tj@59.625C soc1@57.937C VDD_IN 16045mW/14759mW VDD_CPU_GPU_CV 7061mW/6259mW VDD_SOC 4014mW/3740mW
08-11-2026 23:09:13 RAM 3693/7607MB (lfb 64x4MB) SWAP 1427/16384MB (cached 137MB) CPU [61%@1344,59%@1344,51%@1344,68%@1344,67%@1344,69%@1344] GR3D_FREQ 99% cpu@59.25C soc2@57.843C soc0@58.406C gpu@59.687C tj@59.687C soc1@57.75C VDD_IN 15809mW/14779mW VDD_CPU_GPU_CV 6865mW/6270mW VDD_SOC 4014mW/3745mW
08-11-2026 23:09:14 RAM 3522/7607MB (lfb 100x4MB) SWAP 1427/16384MB (cached 137MB) CPU [67%@729,76%@729,66%@729,71%@729,76%@729,57%@729] GR3D_FREQ 99% cpu@59.187C soc2@57.656C soc0@58.5C gpu@59.218C tj@59.218C soc1@57.812C VDD_IN 14847mW/14780mW VDD_CPU_GPU_CV 6248mW/6270mW VDD_SOC 3824mW/3746mW
08-11-2026 23:09:15 RAM 3717/7607MB (lfb 64x4MB) SWAP 1427/16384MB (cached 137MB) CPU [65%@1344,74%@1344,60%@1344,68%@1344,68%@1344,72%@1344] GR3D_FREQ 0% cpu@59.343C soc2@57.906C soc0@58.406C gpu@58.718C tj@59.343C soc1@57.906C VDD_IN 15296mW/14790mW VDD_CPU_GPU_CV 6601mW/6276mW VDD_SOC 3863mW/3749mW
08-11-2026 23:09:16 RAM 3696/7607MB (lfb 65x4MB) SWAP 1427/16384MB (cached 137MB) CPU [59%@1344,66%@1344,70%@1344,59%@1344,69%@1344,61%@1344] GR3D_FREQ 99% cpu@59.562C soc2@57.906C soc0@58.343C gpu@59.562C tj@59.562C soc1@57.937C VDD_IN 15730mW/14806mW VDD_CPU_GPU_CV 6865mW/6287mW VDD_SOC 3936mW/3752mW
08-11-2026 23:09:17 RAM 3461/7607MB (lfb 111x4MB) SWAP 1427/16384MB (cached 137MB) CPU [66%@729,63%@729,68%@729,68%@729,72%@960,59%@960] GR3D_FREQ 0% cpu@58.875C soc2@57.812C soc0@58.562C gpu@58.75C tj@58.875C soc1@57.968C VDD_IN 14159mW/14795mW VDD_CPU_GPU_CV 5904mW/6280mW VDD_SOC 3632mW/3750mW
08-11-2026 23:09:18 RAM 3709/7607MB (lfb 64x4MB) SWAP 1427/16384MB (cached 137MB) CPU [57%@1344,71%@1344,64%@1344,71%@1344,58%@1344,67%@1344] GR3D_FREQ 93% cpu@59.375C soc2@58C soc0@58.562C gpu@59.156C tj@59.375C soc1@57.875C VDD_IN 15651mW/14810mW VDD_CPU_GPU_CV 6787mW/6289mW VDD_SOC 3936mW/3753mW
08-11-2026 23:09:19 RAM 3682/7607MB (lfb 65x4MB) SWAP 1427/16384MB (cached 137MB) CPU [60%@1344,64%@1344,67%@1344,55%@1344,69%@1344,72%@1344] GR3D_FREQ 99% cpu@59.468C soc2@57.843C soc0@58.406C gpu@59.375C tj@59.468C soc1@57.906C VDD_IN 14965mW/14812mW VDD_CPU_GPU_CV 6287mW/6289mW VDD_SOC 3863mW/3755mW
08-11-2026 23:09:20 RAM 3711/7607MB (lfb 64x4MB) SWAP 1427/16384MB (cached 137MB) CPU [64%@1344,65%@1344,70%@1344,79%@1344,66%@1344,61%@1344] GR3D_FREQ 5% cpu@59.468C soc2@57.843C soc0@58.562C gpu@58.531C tj@59.468C soc1@57.937C VDD_IN 14610mW/14809mW VDD_CPU_GPU_CV 6140mW/6286mW VDD_SOC 3745mW/3755mW
08-11-2026 23:09:21 RAM 3687/7607MB (lfb 65x4MB) SWAP 1427/16384MB (cached 137MB) CPU [68%@1344,57%@1344,46%@1344,64%@1344,76%@1344,51%@1344] GR3D_FREQ 99% cpu@59.531C soc2@57.937C soc0@58.437C gpu@59.218C tj@59.531C soc1@57.968C VDD_IN 14650mW/14806mW VDD_CPU_GPU_CV 6061mW/6282mW VDD_SOC 3824mW/3756mW
08-11-2026 23:09:22 RAM 3461/7607MB (lfb 109x4MB) SWAP 1427/16384MB (cached 137MB) CPU [69%@729,69%@729,64%@729,70%@729,77%@1344,59%@1344] GR3D_FREQ 5% cpu@58.906C soc2@57.843C soc0@58.593C gpu@58.531C tj@58.812C soc1@57.875C VDD_IN 14215mW/14797mW VDD_CPU_GPU_CV 5982mW/6278mW VDD_SOC 3672mW/3755mW
08-11-2026 23:09:23 RAM 3707/7607MB (lfb 64x4MB) SWAP 1427/16384MB (cached 137MB) CPU [72%@1344,58%@1344,60%@1344,69%@1344,69%@1344,69%@1344] GR3D_FREQ 99% cpu@59.562C soc2@58.031C soc0@58.781C gpu@59.406C tj@59.562C soc1@57.843C VDD_IN 15809mW/14813mW VDD_CPU_GPU_CV 6904mW/6287mW VDD_SOC 4014mW/3759mW
08-11-2026 23:09:24 RAM 3685/7607MB (lfb 64x4MB) SWAP 1427/16384MB (cached 137MB) CPU [62%@1344,57%@1344,60%@1344,54%@1344,64%@1344,64%@1344] GR3D_FREQ 99% cpu@59.468C soc2@57.937C soc0@58.5C gpu@59.625C tj@59.625C soc1@57.968C VDD_IN 15296mW/14821mW VDD_CPU_GPU_CV 6483mW/6291mW VDD_SOC 3942mW/3761mW
08-11-2026 23:09:25 RAM 3618/7607MB (lfb 76x4MB) SWAP 1427/16384MB (cached 137MB) CPU [60%@729,74%@729,72%@729,68%@729,76%@729,65%@729] GR3D_FREQ 99% cpu@59.687C soc2@58C soc0@58.625C gpu@59.625C tj@59.687C soc1@58.031C VDD_IN 15296mW/14828mW VDD_CPU_GPU_CV 6523mW/6294mW VDD_SOC 3942mW/3764mW
08-11-2026 23:09:26 RAM 3713/7607MB (lfb 65x4MB) SWAP 1427/16384MB (cached 137MB) CPU [69%@1344,67%@1344,63%@1344,55%@1344,77%@1344,63%@1344] GR3D_FREQ 7% cpu@59.75C soc2@58.093C soc0@58.687C gpu@59.093C tj@59.75C soc1@58.156C VDD_IN 15123mW/14832mW VDD_CPU_GPU_CV 6444mW/6296mW VDD_SOC 3824mW/3765mW
08-11-2026 23:09:27 RAM 3703/7607MB (lfb 65x4MB) SWAP 1427/16384MB (cached 137MB) CPU [62%@1344,54%@1344,68%@1344,70%@1344,60%@1344,64%@1344] GR3D_FREQ 99% cpu@59.531C soc2@58.093C soc0@58.687C gpu@59.781C tj@59.781C soc1@58C VDD_IN 15690mW/14845mW VDD_CPU_GPU_CV 6826mW/6304mW VDD_SOC 3975mW/3768mW
08-11-2026 23:09:28 RAM 3677/7607MB (lfb 64x4MB) SWAP 1427/16384MB (cached 137MB) CPU [62%@1344,76%@1344,62%@1344,67%@1344,63%@1344,64%@1344] GR3D_FREQ 99% cpu@59.343C soc2@58C soc0@58.562C gpu@59.593C tj@59.593C soc1@58C VDD_IN 15493mW/14855mW VDD_CPU_GPU_CV 6641mW/6309mW VDD_SOC 3936mW/3771mW
08-11-2026 23:09:29 RAM 3717/7607MB (lfb 64x4MB) SWAP 1427/16384MB (cached 137MB) CPU [73%@1344,64%@1344,69%@1344,66%@1344,70%@1344,59%@1344] GR3D_FREQ 0% cpu@59.343C soc2@58C soc0@58.593C gpu@58.843C tj@59.343C soc1@58.062C VDD_IN 14729mW/14853mW VDD_CPU_GPU_CV 6248mW/6308mW VDD_SOC 3745mW/3770mW
08-11-2026 23:09:30 RAM 3714/7607MB (lfb 65x4MB) SWAP 1427/16384MB (cached 137MB) CPU [66%@1344,72%@1344,75%@1344,64%@1344,55%@1344,78%@1344] GR3D_FREQ 2% cpu@59.687C soc2@58.218C soc0@58.75C gpu@58.937C tj@59.687C soc1@58.125C VDD_IN 15572mW/14863mW VDD_CPU_GPU_CV 6747mW/6315mW VDD_SOC 3896mW/3772mW
08-11-2026 23:09:31 RAM 3709/7607MB (lfb 64x4MB) SWAP 1427/16384MB (cached 137MB) CPU [60%@1344,85%@1344,61%@1344,74%@1344,76%@1344,58%@1344] GR3D_FREQ 99% cpu@59.625C soc2@58.156C soc0@58.75C gpu@59.687C tj@59.687C soc1@58.218C VDD_IN 15966mW/14879mW VDD_CPU_GPU_CV 7022mW/6325mW VDD_SOC 3975mW/3775mW
08-11-2026 23:09:32 RAM 3680/7607MB (lfb 65x4MB) SWAP 1427/16384MB (cached 137MB) CPU [58%@1344,66%@1344,60%@1344,57%@1344,68%@1267,72%@1267] GR3D_FREQ 99% cpu@59.343C soc2@58.156C soc0@58.781C gpu@59.656C tj@59.656C soc1@58.062C VDD_IN 15257mW/14884mW VDD_CPU_GPU_CV 6483mW/6327mW VDD_SOC 3902mW/3777mW
08-11-2026 23:09:33 RAM 3676/7607MB (lfb 64x4MB) SWAP 1427/16384MB (cached 137MB) CPU [60%@729,62%@729,64%@729,64%@729,71%@1190,66%@1190] GR3D_FREQ 99% cpu@59.437C soc2@58.093C soc0@58.875C gpu@60.031C tj@60.031C soc1@58.125C VDD_IN 15533mW/14893mW VDD_CPU_GPU_CV 6601mW/6331mW VDD_SOC 4014mW/3780mW
08-11-2026 23:09:34 RAM 3484/7607MB (lfb 111x4MB) SWAP 1427/16384MB (cached 137MB) CPU [51%@729,72%@729,60%@729,63%@729,81%@806,60%@806] GR3D_FREQ 99% cpu@59.437C soc2@58.031C soc0@58.843C gpu@59.781C tj@59.781C soc1@58.218C VDD_IN 14808mW/14892mW VDD_CPU_GPU_CV 6248mW/6329mW VDD_SOC 3824mW/3781mW
08-11-2026 23:09:35 RAM 3708/7607MB (lfb 64x4MB) SWAP 1427/16384MB (cached 137MB) CPU [72%@1344,50%@1344,69%@1344,64%@1344,62%@1344,63%@1344] GR3D_FREQ 76% cpu@59.968C soc2@58.281C soc0@58.875C gpu@59.687C tj@59.968C soc1@58.343C VDD_IN 15611mW/14901mW VDD_CPU_GPU_CV 6747mW/6335mW VDD_SOC 3936mW/3783mW
08-11-2026 23:09:36 RAM 3666/7607MB (lfb 65x4MB) SWAP 1427/16384MB (cached 137MB) CPU [62%@729,64%@729,64%@729,57%@729,74%@729,56%@729] GR3D_FREQ 99% cpu@59.375C soc2@58.187C soc0@58.937C gpu@59.906C tj@59.906C soc1@58.156C VDD_IN 14729mW/14899mW VDD_CPU_GPU_CV 6130mW/6332mW VDD_SOC 3824mW/3783mW
08-11-2026 23:09:37 RAM 3713/7607MB (lfb 65x4MB) SWAP 1427/16384MB (cached 137MB) CPU [75%@1344,55%@1344,73%@1344,77%@1344,76%@729,53%@729] GR3D_FREQ 9% cpu@59.781C soc2@58.218C soc0@58.906C gpu@59C tj@59.781C soc1@58.156C VDD_IN 14650mW/14896mW VDD_CPU_GPU_CV 6179mW/6330mW VDD_SOC 3745mW/3783mW
08-11-2026 23:09:38 RAM 3705/7607MB (lfb 65x4MB) SWAP 1427/16384MB (cached 137MB) CPU [61%@1344,59%@1344,57%@1344,68%@1344,61%@1344,67%@1344] GR3D_FREQ 99% cpu@60.062C soc2@58.218C soc0@58.718C gpu@59.843C tj@60.062C soc1@58.187C VDD_IN 15651mW/14905mW VDD_CPU_GPU_CV 6826mW/6337mW VDD_SOC 3936mW/3785mW
08-11-2026 23:09:39 RAM 3460/7607MB (lfb 110x4MB) SWAP 1427/16384MB (cached 137MB) CPU [53%@729,62%@729,68%@729,62%@729,70%@883,63%@883] GR3D_FREQ 0% cpu@59.312C soc2@58.062C soc0@58.75C gpu@59C tj@59.312C soc1@58.281C VDD_IN 14001mW/14894mW VDD_CPU_GPU_CV 5746mW/6329mW VDD_SOC 3632mW/3783mW
08-11-2026 23:09:40 RAM 3691/7607MB (lfb 64x4MB) SWAP 1427/16384MB (cached 137MB) CPU [62%@1344,67%@1344,57%@1344,49%@1344,74%@1344,58%@1344] GR3D_FREQ 99% cpu@59.906C soc2@58.156C soc0@58.937C gpu@59.718C tj@59.718C soc1@58.281C VDD_IN 14413mW/14888mW VDD_CPU_GPU_CV 5943mW/6324mW VDD_SOC 3784mW/3783mW
08-11-2026 23:09:41 RAM 3514/7607MB (lfb 106x4MB) SWAP 1427/16384MB (cached 137MB) CPU [61%@729,73%@729,60%@729,71%@729,62%@729,58%@729] GR3D_FREQ 99% cpu@59.687C soc2@58.187C soc0@58.843C gpu@59.906C tj@59.906C soc1@58.156C VDD_IN 14531mW/14884mW VDD_CPU_GPU_CV 6100mW/6322mW VDD_SOC 3745mW/3782mW
08-11-2026 23:09:42 RAM 3714/7607MB (lfb 65x4MB) SWAP 1427/16384MB (cached 137MB) CPU [60%@1344,69%@1344,73%@1344,66%@1344,75%@1344,67%@1344] GR3D_FREQ 5% cpu@59.812C soc2@58.156C soc0@58.75C gpu@59.5C tj@59.812C soc1@58.187C VDD_IN 15414mW/14890mW VDD_CPU_GPU_CV 6641mW/6325mW VDD_SOC 3896mW/3784mW
08-11-2026 23:09:44 RAM 3708/7607MB (lfb 64x4MB) SWAP 1427/16384MB (cached 137MB) CPU [66%@1344,67%@1344,67%@1344,68%@1344,65%@1344,65%@1344] GR3D_FREQ 99% cpu@60.156C soc2@58.375C soc0@58.718C gpu@60.312C tj@60.312C soc1@58.25C VDD_IN 16124mW/14905mW VDD_CPU_GPU_CV 7061mW/6334mW VDD_SOC 4054mW/3787mW
08-11-2026 23:09:45 RAM 3692/7607MB (lfb 64x4MB) SWAP 1427/16384MB (cached 137MB) CPU [53%@1344,59%@1344,62%@1344,64%@1344,74%@1344,63%@1344] GR3D_FREQ 99% cpu@59.718C soc2@58.281C soc0@58.843C gpu@59.75C tj@59.75C soc1@58.343C VDD_IN 15533mW/14912mW VDD_CPU_GPU_CV 6669mW/6338mW VDD_SOC 3975mW/3789mW
08-11-2026 23:09:46 RAM 3529/7607MB (lfb 96x4MB) SWAP 1427/16384MB (cached 137MB) CPU [56%@729,57%@729,70%@729,67%@729,73%@729,57%@729] GR3D_FREQ 99% cpu@59.437C soc2@58.281C soc0@58.968C gpu@59.468C tj@59.468C soc1@58.312C VDD_IN 14413mW/14906mW VDD_CPU_GPU_CV 5982mW/6334mW VDD_SOC 3745mW/3789mW
08-11-2026 23:09:47 RAM 3714/7607MB (lfb 64x4MB) SWAP 1427/16384MB (cached 137MB) CPU [73%@1344,67%@1344,69%@1344,67%@1344,56%@1344,76%@1344] GR3D_FREQ 0% cpu@59.718C soc2@58.312C soc0@59.031C gpu@59.25C tj@59.718C soc1@58.312C VDD_IN 15257mW/14911mW VDD_CPU_GPU_CV 6562mW/6337mW VDD_SOC 3863mW/3790mW
08-11-2026 23:09:48 RAM 3687/7607MB (lfb 65x4MB) SWAP 1427/16384MB (cached 137MB) CPU [66%@1344,65%@1344,65%@1344,66%@1344,70%@1344,59%@1344] GR3D_FREQ 99% cpu@59.906C soc2@58.281C soc0@58.937C gpu@60C tj@60C soc1@58.281C VDD_IN 15454mW/14917mW VDD_CPU_GPU_CV 6680mW/6341mW VDD_SOC 3936mW/3791mW
08-11-2026 23:09:49 RAM 3601/7607MB (lfb 86x4MB) SWAP 1427/16384MB (cached 137MB) CPU [62%@729,65%@729,75%@729,68%@729,74%@729,58%@729] GR3D_FREQ 99% cpu@59.968C soc2@58.312C soc0@58.906C gpu@59.875C tj@59.968C soc1@58.375C VDD_IN 15138mW/14919mW VDD_CPU_GPU_CV 6405mW/6341mW VDD_SOC 3902mW/3793mW
08-11-2026 23:09:50 RAM 3462/7607MB (lfb 112x4MB) SWAP 1427/16384MB (cached 137MB) CPU [63%@1344,62%@1344,62%@1344,67%@1344,70%@1344,67%@1344] GR3D_FREQ 4% cpu@59.625C soc2@58.312C soc0@59C gpu@59.062C tj@59.625C soc1@58.281C VDD_IN 15005mW/14920mW VDD_CPU_GPU_CV 6405mW/6342mW VDD_SOC 3784mW/3792mW
08-11-2026 23:09:51 RAM 3720/7607MB (lfb 64x4MB) SWAP 1427/16384MB (cached 137MB) CPU [60%@1344,66%@1344,68%@1344,73%@1344,76%@1344,58%@1344] GR3D_FREQ 6% cpu@59.875C soc2@58.343C soc0@59.218C gpu@59.218C tj@59.875C soc1@58.375C VDD_IN 15493mW/14927mW VDD_CPU_GPU_CV 6708mW/6346mW VDD_SOC 3896mW/3794mW
08-11-2026 23:09:52 RAM 3730/7607MB (lfb 64x4MB) SWAP 1427/16384MB (cached 137MB) CPU [57%@1344,70%@1344,79%@1344,63%@1344,64%@1344,59%@1344] GR3D_FREQ 6% cpu@59.843C soc2@58.437C soc0@58.968C gpu@59.218C tj@59.843C soc1@58.375C VDD_IN 15533mW/14933mW VDD_CPU_GPU_CV 6708mW/6350mW VDD_SOC 3896mW/3795mW
08-11-2026 23:09:53 RAM 3723/7607MB (lfb 65x4MB) SWAP 1427/16384MB (cached 137MB) CPU [66%@1344,55%@1344,68%@1344,69%@1344,69%@1344,57%@1344] GR3D_FREQ 69% cpu@60.156C soc2@58.531C soc0@58.968C gpu@59.562C tj@60.156C soc1@58.406C VDD_IN 15966mW/14945mW VDD_CPU_GPU_CV 6944mW/6357mW VDD_SOC 4014mW/3797mW
08-11-2026 23:09:54 RAM 3702/7607MB (lfb 65x4MB) SWAP 1427/16384MB (cached 137MB) CPU [72%@1344,53%@1344,64%@1344,77%@1344,57%@1344,69%@1344] GR3D_FREQ 99% cpu@60.281C soc2@58.562C soc0@59.093C gpu@60.093C tj@60.281C soc1@58.531C VDD_IN 15730mW/14953mW VDD_CPU_GPU_CV 6787mW/6361mW VDD_SOC 3975mW/3799mW
08-11-2026 23:09:55 RAM 3726/7607MB (lfb 65x4MB) SWAP 1427/16384MB (cached 137MB) CPU [58%@729,72%@729,74%@729,76%@729,69%@1344,63%@1344] GR3D_FREQ 7% cpu@59.687C soc2@58.406C soc0@59.187C gpu@59.406C tj@59.687C soc1@58.375C VDD_IN 14729mW/14951mW VDD_CPU_GPU_CV 6208mW/6360mW VDD_SOC 3745mW/3798mW
08-11-2026 23:09:56 RAM 3715/7607MB (lfb 65x4MB) SWAP 1427/16384MB (cached 137MB) CPU [73%@1344,58%@1344,81%@1344,52%@1344,59%@1344,55%@1344] GR3D_FREQ 99% cpu@59.937C soc2@58.437C soc0@59.218C gpu@60.312C tj@60.312C soc1@58.437C VDD_IN 15335mW/14955mW VDD_CPU_GPU_CV 6601mW/6362mW VDD_SOC 3902mW/3800mW
08-11-2026 23:09:57 RAM 3698/7607MB (lfb 64x4MB) SWAP 1426/16384MB (cached 137MB) CPU [76%@1344,51%@1344,62%@1344,52%@1344,74%@1344,66%@1344] GR3D_FREQ 99% cpu@59.937C soc2@58.468C soc0@59.062C gpu@60.343C tj@60.343C soc1@58.437C VDD_IN 15454mW/14960mW VDD_CPU_GPU_CV 6641mW/6365mW VDD_SOC 3936mW/3801mW
08-11-2026 23:09:58 RAM 3561/7607MB (lfb 87x4MB) SWAP 1426/16384MB (cached 137MB) CPU [65%@729,72%@729,62%@729,56%@729,74%@729,67%@729] GR3D_FREQ 99% cpu@60.156C soc2@58.531C soc0@59.062C gpu@60.25C tj@60.25C soc1@58.531C VDD_IN 15123mW/14962mW VDD_CPU_GPU_CV 6444mW/6366mW VDD_SOC 3902mW/3802mW
08-11-2026 23:09:59 RAM 3474/7607MB (lfb 110x4MB) SWAP 1426/16384MB (cached 137MB) CPU [82%@1113,68%@1113,71%@1113,69%@1113,80%@806,69%@806] GR3D_FREQ 0% cpu@60.031C soc2@58.468C soc0@59.187C gpu@59.5C tj@60.031C soc1@58.593C VDD_IN 15044mW/14962mW VDD_CPU_GPU_CV 6483mW/6367mW VDD_SOC 3784mW/3802mW
08-11-2026 23:10:00 RAM 3724/7607MB (lfb 64x4MB) SWAP 1426/16384MB (cached 137MB) CPU [74%@1344,57%@1344,58%@1344,62%@1344,79%@1344,68%@1344] GR3D_FREQ 0% cpu@59.906C soc2@58.531C soc0@59.312C gpu@59.406C tj@59.906C soc1@58.5C VDD_IN 15296mW/14966mW VDD_CPU_GPU_CV 6601mW/6369mW VDD_SOC 3863mW/3802mW
08-11-2026 23:10:01 RAM 3712/7607MB (lfb 64x4MB) SWAP 1426/16384MB (cached 137MB) CPU [62%@1344,58%@1344,66%@1344,64%@1344,73%@1344,60%@1344] GR3D_FREQ 99% cpu@60.062C soc2@58.656C soc0@59.312C gpu@60.218C tj@60.218C soc1@58.531C VDD_IN 15690mW/14973mW VDD_CPU_GPU_CV 6826mW/6374mW VDD_SOC 3936mW/3804mW
08-11-2026 23:10:02 RAM 3614/7607MB (lfb 82x4MB) SWAP 1426/16384MB (cached 137MB) CPU [69%@1344,68%@1344,56%@1344,59%@1344,60%@729,75%@729] GR3D_FREQ 99% cpu@59.968C soc2@58.593C soc0@59.093C gpu@60C tj@60C soc1@58.625C VDD_IN 14886mW/14972mW VDD_CPU_GPU_CV 6248mW/6373mW VDD_SOC 3863mW/3804mW
08-11-2026 23:10:03 RAM 3728/7607MB (lfb 65x4MB) SWAP 1425/16384MB (cached 137MB) CPU [71%@1344,82%@1344,70%@1344,77%@1344,66%@1344,67%@1344] GR3D_FREQ 4% cpu@59.968C soc2@58.593C soc0@59.093C gpu@59.687C tj@59.968C soc1@58.468C VDD_IN 15123mW/14974mW VDD_CPU_GPU_CV 6523mW/6374mW VDD_SOC 3784mW/3804mW
08-11-2026 23:10:04 RAM 3720/7607MB (lfb 65x4MB) SWAP 1425/16384MB (cached 137MB) CPU [74%@1344,51%@1344,67%@1344,70%@1344,72%@1344,47%@1344] GR3D_FREQ 99% cpu@60.093C soc2@58.562C soc0@59.156C gpu@60.281C tj@60.281C soc1@58.5C VDD_IN 15769mW/14981mW VDD_CPU_GPU_CV 6904mW/6379mW VDD_SOC 3936mW/3805mW
08-11-2026 23:10:05 RAM 3620/7607MB (lfb 78x4MB) SWAP 1425/16384MB (cached 137MB) CPU [55%@1036,59%@1036,66%@1036,62%@1036,79%@729,74%@729] GR3D_FREQ 99% cpu@60.093C soc2@58.531C soc0@59.218C gpu@59.937C tj@60.093C soc1@58.593C VDD_IN 14808mW/14980mW VDD_CPU_GPU_CV 6169mW/6377mW VDD_SOC 3824mW/3806mW
08-11-2026 23:10:06 RAM 3732/7607MB (lfb 65x4MB) SWAP 1425/16384MB (cached 137MB) CPU [59%@1344,69%@1344,68%@1344,78%@1344,66%@729,79%@729] GR3D_FREQ 0% cpu@60.437C soc2@58.625C soc0@59.218C gpu@59.468C tj@60.437C soc1@58.687C VDD_IN 15123mW/14981mW VDD_CPU_GPU_CV 6483mW/6378mW VDD_SOC 3824mW/3806mW
08-11-2026 23:10:07 RAM 3704/7607MB (lfb 65x4MB) SWAP 1425/16384MB (cached 137MB) CPU [61%@1344,63%@1344,46%@1344,60%@1344,56%@1344,66%@1344] GR3D_FREQ 99% cpu@59.875C soc2@58.562C soc0@59.312C gpu@60.437C tj@60.437C soc1@58.625C VDD_IN 14847mW/14980mW VDD_CPU_GPU_CV 6208mW/6377mW VDD_SOC 3863mW/3806mW
08-11-2026 23:10:08 RAM 3575/7607MB (lfb 87x4MB) SWAP 1425/16384MB (cached 137MB) CPU [70%@729,59%@729,68%@729,65%@729,78%@729,71%@729] GR3D_FREQ 99% cpu@60.156C soc2@58.687C soc0@59.218C gpu@60.281C tj@60.281C soc1@58.562C VDD_IN 14926mW/14979mW VDD_CPU_GPU_CV 6287mW/6376mW VDD_SOC 3824mW/3806mW
08-11-2026 23:10:09 RAM 3732/7607MB (lfb 65x4MB) SWAP 1425/16384MB (cached 137MB) CPU [66%@1344,67%@1344,62%@1344,65%@1344,74%@1344,70%@1344] GR3D_FREQ 32% cpu@60.031C soc2@58.593C soc0@59.187C gpu@59.781C tj@60.031C soc1@58.625C VDD_IN 15005mW/14979mW VDD_CPU_GPU_CV 6405mW/6376mW VDD_SOC 3784mW/3806mW
08-11-2026 23:10:10 RAM 3721/7607MB (lfb 65x4MB) SWAP 1425/16384MB (cached 137MB) CPU [67%@1344,60%@1344,78%@1344,59%@1344,64%@1344,77%@1344] GR3D_FREQ 99% cpu@60.218C soc2@58.812C soc0@59.25C gpu@60.75C tj@60.75C soc1@58.718C VDD_IN 16176mW/14990mW VDD_CPU_GPU_CV 7179mW/6384mW VDD_SOC 4054mW/3809mW
08-11-2026 23:10:11 RAM 3676/7607MB (lfb 66x4MB) SWAP 1425/16384MB (cached 137MB) CPU [73%@806,63%@806,68%@806,52%@806,70%@729,48%@729] GR3D_FREQ 99% cpu@60.156C soc2@58.687C soc0@59.312C gpu@60.156C tj@60.156C soc1@58.812C VDD_IN 14926mW/14990mW VDD_CPU_GPU_CV 6248mW/6382mW VDD_SOC 3863mW/3809mW
08-11-2026 23:10:12 RAM 3731/7607MB (lfb 65x4MB) SWAP 1425/16384MB (cached 137MB) CPU [76%@1344,60%@1344,71%@1344,58%@1344,75%@1344,75%@1344] GR3D_FREQ 23% cpu@60C soc2@58.562C soc0@59.406C gpu@59.531C tj@60C soc1@58.625C VDD_IN 14926mW/14989mW VDD_CPU_GPU_CV 6365mW/6382mW VDD_SOC 3784mW/3809mW
08-11-2026 23:10:13 RAM 3719/7607MB (lfb 65x4MB) SWAP 1425/16384MB (cached 137MB) CPU [63%@1344,70%@1344,59%@1344,73%@1344,64%@1344,55%@1344] GR3D_FREQ 99% cpu@60.281C soc2@58.781C soc0@59.25C gpu@60.406C tj@60.437C soc1@58.593C VDD_IN 16006mW/14998mW VDD_CPU_GPU_CV 6983mW/6388mW VDD_SOC 4054mW/3811mW
08-11-2026 23:10:14 RAM 3518/7607MB (lfb 105x4MB) SWAP 1425/16384MB (cached 137MB) CPU [57%@729,81%@729,57%@729,64%@729,81%@729,47%@729] GR3D_FREQ 99% cpu@60C soc2@58.531C soc0@59.218C gpu@59.781C tj@60C soc1@58.781C VDD_IN 14215mW/14991mW VDD_CPU_GPU_CV 5904mW/6383mW VDD_SOC 3711mW/3810mW
08-11-2026 23:10:15 RAM 3725/7607MB (lfb 64x4MB) SWAP 1425/16384MB (cached 137MB) CPU [55%@1344,81%@1344,68%@1344,54%@1344,71%@1344,56%@1344] GR3D_FREQ 99% cpu@60.156C soc2@58.687C soc0@59.375C gpu@60.218C tj@60.218C soc1@58.906C VDD_IN 15651mW/14997mW VDD_CPU_GPU_CV 6708mW/6386mW VDD_SOC 3975mW/3812mW
08-11-2026 23:10:16 RAM 3689/7607MB (lfb 65x4MB) SWAP 1425/16384MB (cached 137MB) CPU [78%@883,67%@883,64%@883,66%@883,63%@729,58%@729] GR3D_FREQ 99% cpu@59.906C soc2@58.718C soc0@59.343C gpu@60.281C tj@60.281C soc1@58.562C VDD_IN 15217mW/14999mW VDD_CPU_GPU_CV 6405mW/6386mW VDD_SOC 3942mW/3813mW
08-11-2026 23:10:17 RAM 3473/7607MB (lfb 107x4MB) SWAP 1425/16384MB (cached 137MB) CPU [66%@729,68%@729,69%@729,68%@729,60%@729,76%@729] GR3D_FREQ 4% cpu@59.968C soc2@58.593C soc0@59.218C gpu@59.5C tj@59.968C soc1@58.625C VDD_IN 14689mW/14996mW VDD_CPU_GPU_CV 6208mW/6385mW VDD_SOC 3745mW/3812mW
08-11-2026 23:10:18 RAM 3729/7607MB (lfb 65x4MB) SWAP 1425/16384MB (cached 137MB) CPU [63%@1344,79%@1344,68%@1344,63%@1344,65%@1344,54%@1344] GR3D_FREQ 1% cpu@60.281C soc2@58.718C soc0@59.25C gpu@59.781C tj@60.281C soc1@58.75C VDD_IN 15493mW/15001mW VDD_CPU_GPU_CV 6708mW/6387mW VDD_SOC 3896mW/3813mW
08-11-2026 23:10:19 RAM 3700/7607MB (lfb 64x4MB) SWAP 1425/16384MB (cached 137MB) CPU [59%@1344,57%@1344,58%@1344,63%@1344,74%@1344,65%@1344] GR3D_FREQ 99% cpu@60.281C soc2@58.718C soc0@59.312C gpu@60.437C tj@60.437C soc1@58.843C VDD_IN 15335mW/15004mW VDD_CPU_GPU_CV 6601mW/6389mW VDD_SOC 3896mW/3814mW
08-11-2026 23:10:20 RAM 3635/7607MB (lfb 69x4MB) SWAP 1425/16384MB (cached 137MB) CPU [66%@729,55%@729,73%@729,63%@729,69%@729,68%@729] GR3D_FREQ 99% cpu@60.125C soc2@58.875C soc0@59.531C gpu@60.437C tj@60.437C soc1@58.718C VDD_IN 15335mW/15006mW VDD_CPU_GPU_CV 6523mW/6390mW VDD_SOC 3936mW/3815mW
08-11-2026 23:10:21 RAM 3732/7607MB (lfb 65x4MB) SWAP 1425/16384MB (cached 137MB) CPU [89%@1344,72%@1344,62%@1344,66%@1344,66%@1344,76%@1344] GR3D_FREQ 23% cpu@60.125C soc2@58.718C soc0@59.25C gpu@59.687C tj@60.125C soc1@58.781C VDD_IN 14926mW/15006mW VDD_CPU_GPU_CV 6365mW/6390mW VDD_SOC 3784mW/3814mW
08-11-2026 23:10:22 RAM 3723/7607MB (lfb 64x4MB) SWAP 1425/16384MB (cached 137MB) CPU [63%@1344,63%@1344,61%@1344,64%@1344,60%@1344,60%@1344] GR3D_FREQ 99% cpu@60.281C soc2@58.718C soc0@59.343C gpu@60.375C tj@60.375C soc1@58.718C VDD_IN 15690mW/15011mW VDD_CPU_GPU_CV 6787mW/6393mW VDD_SOC 3975mW/3816mW
08-11-2026 23:10:23 RAM 3686/7607MB (lfb 65x4MB) SWAP 1425/16384MB (cached 137MB) CPU [54%@960,65%@960,57%@960,66%@960,64%@729,68%@729] GR3D_FREQ 99% cpu@60.281C soc2@58.75C soc0@59.437C gpu@60.343C tj@60.343C soc1@58.843C VDD_IN 15217mW/15013mW VDD_CPU_GPU_CV 6444mW/6394mW VDD_SOC 3942mW/3817mW
08-11-2026 23:10:24 RAM 3531/7607MB (lfb 99x4MB) SWAP 1425/16384MB (cached 137MB) CPU [69%@729,69%@729,62%@1344,57%@1344,66%@729,71%@729] GR3D_FREQ 99% cpu@60.218C soc2@58.718C soc0@59.437C gpu@60.125C tj@60.218C soc1@58.875C VDD_IN 14886mW/15012mW VDD_CPU_GPU_CV 6287mW/6393mW VDD_SOC 3824mW/3817mW
08-11-2026 23:10:25 RAM 3734/7607MB (lfb 65x4MB) SWAP 1425/16384MB (cached 137MB) CPU [66%@1344,70%@1344,78%@1344,55%@1344,69%@1344,65%@1344] GR3D_FREQ 27% cpu@60.343C soc2@58.875C soc0@59.531C gpu@60.062C tj@60.343C soc1@58.75C VDD_IN 15414mW/15015mW VDD_CPU_GPU_CV 6680mW/6395mW VDD_SOC 3896mW/3817mW
08-11-2026 23:10:26 RAM 3697/7607MB (lfb 64x4MB) SWAP 1425/16384MB (cached 137MB) CPU [64%@1344,57%@1344,75%@1344,68%@1344,48%@1344,69%@1344] GR3D_FREQ 99% cpu@60.531C soc2@58.812C soc0@59.437C gpu@60.593C tj@60.593C soc1@58.75C VDD_IN 15414mW/15018mW VDD_CPU_GPU_CV 6601mW/6397mW VDD_SOC 3896mW/3818mW
08-11-2026 23:10:27 RAM 3732/7607MB (lfb 64x4MB) SWAP 1425/16384MB (cached 137MB) CPU [76%@1344,63%@1344,67%@1344,71%@1344,73%@1344,75%@1344] GR3D_FREQ 0% cpu@60.156C soc2@58.718C soc0@59.343C gpu@59.812C tj@60.156C soc1@58.781C VDD_IN 14729mW/15016mW VDD_CPU_GPU_CV 6248mW/6396mW VDD_SOC 3745mW/3817mW
08-11-2026 23:10:28 RAM 3705/7607MB (lfb 65x4MB) SWAP 1425/16384MB (cached 137MB) CPU [47%@1344,71%@1344,60%@1344,58%@1344,65%@1344,63%@1344] GR3D_FREQ 99% cpu@60.5C soc2@58.718C soc0@59.406C gpu@60.562C tj@60.562C soc1@58.843C VDD_IN 15005mW/15016mW VDD_CPU_GPU_CV 6287mW/6395mW VDD_SOC 3902mW/3818mW
08-11-2026 23:10:29 RAM 3556/7607MB (lfb 91x4MB) SWAP 1425/16384MB (cached 137MB) CPU [60%@729,62%@729,63%@729,79%@729,65%@883,74%@883] GR3D_FREQ 99% cpu@59.968C soc2@58.781C soc0@59.468C gpu@60.468C tj@60.468C soc1@58.718C VDD_IN 14847mW/15015mW VDD_CPU_GPU_CV 6248mW/6394mW VDD_SOC 3824mW/3818mW
08-11-2026 23:10:30 RAM 3732/7607MB (lfb 64x4MB) SWAP 1425/16384MB (cached 137MB) CPU [70%@1344,66%@1344,75%@1344,72%@1344,69%@1344,55%@1344] GR3D_FREQ 0% cpu@60.156C soc2@58.75C soc0@59.343C gpu@59.625C tj@60.156C soc1@58.75C VDD_IN 15005mW/15015mW VDD_CPU_GPU_CV 6405mW/6394mW VDD_SOC 3784mW/3818mW
08-11-2026 23:10:31 RAM 3725/7607MB (lfb 64x4MB) SWAP 1425/16384MB (cached 137MB) CPU [63%@1344,55%@1344,66%@1344,74%@1344,77%@1344,55%@1344] GR3D_FREQ 99% cpu@60.656C soc2@58.843C soc0@59.375C gpu@60.406C tj@60.656C soc1@58.843C VDD_IN 16006mW/15022mW VDD_CPU_GPU_CV 6983mW/6398mW VDD_SOC 4014mW/3819mW
08-11-2026 23:10:32 RAM 3541/7607MB (lfb 96x4MB) SWAP 1425/16384MB (cached 137MB) CPU [58%@1113,58%@1113,68%@1113,63%@1113,70%@729,74%@729] GR3D_FREQ 99% cpu@60.062C soc2@58.781C soc0@59.437C gpu@60C tj@60.062C soc1@58.843C VDD_IN 14255mW/15016mW VDD_CPU_GPU_CV 5943mW/6395mW VDD_SOC 3705mW/3818mW
08-11-2026 23:10:33 RAM 3724/7607MB (lfb 65x4MB) SWAP 1425/16384MB (cached 137MB) CPU [60%@1344,68%@1344,76%@1344,62%@1344,71%@960,71%@960] GR3D_FREQ 99% cpu@60.625C soc2@58.875C soc0@59.5C gpu@60.125C tj@60.625C soc1@58.937C VDD_IN 15572mW/15021mW VDD_CPU_GPU_CV 6708mW/6397mW VDD_SOC 3936mW/3819mW
08-11-2026 23:10:34 RAM 3706/7607MB (lfb 65x4MB) SWAP 1425/16384MB (cached 137MB) CPU [58%@1344,67%@1344,58%@1344,60%@1344,71%@1344,62%@1344] GR3D_FREQ 99% cpu@60.25C soc2@58.843C soc0@59.562C gpu@60.812C tj@60.812C soc1@58.75C VDD_IN 15611mW/15025mW VDD_CPU_GPU_CV 6747mW/6400mW VDD_SOC 3975mW/3821mW
08-11-2026 23:10:35 RAM 3624/7607MB (lfb 76x4MB) SWAP 1425/16384MB (cached 137MB) CPU [49%@729,59%@729,61%@729,67%@729,69%@729,68%@729] GR3D_FREQ 99% cpu@60.187C soc2@58.843C soc0@59.437C gpu@60.656C tj@60.656C soc1@58.843C VDD_IN 15217mW/15026mW VDD_CPU_GPU_CV 6444mW/6400mW VDD_SOC 3942mW/3821mW
08-11-2026 23:10:36 RAM 3454/7607MB (lfb 111x4MB) SWAP 1425/16384MB (cached 137MB) CPU [63%@729,72%@729,73%@729,72%@729,72%@729,70%@729] GR3D_FREQ 0% cpu@60.406C soc2@58.875C soc0@59.5C gpu@60.187C tj@60.406C soc1@58.906C VDD_IN 14926mW/15026mW VDD_CPU_GPU_CV 6365mW/6400mW VDD_SOC 3784mW/3821mW
08-11-2026 23:10:37 RAM 3705/7607MB (lfb 64x4MB) SWAP 1425/16384MB (cached 137MB) CPU [71%@1344,62%@1344,71%@1344,63%@1344,81%@1344,59%@1344] GR3D_FREQ 66% cpu@60.281C soc2@58.968C soc0@59.531C gpu@60.437C tj@60.437C soc1@58.937C VDD_IN 15848mW/15032mW VDD_CPU_GPU_CV 6865mW/6403mW VDD_SOC 3975mW/3822mW
08-11-2026 23:10:38 RAM 3689/7607MB (lfb 64x4MB) SWAP 1425/16384MB (cached 137MB) CPU [69%@1344,79%@1344,70%@1344,53%@1344,59%@1344,71%@1344] GR3D_FREQ 99% cpu@60.343C soc2@58.968C soc0@59.625C gpu@60.468C tj@60.468C soc1@59C VDD_IN 15651mW/15036mW VDD_CPU_GPU_CV 6747mW/6406mW VDD_SOC 3975mW/3823mW
08-11-2026 23:10:39 RAM 3458/7607MB (lfb 111x4MB) SWAP 1425/16384MB (cached 137MB) CPU [62%@729,71%@729,63%@729,61%@729,81%@729,57%@729] GR3D_FREQ 53% cpu@60.156C soc2@58.718C soc0@59.687C gpu@60.218C tj@60.218C soc1@58.843C VDD_IN 14650mW/15034mW VDD_CPU_GPU_CV 6208mW/6405mW VDD_SOC 3745mW/3823mW
08-11-2026 23:10:40 RAM 3711/7607MB (lfb 65x4MB) SWAP 1425/16384MB (cached 137MB) CPU [58%@1344,75%@1344,77%@1344,51%@1344,60%@1344,72%@1344] GR3D_FREQ 37% cpu@60.5C soc2@58.937C soc0@59.5C gpu@60C tj@60.5C soc1@58.937C VDD_IN 15651mW/15038mW VDD_CPU_GPU_CV 6787mW/6407mW VDD_SOC 3936mW/3824mW
08-11-2026 23:10:41 RAM 3678/7607MB (lfb 65x4MB) SWAP 1425/16384MB (cached 137MB) CPU [59%@1344,66%@1344,64%@1344,56%@1344,59%@1344,62%@1344] GR3D_FREQ 99% cpu@60.25C soc2@58.843C soc0@59.531C gpu@60.468C tj@60.468C soc1@58.968C VDD_IN 14847mW/15037mW VDD_CPU_GPU_CV 6208mW/6406mW VDD_SOC 3863mW/3824mW
08-11-2026 23:10:42 RAM 3711/7607MB (lfb 65x4MB) SWAP 1425/16384MB (cached 137MB) CPU [76%@1344,73%@1344,66%@1344,62%@1344,56%@729,60%@729] GR3D_FREQ 0% cpu@60.062C soc2@58.937C soc0@59.562C gpu@59.875C tj@60.062C soc1@59.062C VDD_IN 14689mW/15034mW VDD_CPU_GPU_CV 6169mW/6404mW VDD_SOC 3784mW/3824mW
08-11-2026 23:10:43 RAM 3702/7607MB (lfb 64x4MB) SWAP 1425/16384MB (cached 137MB) CPU [59%@1344,57%@1344,69%@1344,64%@1344,62%@1344,60%@1344] GR3D_FREQ 99% cpu@60.406C soc2@58.937C soc0@59.656C gpu@60.593C tj@60.593C soc1@58.906C VDD_IN 15572mW/15038mW VDD_CPU_GPU_CV 6747mW/6407mW VDD_SOC 3936mW/3824mW
08-11-2026 23:10:44 RAM 3475/7607MB (lfb 114x4MB) SWAP 1425/16384MB (cached 137MB) CPU [68%@1344,68%@1344,61%@1344,64%@1344,72%@729,73%@729] GR3D_FREQ 29% cpu@60.093C soc2@58.812C soc0@59.5C gpu@60.031C tj@60.093C soc1@58.875C VDD_IN 14452mW/15034mW VDD_CPU_GPU_CV 6100mW/6404mW VDD_SOC 3705mW/3824mW
08-11-2026 23:10:45 RAM 3710/7607MB (lfb 64x4MB) SWAP 1425/16384MB (cached 137MB) CPU [60%@1344,62%@1344,52%@1344,66%@1344,72%@1344,80%@1344] GR3D_FREQ 99% cpu@60.781C soc2@58.968C soc0@59.5C gpu@60.406C tj@60.781C soc1@58.937C VDD_IN 15887mW/15040mW VDD_CPU_GPU_CV 6865mW/6408mW VDD_SOC 4014mW/3825mW
08-11-2026 23:10:46 RAM 3674/7607MB (lfb 65x4MB) SWAP 1425/16384MB (cached 137MB) CPU [65%@806,52%@806,66%@806,64%@806,67%@729,68%@729] GR3D_FREQ 99% cpu@60.312C soc2@59C soc0@59.562C gpu@60.656C tj@60.656C soc1@59.125C VDD_IN 15217mW/15041mW VDD_CPU_GPU_CV 6444mW/6408mW VDD_SOC 3902mW/3825mW
08-11-2026 23:10:47 RAM 3477/7607MB (lfb 109x4MB) SWAP 1425/16384MB (cached 137MB) CPU [61%@1344,68%@1344,58%@1344,70%@1344,70%@729,69%@729] GR3D_FREQ 78% cpu@60.218C soc2@58.906C soc0@59.687C gpu@60.343C tj@60.343C soc1@58.906C VDD_IN 14689mW/15039mW VDD_CPU_GPU_CV 6208mW/6407mW VDD_SOC 3745mW/3825mW
08-11-2026 23:10:48 RAM 3712/7607MB (lfb 65x4MB) SWAP 1425/16384MB (cached 137MB) CPU [63%@1344,69%@1344,65%@1344,68%@1344,70%@1344,69%@1344] GR3D_FREQ 51% cpu@60.468C soc2@59.031C soc0@59.562C gpu@60.156C tj@60.468C soc1@58.937C VDD_IN 15493mW/15042mW VDD_CPU_GPU_CV 6719mW/6409mW VDD_SOC 3896mW/3825mW
08-11-2026 23:10:49 RAM 3535/7607MB (lfb 97x4MB) SWAP 1425/16384MB (cached 137MB) CPU [56%@729,54%@729,75%@729,65%@729,70%@729,68%@729] GR3D_FREQ 99% cpu@60.312C soc2@58.906C soc0@59.562C gpu@60.468C tj@60.343C soc1@58.968C VDD_IN 14531mW/15038mW VDD_CPU_GPU_CV 6100mW/6407mW VDD_SOC 3745mW/3825mW
08-11-2026 23:10:50 RAM 3718/7607MB (lfb 64x4MB) SWAP 1425/16384MB (cached 137MB) CPU [55%@729,63%@729,72%@729,80%@729,60%@1344,70%@1344] GR3D_FREQ 0% cpu@60.156C soc2@58.843C soc0@59.562C gpu@59.625C tj@60.156C soc1@59C VDD_IN 14650mW/15036mW VDD_CPU_GPU_CV 6208mW/6405mW VDD_SOC 3745mW/3824mW
08-11-2026 23:10:51 RAM 3706/7607MB (lfb 65x4MB) SWAP 1425/16384MB (cached 137MB) CPU [55%@1344,63%@1344,78%@1344,60%@1344,62%@1344,69%@1344] GR3D_FREQ 99% cpu@60.281C soc2@58.968C soc0@59.718C gpu@60.593C tj@60.593C soc1@59.125C VDD_IN 15572mW/15039mW VDD_CPU_GPU_CV 6787mW/6408mW VDD_SOC 3896mW/3825mW
08-11-2026 23:10:52 RAM 3670/7607MB (lfb 65x4MB) SWAP 1425/16384MB (cached 137MB) CPU [55%@729,56%@729,65%@729,67%@729,63%@729,65%@729] GR3D_FREQ 99% cpu@60.218C soc2@58.875C soc0@59.781C gpu@60.687C tj@60.687C soc1@58.937C VDD_IN 15335mW/15041mW VDD_CPU_GPU_CV 6483mW/6408mW VDD_SOC 3975mW/3826mW
08-11-2026 23:10:53 RAM 3715/7607MB (lfb 64x4MB) SWAP 1425/16384MB (cached 137MB) CPU [61%@1344,71%@1344,72%@1344,71%@1344,67%@1344,70%@1344] GR3D_FREQ 0% cpu@60.312C soc2@58.906C soc0@59.593C gpu@59.718C tj@60.312C soc1@58.968C VDD_IN 14729mW/15039mW VDD_CPU_GPU_CV 6208mW/6407mW VDD_SOC 3745mW/3825mW
08-11-2026 23:10:54 RAM 3699/7607MB (lfb 64x4MB) SWAP 1425/16384MB (cached 137MB) CPU [58%@1344,53%@1344,70%@1344,59%@1344,72%@1344,65%@1344] GR3D_FREQ 99% cpu@60.687C soc2@59C soc0@59.625C gpu@60.875C tj@60.875C soc1@59.062C VDD_IN 15611mW/15043mW VDD_CPU_GPU_CV 6826mW/6410mW VDD_SOC 3936mW/3826mW
08-11-2026 23:10:55 RAM 3586/7607MB (lfb 81x4MB) SWAP 1425/16384MB (cached 137MB) CPU [75%@729,63%@729,74%@729,68%@729,68%@729,70%@729] GR3D_FREQ 99% cpu@60.656C soc2@58.968C soc0@59.718C gpu@60.531C tj@60.531C soc1@59.062C VDD_IN 15044mW/15043mW VDD_CPU_GPU_CV 6326mW/6409mW VDD_SOC 3863mW/3826mW
08-11-2026 23:10:56 RAM 3713/7607MB (lfb 65x4MB) SWAP 1425/16384MB (cached 137MB) CPU [64%@1344,60%@1344,72%@1344,58%@1344,72%@1344,63%@1344] GR3D_FREQ 83% cpu@60.437C soc2@59.187C soc0@59.75C gpu@60.437C tj@60.437C soc1@58.937C VDD_IN 15493mW/15046mW VDD_CPU_GPU_CV 6680mW/6411mW VDD_SOC 3936mW/3827mW
08-11-2026 23:10:57 RAM 3622/7607MB (lfb 75x4MB) SWAP 1425/16384MB (cached 137MB) CPU [68%@729,59%@729,71%@729,65%@729,57%@729,52%@729] GR3D_FREQ 99% cpu@60.218C soc2@58.937C soc0@59.625C gpu@60.906C tj@60.906C soc1@58.937C VDD_IN 15084mW/15046mW VDD_CPU_GPU_CV 6326mW/6410mW VDD_SOC 3902mW/3827mW
08-11-2026 23:10:58 RAM 3708/7607MB (lfb 65x4MB) SWAP 1425/16384MB (cached 137MB) CPU [60%@1344,79%@1344,60%@1344,55%@1344,67%@1344,74%@1344] GR3D_FREQ 99% cpu@60.812C soc2@59.031C soc0@59.75C gpu@60.531C tj@60.812C soc1@59.125C VDD_IN 15414mW/15048mW VDD_CPU_GPU_CV 6601mW/6412mW VDD_SOC 3936mW/3828mW
08-11-2026 23:10:59 RAM 3684/7607MB (lfb 64x4MB) SWAP 1425/16384MB (cached 137MB) CPU [66%@1344,59%@1344,67%@1344,50%@1344,61%@1267,63%@1267] GR3D_FREQ 99% cpu@60.125C soc2@58.937C soc0@59.687C gpu@60.656C tj@60.656C soc1@59.062C VDD_IN 15084mW/15049mW VDD_CPU_GPU_CV 6326mW/6411mW VDD_SOC 3902mW/3829mW
08-11-2026 23:11:00 RAM 3462/7607MB (lfb 110x4MB) SWAP 1425/16384MB (cached 137MB) CPU [68%@729,63%@729,71%@729,73%@729,81%@806,69%@806] GR3D_FREQ 35% cpu@60.281C soc2@58.937C soc0@59.687C gpu@60.093C tj@60.281C soc1@59.125C VDD_IN 14531mW/15045mW VDD_CPU_GPU_CV 6179mW/6410mW VDD_SOC 3705mW/3828mW
08-11-2026 23:11:01 RAM 3713/7607MB (lfb 64x4MB) SWAP 1425/16384MB (cached 137MB) CPU [63%@1344,58%@1344,83%@1344,62%@1344,77%@1344,61%@1344] GR3D_FREQ 15% cpu@60.406C soc2@59.093C soc0@59.75C gpu@60.125C tj@60.406C soc1@59C VDD_IN 15611mW/15049mW VDD_CPU_GPU_CV 6787mW/6412mW VDD_SOC 3936mW/3828mW
08-11-2026 23:11:02 RAM 3681/7607MB (lfb 65x4MB) SWAP 1425/16384MB (cached 137MB) CPU [67%@1344,59%@1344,55%@1344,48%@1344,65%@1344,62%@1344] GR3D_FREQ 99% cpu@60.375C soc2@59.062C soc0@59.656C gpu@60.781C tj@60.968C soc1@58.968C VDD_IN 15375mW/15051mW VDD_CPU_GPU_CV 6523mW/6413mW VDD_SOC 3936mW/3829mW
08-11-2026 23:11:03 RAM 3511/7607MB (lfb 101x4MB) SWAP 1425/16384MB (cached 137MB) CPU [66%@729,67%@729,61%@729,71%@729,74%@729,68%@729] GR3D_FREQ 95% cpu@60.375C soc2@59.031C soc0@59.718C gpu@60.812C tj@60.812C soc1@59.125C VDD_IN 14886mW/15050mW VDD_CPU_GPU_CV 6326mW/6412mW VDD_SOC 3824mW/3829mW
08-11-2026 23:11:04 RAM 3695/7607MB (lfb 64x4MB) SWAP 1425/16384MB (cached 137MB) CPU [62%@1344,66%@1344,53%@1344,62%@1344,71%@1344,70%@1344] GR3D_FREQ 99% cpu@60.5C soc2@58.968C soc0@59.718C gpu@60.968C tj@60.968C soc1@59.125C VDD_IN 15084mW/15050mW VDD_CPU_GPU_CV 6483mW/6413mW VDD_SOC 3824mW/3829mW
08-11-2026 23:11:05 RAM 3594/7607MB (lfb 82x4MB) SWAP 1425/16384MB (cached 137MB) CPU [60%@729,68%@729,69%@729,59%@729,74%@729,49%@729] GR3D_FREQ 99% cpu@60.25C soc2@59.125C soc0@59.75C gpu@60.343C tj@60.343C soc1@59.031C VDD_IN 14808mW/15049mW VDD_CPU_GPU_CV 6208mW/6411mW VDD_SOC 3863mW/3829mW
08-11-2026 23:11:06 RAM 3716/7607MB (lfb 65x4MB) SWAP 1425/16384MB (cached 137MB) CPU [62%@1344,77%@1344,66%@1344,75%@1344,66%@1344,76%@1344] GR3D_FREQ 0% cpu@60.562C soc2@59C soc0@59.687C gpu@59.906C tj@60.562C soc1@59.031C VDD_IN 15138mW/15049mW VDD_CPU_GPU_CV 6483mW/6412mW VDD_SOC 3863mW/3830mW
08-11-2026 23:11:07 RAM 3701/7607MB (lfb 64x4MB) SWAP 1425/16384MB (cached 137MB) CPU [53%@1344,75%@1344,62%@1344,64%@1344,64%@1344,63%@1344] GR3D_FREQ 99% cpu@60.781C soc2@59C soc0@59.718C gpu@60.812C tj@60.812C soc1@59.062C VDD_IN 15887mW/15054mW VDD_CPU_GPU_CV 6983mW/6415mW VDD_SOC 3975mW/3830mW
08-11-2026 23:11:08 RAM 3699/7607MB (lfb 65x4MB) SWAP 1425/16384MB (cached 137MB) CPU [73%@1344,61%@1344,67%@1344,60%@1344,73%@1344,69%@1344] GR3D_FREQ 99% cpu@60.687C soc2@59.187C soc0@59.75C gpu@60.937C tj@60.937C soc1@59.125C VDD_IN 16176mW/15061mW VDD_CPU_GPU_CV 7100mW/6419mW VDD_SOC 4054mW/3832mW
08-11-2026 23:11:09 RAM 3679/7607MB (lfb 64x4MB) SWAP 1425/16384MB (cached 137MB) CPU [80%@806,67%@806,54%@806,52%@806,66%@729,66%@729] GR3D_FREQ 99% cpu@60.218C soc2@59.125C soc0@59.656C gpu@60.875C tj@60.875C soc1@59.093C VDD_IN 15414mW/15063mW VDD_CPU_GPU_CV 6562mW/6420mW VDD_SOC 3975mW/3833mW
08-11-2026 23:11:10 RAM 3514/7607MB (lfb 102x4MB) SWAP 1425/16384MB (cached 137MB) CPU [60%@729,67%@729,69%@729,69%@729,59%@1113,72%@1113] GR3D_FREQ 99% cpu@60.656C soc2@58.968C soc0@59.781C gpu@60.625C tj@60.656C soc1@59.156C VDD_IN 15005mW/15063mW VDD_CPU_GPU_CV 6365mW/6420mW VDD_SOC 3863mW/3833mW
08-11-2026 23:11:11 RAM 3714/7607MB (lfb 64x4MB) SWAP 1425/16384MB (cached 137MB) CPU [73%@1113,79%@1113,61%@1113,68%@1113,60%@1344,74%@1344] GR3D_FREQ 0% cpu@60.562C soc2@59.156C soc0@59.718C gpu@60.312C tj@60.562C soc1@59.187C VDD_IN 15611mW/15066mW VDD_CPU_GPU_CV 6787mW/6422mW VDD_SOC 3936mW/3833mW
08-11-2026 23:11:12 RAM 3699/7607MB (lfb 65x4MB) SWAP 1425/16384MB (cached 137MB) CPU [69%@1344,56%@1344,74%@1344,64%@1344,69%@1344,58%@1344] GR3D_FREQ 99% cpu@60.625C soc2@59.187C soc0@59.906C gpu@60.781C tj@60.781C soc1@59.031C VDD_IN 15611mW/15069mW VDD_CPU_GPU_CV 6747mW/6424mW VDD_SOC 3936mW/3834mW
08-11-2026 23:11:13 RAM 3460/7607MB (lfb 109x4MB) SWAP 1425/16384MB (cached 137MB) CPU [77%@729,58%@729,72%@729,55%@729,59%@729,64%@729] GR3D_FREQ 0% cpu@60.437C soc2@59.031C soc0@59.812C gpu@59.843C tj@60.437C soc1@59.125C VDD_IN 14136mW/15064mW VDD_CPU_GPU_CV 5864mW/6421mW VDD_SOC 3672mW/3833mW
08-11-2026 23:11:14 RAM 3715/7607MB (lfb 65x4MB) SWAP 1425/16384MB (cached 137MB) CPU [65%@1344,61%@1344,73%@1344,57%@1344,65%@1344,70%@1344] GR3D_FREQ 0% cpu@60.656C soc2@59.218C soc0@59.718C gpu@60.031C tj@60.656C soc1@59.156C VDD_IN 15572mW/15067mW VDD_CPU_GPU_CV 6708mW/6422mW VDD_SOC 3936mW/3834mW
08-11-2026 23:11:15 RAM 3706/7607MB (lfb 65x4MB) SWAP 1425/16384MB (cached 137MB) CPU [55%@1344,64%@1344,62%@1344,70%@1344,65%@1344,71%@1344] GR3D_FREQ 99% cpu@60.875C soc2@59.187C soc0@59.781C gpu@60.812C tj@60.875C soc1@59.187C VDD_IN 16006mW/15072mW VDD_CPU_GPU_CV 7022mW/6426mW VDD_SOC 4014mW/3835mW
08-11-2026 23:11:16 RAM 3687/7607MB (lfb 64x4MB) SWAP 1425/16384MB (cached 137MB) CPU [67%@1344,58%@1344,77%@1344,55%@1344,55%@1344,68%@1344] GR3D_FREQ 99% cpu@60.468C soc2@59.187C soc0@59.75C gpu@60.906C tj@60.906C soc1@59.031C VDD_IN 15533mW/15075mW VDD_CPU_GPU_CV 6630mW/6427mW VDD_SOC 3975mW/3835mW
08-11-2026 23:11:17 RAM 3483/7607MB (lfb 108x4MB) SWAP 1425/16384MB (cached 137MB) CPU [68%@729,63%@729,59%@729,78%@729,71%@729,72%@729] GR3D_FREQ 34% cpu@60.187C soc2@59.031C soc0@59.906C gpu@60.375C tj@60.375C soc1@59.125C VDD_IN 14334mW/15070mW VDD_CPU_GPU_CV 6022mW/6425mW VDD_SOC 3705mW/3835mW
08-11-2026 23:11:18 RAM 3709/7607MB (lfb 64x4MB) SWAP 1425/16384MB (cached 137MB) CPU [58%@1344,61%@1344,72%@1344,66%@1344,70%@1344,74%@1344] GR3D_FREQ 86% cpu@60.843C soc2@59.25C soc0@59.687C gpu@60.562C tj@60.843C soc1@59.093C VDD_IN 15651mW/15074mW VDD_CPU_GPU_CV 6747mW/6426mW VDD_SOC 3936mW/3835mW
08-11-2026 23:11:19 RAM 3689/7607MB (lfb 65x4MB) SWAP 1425/16384MB (cached 137MB) CPU [54%@1344,64%@1344,54%@1344,72%@1344,72%@1344,64%@1344] GR3D_FREQ 99% cpu@60.906C soc2@59.156C soc0@59.75C gpu@60.968C tj@60.968C soc1@59.25C VDD_IN 15651mW/15077mW VDD_CPU_GPU_CV 6787mW/6428mW VDD_SOC 3975mW/3836mW
08-11-2026 23:11:20 RAM 3534/7607MB (lfb 97x4MB) SWAP 1425/16384MB (cached 137MB) CPU [72%@729,77%@729,52%@729,59%@729,68%@729,69%@729] GR3D_FREQ 99% cpu@60.406C soc2@59.125C soc0@59.843C gpu@60.562C tj@60.562C soc1@59.25C VDD_IN 14610mW/15074mW VDD_CPU_GPU_CV 6130mW/6427mW VDD_SOC 3784mW/3836mW
08-11-2026 23:11:21 RAM 3461/7607MB (lfb 111x4MB) SWAP 1425/16384MB (cached 137MB) CPU [62%@729,72%@729,67%@729,71%@729,71%@729,60%@729] GR3D_FREQ 0% cpu@60.281C soc2@59.25C soc0@59.906C gpu@60.437C tj@60.437C soc1@59.125C VDD_IN 14886mW/15073mW VDD_CPU_GPU_CV 6326mW/6426mW VDD_SOC 3784mW/3835mW
08-11-2026 23:11:22 RAM 3717/7607MB (lfb 65x4MB) SWAP 1425/16384MB (cached 137MB) CPU [65%@1344,68%@1344,75%@1344,61%@1344,80%@1344,68%@1344] GR3D_FREQ 0% cpu@60.781C soc2@59.218C soc0@59.75C gpu@60C tj@60.781C soc1@59.093C VDD_IN 15493mW/15076mW VDD_CPU_GPU_CV 6747mW/6428mW VDD_SOC 3896mW/3836mW
08-11-2026 23:11:23 RAM 3682/7607MB (lfb 65x4MB) SWAP 1425/16384MB (cached 137MB) CPU [62%@1344,73%@1344,68%@1344,54%@1344,56%@1344,56%@1344] GR3D_FREQ 99% cpu@60.656C soc2@59.093C soc0@59.781C gpu@60.656C tj@60.656C soc1@59.25C VDD_IN 14926mW/15075mW VDD_CPU_GPU_CV 6248mW/6427mW VDD_SOC 3863mW/3836mW
08-11-2026 23:11:24 RAM 3718/7607MB (lfb 64x4MB) SWAP 1425/16384MB (cached 137MB) CPU [69%@1344,69%@1344,64%@1344,67%@1344,70%@1344,67%@1344] GR3D_FREQ 0% cpu@60.718C soc2@59.156C soc0@59.843C gpu@59.781C tj@60.718C soc1@59.25C VDD_IN 14531mW/15072mW VDD_CPU_GPU_CV 6100mW/6425mW VDD_SOC 3705mW/3835mW
08-11-2026 23:11:25 RAM 3709/7607MB (lfb 64x4MB) SWAP 1425/16384MB (cached 137MB) CPU [62%@1344,72%@1344,67%@1344,69%@1344,62%@1344,64%@1344] GR3D_FREQ 99% cpu@60.656C soc2@59.281C soc0@59.812C gpu@60.593C tj@60.781C soc1@59.062C VDD_IN 16006mW/15077mW VDD_CPU_GPU_CV 6944mW/6428mW VDD_SOC 4014mW/3836mW
08-11-2026 23:11:26 RAM 3673/7607MB (lfb 65x4MB) SWAP 1425/16384MB (cached 137MB) CPU [53%@883,63%@883,53%@883,67%@883,56%@729,66%@729] GR3D_FREQ 99% cpu@60.5C soc2@59.093C soc0@59.781C gpu@60.937C tj@60.937C soc1@59.093C VDD_IN 15005mW/15076mW VDD_CPU_GPU_CV 6287mW/6427mW VDD_SOC 3902mW/3837mW
08-11-2026 23:11:27 RAM 3502/7607MB (lfb 105x4MB) SWAP 1425/16384MB (cached 137MB) CPU [64%@729,81%@729,66%@729,57%@729,86%@883,52%@883] GR3D_FREQ 99% cpu@60.562C soc2@59.156C soc0@59.812C gpu@60.875C tj@60.875C soc1@59.187C VDD_IN 15005mW/15076mW VDD_CPU_GPU_CV 6365mW/6427mW VDD_SOC 3824mW/3837mW
08-11-2026 23:11:28 RAM 3722/7607MB (lfb 64x4MB) SWAP 1425/16384MB (cached 137MB) CPU [71%@1344,73%@1344,73%@1344,65%@1344,81%@1344,69%@1344] GR3D_FREQ 0% cpu@60.781C soc2@59.187C soc0@59.843C gpu@60.437C tj@60.781C soc1@59.25C VDD_IN 15414mW/15078mW VDD_CPU_GPU_CV 6669mW/6428mW VDD_SOC 3857mW/3837mW
08-11-2026 23:11:29 RAM 3695/7607MB (lfb 64x4MB) SWAP 1425/16384MB (cached 137MB) CPU [49%@1344,58%@1344,66%@1344,65%@1344,66%@1344,71%@1344] GR3D_FREQ 99% cpu@60.843C soc2@59.187C soc0@59.843C gpu@61.093C tj@61.093C soc1@59.281C VDD_IN 15454mW/15080mW VDD_CPU_GPU_CV 6669mW/6429mW VDD_SOC 3936mW/3837mW
08-11-2026 23:11:30 RAM 3534/7607MB (lfb 95x4MB) SWAP 1425/16384MB (cached 137MB) CPU [59%@729,67%@729,58%@729,69%@729,71%@729,65%@729] GR3D_FREQ 99% cpu@60.312C soc2@59.187C soc0@59.968C gpu@60.718C tj@60.718C soc1@59.156C VDD_IN 14847mW/15079mW VDD_CPU_GPU_CV 6248mW/6429mW VDD_SOC 3824mW/3837mW
08-11-2026 23:11:31 RAM 3712/7607MB (lfb 64x4MB) SWAP 1425/16384MB (cached 137MB) CPU [69%@1344,60%@1344,61%@1344,79%@1344,64%@1344,63%@1344] GR3D_FREQ 99% cpu@60.812C soc2@59.218C soc0@59.937C gpu@60.718C tj@60.812C soc1@59.093C VDD_IN 15493mW/15081mW VDD_CPU_GPU_CV 6630mW/6430mW VDD_SOC 3936mW/3838mW
08-11-2026 23:11:32 RAM 3636/7607MB (lfb 72x4MB) SWAP 1425/16384MB (cached 137MB) CPU [63%@729,57%@729,63%@729,60%@729,60%@729,61%@729] GR3D_FREQ 99% cpu@60.562C soc2@59.156C soc0@59.812C gpu@60.781C tj@60.781C soc1@59.187C VDD_IN 14965mW/15080mW VDD_CPU_GPU_CV 6248mW/6429mW VDD_SOC 3863mW/3838mW
08-11-2026 23:11:33 RAM 3464/7607MB (lfb 112x4MB) SWAP 1425/16384MB (cached 137MB) CPU [77%@806,79%@806,65%@806,64%@806,74%@729,64%@729] GR3D_FREQ 0% cpu@60.562C soc2@59.156C soc0@59.906C gpu@60.437C tj@60.562C soc1@59.25C VDD_IN 14808mW/15079mW VDD_CPU_GPU_CV 6326mW/6428mW VDD_SOC 3745mW/3837mW
08-11-2026 23:11:34 RAM 3722/7607MB (lfb 64x4MB) SWAP 1425/16384MB (cached 137MB) CPU [71%@1344,82%@1344,58%@1344,61%@1344,70%@1344,51%@1344] GR3D_FREQ 99% cpu@60.625C soc2@59.25C soc0@59.843C gpu@60.5C tj@60.781C soc1@59.093C VDD_IN 15848mW/15083mW VDD_CPU_GPU_CV 6865mW/6430mW VDD_SOC 3975mW/3838mW
08-11-2026 23:11:35 RAM 3682/7607MB (lfb 65x4MB) SWAP 1425/16384MB (cached 137MB) CPU [62%@1344,68%@1344,47%@1344,69%@1344,59%@1267,56%@1267] GR3D_FREQ 99% cpu@60.468C soc2@59.218C soc0@59.843C gpu@60.75C tj@60.75C soc1@59.093C VDD_IN 15044mW/15083mW VDD_CPU_GPU_CV 6326mW/6430mW VDD_SOC 3902mW/3838mW
08-11-2026 23:11:36 RAM 3516/7607MB (lfb 100x4MB) SWAP 1425/16384MB (cached 137MB) CPU [64%@729,65%@729,80%@729,65%@729,69%@806,72%@806] GR3D_FREQ 99% cpu@60.406C soc2@59.062C soc0@59.781C gpu@60.5C tj@60.5C soc1@59.156C VDD_IN 15005mW/15082mW VDD_CPU_GPU_CV 6365mW/6429mW VDD_SOC 3863mW/3838mW
08-11-2026 23:11:37 RAM 3714/7607MB (lfb 65x4MB) SWAP 1425/16384MB (cached 137MB) CPU [58%@1344,75%@1344,65%@1344,70%@1344,58%@1267,70%@1267] GR3D_FREQ 0% cpu@60.968C soc2@59.218C soc0@59.812C gpu@60.187C tj@60.968C soc1@59.187C VDD_IN 15375mW/15084mW VDD_CPU_GPU_CV 6641mW/6431mW VDD_SOC 3896mW/3839mW
08-11-2026 23:11:38 RAM 3701/7607MB (lfb 64x4MB) SWAP 1425/16384MB (cached 137MB) CPU [57%@1344,60%@1344,64%@1344,74%@1344,55%@1344,67%@1344] GR3D_FREQ 99% cpu@60.562C soc2@59.25C soc0@59.843C gpu@61C tj@61C soc1@59.312C VDD_IN 15887mW/15088mW VDD_CPU_GPU_CV 6944mW/6433mW VDD_SOC 3975mW/3839mW
08-11-2026 23:11:39 RAM 3518/7607MB (lfb 103x4MB) SWAP 1425/16384MB (cached 137MB) CPU [67%@729,78%@729,64%@729,66%@729,69%@729,71%@729] GR3D_FREQ 99% cpu@60.343C soc2@59.125C soc0@59.906C gpu@60.656C tj@60.656C soc1@59.125C VDD_IN 14847mW/15087mW VDD_CPU_GPU_CV 6248mW/6432mW VDD_SOC 3824mW/3839mW
08-11-2026 23:11:40 RAM 3716/7607MB (lfb 64x4MB) SWAP 1425/16384MB (cached 137MB) CPU [61%@1344,69%@1344,64%@1344,64%@1344,65%@1344,67%@1344] GR3D_FREQ 58% cpu@60.875C soc2@59.187C soc0@59.718C gpu@60.437C tj@60.875C soc1@59.093C VDD_IN 15690mW/15090mW VDD_CPU_GPU_CV 6747mW/6434mW VDD_SOC 3975mW/3840mW
08-11-2026 23:11:41 RAM 3688/7607MB (lfb 65x4MB) SWAP 1425/16384MB (cached 137MB) CPU [63%@1344,52%@1344,66%@1344,64%@1344,68%@1344,58%@1344] GR3D_FREQ 99% cpu@60.812C soc2@59.187C soc0@59.718C gpu@60.687C tj@60.812C soc1@59.218C VDD_IN 15296mW/15091mW VDD_CPU_GPU_CV 6523mW/6434mW VDD_SOC 3936mW/3840mW
08-11-2026 23:11:42 RAM 3573/7607MB (lfb 83x4MB) SWAP 1425/16384MB (cached 137MB) CPU [64%@1344,62%@1344,64%@1344,76%@1344,67%@806,62%@806] GR3D_FREQ 99% cpu@60.593C soc2@59.187C soc0@59.843C gpu@60.656C tj@60.656C soc1@59.25C VDD_IN 15138mW/15091mW VDD_CPU_GPU_CV 6405mW/6434mW VDD_SOC 3902mW/3841mW
08-11-2026 23:11:43 RAM 3718/7607MB (lfb 64x4MB) SWAP 1425/16384MB (cached 137MB) CPU [65%@1344,64%@1344,70%@1344,75%@1344,63%@729,76%@729] GR3D_FREQ 0% cpu@60.531C soc2@59.125C soc0@59.875C gpu@59.875C tj@60.531C soc1@59.062C VDD_IN 15044mW/15091mW VDD_CPU_GPU_CV 6444mW/6434mW VDD_SOC 3824mW/3841mW
08-11-2026 23:11:44 RAM 3701/7607MB (lfb 64x4MB) SWAP 1425/16384MB (cached 137MB) CPU [57%@1344,66%@1344,61%@1344,72%@1344,63%@1344,65%@1344] GR3D_FREQ 99% cpu@60.593C soc2@59.187C soc0@59.875C gpu@60.687C tj@60.687C soc1@59.125C VDD_IN 15335mW/15092mW VDD_CPU_GPU_CV 6601mW/6435mW VDD_SOC 3896mW/3841mW
08-11-2026 23:11:45 RAM 3511/7607MB (lfb 99x4MB) SWAP 1425/16384MB (cached 137MB) CPU [66%@729,66%@729,68%@729,59%@729,75%@729,67%@729] GR3D_FREQ 99% cpu@60.531C soc2@59.093C soc0@59.781C gpu@60.812C tj@60.812C soc1@59.062C VDD_IN 14689mW/15090mW VDD_CPU_GPU_CV 6169mW/6434mW VDD_SOC 3784mW/3841mW
08-11-2026 23:11:46 RAM 3716/7607MB (lfb 65x4MB) SWAP 1425/16384MB (cached 137MB) CPU [65%@1344,78%@1344,70%@1344,65%@1344,68%@1344,61%@1344] GR3D_FREQ 0% cpu@60.812C soc2@59.125C soc0@59.75C gpu@60.187C tj@60.812C soc1@59.187C VDD_IN 15138mW/15090mW VDD_CPU_GPU_CV 6523mW/6434mW VDD_SOC 3824mW/3841mW
08-11-2026 23:11:47 RAM 3704/7607MB (lfb 65x4MB) SWAP 1425/16384MB (cached 137MB) CPU [59%@1344,68%@1344,60%@1344,58%@1344,58%@1344,73%@1344] GR3D_FREQ 99% cpu@60.812C soc2@59.281C soc0@59.781C gpu@61C tj@61C soc1@59.25C VDD_IN 16176mW/15095mW VDD_CPU_GPU_CV 7100mW/6437mW VDD_SOC 4093mW/3842mW
08-11-2026 23:11:48 RAM 3583/7607MB (lfb 83x4MB) SWAP 1425/16384MB (cached 137MB) CPU [63%@729,65%@729,57%@729,62%@729,59%@729,61%@729] GR3D_FREQ 99% cpu@60.343C soc2@59.187C soc0@59.812C gpu@60.875C tj@60.875C soc1@59.156C VDD_IN 14768mW/15094mW VDD_CPU_GPU_CV 6169mW/6436mW VDD_SOC 3824mW/3842mW
08-11-2026 23:11:49 RAM 3460/7607MB (lfb 112x4MB) SWAP 1425/16384MB (cached 137MB) CPU [68%@1344,69%@1344,58%@1344,61%@1344,70%@1190,78%@1190] GR3D_FREQ 0% cpu@60.187C soc2@59.125C soc0@59.718C gpu@60.062C tj@60.5C soc1@59.125C VDD_IN 14808mW/15092mW VDD_CPU_GPU_CV 6287mW/6435mW VDD_SOC 3784mW/3841mW
08-11-2026 23:11:50 RAM 3712/7607MB (lfb 64x4MB) SWAP 1425/16384MB (cached 137MB) CPU [69%@1344,84%@1344,71%@1344,72%@1344,63%@1190,66%@1190] GR3D_FREQ 99% cpu@60.875C soc2@59.281C soc0@59.75C gpu@60.625C tj@60.875C soc1@59.156C VDD_IN 16163mW/15098mW VDD_CPU_GPU_CV 7100mW/6439mW VDD_SOC 4014mW/3842mW
08-11-2026 23:11:51 RAM 3686/7607MB (lfb 64x4MB) SWAP 1425/16384MB (cached 137MB) CPU [68%@1344,54%@1344,62%@1344,69%@1344,63%@1344,53%@1344] GR3D_FREQ 99% cpu@60.843C soc2@59.156C soc0@59.875C gpu@60.843C tj@60.843C soc1@59.25C VDD_IN 15651mW/15100mW VDD_CPU_GPU_CV 6747mW/6440mW VDD_SOC 3975mW/3843mW
08-11-2026 23:11:52 RAM 3715/7607MB (lfb 65x4MB) SWAP 1425/16384MB (cached 137MB) CPU [68%@1344,69%@1344,59%@1344,64%@1344,78%@1344,66%@1344] GR3D_FREQ 0% cpu@60.281C soc2@59.156C soc0@59.843C gpu@59.843C tj@60.281C soc1@59.062C VDD_IN 14571mW/15098mW VDD_CPU_GPU_CV 6140mW/6439mW VDD_SOC 3705mW/3842mW
08-11-2026 23:11:53 RAM 3717/7607MB (lfb 64x4MB) SWAP 1425/16384MB (cached 137MB) CPU [54%@1344,75%@1344,58%@1344,71%@1344,74%@1267,59%@1267] GR3D_FREQ 0% cpu@60.781C soc2@59.312C soc0@59.937C gpu@60.343C tj@60.781C soc1@59.093C VDD_IN 15887mW/15101mW VDD_CPU_GPU_CV 6904mW/6441mW VDD_SOC 3975mW/3843mW
08-11-2026 23:11:54 RAM 3695/7607MB (lfb 64x4MB) SWAP 1425/16384MB (cached 137MB) CPU [66%@1344,62%@1344,68%@1344,66%@1344,67%@1344,54%@1344] GR3D_FREQ 99% cpu@60.781C soc2@59.187C soc0@59.812C gpu@60.906C tj@61.281C soc1@59.187C VDD_IN 15966mW/15105mW VDD_CPU_GPU_CV 6983mW/6443mW VDD_SOC 4014mW/3844mW
08-11-2026 23:11:55 RAM 3569/7607MB (lfb 86x4MB) SWAP 1425/16384MB (cached 137MB) CPU [53%@729,57%@729,75%@729,61%@729,59%@729,71%@729] GR3D_FREQ 99% cpu@60.718C soc2@59.125C soc0@59.812C gpu@60.906C tj@60.906C soc1@59.187C VDD_IN 14808mW/15104mW VDD_CPU_GPU_CV 6169mW/6442mW VDD_SOC 3863mW/3844mW
08-11-2026 23:11:56 RAM 3719/7607MB (lfb 65x4MB) SWAP 1425/16384MB (cached 137MB) CPU [70%@1344,66%@1344,75%@1344,72%@1344,80%@729,68%@729] GR3D_FREQ 0% cpu@60.625C soc2@59.187C soc0@59.812C gpu@60.343C tj@60.625C soc1@59.281C VDD_IN 15138mW/15104mW VDD_CPU_GPU_CV 6523mW/6442mW VDD_SOC 3824mW/3844mW
08-11-2026 23:11:57 RAM 3704/7607MB (lfb 64x4MB) SWAP 1425/16384MB (cached 137MB) CPU [61%@1344,67%@1344,71%@1344,67%@1344,69%@1344,59%@1344] GR3D_FREQ 99% cpu@60.687C soc2@59.281C soc0@59.906C gpu@61.281C tj@61.281C soc1@59.187C VDD_IN 16084mW/15109mW VDD_CPU_GPU_CV 7022mW/6445mW VDD_SOC 4054mW/3845mW
08-11-2026 23:11:58 RAM 3529/7607MB (lfb 99x4MB) SWAP 1425/16384MB (cached 137MB) CPU [58%@1344,53%@1344,80%@1344,53%@1344,57%@729,60%@729] GR3D_FREQ 99% cpu@60.25C soc2@59.031C soc0@60C gpu@60.718C tj@60.718C soc1@59.125C VDD_IN 14294mW/15105mW VDD_CPU_GPU_CV 5864mW/6442mW VDD_SOC 3745mW/3844mW
08-11-2026 23:11:59 RAM 3713/7607MB (lfb 65x4MB) SWAP 1425/16384MB (cached 137MB) CPU [75%@1344,60%@1344,62%@1344,67%@1344,75%@1344,57%@1344] GR3D_FREQ 0% cpu@60.718C soc2@59.125C soc0@59.75C gpu@60C tj@60.718C soc1@59.093C VDD_IN 15178mW/15105mW VDD_CPU_GPU_CV 6523mW/6443mW VDD_SOC 3863mW/3844mW
08-11-2026 23:12:00 RAM 3710/7607MB (lfb 64x4MB) SWAP 1425/16384MB (cached 137MB) CPU [61%@1344,75%@1344,58%@1344,67%@1344,57%@1344,59%@1344] GR3D_FREQ 0% cpu@60.5C soc2@59C soc0@59.718C gpu@59.593C tj@60.5C soc1@59.187C VDD_IN 12914mW/15095mW VDD_CPU_GPU_CV 5046mW/6436mW VDD_SOC 3401mW/3842mW
08-11-2026 23:12:01 RAM 2847/7607MB (lfb 118x4MB) SWAP 1425/16384MB (cached 137MB) CPU [38%@729,43%@729,54%@729,34%@729,50%@1344,52%@1344] GR3D_FREQ 1% cpu@59.437C soc2@58.218C soc0@59.562C gpu@58.812C tj@59.562C soc1@59.031C VDD_IN 7137mW/15059mW VDD_CPU_GPU_CV 1791mW/6415mW VDD_SOC 1873mW/3833mW
