
slorado base-caller version 0.5.0-beta
model path:         models/dna_r10.4.1_e8.2_400bps_fast@v5.0.0
input path:         test/PGXXXX230339/reads_20k.blow5
output path:        /dev/null
device:             cuda:all
chunk size:         12288
read batch size:    4096
gpu batch size:     128
no. threads:        8
overlap:            150
overlap decode:     yes
fixed-c batch:      no (narrow partials)
flush threshold:    64
speculative decode: yes
spec repair thr:    10.00
spec margin thr:    2.00
spec overlap repair:yes
spec agreement:     no

[parse_qscore_params::INFO][1;34m mean_qscore_start_pos not found in config toml, setting default to 60[0m
[basecaller_main::0.863*1.72] 4096 Entries (201.7M bytes) loaded
[basecaller_main::33.943*0.35] 4096 Entries (201.7M bytes) processed
[basecaller_main::34.489*0.35] 4096 Entries (212.8M bytes) loaded
[basecaller_main::67.912*0.31] 4096 Entries (212.8M bytes) processed
[basecaller_main::68.425*0.31] 4096 Entries (198.2M bytes) loaded
[basecaller_main::99.390*0.30] 4096 Entries (198.2M bytes) processed
[basecaller_main::99.914*0.30] 4096 Entries (203.8M bytes) loaded
[basecaller_main::131.896*0.29] 4096 Entries (203.8M bytes) processed
[basecaller_main::132.381*0.29] 3616 Entries (181.5M bytes) loaded
[basecaller_main::160.859*0.29] 3616 Entries (181.5M bytes) processed

[basecaller_main] total entries: 20000
[basecaller_main] total bytes: 998.1 M
[basecaller_main] model initialization: 0.324 sec
[basecaller_main] data loading: 2.496 sec
[basecaller_main] data processing: 157.926 sec
[basecaller_main]     - parse: 4.173 sec
[basecaller_main]     - preprocess: 0.389 sec
[basecaller_main]     - runners: 153.087 sec
[basecaller_main]          - synchronisation: 0.000 sec
[basecaller_main]          - model runner [0]: 153.062 sec
[basecaller_main]             - accept: 4.818 sec
[basecaller_main]             - basecall: 148.243 sec
[basecaller_main]                 - inference: 56.312 sec
[basecaller_main]                     - conv_stack: 2.669 sec
[basecaller_main]                         - input [N,C,T]: [64, 1, 12288]
[basecaller_main]                         - conv[0]: 1.174 sec
[basecaller_main]                             in  [N,C,T]: [64, 1, 12288]
[basecaller_main]                             out [N,C,T]: [64, 16, 12288]
[basecaller_main]                             op: 0.987 sec  act: 0.186 sec
[basecaller_main]                         - conv[1]: 0.797 sec
[basecaller_main]                             in  [N,C,T]: [64, 16, 12288]
[basecaller_main]                             out [N,C,T]: [64, 16, 12288]
[basecaller_main]                             op: 0.673 sec  act: 0.124 sec
[basecaller_main]                         - conv[2]: 0.682 sec
[basecaller_main]                             in  [N,C,T]: [64, 16, 12288]
[basecaller_main]                             out [N,C,T]: [64, 96, 2048]
[basecaller_main]                             op: 0.560 sec  act: 0.122 sec
[basecaller_main]                         - transpose: 0.015 sec
[basecaller_main]                             in  [N,C,T]: [64, 96, 2048]
[basecaller_main]                             out [N,T,C]: [64, 2048, 96]
[basecaller_main]                     - rnns: 10.151 sec
[basecaller_main]                         - rnn[0] (reverse): 2.888 sec
[basecaller_main]                             in  [N,T,C]: [64, 2048, 96]
[basecaller_main]                             out [N,T,C]: [64, 2048, 96]
[basecaller_main]                             flip: 0.135 sec  lstm: 2.753 sec
[basecaller_main]                         - rnn[1] (forward): 1.829 sec
[basecaller_main]                             in  [N,T,C]: [64, 2048, 96]
[basecaller_main]                             out [N,T,C]: [64, 2048, 96]
[basecaller_main]                             flip: 0.135 sec  lstm: 1.694 sec
[basecaller_main]                         - rnn[2] (reverse): 1.778 sec
[basecaller_main]                             in  [N,T,C]: [64, 2048, 96]
[basecaller_main]                             out [N,T,C]: [64, 2048, 96]
[basecaller_main]                             flip: 0.126 sec  lstm: 1.652 sec
[basecaller_main]                         - rnn[3] (forward): 1.761 sec
[basecaller_main]                             in  [N,T,C]: [64, 2048, 96]
[basecaller_main]                             out [N,T,C]: [64, 2048, 96]
[basecaller_main]                             flip: 0.124 sec  lstm: 1.636 sec
[basecaller_main]                         - rnn[4] (reverse): 1.765 sec
[basecaller_main]                             in  [N,T,C]: [64, 2048, 96]
[basecaller_main]                             out [N,T,C]: [64, 2048, 96]
[basecaller_main]                             flip: 0.122 sec  lstm: 1.643 sec
[basecaller_main]                         - rnn_out_flip: 0.131 sec
[basecaller_main]                             out [N,T,C]: [64, 2048, 96]
[basecaller_main]                     - crf_1: 0.437 sec
[basecaller_main]                         in  [N,T,C]: [64, 2048, 96]
[basecaller_main]                         out [N,T,C]: [64, 2048, 256]
[basecaller_main]                     - crf_2: 0.000 sec
[basecaller_main]                     - clamp: 0.081 sec
[basecaller_main]                 - decode: 147.460 sec
[basecaller_main]                     - scores [N,T,C]: [3, 2048, 256]
[basecaller_main]                     - bwd_scan: 9.721 sec
[basecaller_main]                     - beam_search: 61.970 sec
[basecaller_main]                     - draft (greedy): 6.633 sec
[basecaller_main]                     - fwd_post_scan: 32.017 sec
[basecaller_main]                     - qual_data: 16.761 sec
[basecaller_main]                     - gen_sequence: 11.362 sec
[basecaller_main]                     - d2h_copy: 0.100 sec
[basecaller_main]             - modcall: 0.000 sec
[basecaller_main] load-imbalance: 1598 GPU batches (1598 tail), 102089 real chunks, 102455 padded slots -> 50.1% of 204544 launched GPU slots wasted on padding
[basecaller_main] speculative: drafted 102089, repaired 27538 (alpha=0.730 accept), draft 0.482s repair 47.351s
[basecaller_main]     - postprocess: 0.278 sec
[basecaller_main]     - mod_preprocess: 0.000 sec
[basecaller_main]     - mod_postprocess: 0.000 sec
[basecaller_main] data output: 0.112 sec
[basecaller_main] data free: 0.076 sec
[main] Version: 0.5.0-beta
[main] CMD: ./slorado basecaller -C 128 -c 12288 -K 4096 -p 150 --overlap-decode=yes --fixed-c-batch=no --flush-threshold=64 -o /dev/null --speculative-decode=yes --spec-repair-threshold=10 --spec-margin-threshold=2 --spec-overlap-repair=yes models/dna_r10.4.1_e8.2_400bps_fast@v5.0.0 test/PGXXXX230339/reads_20k.blow5
[main] Real time: 160.951 sec; CPU time: 46.164 sec; Peak RAM: 4.831 GB

