08-11-2026 15:24:27 RAM 3203/7607MB (lfb 112x4MB) SWAP 158/16384MB (cached 87MB) CPU [2%@1036,1%@1036,1%@1036,2%@1036,1%@729,1%@729] GR3D_FREQ 0% cpu@59.718C soc2@58.875C soc0@60.312C gpu@59.187C tj@60.312C soc1@59.718C VDD_IN 5256mW/5256mW VDD_CPU_GPU_CV 681mW/681mW VDD_SOC 1482mW/1482mW
08-11-2026 15:24:28 RAM 3340/7607MB (lfb 112x4MB) SWAP 158/16384MB (cached 87MB) CPU [51%@1036,18%@1036,12%@1036,10%@1036,8%@729,8%@729] GR3D_FREQ 0% cpu@59.343C soc2@58.656C soc0@60.156C gpu@59.156C tj@60.156C soc1@59.656C VDD_IN 5800mW/5528mW VDD_CPU_GPU_CV 1078mW/880mW VDD_SOC 1517mW/1500mW
08-11-2026 15:24:29 RAM 3703/7607MB (lfb 112x4MB) SWAP 158/16384MB (cached 87MB) CPU [35%@1344,53%@1344,20%@1344,18%@1344,11%@1344,12%@1344] GR3D_FREQ 0% cpu@59.625C soc2@58.531C soc0@59.968C gpu@58.968C tj@59.968C soc1@59.406C VDD_IN 6190mW/5749mW VDD_CPU_GPU_CV 1315mW/1025mW VDD_SOC 1557mW/1519mW
08-11-2026 15:24:30 RAM 4511/7607MB (lfb 39x4MB) SWAP 158/16384MB (cached 87MB) CPU [56%@1344,54%@1344,56%@1344,53%@1344,58%@1190,62%@1190] GR3D_FREQ 0% cpu@59.5C soc2@58.437C soc0@59.656C gpu@58.781C tj@59.656C soc1@59.281C VDD_IN 6749mW/5999mW VDD_CPU_GPU_CV 1794mW/1217mW VDD_SOC 1594mW/1538mW
08-11-2026 15:24:31 RAM 5342/7607MB (lfb 39x4MB) SWAP 158/16384MB (cached 87MB) CPU [26%@1344,21%@1344,51%@1344,48%@1344,22%@729,21%@729] GR3D_FREQ 0% cpu@59.343C soc2@58.218C soc0@59.625C gpu@58.843C tj@59.625C soc1@59.125C VDD_IN 6469mW/6093mW VDD_CPU_GPU_CV 1395mW/1253mW VDD_SOC 1634mW/1557mW
08-11-2026 15:24:32 RAM 6019/7607MB (lfb 39x4MB) SWAP 158/16384MB (cached 87MB) CPU [3%@1344,2%@1344,3%@1344,38%@1344,0%@729,0%@729] GR3D_FREQ 99% cpu@59.75C soc2@58.687C soc0@59.593C gpu@60.468C tj@60.468C soc1@59.156C VDD_IN 13131mW/7266mW VDD_CPU_GPU_CV 5558mW/1970mW VDD_SOC 2961mW/1791mW
08-11-2026 15:24:33 RAM 6110/7607MB (lfb 39x4MB) SWAP 158/16384MB (cached 87MB) CPU [2%@729,1%@729,18%@729,1%@729,0%@729,0%@729] GR3D_FREQ 99% cpu@59.812C soc2@59.125C soc0@59.875C gpu@60.906C tj@60.906C soc1@59.062C VDD_IN 15848mW/8492mW VDD_CPU_GPU_CV 6747mW/2653mW VDD_SOC 4014mW/2108mW
08-11-2026 15:24:34 RAM 6113/7607MB (lfb 38x4MB) SWAP 158/16384MB (cached 87MB) CPU [10%@729,10%@729,21%@729,8%@729,2%@729,0%@729] GR3D_FREQ 99% cpu@60C soc2@59.156C soc0@60.125C gpu@61.031C tj@61.031C soc1@59.156C VDD_IN 16058mW/9438mW VDD_CPU_GPU_CV 6904mW/3184mW VDD_SOC 4054mW/2352mW
08-11-2026 15:24:35 RAM 6115/7607MB (lfb 38x4MB) SWAP 158/16384MB (cached 87MB) CPU [9%@729,1%@729,1%@729,9%@729,0%@729,0%@729] GR3D_FREQ 99% cpu@60.25C soc2@59.218C soc0@60C gpu@61.156C tj@61.156C soc1@59.281C VDD_IN 16137mW/10182mW VDD_CPU_GPU_CV 6904mW/3597mW VDD_SOC 4126mW/2549mW
08-11-2026 15:24:36 RAM 6118/7607MB (lfb 39x4MB) SWAP 158/16384MB (cached 87MB) CPU [16%@806,1%@806,1%@806,1%@806,0%@729,0%@729] GR3D_FREQ 99% cpu@60.5C soc2@59.343C soc0@60.156C gpu@61.437C tj@61.437C soc1@59.312C VDD_IN 16216mW/10785mW VDD_CPU_GPU_CV 6932mW/3931mW VDD_SOC 4126mW/2707mW
08-11-2026 15:24:37 RAM 6120/7607MB (lfb 38x4MB) SWAP 158/16384MB (cached 87MB) CPU [15%@729,1%@729,1%@729,1%@729,0%@729,1%@729] GR3D_FREQ 99% cpu@60.312C soc2@59.406C soc0@60.125C gpu@61.437C tj@61.437C soc1@59.437C VDD_IN 16216mW/11279mW VDD_CPU_GPU_CV 6932mW/4204mW VDD_SOC 4126mW/2836mW
08-11-2026 15:24:38 RAM 6174/7607MB (lfb 38x4MB) SWAP 158/16384MB (cached 87MB) CPU [6%@729,2%@729,2%@729,13%@729,0%@729,1%@729] GR3D_FREQ 99% cpu@60.156C soc2@59.5C soc0@60.312C gpu@61.625C tj@61.625C soc1@59.343C VDD_IN 16098mW/11681mW VDD_CPU_GPU_CV 6904mW/4429mW VDD_SOC 4126mW/2943mW
08-11-2026 15:24:39 RAM 6179/7607MB (lfb 39x4MB) SWAP 158/16384MB (cached 87MB) CPU [9%@729,3%@729,4%@729,18%@729,0%@729,0%@729] GR3D_FREQ 99% cpu@60.531C soc2@59.562C soc0@60.281C gpu@61.562C tj@61.406C soc1@59.5C VDD_IN 16295mW/12036mW VDD_CPU_GPU_CV 6971mW/4624mW VDD_SOC 4126mW/3034mW
08-11-2026 15:24:40 RAM 6183/7607MB (lfb 38x4MB) SWAP 158/16384MB (cached 87MB) CPU [16%@729,3%@729,4%@729,11%@729,0%@729,0%@729] GR3D_FREQ 99% cpu@60.468C soc2@59.531C soc0@60.281C gpu@61.562C tj@61.562C soc1@59.468C VDD_IN 16255mW/12337mW VDD_CPU_GPU_CV 6971mW/4792mW VDD_SOC 4126mW/3112mW
08-11-2026 15:24:41 RAM 6186/7607MB (lfb 39x4MB) SWAP 158/16384MB (cached 87MB) CPU [14%@729,1%@729,1%@729,5%@729,0%@729,0%@729] GR3D_FREQ 99% cpu@60.718C soc2@59.593C soc0@60.343C gpu@61.625C tj@61.625C soc1@59.562C VDD_IN 16176mW/12593mW VDD_CPU_GPU_CV 6932mW/4935mW VDD_SOC 4126mW/3180mW
08-11-2026 15:24:42 RAM 6189/7607MB (lfb 38x4MB) SWAP 158/16384MB (cached 87MB) CPU [4%@729,2%@729,1%@729,11%@729,0%@729,1%@729] GR3D_FREQ 99% cpu@60.375C soc2@59.625C soc0@60.468C gpu@61.593C tj@61.593C soc1@59.531C VDD_IN 16098mW/12812mW VDD_CPU_GPU_CV 6854mW/5055mW VDD_SOC 4126mW/3239mW
08-11-2026 15:24:43 RAM 6188/7607MB (lfb 39x4MB) SWAP 158/16384MB (cached 87MB) CPU [17%@729,4%@729,2%@729,4%@729,0%@729,0%@729] GR3D_FREQ 99% cpu@60.562C soc2@59.656C soc0@60.468C gpu@61.687C tj@61.687C soc1@59.562C VDD_IN 16176mW/13010mW VDD_CPU_GPU_CV 6893mW/5163mW VDD_SOC 4165mW/3293mW
08-11-2026 15:24:44 RAM 6191/7607MB (lfb 38x4MB) SWAP 158/16384MB (cached 87MB) CPU [14%@729,1%@729,2%@729,3%@729,2%@729,0%@729] GR3D_FREQ 99% cpu@60.718C soc2@59.718C soc0@60.375C gpu@62C tj@62C soc1@59.593C VDD_IN 16176mW/13186mW VDD_CPU_GPU_CV 6904mW/5259mW VDD_SOC 4086mW/3337mW
08-11-2026 15:24:45 RAM 6194/7607MB (lfb 38x4MB) SWAP 158/16384MB (cached 87MB) CPU [15%@729,2%@729,11%@729,18%@729,2%@729,1%@729] GR3D_FREQ 99% cpu@60.656C soc2@59.75C soc0@60.312C gpu@61.968C tj@61.968C soc1@59.625C VDD_IN 16255mW/13347mW VDD_CPU_GPU_CV 6971mW/5349mW VDD_SOC 4126mW/3379mW
08-11-2026 15:24:46 RAM 6251/7607MB (lfb 39x4MB) SWAP 158/16384MB (cached 87MB) CPU [2%@729,2%@729,2%@729,17%@729,0%@729,0%@729] GR3D_FREQ 99% cpu@60.843C soc2@59.75C soc0@60.468C gpu@61.875C tj@61.875C soc1@59.687C VDD_IN 15769mW/13468mW VDD_CPU_GPU_CV 6669mW/5415mW VDD_SOC 4054mW/3413mW
08-11-2026 15:24:47 RAM 6253/7607MB (lfb 38x4MB) SWAP 158/16384MB (cached 87MB) CPU [2%@729,1%@729,2%@729,14%@729,0%@729,1%@729] GR3D_FREQ 99% cpu@60.531C soc2@59.875C soc0@60.656C gpu@62.187C tj@62.187C soc1@59.687C VDD_IN 16176mW/13597mW VDD_CPU_GPU_CV 6893mW/5486mW VDD_SOC 4126mW/3447mW
08-11-2026 15:24:48 RAM 6256/7607MB (lfb 38x4MB) SWAP 158/16384MB (cached 87MB) CPU [6%@1344,2%@1344,0%@1344,9%@1344,0%@729,2%@729] GR3D_FREQ 99% cpu@60.593C soc2@59.718C soc0@60.562C gpu@62.031C tj@62.031C soc1@59.687C VDD_IN 16019mW/13707mW VDD_CPU_GPU_CV 6787mW/5545mW VDD_SOC 4132mW/3478mW
08-11-2026 15:24:49 RAM 6259/7607MB (lfb 39x4MB) SWAP 158/16384MB (cached 87MB) CPU [4%@729,3%@729,1%@729,10%@729,1%@729,0%@729] GR3D_FREQ 99% cpu@60.937C soc2@59.75C soc0@60.531C gpu@61.875C tj@61.875C soc1@59.687C VDD_IN 16058mW/13810mW VDD_CPU_GPU_CV 6865mW/5602mW VDD_SOC 4126mW/3506mW
08-11-2026 15:24:50 RAM 6265/7607MB (lfb 38x4MB) SWAP 158/16384MB (cached 87MB) CPU [9%@729,6%@729,3%@729,13%@729,19%@729,3%@729] GR3D_FREQ 99% cpu@60.75C soc2@59.875C soc0@60.593C gpu@62.062C tj@62.062C soc1@59.75C VDD_IN 16216mW/13910mW VDD_CPU_GPU_CV 6971mW/5659mW VDD_SOC 4126mW/3532mW
08-11-2026 15:24:51 RAM 6266/7607MB (lfb 38x4MB) SWAP 158/16384MB (cached 87MB) CPU [11%@729,2%@729,1%@729,5%@729,0%@729,0%@729] GR3D_FREQ 99% cpu@60.968C soc2@59.906C soc0@60.625C gpu@61.656C tj@61.656C soc1@59.875C VDD_IN 15809mW/13986mW VDD_CPU_GPU_CV 6669mW/5700mW VDD_SOC 4054mW/3553mW
08-11-2026 15:24:52 RAM 6268/7607MB (lfb 39x4MB) SWAP 158/16384MB (cached 87MB) CPU [1%@729,2%@729,1%@729,14%@729,0%@729,0%@729] GR3D_FREQ 99% cpu@60.531C soc2@59.937C soc0@60.718C gpu@61.843C tj@61.843C soc1@59.812C VDD_IN 15651mW/14050mW VDD_CPU_GPU_CV 6590mW/5734mW VDD_SOC 4014mW/3570mW
08-11-2026 15:24:53 RAM 6271/7607MB (lfb 38x4MB) SWAP 158/16384MB (cached 87MB) CPU [2%@729,2%@729,1%@729,15%@729,0%@729,2%@729] GR3D_FREQ 99% cpu@60.656C soc2@59.843C soc0@60.593C gpu@61.937C tj@61.937C soc1@59.843C VDD_IN 15651mW/14109mW VDD_CPU_GPU_CV 6551mW/5764mW VDD_SOC 4054mW/3588mW
08-11-2026 15:24:54 RAM 6273/7607MB (lfb 38x4MB) SWAP 158/16384MB (cached 87MB) CPU [3%@729,1%@729,1%@729,15%@729,0%@729,0%@729] GR3D_FREQ 99% cpu@61.062C soc2@59.843C soc0@60.593C gpu@61.687C tj@61.687C soc1@59.843C VDD_IN 15887mW/14173mW VDD_CPU_GPU_CV 6708mW/5798mW VDD_SOC 4093mW/3606mW
08-11-2026 15:24:55 RAM 6335/7607MB (lfb 39x4MB) SWAP 158/16384MB (cached 87MB) CPU [9%@729,5%@729,17%@729,17%@729,4%@729,1%@729] GR3D_FREQ 99% cpu@60.75C soc2@59.937C soc0@60.656C gpu@61.875C tj@61.875C soc1@59.937C VDD_IN 16216mW/14243mW VDD_CPU_GPU_CV 6971mW/5838mW VDD_SOC 4126mW/3624mW
08-11-2026 15:24:56 RAM 6338/7607MB (lfb 38x4MB) SWAP 158/16384MB (cached 87MB) CPU [3%@729,2%@729,2%@729,15%@729,0%@729,0%@729] GR3D_FREQ 99% cpu@60.812C soc2@59.968C soc0@60.718C gpu@61.875C tj@61.875C soc1@59.812C VDD_IN 16058mW/14304mW VDD_CPU_GPU_CV 6826mW/5871mW VDD_SOC 4126mW/3641mW
08-11-2026 15:24:57 RAM 6341/7607MB (lfb 38x4MB) SWAP 158/16384MB (cached 87MB) CPU [1%@729,2%@729,1%@729,15%@729,1%@729,1%@729] GR3D_FREQ 99% cpu@60.843C soc2@60.093C soc0@60.906C gpu@61.937C tj@61.937C soc1@59.906C VDD_IN 16137mW/14363mW VDD_CPU_GPU_CV 6854mW/5903mW VDD_SOC 4126mW/3657mW
08-11-2026 15:24:58 RAM 6344/7607MB (lfb 39x4MB) SWAP 158/16384MB (cached 87MB) CPU [0%@729,2%@729,2%@729,15%@729,1%@729,1%@729] GR3D_FREQ 99% cpu@60.937C soc2@59.906C soc0@60.687C gpu@62C tj@62C soc1@59.906C VDD_IN 16176mW/14419mW VDD_CPU_GPU_CV 6865mW/5933mW VDD_SOC 4165mW/3673mW
08-11-2026 15:24:59 RAM 6346/7607MB (lfb 38x4MB) SWAP 158/16384MB (cached 87MB) CPU [1%@729,1%@729,1%@729,15%@729,1%@729,1%@729] GR3D_FREQ 99% cpu@61.156C soc2@60.125C soc0@60.687C gpu@62.187C tj@62.187C soc1@59.968C VDD_IN 16216mW/14474mW VDD_CPU_GPU_CV 6893mW/5962mW VDD_SOC 4126mW/3686mW
08-11-2026 15:25:00 RAM 6350/7607MB (lfb 39x4MB) SWAP 158/16384MB (cached 87MB) CPU [17%@729,6%@729,4%@729,17%@729,0%@729,0%@729] GR3D_FREQ 99% cpu@60.937C soc2@60.156C soc0@60.781C gpu@62.312C tj@62.312C soc1@60.125C VDD_IN 16255mW/14526mW VDD_CPU_GPU_CV 6971mW/5992mW VDD_SOC 4126mW/3699mW
08-11-2026 15:25:01 RAM 6351/7607MB (lfb 39x4MB) SWAP 158/16384MB (cached 87MB) CPU [3%@729,0%@729,3%@729,17%@729,0%@729,0%@729] GR3D_FREQ 99% cpu@60.937C soc2@60.062C soc0@61.031C gpu@62.25C tj@62.25C soc1@59.906C VDD_IN 16255mW/14576mW VDD_CPU_GPU_CV 6893mW/6018mW VDD_SOC 4165mW/3712mW
08-11-2026 15:25:02 RAM 6453/7607MB (lfb 28x4MB) SWAP 158/16384MB (cached 87MB) CPU [4%@1344,9%@1344,1%@1344,9%@1344,14%@1344,15%@1344] GR3D_FREQ 0% cpu@60.5C soc2@59.625C soc0@60.875C gpu@60.625C tj@60.875C soc1@60C VDD_IN 10015mW/14449mW VDD_CPU_GPU_CV 3174mW/5939mW VDD_SOC 2976mW/3692mW
08-11-2026 15:25:03 RAM 6656/7607MB (lfb 1x2MB) SWAP 158/16384MB (cached 87MB) CPU [68%@1344,69%@1344,65%@1344,63%@1344,65%@1344,69%@1344] GR3D_FREQ 0% cpu@60.593C soc2@59.218C soc0@60.312C gpu@59.906C tj@60.593C soc1@59.781C VDD_IN 7854mW/14271mW VDD_CPU_GPU_CV 2507mW/5846mW VDD_SOC 1794mW/3641mW
08-11-2026 15:25:04 RAM 6710/7607MB (lfb 1x4MB) SWAP 158/16384MB (cached 87MB) CPU [18%@729,16%@729,19%@729,25%@729,16%@729,14%@729] GR3D_FREQ 99% cpu@60.687C soc2@59.593C soc0@60.406C gpu@61.375C tj@61.375C soc1@59.718C VDD_IN 14571mW/14279mW VDD_CPU_GPU_CV 6090mW/5852mW VDD_SOC 3587mW/3639mW
08-11-2026 15:25:05 RAM 6713/7607MB (lfb 1x4MB) SWAP 158/16384MB (cached 87MB) CPU [6%@1344,3%@1344,2%@1344,13%@1344,0%@729,2%@729] GR3D_FREQ 99% cpu@60.625C soc2@59.781C soc0@60.531C gpu@61.687C tj@61.687C soc1@59.875C VDD_IN 15690mW/14315mW VDD_CPU_GPU_CV 6630mW/5872mW VDD_SOC 4014mW/3649mW
08-11-2026 15:25:06 RAM 6740/7607MB (lfb 3x2MB) SWAP 158/16384MB (cached 87MB) CPU [4%@729,23%@729,4%@729,13%@729,4%@729,1%@729] GR3D_FREQ 99% cpu@60.687C soc2@59.812C soc0@60.593C gpu@61.812C tj@61.812C soc1@59.812C VDD_IN 15809mW/14352mW VDD_CPU_GPU_CV 6708mW/5893mW VDD_SOC 4054mW/3659mW
08-11-2026 15:25:07 RAM 6741/7607MB (lfb 3x2MB) SWAP 158/16384MB (cached 87MB) CPU [1%@729,15%@729,1%@729,1%@729,0%@729,0%@729] GR3D_FREQ 99% cpu@60.812C soc2@59.937C soc0@60.812C gpu@61.968C tj@61.968C soc1@59.843C VDD_IN 16176mW/14397mW VDD_CPU_GPU_CV 6893mW/5918mW VDD_SOC 4165mW/3671mW
08-11-2026 15:25:08 RAM 6741/7607MB (lfb 3x2MB) SWAP 158/16384MB (cached 87MB) CPU [2%@729,4%@729,1%@729,14%@729,0%@729,0%@729] GR3D_FREQ 93% cpu@60.875C soc2@59.937C soc0@60.687C gpu@62.062C tj@62.062C soc1@59.875C VDD_IN 16019mW/14435mW VDD_CPU_GPU_CV 6787mW/5938mW VDD_SOC 4132mW/3682mW
08-11-2026 15:25:09 RAM 6742/7607MB (lfb 3x2MB) SWAP 158/16384MB (cached 87MB) CPU [2%@729,0%@729,1%@729,15%@729,0%@729,3%@729] GR3D_FREQ 99% cpu@61C soc2@60C soc0@60.718C gpu@62.031C tj@62.031C soc1@59.968C VDD_IN 16255mW/14478mW VDD_CPU_GPU_CV 6971mW/5962mW VDD_SOC 4126mW/3693mW
08-11-2026 15:25:10 RAM 6742/7607MB (lfb 3x2MB) SWAP 158/16384MB (cached 87MB) CPU [4%@729,1%@729,2%@729,12%@729,0%@729,1%@729] GR3D_FREQ 99% cpu@60.687C soc2@60.093C soc0@60.812C gpu@62.218C tj@62.218C soc1@59.906C VDD_IN 15848mW/14509mW VDD_CPU_GPU_CV 6669mW/5978mW VDD_SOC 4093mW/3702mW
08-11-2026 15:25:11 RAM 6749/7607MB (lfb 3x2MB) SWAP 158/16384MB (cached 87MB) CPU [16%@729,18%@729,5%@729,11%@729,0%@729,2%@729] GR3D_FREQ 99% cpu@60.937C soc2@60.125C soc0@60.906C gpu@62.375C tj@62.375C soc1@59.937C VDD_IN 15809mW/14538mW VDD_CPU_GPU_CV 6669mW/5994mW VDD_SOC 4093mW/3710mW
08-11-2026 15:25:12 RAM 6749/7607MB (lfb 3x2MB) SWAP 158/16384MB (cached 87MB) CPU [11%@729,3%@729,1%@729,6%@729,0%@729,2%@729] GR3D_FREQ 99% cpu@60.968C soc2@59.968C soc0@60.75C gpu@62.312C tj@62.312C soc1@59.937C VDD_IN 15651mW/14562mW VDD_CPU_GPU_CV 6590mW/6007mW VDD_SOC 4054mW/3718mW
08-11-2026 15:25:13 RAM 6749/7607MB (lfb 3x2MB) SWAP 158/16384MB (cached 87MB) CPU [3%@729,1%@729,2%@729,14%@729,0%@729,0%@729] GR3D_FREQ 99% cpu@61.125C soc2@60.093C soc0@60.843C gpu@61.968C tj@61.968C soc1@60.062C VDD_IN 15651mW/14585mW VDD_CPU_GPU_CV 6630mW/6020mW VDD_SOC 4014mW/3724mW
08-11-2026 15:25:14 RAM 6749/7607MB (lfb 3x2MB) SWAP 158/16384MB (cached 87MB) CPU [1%@729,2%@729,2%@729,15%@729,0%@729,1%@729] GR3D_FREQ 99% cpu@60.875C soc2@60.093C soc0@60.875C gpu@61.906C tj@61.906C soc1@59.968C VDD_IN 15611mW/14606mW VDD_CPU_GPU_CV 6551mW/6031mW VDD_SOC 4014mW/3730mW
08-11-2026 15:25:15 RAM 6749/7607MB (lfb 3x2MB) SWAP 158/16384MB (cached 87MB) CPU [10%@729,2%@729,1%@729,5%@729,0%@729,1%@729] GR3D_FREQ 99% cpu@61.031C soc2@60.031C soc0@61.125C gpu@62.187C tj@62.187C soc1@59.968C VDD_IN 15848mW/14632mW VDD_CPU_GPU_CV 6669mW/6044mW VDD_SOC 4093mW/3738mW
08-11-2026 15:25:16 RAM 6751/7607MB (lfb 2x2MB) SWAP 158/16384MB (cached 87MB) CPU [30%@729,5%@729,6%@729,3%@729,2%@729,6%@729] GR3D_FREQ 99% cpu@61.218C soc2@60.125C soc0@60.812C gpu@62.437C tj@62.437C soc1@60.062C VDD_IN 16019mW/14659mW VDD_CPU_GPU_CV 6826mW/6060mW VDD_SOC 4126mW/3745mW
08-11-2026 15:25:17 RAM 6751/7607MB (lfb 2x2MB) SWAP 158/16384MB (cached 87MB) CPU [16%@729,1%@729,0%@729,1%@729,0%@729,0%@729] GR3D_FREQ 99% cpu@61.156C soc2@60.187C soc0@60.937C gpu@61.906C tj@61.906C soc1@60.156C VDD_IN 15822mW/14682mW VDD_CPU_GPU_CV 6669mW/6072mW VDD_SOC 4093mW/3752mW
08-11-2026 15:25:18 RAM 6751/7607MB (lfb 2x2MB) SWAP 158/16384MB (cached 87MB) CPU [8%@729,9%@729,1%@729,1%@729,0%@729,1%@729] GR3D_FREQ 99% cpu@61.25C soc2@60.062C soc0@61C gpu@62.093C tj@62.093C soc1@60.187C VDD_IN 15848mW/14705mW VDD_CPU_GPU_CV 6669mW/6083mW VDD_SOC 4054mW/3758mW
08-11-2026 15:25:19 RAM 6751/7607MB (lfb 2x2MB) SWAP 158/16384MB (cached 87MB) CPU [2%@729,15%@729,1%@729,3%@729,0%@729,3%@729] GR3D_FREQ 99% cpu@60.937C soc2@60.218C soc0@61C gpu@62.187C tj@62.187C soc1@60.093C VDD_IN 15611mW/14722mW VDD_CPU_GPU_CV 6551mW/6092mW VDD_SOC 4054mW/3764mW
08-11-2026 15:25:20 RAM 6751/7607MB (lfb 2x2MB) SWAP 158/16384MB (cached 87MB) CPU [6%@729,9%@729,0%@729,1%@729,0%@729,0%@729] GR3D_FREQ 99% cpu@61.125C soc2@60.218C soc0@60.937C gpu@62.25C tj@62.25C soc1@60.125C VDD_IN 15730mW/14740mW VDD_CPU_GPU_CV 6669mW/6103mW VDD_SOC 4054mW/3769mW
08-11-2026 15:25:21 RAM 6752/7607MB (lfb 1x2MB) SWAP 158/16384MB (cached 87MB) CPU [14%@729,9%@729,4%@729,16%@729,2%@729,3%@729] GR3D_FREQ 99% cpu@61.312C soc2@60.281C soc0@61C gpu@62.375C tj@62.375C soc1@60.187C VDD_IN 16019mW/14764mW VDD_CPU_GPU_CV 6826mW/6116mW VDD_SOC 4093mW/3775mW
08-11-2026 15:25:22 RAM 6752/7607MB (lfb 1x2MB) SWAP 158/16384MB (cached 87MB) CPU [4%@729,13%@729,0%@729,2%@729,0%@729,0%@729] GR3D_FREQ 99% cpu@61.093C soc2@60.25C soc0@61.031C gpu@62.343C tj@62.343C soc1@60.218C VDD_IN 16137mW/14788mW VDD_CPU_GPU_CV 6815mW/6128mW VDD_SOC 4165mW/3782mW
08-11-2026 15:25:23 RAM 6752/7607MB (lfb 1x2MB) SWAP 158/16384MB (cached 87MB) CPU [8%@729,10%@729,2%@729,1%@729,0%@729,1%@729] GR3D_FREQ 99% cpu@61.156C soc2@60.468C soc0@61.125C gpu@62.468C tj@62.468C soc1@60.187C VDD_IN 16255mW/14814mW VDD_CPU_GPU_CV 6932mW/6142mW VDD_SOC 4165mW/3789mW
08-11-2026 15:25:24 RAM 6753/7607MB (lfb 1x2MB) SWAP 158/16384MB (cached 87MB) CPU [10%@729,7%@729,1%@729,1%@729,2%@729,1%@729] GR3D_FREQ 99% cpu@61.125C soc2@60.312C soc0@61.187C gpu@62.375C tj@62.375C soc1@60.187C VDD_IN 16176mW/14837mW VDD_CPU_GPU_CV 6893mW/6155mW VDD_SOC 4126mW/3794mW
08-11-2026 15:25:25 RAM 6753/7607MB (lfb 1x2MB) SWAP 158/16384MB (cached 87MB) CPU [2%@729,10%@729,1%@729,1%@729,5%@729,1%@729] GR3D_FREQ 99% cpu@61.218C soc2@60.343C soc0@61.031C gpu@62.468C tj@62.468C soc1@60.281C VDD_IN 15901mW/14855mW VDD_CPU_GPU_CV 6747mW/6165mW VDD_SOC 4093mW/3799mW
08-11-2026 15:25:26 RAM 6756/7607MB (lfb 1x2MB) SWAP 160/16384MB (cached 89MB) CPU [2%@1113,5%@1113,2%@1113,17%@1113,17%@729,5%@729] GR3D_FREQ 99% cpu@61.718C soc2@60.281C soc0@61.093C gpu@62.375C tj@62.375C soc1@60.343C VDD_IN 16098mW/14876mW VDD_CPU_GPU_CV 6893mW/6177mW VDD_SOC 4086mW/3804mW
08-11-2026 15:25:27 RAM 6752/7607MB (lfb 1x2MB) SWAP 160/16384MB (cached 89MB) CPU [1%@729,1%@729,5%@729,3%@729,6%@729,11%@729] GR3D_FREQ 99% cpu@61.093C soc2@60.312C soc0@61.125C gpu@62.281C tj@62.281C soc1@60.312C VDD_IN 15980mW/14894mW VDD_CPU_GPU_CV 6787mW/6187mW VDD_SOC 4093mW/3809mW
08-11-2026 15:25:28 RAM 6753/7607MB (lfb 1x2MB) SWAP 160/16384MB (cached 89MB) CPU [2%@729,2%@729,2%@729,1%@729,16%@729,0%@729] GR3D_FREQ 98% cpu@61.187C soc2@60.406C soc0@61.156C gpu@62.281C tj@62.281C soc1@60.218C VDD_IN 16137mW/14914mW VDD_CPU_GPU_CV 6854mW/6198mW VDD_SOC 4165mW/3815mW
08-11-2026 15:25:29 RAM 6753/7607MB (lfb 1x2MB) SWAP 160/16384MB (cached 89MB) CPU [2%@729,1%@729,1%@729,2%@729,8%@729,9%@729] GR3D_FREQ 99% cpu@61.093C soc2@60.312C soc0@61.25C gpu@62.437C tj@62.687C soc1@60.156C VDD_IN 16176mW/14934mW VDD_CPU_GPU_CV 6854mW/6209mW VDD_SOC 4165mW/3820mW
08-11-2026 15:25:30 RAM 6753/7607MB (lfb 1x2MB) SWAP 160/16384MB (cached 89MB) CPU [2%@729,1%@729,1%@729,1%@729,16%@729,3%@729] GR3D_FREQ 99% cpu@61.187C soc2@60.343C soc0@61.062C gpu@62.718C tj@62.718C soc1@60.25C VDD_IN 16216mW/14954mW VDD_CPU_GPU_CV 6893mW/6219mW VDD_SOC 4165mW/3826mW
08-11-2026 15:25:31 RAM 6753/7607MB (lfb 1x2MB) SWAP 160/16384MB (cached 89MB) CPU [1%@729,1%@729,1%@729,0%@729,13%@729,1%@729] GR3D_FREQ 99% cpu@61.343C soc2@60.375C soc0@61.125C gpu@62.5C tj@62.5C soc1@60.343C VDD_IN 15809mW/14968mW VDD_CPU_GPU_CV 6669mW/6226mW VDD_SOC 4093mW/3830mW
08-11-2026 15:25:32 RAM 6756/7607MB (lfb 1x2MB) SWAP 160/16384MB (cached 89MB) CPU [15%@729,7%@729,4%@729,8%@729,13%@729,0%@729] GR3D_FREQ 99% cpu@61.093C soc2@60.343C soc0@61.125C gpu@62.5C tj@62.5C soc1@60.406C VDD_IN 15690mW/14978mW VDD_CPU_GPU_CV 6590mW/6232mW VDD_SOC 4054mW/3833mW
08-11-2026 15:25:33 RAM 6757/7607MB (lfb 1x2MB) SWAP 160/16384MB (cached 89MB) CPU [1%@729,1%@729,2%@729,1%@729,12%@729,1%@729] GR3D_FREQ 99% cpu@61.125C soc2@60.343C soc0@61.187C gpu@62.375C tj@62.375C soc1@60.281C VDD_IN 15493mW/14986mW VDD_CPU_GPU_CV 6473mW/6235mW VDD_SOC 4014mW/3836mW
08-11-2026 15:25:34 RAM 6757/7607MB (lfb 1x2MB) SWAP 160/16384MB (cached 89MB) CPU [1%@729,2%@729,1%@729,1%@729,16%@729,0%@729] GR3D_FREQ 99% cpu@61.343C soc2@60.312C soc0@61.125C gpu@62.406C tj@62.406C soc1@60.218C VDD_IN 16176mW/15004mW VDD_CPU_GPU_CV 6826mW/6244mW VDD_SOC 4165mW/3841mW
08-11-2026 15:25:35 RAM 6757/7607MB (lfb 1x2MB) SWAP 160/16384MB (cached 89MB) CPU [2%@729,1%@729,2%@729,1%@729,15%@729,2%@729] GR3D_FREQ 99% cpu@61.593C soc2@60.5C soc0@61.125C gpu@62.437C tj@62.437C soc1@60.375C VDD_IN 16137mW/15020mW VDD_CPU_GPU_CV 6815mW/6252mW VDD_SOC 4165mW/3845mW
08-11-2026 15:25:36 RAM 6709/7607MB (lfb 1x2MB) SWAP 160/16384MB (cached 89MB) CPU [14%@1344,9%@1344,5%@1344,5%@1344,22%@729,7%@729] GR3D_FREQ 0% cpu@61.031C soc2@59.875C soc0@61.031C gpu@60.5C tj@61.031C soc1@60.343C VDD_IN 9657mW/14943mW VDD_CPU_GPU_CV 2856mW/6204mW VDD_SOC 2941mW/3832mW
08-11-2026 15:25:37 RAM 6830/7607MB (lfb 2x2MB) SWAP 160/16384MB (cached 89MB) CPU [83%@729,77%@729,73%@729,76%@729,78%@729,76%@729] GR3D_FREQ 99% cpu@60.5C soc2@59.656C soc0@60.687C gpu@61C tj@61C soc1@60.187C VDD_IN 9434mW/14866mW VDD_CPU_GPU_CV 3293mW/6163mW VDD_SOC 2106mW/3808mW
08-11-2026 15:25:38 RAM 6836/7607MB (lfb 1x2MB) SWAP 160/16384MB (cached 89MB) CPU [19%@729,3%@729,1%@729,2%@729,0%@729,1%@729] GR3D_FREQ 99% cpu@60.812C soc2@60.125C soc0@60.968C gpu@62.312C tj@62.312C soc1@60.062C VDD_IN 15296mW/14872mW VDD_CPU_GPU_CV 6473mW/6167mW VDD_SOC 3857mW/3809mW
08-11-2026 15:25:39 RAM 6837/7607MB (lfb 1x2MB) SWAP 160/16384MB (cached 89MB) CPU [8%@729,1%@729,3%@729,8%@729,0%@729,0%@729] GR3D_FREQ 99% cpu@61.031C soc2@60.093C soc0@60.75C gpu@62.531C tj@62.531C soc1@60.125C VDD_IN 15887mW/14886mW VDD_CPU_GPU_CV 6708mW/6174mW VDD_SOC 4093mW/3813mW
08-11-2026 15:25:40 RAM 6835/7607MB (lfb 1x2MB) SWAP 160/16384MB (cached 89MB) CPU [1%@729,2%@729,2%@729,14%@729,0%@729,1%@729] GR3D_FREQ 99% cpu@61.156C soc2@60.187C soc0@60.875C gpu@62.218C tj@62.218C soc1@60.156C VDD_IN 15848mW/14899mW VDD_CPU_GPU_CV 6708mW/6182mW VDD_SOC 4054mW/3816mW
08-11-2026 15:25:41 RAM 6835/7607MB (lfb 1x2MB) SWAP 160/16384MB (cached 89MB) CPU [1%@729,2%@729,1%@729,14%@729,0%@729,0%@729] GR3D_FREQ 99% cpu@61.156C soc2@60.156C soc0@60.937C gpu@62.656C tj@62.656C soc1@60.281C VDD_IN 16098mW/14915mW VDD_CPU_GPU_CV 6854mW/6191mW VDD_SOC 4126mW/3820mW
08-11-2026 15:25:42 RAM 6840/7607MB (lfb 1x2MB) SWAP 160/16384MB (cached 89MB) CPU [9%@729,6%@729,18%@729,15%@729,2%@729,1%@729] GR3D_FREQ 99% cpu@61.156C soc2@60.281C soc0@60.937C gpu@62.156C tj@62.156C soc1@60.093C VDD_IN 16531mW/14936mW VDD_CPU_GPU_CV 7206mW/6204mW VDD_SOC 4165mW/3825mW
08-11-2026 15:25:43 RAM 6839/7607MB (lfb 1x2MB) SWAP 161/16384MB (cached 89MB) CPU [14%@729,1%@729,2%@729,7%@729,2%@729,0%@729] GR3D_FREQ 99% cpu@61.125C soc2@60.218C soc0@61.156C gpu@62.343C tj@62.343C soc1@60.125C VDD_IN 16295mW/14954mW VDD_CPU_GPU_CV 6971mW/6214mW VDD_SOC 4165mW/3829mW
08-11-2026 15:25:44 RAM 6839/7607MB (lfb 1x2MB) SWAP 161/16384MB (cached 89MB) CPU [16%@729,1%@729,1%@729,1%@729,1%@729,1%@729] GR3D_FREQ 99% cpu@61.156C soc2@60.25C soc0@60.937C gpu@62.375C tj@62.375C soc1@60.156C VDD_IN 16373mW/14972mW VDD_CPU_GPU_CV 7011mW/6224mW VDD_SOC 4165mW/3833mW
08-11-2026 15:25:45 RAM 6839/7607MB (lfb 1x2MB) SWAP 161/16384MB (cached 89MB) CPU [17%@729,0%@729,1%@729,1%@729,0%@729,0%@729] GR3D_FREQ 99% cpu@61.406C soc2@60.281C soc0@61C gpu@62.406C tj@62.406C soc1@60.281C VDD_IN 16058mW/14986mW VDD_CPU_GPU_CV 6826mW/6232mW VDD_SOC 4126mW/3837mW
08-11-2026 15:25:46 RAM 6840/7607MB (lfb 1x2MB) SWAP 161/16384MB (cached 89MB) CPU [14%@729,4%@729,2%@729,3%@729,0%@729,0%@729] GR3D_FREQ 99% cpu@61.343C soc2@60.343C soc0@61.062C gpu@62.375C tj@62.375C soc1@60.25C VDD_IN 16137mW/15000mW VDD_CPU_GPU_CV 6854mW/6240mW VDD_SOC 4126mW/3841mW
08-11-2026 15:25:47 RAM 6840/7607MB (lfb 1x2MB) SWAP 161/16384MB (cached 89MB) CPU [10%@1344,1%@1344,3%@1344,6%@1344,1%@729,1%@729] GR3D_FREQ 99% cpu@61.312C soc2@60.437C soc0@61.125C gpu@62.375C tj@62.375C soc1@60.156C VDD_IN 16216mW/15015mW VDD_CPU_GPU_CV 6932mW/6248mW VDD_SOC 4126mW/3844mW
08-11-2026 15:25:48 RAM 6839/7607MB (lfb 2x2MB) SWAP 163/16384MB (cached 89MB) CPU [13%@729,7%@729,17%@729,6%@729,1%@729,1%@729] GR3D_FREQ 99% cpu@61.125C soc2@60.281C soc0@61.187C gpu@62.281C tj@62.281C soc1@60.156C VDD_IN 16295mW/15031mW VDD_CPU_GPU_CV 6971mW/6257mW VDD_SOC 4165mW/3848mW
08-11-2026 15:25:49 RAM 6839/7607MB (lfb 2x2MB) SWAP 163/16384MB (cached 89MB) CPU [16%@729,2%@729,0%@729,2%@729,2%@729,0%@729] GR3D_FREQ 99% cpu@61.312C soc2@60.25C soc0@61C gpu@62.281C tj@62.281C soc1@60.281C VDD_IN 16176mW/15044mW VDD_CPU_GPU_CV 6893mW/6265mW VDD_SOC 4126mW/3852mW
08-11-2026 15:25:50 RAM 6839/7607MB (lfb 2x2MB) SWAP 163/16384MB (cached 89MB) CPU [16%@729,1%@729,1%@729,1%@729,1%@729,0%@729] GR3D_FREQ 96% cpu@61.468C soc2@60.343C soc0@61.031C gpu@62.375C tj@62.375C soc1@60.25C VDD_IN 16216mW/15058mW VDD_CPU_GPU_CV 6893mW/6272mW VDD_SOC 4165mW/3855mW
08-11-2026 15:25:51 RAM 6839/7607MB (lfb 2x2MB) SWAP 163/16384MB (cached 89MB) CPU [16%@729,1%@729,0%@729,3%@729,0%@729,0%@729] GR3D_FREQ 99% cpu@61.125C soc2@60.343C soc0@61.125C gpu@62.343C tj@62.343C soc1@60.156C VDD_IN 16295mW/15073mW VDD_CPU_GPU_CV 6971mW/6280mW VDD_SOC 4126mW/3858mW
08-11-2026 15:25:52 RAM 6837/7607MB (lfb 2x2MB) SWAP 163/16384MB (cached 89MB) CPU [15%@729,3%@729,1%@729,1%@729,0%@729,0%@729] GR3D_FREQ 99% cpu@61.218C soc2@60.437C soc0@61.156C gpu@62.375C tj@62.531C soc1@60.281C VDD_IN 16255mW/15087mW VDD_CPU_GPU_CV 6932mW/6288mW VDD_SOC 4165mW/3862mW
08-11-2026 15:25:53 RAM 6840/7607MB (lfb 4x4MB) SWAP 163/16384MB (cached 89MB) CPU [21%@729,5%@729,8%@729,12%@729,13%@729,1%@729] GR3D_FREQ 99% cpu@61.375C soc2@60.406C soc0@60.968C gpu@62.5C tj@62.5C soc1@60.25C VDD_IN 16334mW/15101mW VDD_CPU_GPU_CV 7011mW/6296mW VDD_SOC 4165mW/3865mW
08-11-2026 15:25:54 RAM 6841/7607MB (lfb 4x4MB) SWAP 163/16384MB (cached 89MB) CPU [15%@729,2%@729,2%@729,2%@729,0%@729,0%@729] GR3D_FREQ 99% cpu@61.375C soc2@60.375C soc0@61.062C gpu@62.468C tj@62.468C soc1@60.281C VDD_IN 15862mW/15110mW VDD_CPU_GPU_CV 6747mW/6301mW VDD_SOC 4054mW/3868mW
08-11-2026 15:25:55 RAM 6842/7607MB (lfb 4x4MB) SWAP 163/16384MB (cached 89MB) CPU [16%@729,1%@729,0%@729,2%@729,1%@729,0%@729] GR3D_FREQ 99% cpu@61.437C soc2@60.437C soc0@61.093C gpu@62.593C tj@62.593C soc1@60.312C VDD_IN 16176mW/15122mW VDD_CPU_GPU_CV 6893mW/6308mW VDD_SOC 4126mW/3871mW
08-11-2026 15:25:56 RAM 6843/7607MB (lfb 4x4MB) SWAP 163/16384MB (cached 89MB) CPU [17%@729,1%@729,0%@729,2%@729,0%@729,0%@729] GR3D_FREQ 99% cpu@61.125C soc2@60.468C soc0@61.156C gpu@62.593C tj@62.593C soc1@60.218C VDD_IN 16295mW/15135mW VDD_CPU_GPU_CV 6971mW/6315mW VDD_SOC 4165mW/3874mW
08-11-2026 15:25:57 RAM 6844/7607MB (lfb 4x4MB) SWAP 163/16384MB (cached 89MB) CPU [16%@1344,2%@1344,1%@1344,1%@1344,0%@729,1%@729] GR3D_FREQ 99% cpu@61.156C soc2@60.375C soc0@61.093C gpu@62.312C tj@62.312C soc1@60.312C VDD_IN 16137mW/15146mW VDD_CPU_GPU_CV 6854mW/6321mW VDD_SOC 4126mW/3877mW
08-11-2026 15:25:58 RAM 6848/7607MB (lfb 4x4MB) SWAP 163/16384MB (cached 89MB) CPU [13%@729,7%@729,4%@729,23%@729,3%@729,2%@729] GR3D_FREQ 99% cpu@61.5C soc2@60.406C soc0@61.093C gpu@62.437C tj@62.437C soc1@60.343C VDD_IN 16255mW/15158mW VDD_CPU_GPU_CV 6932mW/6328mW VDD_SOC 4126mW/3879mW
08-11-2026 15:25:59 RAM 6849/7607MB (lfb 4x4MB) SWAP 163/16384MB (cached 89MB) CPU [2%@729,2%@729,1%@729,16%@729,1%@729,0%@729] GR3D_FREQ 99% cpu@61.343C soc2@60.375C soc0@61.125C gpu@62.468C tj@62.468C soc1@60.375C VDD_IN 16216mW/15169mW VDD_CPU_GPU_CV 6932mW/6334mW VDD_SOC 4165mW/3882mW
08-11-2026 15:26:00 RAM 6850/7607MB (lfb 4x4MB) SWAP 163/16384MB (cached 89MB) CPU [2%@729,1%@729,2%@729,15%@729,0%@729,0%@729] GR3D_FREQ 99% cpu@61.5C soc2@60.437C soc0@61.218C gpu@62.406C tj@62.406C soc1@60.375C VDD_IN 16216mW/15180mW VDD_CPU_GPU_CV 6932mW/6341mW VDD_SOC 4126mW/3885mW
08-11-2026 15:26:01 RAM 6851/7607MB (lfb 4x4MB) SWAP 163/16384MB (cached 89MB) CPU [1%@729,2%@729,1%@729,14%@729,1%@729,0%@729] GR3D_FREQ 99% cpu@61.25C soc2@60.468C soc0@61.156C gpu@62.718C tj@62.718C soc1@60.312C VDD_IN 16137mW/15190mW VDD_CPU_GPU_CV 6893mW/6347mW VDD_SOC 4126mW/3887mW
08-11-2026 15:26:02 RAM 6853/7607MB (lfb 4x4MB) SWAP 163/16384MB (cached 89MB) CPU [10%@729,1%@729,1%@729,5%@729,0%@729,2%@729] GR3D_FREQ 99% cpu@61.187C soc2@60.406C soc0@61.187C gpu@62.718C tj@62.718C soc1@60.312C VDD_IN 15901mW/15198mW VDD_CPU_GPU_CV 6747mW/6351mW VDD_SOC 4093mW/3890mW
08-11-2026 15:26:03 RAM 6858/7607MB (lfb 4x4MB) SWAP 163/16384MB (cached 89MB) CPU [16%@729,5%@729,6%@729,16%@729,1%@729,1%@729] GR3D_FREQ 99% cpu@61.531C soc2@60.437C soc0@61.156C gpu@62.656C tj@62.656C soc1@60.312C VDD_IN 15980mW/15206mW VDD_CPU_GPU_CV 6826mW/6356mW VDD_SOC 4086mW/3892mW
08-11-2026 15:26:04 RAM 6859/7607MB (lfb 4x4MB) SWAP 163/16384MB (cached 89MB) CPU [17%@729,1%@729,3%@729,4%@729,2%@729,0%@729] GR3D_FREQ 99% cpu@61.187C soc2@60.437C soc0@61.156C gpu@62.718C tj@62.718C soc1@60.375C VDD_IN 15862mW/15212mW VDD_CPU_GPU_CV 6747mW/6360mW VDD_SOC 4093mW/3894mW
08-11-2026 15:26:05 RAM 6861/7607MB (lfb 4x4MB) SWAP 163/16384MB (cached 89MB) CPU [14%@729,2%@729,1%@729,0%@729,1%@729,0%@729] GR3D_FREQ 99% cpu@61.125C soc2@60.406C soc0@61.218C gpu@62.875C tj@62.875C soc1@60.281C VDD_IN 15901mW/15219mW VDD_CPU_GPU_CV 6747mW/6364mW VDD_SOC 4093mW/3896mW
08-11-2026 15:26:06 RAM 6865/7607MB (lfb 4x4MB) SWAP 163/16384MB (cached 89MB) CPU [17%@729,2%@729,1%@729,2%@729,1%@729,1%@729] GR3D_FREQ 99% cpu@61.218C soc2@60.343C soc0@61.25C gpu@62.5C tj@62.5C soc1@60.281C VDD_IN 16137mW/15229mW VDD_CPU_GPU_CV 6826mW/6368mW VDD_SOC 4165mW/3898mW
08-11-2026 15:26:07 RAM 6863/7607MB (lfb 1x2MB) SWAP 165/16384MB (cached 88MB) CPU [16%@1344,10%@1344,5%@1344,7%@883,3%@729,5%@729] GR3D_FREQ 0% cpu@61.125C soc2@60.093C soc0@61.062C gpu@61.093C tj@61.125C soc1@60.375C VDD_IN 11647mW/15193mW VDD_CPU_GPU_CV 4232mW/6347mW VDD_SOC 3248mW/3892mW
08-11-2026 15:26:08 RAM 6940/7607MB (lfb 1x2MB) SWAP 178/16384MB (cached 92MB) CPU [66%@1344,73%@1344,67%@1344,68%@1344,74%@1344,64%@1344] GR3D_FREQ 0% cpu@61.187C soc2@59.687C soc0@60.687C gpu@60.156C tj@61.187C soc1@60.281C VDD_IN 8293mW/15125mW VDD_CPU_GPU_CV 2742mW/6312mW VDD_SOC 1870mW/3872mW
08-11-2026 15:26:09 RAM 6957/7607MB (lfb 1x2MB) SWAP 188/16384MB (cached 93MB) CPU [15%@729,29%@729,17%@729,13%@729,13%@729,19%@729] GR3D_FREQ 99% cpu@60.812C soc2@59.906C soc0@60.781C gpu@61.875C tj@61.875C soc1@60.25C VDD_IN 14571mW/15120mW VDD_CPU_GPU_CV 6051mW/6309mW VDD_SOC 3627mW/3870mW
08-11-2026 15:26:10 RAM 6957/7607MB (lfb 1x2MB) SWAP 188/16384MB (cached 93MB) CPU [3%@729,15%@729,0%@729,4%@729,0%@729,0%@729] GR3D_FREQ 99% cpu@60.937C soc2@60.093C soc0@60.968C gpu@62.062C tj@61.937C soc1@60C VDD_IN 15690mW/15126mW VDD_CPU_GPU_CV 6590mW/6312mW VDD_SOC 4054mW/3872mW
08-11-2026 15:26:11 RAM 6958/7607MB (lfb 1x2MB) SWAP 188/16384MB (cached 93MB) CPU [2%@729,14%@729,0%@729,1%@729,2%@729,0%@729] GR3D_FREQ 99% cpu@61.031C soc2@60.156C soc0@60.875C gpu@61.906C tj@61.906C soc1@60.062C VDD_IN 15769mW/15132mW VDD_CPU_GPU_CV 6669mW/6315mW VDD_SOC 4054mW/3873mW
08-11-2026 15:26:12 RAM 6958/7607MB (lfb 1x2MB) SWAP 188/16384MB (cached 93MB) CPU [2%@729,15%@729,2%@729,1%@729,1%@729,3%@729] GR3D_FREQ 99% cpu@61.25C soc2@60.093C soc0@60.843C gpu@62.031C tj@62.031C soc1@60.125C VDD_IN 15940mW/15139mW VDD_CPU_GPU_CV 6747mW/6319mW VDD_SOC 4093mW/3875mW
08-11-2026 15:26:13 RAM 6957/7607MB (lfb 1x2MB) SWAP 188/16384MB (cached 93MB) CPU [2%@729,18%@729,1%@729,1%@729,1%@729,0%@729] GR3D_FREQ 99% cpu@61.25C soc2@60.218C soc0@61C gpu@62.312C tj@62.312C soc1@60.218C VDD_IN 16373mW/15151mW VDD_CPU_GPU_CV 7011mW/6326mW VDD_SOC 4165mW/3878mW
08-11-2026 15:26:14 RAM 6960/7607MB (lfb 1x2MB) SWAP 188/16384MB (cached 93MB) CPU [5%@729,17%@729,14%@729,12%@729,2%@729,0%@729] GR3D_FREQ 99% cpu@60.968C soc2@60.25C soc0@60.968C gpu@62.218C tj@62.218C soc1@60.125C VDD_IN 16334mW/15162mW VDD_CPU_GPU_CV 7050mW/6332mW VDD_SOC 4165mW/3881mW
08-11-2026 15:26:15 RAM 6960/7607MB (lfb 1x2MB) SWAP 188/16384MB (cached 93MB) CPU [2%@729,1%@729,15%@729,1%@729,0%@729,0%@729] GR3D_FREQ 99% cpu@61.062C soc2@60.218C soc0@61.093C gpu@62.375C tj@62.375C soc1@60.093C VDD_IN 16334mW/15173mW VDD_CPU_GPU_CV 7011mW/6339mW VDD_SOC 4165mW/3883mW
08-11-2026 15:26:16 RAM 6960/7607MB (lfb 2x2MB) SWAP 190/16384MB (cached 93MB) CPU [2%@729,3%@729,15%@729,1%@729,1%@729,0%@729] GR3D_FREQ 99% cpu@61.312C soc2@60.187C soc0@61C gpu@62.375C tj@62.375C soc1@60.187C VDD_IN 16137mW/15181mW VDD_CPU_GPU_CV 6893mW/6344mW VDD_SOC 4086mW/3885mW
08-11-2026 15:26:17 RAM 6962/7607MB (lfb 1x2MB) SWAP 190/16384MB (cached 93MB) CPU [3%@729,2%@729,14%@729,1%@729,1%@729,1%@729] GR3D_FREQ 99% cpu@61.343C soc2@60.25C soc0@61.062C gpu@62.375C tj@62.375C soc1@60.218C VDD_IN 15901mW/15188mW VDD_CPU_GPU_CV 6708mW/6347mW VDD_SOC 4093mW/3887mW
08-11-2026 15:26:18 RAM 6965/7607MB (lfb 3x4MB) SWAP 190/16384MB (cached 93MB) CPU [1%@729,3%@729,15%@729,13%@729,0%@729,1%@729] GR3D_FREQ 99% cpu@61.375C soc2@60.312C soc0@61.093C gpu@62.531C tj@62.531C soc1@60.218C VDD_IN 16216mW/15197mW VDD_CPU_GPU_CV 6932mW/6352mW VDD_SOC 4126mW/3889mW
08-11-2026 15:26:19 RAM 6974/7607MB (lfb 4x4MB) SWAP 190/16384MB (cached 93MB) CPU [20%@729,7%@729,14%@729,6%@729,4%@729,3%@729] GR3D_FREQ 99% cpu@61.125C soc2@60.375C soc0@61.125C gpu@62.562C tj@62.562C soc1@60.125C VDD_IN 16255mW/15206mW VDD_CPU_GPU_CV 6971mW/6358mW VDD_SOC 4126mW/3891mW
08-11-2026 15:26:20 RAM 6977/7607MB (lfb 4x4MB) SWAP 190/16384MB (cached 93MB) CPU [2%@729,0%@729,13%@729,0%@729,0%@729,0%@729] GR3D_FREQ 99% cpu@61.093C soc2@60.312C soc0@61.187C gpu@62.156C tj@62.156C soc1@60.25C VDD_IN 16176mW/15215mW VDD_CPU_GPU_CV 6932mW/6363mW VDD_SOC 4086mW/3893mW
08-11-2026 15:26:21 RAM 6979/7607MB (lfb 4x4MB) SWAP 190/16384MB (cached 93MB) CPU [4%@729,3%@729,15%@729,1%@729,0%@729,0%@729] GR3D_FREQ 99% cpu@61.25C soc2@60.375C soc0@61.093C gpu@62.406C tj@62.406C soc1@60.156C VDD_IN 16373mW/15225mW VDD_CPU_GPU_CV 7011mW/6368mW VDD_SOC 4165mW/3895mW
08-11-2026 15:26:22 RAM 6980/7607MB (lfb 4x4MB) SWAP 190/16384MB (cached 93MB) CPU [1%@729,11%@729,4%@729,2%@729,1%@729,0%@729] GR3D_FREQ 99% cpu@61.562C soc2@60.343C soc0@61.062C gpu@62.312C tj@62.312C soc1@60.375C VDD_IN 16176mW/15233mW VDD_CPU_GPU_CV 6893mW/6373mW VDD_SOC 4126mW/3897mW
08-11-2026 15:26:23 RAM 6982/7607MB (lfb 4x4MB) SWAP 190/16384MB (cached 93MB) CPU [2%@729,14%@729,2%@729,0%@729,1%@729,0%@729] GR3D_FREQ 99% cpu@61.125C soc2@60.406C soc0@61.218C gpu@62.437C tj@62.437C soc1@60.375C VDD_IN 16176mW/15241mW VDD_CPU_GPU_CV 6893mW/6377mW VDD_SOC 4126mW/3899mW
08-11-2026 15:26:24 RAM 6990/7607MB (lfb 3x4MB) SWAP 190/16384MB (cached 93MB) CPU [19%@729,14%@729,8%@729,3%@729,1%@729,5%@729] GR3D_FREQ 99% cpu@61.281C soc2@60.468C soc0@61.281C gpu@62.562C tj@62.562C soc1@60.312C VDD_IN 16255mW/15250mW VDD_CPU_GPU_CV 7011mW/6383mW VDD_SOC 4126mW/3901mW
08-11-2026 15:26:25 RAM 6992/7607MB (lfb 3x4MB) SWAP 190/16384MB (cached 93MB) CPU [4%@729,14%@729,3%@729,1%@729,1%@729,0%@729] GR3D_FREQ 99% cpu@61.125C soc2@60.312C soc0@61.156C gpu@62.531C tj@62.531C soc1@60.25C VDD_IN 15769mW/15254mW VDD_CPU_GPU_CV 6669mW/6385mW VDD_SOC 4054mW/3902mW
08-11-2026 15:26:26 RAM 6993/7607MB (lfb 3x4MB) SWAP 190/16384MB (cached 93MB) CPU [1%@729,16%@729,1%@729,1%@729,0%@729,0%@729] GR3D_FREQ 99% cpu@61.281C soc2@60.468C soc0@61.156C gpu@62.75C tj@62.75C soc1@60.375C VDD_IN 16216mW/15262mW VDD_CPU_GPU_CV 6932mW/6390mW VDD_SOC 4165mW/3905mW
08-11-2026 15:26:27 RAM 6995/7607MB (lfb 3x4MB) SWAP 190/16384MB (cached 93MB) CPU [3%@729,14%@729,1%@729,0%@729,1%@729,1%@729] GR3D_FREQ 99% cpu@61.437C soc2@60.531C soc0@61.25C gpu@62.593C tj@62.593C soc1@60.375C VDD_IN 15901mW/15267mW VDD_CPU_GPU_CV 6787mW/6393mW VDD_SOC 4054mW/3906mW
08-11-2026 15:26:28 RAM 6996/7607MB (lfb 3x4MB) SWAP 190/16384MB (cached 93MB) CPU [14%@729,5%@729,1%@729,1%@729,0%@729,1%@729] GR3D_FREQ 99% cpu@61.187C soc2@60.562C soc0@61.25C gpu@62.843C tj@62.843C soc1@60.312C VDD_IN 16058mW/15274mW VDD_CPU_GPU_CV 6826mW/6397mW VDD_SOC 4126mW/3908mW
08-11-2026 15:26:30 RAM 7000/7607MB (lfb 3x4MB) SWAP 190/16384MB (cached 93MB) CPU [24%@806,1%@806,7%@1344,2%@1344,2%@729,3%@729] GR3D_FREQ 99% cpu@61.437C soc2@60.531C soc0@61.312C gpu@62.437C tj@62.437C soc1@60.375C VDD_IN 16255mW/15282mW VDD_CPU_GPU_CV 6971mW/6401mW VDD_SOC 4126mW/3909mW
08-11-2026 15:26:31 RAM 7002/7607MB (lfb 3x4MB) SWAP 190/16384MB (cached 93MB) CPU [8%@729,2%@729,15%@729,4%@729,0%@729,1%@729] GR3D_FREQ 99% cpu@61.593C soc2@60.5C soc0@61.156C gpu@62.531C tj@62.531C soc1@60.343C VDD_IN 16098mW/15288mW VDD_CPU_GPU_CV 6854mW/6405mW VDD_SOC 4126mW/3911mW
08-11-2026 15:26:32 RAM 7004/7607MB (lfb 3x4MB) SWAP 190/16384MB (cached 93MB) CPU [10%@1344,1%@1344,7%@1344,1%@1344,0%@729,0%@729] GR3D_FREQ 99% cpu@61.375C soc2@60.375C soc0@61.281C gpu@62.531C tj@62.531C soc1@60.406C VDD_IN 16176mW/15296mW VDD_CPU_GPU_CV 6893mW/6409mW VDD_SOC 4165mW/3913mW
08-11-2026 15:26:33 RAM 7007/7607MB (lfb 3x4MB) SWAP 190/16384MB (cached 93MB) CPU [16%@1344,3%@1344,0%@1344,1%@1344,0%@729,0%@729] GR3D_FREQ 99% cpu@61.406C soc2@60.5C soc0@61.312C gpu@62.687C tj@62.687C soc1@60.406C VDD_IN 16295mW/15304mW VDD_CPU_GPU_CV 6893mW/6413mW VDD_SOC 4165mW/3915mW
08-11-2026 15:26:34 RAM 7010/7607MB (lfb 3x4MB) SWAP 190/16384MB (cached 93MB) CPU [13%@729,2%@729,1%@729,1%@729,0%@729,0%@729] GR3D_FREQ 99% cpu@61.312C soc2@60.656C soc0@61.406C gpu@62.593C tj@62.593C soc1@60.343C VDD_IN 16176mW/15310mW VDD_CPU_GPU_CV 6893mW/6416mW VDD_SOC 4126mW/3917mW
08-11-2026 15:26:35 RAM 7012/7607MB (lfb 2x4MB) SWAP 190/16384MB (cached 93MB) CPU [15%@729,1%@729,1%@729,1%@729,0%@729,2%@729] GR3D_FREQ 99% cpu@61.437C soc2@60.468C soc0@61.25C gpu@62.562C tj@62.562C soc1@60.375C VDD_IN 16137mW/15317mW VDD_CPU_GPU_CV 6826mW/6420mW VDD_SOC 4126mW/3919mW
08-11-2026 15:26:36 RAM 7014/7607MB (lfb 2x4MB) SWAP 190/16384MB (cached 93MB) CPU [5%@729,7%@729,8%@729,14%@729,12%@729,4%@729] GR3D_FREQ 99% cpu@61.5C soc2@60.562C soc0@61.312C gpu@62.375C tj@62.375C soc1@60.531C VDD_IN 15901mW/15321mW VDD_CPU_GPU_CV 6747mW/6422mW VDD_SOC 4093mW/3920mW
08-11-2026 15:26:37 RAM 7015/7607MB (lfb 2x4MB) SWAP 190/16384MB (cached 93MB) CPU [2%@729,2%@729,2%@729,2%@729,14%@729,0%@729] GR3D_FREQ 99% cpu@61.281C soc2@60.531C soc0@61.25C gpu@62.343C tj@62.562C soc1@60.625C VDD_IN 15783mW/15325mW VDD_CPU_GPU_CV 6669mW/6424mW VDD_SOC 4093mW/3921mW
08-11-2026 15:26:38 RAM 7016/7607MB (lfb 2x4MB) SWAP 190/16384MB (cached 93MB) CPU [1%@729,2%@729,2%@729,1%@729,13%@729,0%@729] GR3D_FREQ 99% cpu@61.25C soc2@60.656C soc0@61.312C gpu@62.625C tj@62.625C soc1@60.375C VDD_IN 15809mW/15329mW VDD_CPU_GPU_CV 6630mW/6426mW VDD_SOC 4093mW/3923mW
08-11-2026 15:26:39 RAM 7019/7607MB (lfb 1x4MB) SWAP 190/16384MB (cached 93MB) CPU [1%@729,1%@729,1%@729,2%@729,12%@729,4%@729] GR3D_FREQ 99% cpu@61.5C soc2@60.437C soc0@61.437C gpu@62.625C tj@62.625C soc1@60.406C VDD_IN 15730mW/15332mW VDD_CPU_GPU_CV 6590mW/6427mW VDD_SOC 4054mW/3924mW
08-11-2026 15:26:40 RAM 7021/7607MB (lfb 2x2MB) SWAP 190/16384MB (cached 93MB) CPU [2%@729,1%@729,1%@729,1%@729,0%@729,16%@729] GR3D_FREQ 99% cpu@61.281C soc2@60.531C soc0@61.25C gpu@62.312C tj@62.312C soc1@60.437C VDD_IN 15059mW/15330mW VDD_CPU_GPU_CV 6287mW/6426mW VDD_SOC 3896mW/3923mW
08-11-2026 15:26:41 RAM 7010/7607MB (lfb 1x2MB) SWAP 205/16384MB (cached 97MB) CPU [52%@1344,48%@1344,53%@1344,51%@1344,49%@1344,60%@1344] GR3D_FREQ 0% cpu@61.531C soc2@59.875C soc0@61.031C gpu@60.406C tj@61.531C soc1@60.375C VDD_IN 8678mW/15280mW VDD_CPU_GPU_CV 2821mW/6399mW VDD_SOC 2109mW/3910mW
08-11-2026 15:26:42 RAM 7054/7607MB (lfb 1x2MB) SWAP 205/16384MB (cached 97MB) CPU [31%@729,28%@729,29%@729,40%@729,29%@729,27%@729] GR3D_FREQ 99% cpu@61.031C soc2@60.218C soc0@61C gpu@61.937C tj@61.937C soc1@60.312C VDD_IN 14215mW/15272mW VDD_CPU_GPU_CV 5864mW/6395mW VDD_SOC 3548mW/3907mW
08-11-2026 15:26:43 RAM 7053/7607MB (lfb 1x2MB) SWAP 205/16384MB (cached 97MB) CPU [4%@729,6%@729,2%@729,16%@729,0%@729,0%@729] GR3D_FREQ 99% cpu@61.156C soc2@60.281C soc0@61.187C gpu@62.187C tj@62.187C soc1@60.281C VDD_IN 15862mW/15276mW VDD_CPU_GPU_CV 6747mW/6398mW VDD_SOC 4054mW/3908mW
08-11-2026 15:26:44 RAM 7053/7607MB (lfb 1x2MB) SWAP 205/16384MB (cached 97MB) CPU [1%@729,1%@729,2%@729,12%@729,1%@729,0%@729] GR3D_FREQ 99% cpu@61.343C soc2@60.375C soc0@61.062C gpu@62.281C tj@62.281C soc1@60.375C VDD_IN 15809mW/15280mW VDD_CPU_GPU_CV 6669mW/6399mW VDD_SOC 4054mW/3909mW
08-11-2026 15:26:45 RAM 7053/7607MB (lfb 1x2MB) SWAP 205/16384MB (cached 97MB) CPU [3%@729,4%@729,1%@729,12%@729,0%@729,0%@729] GR3D_FREQ 99% cpu@61.5C soc2@60.437C soc0@61.125C gpu@62.468C tj@62.468C soc1@60.375C VDD_IN 15783mW/15284mW VDD_CPU_GPU_CV 6669mW/6401mW VDD_SOC 4054mW/3910mW
08-11-2026 15:26:46 RAM 7055/7607MB (lfb 1x2MB) SWAP 205/16384MB (cached 97MB) CPU [21%@729,16%@729,8%@729,3%@729,0%@729,1%@729] GR3D_FREQ 99% cpu@61.531C soc2@60.468C soc0@61.25C gpu@62.656C tj@62.656C soc1@60.593C VDD_IN 16058mW/15290mW VDD_CPU_GPU_CV 6854mW/6405mW VDD_SOC 4126mW/3912mW
08-11-2026 15:26:47 RAM 7055/7607MB (lfb 1x2MB) SWAP 205/16384MB (cached 97MB) CPU [1%@729,15%@729,4%@729,2%@729,0%@729,0%@729] GR3D_FREQ 99% cpu@61.125C soc2@60.593C soc0@61.25C gpu@62.656C tj@62.656C soc1@60.375C VDD_IN 15730mW/15293mW VDD_CPU_GPU_CV 6630mW/6406mW VDD_SOC 4054mW/3913mW
08-11-2026 15:26:48 RAM 7055/7607MB (lfb 1x2MB) SWAP 205/16384MB (cached 97MB) CPU [3%@729,16%@729,2%@729,1%@729,0%@729,0%@729] GR3D_FREQ 99% cpu@61.281C soc2@60.5C soc0@61.343C gpu@62.687C tj@62.687C soc1@60.437C VDD_IN 15901mW/15297mW VDD_CPU_GPU_CV 6747mW/6409mW VDD_SOC 4093mW/3914mW
08-11-2026 15:26:49 RAM 7055/7607MB (lfb 1x2MB) SWAP 205/16384MB (cached 97MB) CPU [3%@729,14%@729,3%@729,3%@729,0%@729,0%@729] GR3D_FREQ 99% cpu@61.406C soc2@60.468C soc0@61.281C gpu@62.343C tj@62.343C soc1@60.5C VDD_IN 15730mW/15300mW VDD_CPU_GPU_CV 6630mW/6410mW VDD_SOC 4054mW/3915mW
08-11-2026 15:26:50 RAM 7055/7607MB (lfb 1x2MB) SWAP 205/16384MB (cached 97MB) CPU [3%@729,13%@729,1%@729,2%@729,0%@729,0%@729] GR3D_FREQ 99% cpu@61.656C soc2@60.625C soc0@61.375C gpu@62.531C tj@62.531C soc1@60.468C VDD_IN 16137mW/15306mW VDD_CPU_GPU_CV 6815mW/6413mW VDD_SOC 4165mW/3917mW
08-11-2026 15:26:51 RAM 7059/7607MB (lfb 1x2MB) SWAP 205/16384MB (cached 97MB) CPU [27%@1344,5%@1344,8%@1344,4%@1344,0%@729,0%@729] GR3D_FREQ 99% cpu@61.656C soc2@60.625C soc0@61.312C gpu@62.437C tj@62.437C soc1@60.562C VDD_IN 16058mW/15311mW VDD_CPU_GPU_CV 6854mW/6416mW VDD_SOC 4086mW/3918mW
08-11-2026 15:26:52 RAM 7055/7607MB (lfb 1x2MB) SWAP 205/16384MB (cached 97MB) CPU [5%@729,3%@729,3%@729,18%@729,1%@729,7%@729] GR3D_FREQ 99% cpu@61.437C soc2@60.531C soc0@61.437C gpu@62.593C tj@62.593C soc1@60.406C VDD_IN 15901mW/15315mW VDD_CPU_GPU_CV 6747mW/6418mW VDD_SOC 4093mW/3919mW
08-11-2026 15:26:53 RAM 7055/7607MB (lfb 1x2MB) SWAP 205/16384MB (cached 97MB) CPU [2%@729,1%@729,2%@729,14%@729,0%@729,0%@729] GR3D_FREQ 99% cpu@61.625C soc2@60.656C soc0@61.25C gpu@62.531C tj@62.781C soc1@60.562C VDD_IN 16137mW/15321mW VDD_CPU_GPU_CV 6893mW/6422mW VDD_SOC 4126mW/3921mW
08-11-2026 15:26:54 RAM 7056/7607MB (lfb 1x2MB) SWAP 205/16384MB (cached 97MB) CPU [2%@729,11%@729,1%@729,4%@729,0%@729,1%@729] GR3D_FREQ 99% cpu@61.531C soc2@60.625C soc0@61.343C gpu@62.843C tj@62.843C soc1@60.531C VDD_IN 15940mW/15325mW VDD_CPU_GPU_CV 6747mW/6424mW VDD_SOC 4132mW/3922mW
08-11-2026 15:26:55 RAM 7056/7607MB (lfb 1x2MB) SWAP 205/16384MB (cached 97MB) CPU [2%@729,2%@729,2%@729,15%@729,0%@729,0%@729] GR3D_FREQ 99% cpu@61.75C soc2@60.687C soc0@61.406C gpu@63.187C tj@63.187C soc1@60.687C VDD_IN 16334mW/15332mW VDD_CPU_GPU_CV 6971mW/6428mW VDD_SOC 4165mW/3924mW
08-11-2026 15:26:56 RAM 7056/7607MB (lfb 1x2MB) SWAP 205/16384MB (cached 97MB) CPU [2%@1190,3%@1190,2%@1190,13%@1190,0%@729,1%@729] GR3D_FREQ 99% cpu@61.625C soc2@60.656C soc0@61.375C gpu@63.031C tj@63.031C soc1@60.468C VDD_IN 16295mW/15338mW VDD_CPU_GPU_CV 6971mW/6431mW VDD_SOC 4126mW/3925mW
08-11-2026 15:26:57 RAM 7057/7607MB (lfb 1x2MB) SWAP 205/16384MB (cached 97MB) CPU [30%@729,3%@729,3%@729,7%@729,1%@729,1%@729] GR3D_FREQ 99% cpu@61.656C soc2@60.656C soc0@61.593C gpu@62.906C tj@62.906C soc1@60.562C VDD_IN 16255mW/15344mW VDD_CPU_GPU_CV 6971mW/6435mW VDD_SOC 4126mW/3926mW
08-11-2026 15:26:58 RAM 7057/7607MB (lfb 1x2MB) SWAP 205/16384MB (cached 97MB) CPU [16%@729,3%@729,1%@729,2%@729,1%@729,0%@729] GR3D_FREQ 99% cpu@61.718C soc2@60.687C soc0@61.5C gpu@63.093C tj@63.093C soc1@60.593C VDD_IN 16334mW/15351mW VDD_CPU_GPU_CV 6971mW/6438mW VDD_SOC 4165mW/3928mW
08-11-2026 15:26:59 RAM 7055/7607MB (lfb 1x2MB) SWAP 205/16384MB (cached 97MB) CPU [13%@729,1%@729,1%@729,3%@729,0%@729,2%@729] GR3D_FREQ 94% cpu@61.625C soc2@60.718C soc0@61.375C gpu@62.843C tj@62.843C soc1@60.625C VDD_IN 16176mW/15356mW VDD_CPU_GPU_CV 6893mW/6441mW VDD_SOC 4165mW/3930mW
08-11-2026 15:27:00 RAM 7050/7607MB (lfb 1x2MB) SWAP 205/16384MB (cached 97MB) CPU [7%@1344,5%@1344,14%@1344,4%@1344,0%@729,2%@729] GR3D_FREQ 99% cpu@61.875C soc2@60.656C soc0@61.5C gpu@62.843C tj@62.843C soc1@60.718C VDD_IN 16295mW/15363mW VDD_CPU_GPU_CV 7011mW/6445mW VDD_SOC 4126mW/3931mW
08-11-2026 15:27:01 RAM 7049/7607MB (lfb 1x2MB) SWAP 205/16384MB (cached 97MB) CPU [20%@729,13%@729,9%@729,17%@729,1%@729,2%@729] GR3D_FREQ 99% cpu@61.531C soc2@60.781C soc0@61.593C gpu@62.843C tj@62.843C soc1@60.656C VDD_IN 16295mW/15369mW VDD_CPU_GPU_CV 6971mW/6449mW VDD_SOC 4165mW/3932mW
08-11-2026 15:27:02 RAM 7054/7607MB (lfb 1x2MB) SWAP 205/16384MB (cached 97MB) CPU [20%@729,8%@729,10%@729,18%@729,2%@729,0%@729] GR3D_FREQ 99% cpu@61.625C soc2@60.687C soc0@61.531C gpu@62.906C tj@62.906C soc1@60.656C VDD_IN 16373mW/15375mW VDD_CPU_GPU_CV 7050mW/6452mW VDD_SOC 4165mW/3934mW
08-11-2026 15:27:03 RAM 7054/7607MB (lfb 1x2MB) SWAP 205/16384MB (cached 97MB) CPU [17%@729,2%@729,5%@729,11%@729,0%@729,1%@729] GR3D_FREQ 99% cpu@61.875C soc2@60.843C soc0@61.406C gpu@63C tj@62.687C soc1@60.781C VDD_IN 16295mW/15381mW VDD_CPU_GPU_CV 6932mW/6455mW VDD_SOC 4165mW/3935mW
08-11-2026 15:27:04 RAM 7055/7607MB (lfb 1x2MB) SWAP 205/16384MB (cached 97MB) CPU [10%@729,6%@729,1%@729,7%@729,0%@729,0%@729] GR3D_FREQ 99% cpu@61.531C soc2@60.843C soc0@61.5C gpu@62.531C tj@62.531C soc1@60.781C VDD_IN 15901mW/15384mW VDD_CPU_GPU_CV 6747mW/6457mW VDD_SOC 4086mW/3936mW
08-11-2026 15:27:05 RAM 7055/7607MB (lfb 1x2MB) SWAP 205/16384MB (cached 97MB) CPU [1%@729,16%@729,2%@729,2%@729,0%@729,0%@729] GR3D_FREQ 95% cpu@61.625C soc2@60.812C soc0@61.593C gpu@62.843C tj@62.843C soc1@60.625C VDD_IN 16255mW/15390mW VDD_CPU_GPU_CV 6893mW/6460mW VDD_SOC 4165mW/3938mW
08-11-2026 15:27:06 RAM 7055/7607MB (lfb 1x2MB) SWAP 205/16384MB (cached 97MB) CPU [2%@729,13%@729,0%@729,2%@729,0%@729,0%@729] GR3D_FREQ 99% cpu@61.687C soc2@60.875C soc0@61.687C gpu@63.062C tj@63.062C soc1@60.593C VDD_IN 16295mW/15395mW VDD_CPU_GPU_CV 6971mW/6463mW VDD_SOC 4126mW/3939mW
08-11-2026 15:27:07 RAM 7057/7607MB (lfb 1x2MB) SWAP 205/16384MB (cached 97MB) CPU [14%@1113,24%@1113,9%@1113,2%@1113,0%@729,0%@729] GR3D_FREQ 99% cpu@61.781C soc2@60.843C soc0@61.5C gpu@63C tj@63C soc1@60.656C VDD_IN 16413mW/15402mW VDD_CPU_GPU_CV 7089mW/6467mW VDD_SOC 4165mW/3940mW
08-11-2026 15:27:08 RAM 7051/7607MB (lfb 1x2MB) SWAP 214/16384MB (cached 95MB) CPU [21%@1344,18%@1344,5%@1344,71%@1344,2%@729,10%@729] GR3D_FREQ 99% cpu@62.343C soc2@60.968C soc0@61.625C gpu@62.875C tj@62.875C soc1@60.875C VDD_IN 16609mW/15409mW VDD_CPU_GPU_CV 7324mW/6473mW VDD_SOC 4126mW/3942mW
08-11-2026 15:27:09 RAM 7018/7607MB (lfb 1x2MB) SWAP 214/16384MB (cached 95MB) CPU [8%@1344,13%@1344,14%@1344,42%@1344,70%@1113,13%@1113] GR3D_FREQ 0% cpu@61.875C soc2@60.781C soc0@61.656C gpu@61.562C tj@62.062C soc1@60.75C VDD_IN 13368mW/15397mW VDD_CPU_GPU_CV 5361mW/6466mW VDD_SOC 3474mW/3939mW
08-11-2026 15:27:10 RAM 4834/7607MB (lfb 33x4MB) SWAP 214/16384MB (cached 95MB) CPU [12%@1113,4%@1113,68%@1113,27%@1113,15%@1344,57%@1344] GR3D_FREQ 0% cpu@61.125C soc2@60.031C soc0@61.156C gpu@60.437C tj@61.156C soc1@60.531C VDD_IN 7137mW/15346mW VDD_CPU_GPU_CV 1831mW/6437mW VDD_SOC 1873mW/3926mW
