
slorado base-caller version 0.5.0-beta
model path:         models/dna_r10.4.1_e8.2_400bps_hac@v5.0.0
input path:         test/PGXXXX230339/reads_1k.blow5
output path:        /dev/null
device:             cuda:all
chunk size:         12288
read batch size:    4096
gpu batch size:     128
no. threads:        8
overlap:            150

[parse_qscore_params::INFO][1;34m mean_qscore_start_pos not found in config toml, setting default to 60[0m
[basecaller_main::0.426*2.91] 1000 Entries (49.5M bytes) loaded
[basecaller_main::48.509*0.66] 1000 Entries (49.5M bytes) processed

[basecaller_main] total entries: 1000
[basecaller_main] total bytes: 49.5 M
[basecaller_main] model initialization: 0.371 sec
[basecaller_main] data loading: 0.053 sec
[basecaller_main] data processing: 48.083 sec
[basecaller_main]     - parse: 0.380 sec
[basecaller_main]     - preprocess: 0.014 sec
[basecaller_main]     - runners: 47.669 sec
[basecaller_main]          - synchronisation: 0.000 sec
[basecaller_main]          - model runner [0]: 47.668 sec
[basecaller_main]             - accept: 0.280 sec
[basecaller_main]             - basecall: 47.388 sec
[basecaller_main]                 - inference: 41.354 sec
[basecaller_main]                     - conv_stack: 3.241 sec
[basecaller_main]                         - input [N,C,T]: [128, 1, 12288]
[basecaller_main]                         - conv[0]: 0.485 sec
[basecaller_main]                             in  [N,C,T]: [128, 1, 12288]
[basecaller_main]                             out [N,C,T]: [128, 16, 12288]
[basecaller_main]                             op: 0.429 sec  act: 0.056 sec
[basecaller_main]                         - conv[1]: 0.511 sec
[basecaller_main]                             in  [N,C,T]: [128, 16, 12288]
[basecaller_main]                             out [N,C,T]: [128, 16, 12288]
[basecaller_main]                             op: 0.460 sec  act: 0.051 sec
[basecaller_main]                         - conv[2]: 2.243 sec
[basecaller_main]                             in  [N,C,T]: [128, 16, 12288]
[basecaller_main]                             out [N,C,T]: [128, 384, 2048]
[basecaller_main]                             op: 2.051 sec  act: 0.192 sec
[basecaller_main]                         - transpose: 0.001 sec
[basecaller_main]                             in  [N,C,T]: [128, 384, 2048]
[basecaller_main]                             out [N,T,C]: [128, 2048, 384]
[basecaller_main]                     - rnns: 36.039 sec
[basecaller_main]                         - rnn[0] (reverse): 9.919 sec
[basecaller_main]                             in  [N,T,C]: [128, 2048, 384]
[basecaller_main]                             out [N,T,C]: [128, 2048, 384]
[basecaller_main]                             flip: 0.413 sec  lstm: 9.505 sec
[basecaller_main]                         - rnn[1] (forward): 6.445 sec
[basecaller_main]                             in  [N,T,C]: [128, 2048, 384]
[basecaller_main]                             out [N,T,C]: [128, 2048, 384]
[basecaller_main]                             flip: 0.373 sec  lstm: 6.073 sec
[basecaller_main]                         - rnn[2] (reverse): 6.429 sec
[basecaller_main]                             in  [N,T,C]: [128, 2048, 384]
[basecaller_main]                             out [N,T,C]: [128, 2048, 384]
[basecaller_main]                             flip: 0.370 sec  lstm: 6.059 sec
[basecaller_main]                         - rnn[3] (forward): 6.427 sec
[basecaller_main]                             in  [N,T,C]: [128, 2048, 384]
[basecaller_main]                             out [N,T,C]: [128, 2048, 384]
[basecaller_main]                             flip: 0.372 sec  lstm: 6.055 sec
[basecaller_main]                         - rnn[4] (reverse): 6.449 sec
[basecaller_main]                             in  [N,T,C]: [128, 2048, 384]
[basecaller_main]                             out [N,T,C]: [128, 2048, 384]
[basecaller_main]                             flip: 0.371 sec  lstm: 6.078 sec
[basecaller_main]                         - rnn_out_flip: 0.370 sec
[basecaller_main]                             out [N,T,C]: [128, 2048, 384]
[basecaller_main]                     - crf_1: 1.564 sec
[basecaller_main]                         in  [N,T,C]: [128, 2048, 384]
[basecaller_main]                         out [N,T,C]: [128, 2048, 1024]
[basecaller_main]                     - crf_2: 0.000 sec
[basecaller_main]                     - clamp: 0.476 sec
[basecaller_main]                 - decode: 4.810 sec
[basecaller_main]                     - scores [N,T,C]: [128, 2048, 1024]
[basecaller_main]                     - bwd_scan: 0.696 sec
[basecaller_main]                     - beam_search: 2.694 sec
[basecaller_main]                     - fwd_post_scan: 1.097 sec
[basecaller_main]                     - qual_data: 0.167 sec
[basecaller_main]                     - gen_sequence: 0.094 sec
[basecaller_main]                     - d2h_copy: 0.020 sec
[basecaller_main]             - modcall: 0.000 sec
[basecaller_main]     - postprocess: 0.021 sec
[basecaller_main]     - mod_preprocess: 0.000 sec
[basecaller_main]     - mod_postprocess: 0.000 sec
[basecaller_main] data output: 0.004 sec
[basecaller_main] data free: 0.009 sec
[main] Version: 0.5.0-beta
[main] CMD: ./slorado basecaller -C 128 -c 12288 -K 4096 -p 150 -o /dev/null models/dna_r10.4.1_e8.2_400bps_hac@v5.0.0 test/PGXXXX230339/reads_1k.blow5
[main] Real time: 48.559 sec; CPU time: 32.120 sec; Peak RAM: 4.262 GB

