08-11-2026 21:45:38 RAM 1841/7607MB (lfb 99x4MB) SWAP 1543/16384MB (cached 71MB) CPU [2%@729,2%@729,2%@729,1%@1036,0%@729,0%@729] GR3D_FREQ 0% cpu@49.562C soc2@48.437C soc0@50C gpu@49.75C tj@50C soc1@49.656C VDD_IN 5064mW/5064mW VDD_CPU_GPU_CV 561mW/561mW VDD_SOC 1484mW/1484mW
08-11-2026 21:45:39 RAM 2059/7607MB (lfb 99x4MB) SWAP 1542/16384MB (cached 71MB) CPU [57%@1113,29%@1113,9%@1113,10%@1113,7%@729,7%@729] GR3D_FREQ 0% cpu@49.906C soc2@48.5C soc0@50C gpu@50C tj@50C soc1@49.875C VDD_IN 5720mW/5392mW VDD_CPU_GPU_CV 1038mW/800mW VDD_SOC 1520mW/1502mW
08-11-2026 21:45:40 RAM 2893/7607MB (lfb 95x4MB) SWAP 1542/16384MB (cached 71MB) CPU [25%@729,38%@729,21%@729,59%@729,24%@729,23%@729] GR3D_FREQ 99% cpu@49.625C soc2@48.593C soc0@50.031C gpu@50.437C tj@50.437C soc1@49.625C VDD_IN 6549mW/5778mW VDD_CPU_GPU_CV 1515mW/1038mW VDD_SOC 1637mW/1547mW
08-11-2026 21:45:41 RAM 3995/7607MB (lfb 28x4MB) SWAP 1542/16384MB (cached 71MB) CPU [34%@729,2%@729,8%@729,1%@729,52%@1344,0%@1344] GR3D_FREQ 92% cpu@50.562C soc2@49C soc0@50.312C gpu@52.031C tj@52.031C soc1@49.718C VDD_IN 12320mW/7413mW VDD_CPU_GPU_CV 5488mW/2151mW VDD_SOC 2575mW/1804mW
08-11-2026 21:45:42 RAM 5060/7607MB (lfb 12x4MB) SWAP 1537/16384MB (cached 74MB) CPU [12%@1344,9%@1344,52%@1344,20%@1344,52%@729,18%@729] GR3D_FREQ 99% cpu@50.812C soc2@49.281C soc0@50.437C gpu@51.875C tj@51.875C soc1@49.812C VDD_IN 11467mW/8224mW VDD_CPU_GPU_CV 4706mW/2662mW VDD_SOC 2539mW/1951mW
08-11-2026 21:45:43 RAM 5062/7607MB (lfb 12x4MB) SWAP 1537/16384MB (cached 74MB) CPU [3%@1344,2%@1344,1%@1344,0%@729,0%@729,73%@729] GR3D_FREQ 97% cpu@51.156C soc2@49.937C soc0@50.687C gpu@53.093C tj@53.093C soc1@50.25C VDD_IN 16676mW/9633mW VDD_CPU_GPU_CV 8068mW/3563mW VDD_SOC 3699mW/2242mW
08-11-2026 21:45:44 RAM 5062/7607MB (lfb 12x4MB) SWAP 1537/16384MB (cached 73MB) CPU [3%@729,5%@729,0%@729,1%@729,0%@1344,59%@1344] GR3D_FREQ 97% cpu@51.906C soc2@50.375C soc0@51.125C gpu@53.093C tj@53.093C soc1@50.5C VDD_IN 17082mW/10697mW VDD_CPU_GPU_CV 8264mW/4234mW VDD_SOC 3890mW/2478mW
08-11-2026 21:45:45 RAM 5064/7607MB (lfb 12x4MB) SWAP 1536/16384MB (cached 74MB) CPU [3%@729,4%@729,3%@729,5%@729,0%@1344,58%@1344] GR3D_FREQ 93% cpu@51.656C soc2@50.656C soc0@51.437C gpu@53.406C tj@53.406C soc1@50.531C VDD_IN 17121mW/11500mW VDD_CPU_GPU_CV 8146mW/4723mW VDD_SOC 3929mW/2659mW
08-11-2026 21:45:46 RAM 5065/7607MB (lfb 12x4MB) SWAP 1536/16384MB (cached 73MB) CPU [4%@729,5%@729,1%@729,2%@729,1%@1344,58%@1344] GR3D_FREQ 93% cpu@52.062C soc2@50.718C soc0@51.437C gpu@53.625C tj@53.625C soc1@50.781C VDD_IN 16964mW/12107mW VDD_CPU_GPU_CV 7911mW/5077mW VDD_SOC 3968mW/2805mW
08-11-2026 21:45:47 RAM 5068/7607MB (lfb 12x4MB) SWAP 1536/16384MB (cached 73MB) CPU [7%@883,8%@883,2%@883,8%@883,0%@1344,59%@1344] GR3D_FREQ 98% cpu@52.468C soc2@51C soc0@51.656C gpu@53.656C tj@53.656C soc1@50.906C VDD_IN 16885mW/12585mW VDD_CPU_GPU_CV 7637mW/5333mW VDD_SOC 4047mW/2929mW
08-11-2026 21:45:48 RAM 5070/7607MB (lfb 12x4MB) SWAP 1535/16384MB (cached 73MB) CPU [5%@729,2%@729,1%@729,9%@729,1%@1344,59%@1344] GR3D_FREQ 98% cpu@52.531C soc2@51.125C soc0@51.968C gpu@54.031C tj@54.031C soc1@51.25C VDD_IN 16439mW/12935mW VDD_CPU_GPU_CV 7061mW/5490mW VDD_SOC 4132mW/3038mW
08-11-2026 21:45:49 RAM 5070/7607MB (lfb 12x4MB) SWAP 1535/16384MB (cached 73MB) CPU [5%@729,3%@729,3%@729,1%@729,0%@729,60%@729] GR3D_FREQ 96% cpu@52.343C soc2@51.375C soc0@52.218C gpu@54.187C tj@54.187C soc1@51.281C VDD_IN 16084mW/13198mW VDD_CPU_GPU_CV 7375mW/5648mW VDD_SOC 3857mW/3106mW
08-11-2026 21:45:50 RAM 5070/7607MB (lfb 12x4MB) SWAP 1535/16384MB (cached 73MB) CPU [1%@729,6%@729,1%@729,1%@729,0%@729,70%@729] GR3D_FREQ 99% cpu@52.75C soc2@51.531C soc0@52.468C gpu@54.187C tj@54.187C soc1@51.468C VDD_IN 17475mW/13527mW VDD_CPU_GPU_CV 8342mW/5855mW VDD_SOC 4086mW/3182mW
08-11-2026 21:45:51 RAM 5071/7607MB (lfb 12x4MB) SWAP 1535/16384MB (cached 73MB) CPU [2%@729,4%@729,2%@729,1%@729,0%@1344,68%@1344] GR3D_FREQ 97% cpu@53.031C soc2@51.718C soc0@52.437C gpu@54.468C tj@54.468C soc1@51.687C VDD_IN 17318mW/13797mW VDD_CPU_GPU_CV 8460mW/6041mW VDD_SOC 3929mW/3235mW
08-11-2026 21:45:52 RAM 5072/7607MB (lfb 12x4MB) SWAP 1534/16384MB (cached 73MB) CPU [3%@729,8%@729,1%@729,2%@729,1%@1344,58%@1344] GR3D_FREQ 98% cpu@53.375C soc2@51.968C soc0@52.625C gpu@54.593C tj@54.718C soc1@51.812C VDD_IN 17279mW/14030mW VDD_CPU_GPU_CV 8342mW/6194mW VDD_SOC 3929mW/3281mW
08-11-2026 21:45:53 RAM 5077/7607MB (lfb 12x4MB) SWAP 1533/16384MB (cached 73MB) CPU [7%@729,18%@729,7%@729,3%@729,43%@1344,16%@1344] GR3D_FREQ 97% cpu@53.156C soc2@52.062C soc0@52.812C gpu@54.906C tj@54.906C soc1@52.093C VDD_IN 17239mW/14230mW VDD_CPU_GPU_CV 8225mW/6321mW VDD_SOC 3968mW/3324mW
08-11-2026 21:45:54 RAM 5077/7607MB (lfb 12x4MB) SWAP 1533/16384MB (cached 73MB) CPU [3%@729,3%@729,2%@729,5%@729,59%@1344,0%@1344] GR3D_FREQ 98% cpu@53.375C soc2@52.281C soc0@53.062C gpu@55.031C tj@55.031C soc1@52.156C VDD_IN 17003mW/14393mW VDD_CPU_GPU_CV 7833mW/6410mW VDD_SOC 4008mW/3365mW
08-11-2026 21:45:55 RAM 5078/7607MB (lfb 12x4MB) SWAP 1533/16384MB (cached 73MB) CPU [1%@729,4%@729,3%@729,0%@729,59%@1344,0%@1344] GR3D_FREQ 97% cpu@53.687C soc2@52.343C soc0@53.375C gpu@55.031C tj@55.031C soc1@52.312C VDD_IN 16767mW/14525mW VDD_CPU_GPU_CV 7441mW/6467mW VDD_SOC 4086mW/3405mW
08-11-2026 21:45:56 RAM 5075/7607MB (lfb 21x4MB) SWAP 1532/16384MB (cached 75MB) CPU [5%@729,4%@729,3%@729,3%@729,56%@806,2%@806] GR3D_FREQ 99% cpu@54.062C soc2@52.562C soc0@53.312C gpu@54.687C tj@54.687C soc1@52.5C VDD_IN 16439mW/14626mW VDD_CPU_GPU_CV 7061mW/6499mW VDD_SOC 4093mW/3441mW
08-11-2026 21:45:57 RAM 5077/7607MB (lfb 21x4MB) SWAP 1530/16384MB (cached 75MB) CPU [1%@729,1%@729,4%@729,5%@729,63%@729,3%@729] GR3D_FREQ 99% cpu@53.875C soc2@52.75C soc0@53.437C gpu@55.187C tj@55.187C soc1@52.687C VDD_IN 16531mW/14721mW VDD_CPU_GPU_CV 7716mW/6560mW VDD_SOC 3936mW/3466mW
08-11-2026 21:45:58 RAM 5077/7607MB (lfb 21x4MB) SWAP 1530/16384MB (cached 75MB) CPU [6%@729,1%@729,70%@729,0%@729,2%@729,1%@729] GR3D_FREQ 99% cpu@53.843C soc2@53C soc0@53.687C gpu@55.593C tj@55.593C soc1@52.906C VDD_IN 17397mW/14849mW VDD_CPU_GPU_CV 8499mW/6652mW VDD_SOC 3890mW/3486mW
08-11-2026 21:45:59 RAM 5079/7607MB (lfb 21x4MB) SWAP 1529/16384MB (cached 75MB) CPU [9%@1344,62%@1344,14%@1344,3%@1344,5%@729,1%@729] GR3D_FREQ 98% cpu@54.093C soc2@53.281C soc0@53.937C gpu@55.625C tj@55.625C soc1@52.937C VDD_IN 17239mW/14957mW VDD_CPU_GPU_CV 8381mW/6730mW VDD_SOC 3851mW/3502mW
08-11-2026 21:46:00 RAM 5080/7607MB (lfb 21x4MB) SWAP 1529/16384MB (cached 75MB) CPU [4%@1344,60%@1344,1%@1344,3%@1344,0%@729,0%@729] GR3D_FREQ 93% cpu@54.156C soc2@53.218C soc0@54C gpu@55.687C tj@55.687C soc1@53.125C VDD_IN 17121mW/15051mW VDD_CPU_GPU_CV 8225mW/6795mW VDD_SOC 3890mW/3519mW
08-11-2026 21:46:01 RAM 5080/7607MB (lfb 21x4MB) SWAP 1529/16384MB (cached 75MB) CPU [1%@1344,58%@1344,2%@1344,5%@1344,1%@729,0%@729] GR3D_FREQ 98% cpu@54.343C soc2@53.406C soc0@53.937C gpu@55.906C tj@55.906C soc1@53.218C VDD_IN 17042mW/15134mW VDD_CPU_GPU_CV 7990mW/6845mW VDD_SOC 3929mW/3536mW
08-11-2026 21:46:02 RAM 5080/7607MB (lfb 21x4MB) SWAP 1529/16384MB (cached 75MB) CPU [3%@1344,36%@1344,6%@1344,28%@1344,1%@729,0%@729] GR3D_FREQ 97% cpu@54.812C soc2@53.562C soc0@54.156C gpu@55.968C tj@55.968C soc1@53.437C VDD_IN 16846mW/15203mW VDD_CPU_GPU_CV 7676mW/6878mW VDD_SOC 3968mW/3554mW
08-11-2026 21:46:03 RAM 5080/7607MB (lfb 21x4MB) SWAP 1529/16384MB (cached 75MB) CPU [2%@1344,2%@1344,3%@1344,60%@1344,1%@729,2%@729] GR3D_FREQ 98% cpu@54.593C soc2@53.625C soc0@54.312C gpu@55.875C tj@55.875C soc1@53.593C VDD_IN 16531mW/15254mW VDD_CPU_GPU_CV 7218mW/6892mW VDD_SOC 4054mW/3573mW
08-11-2026 21:46:04 RAM 5082/7607MB (lfb 21x4MB) SWAP 1528/16384MB (cached 75MB) CPU [14%@729,3%@729,15%@729,58%@729,0%@729,1%@729] GR3D_FREQ 99% cpu@54.593C soc2@53.812C soc0@54.656C gpu@56C tj@56C soc1@53.593C VDD_IN 16321mW/15293mW VDD_CPU_GPU_CV 7611mW/6918mW VDD_SOC 3817mW/3582mW
08-11-2026 21:46:05 RAM 5083/7607MB (lfb 21x4MB) SWAP 1528/16384MB (cached 75MB) CPU [4%@729,50%@729,2%@729,21%@729,0%@729,0%@729] GR3D_FREQ 99% cpu@54.875C soc2@53.875C soc0@54.781C gpu@56.468C tj@56.468C soc1@53.812C VDD_IN 17200mW/15361mW VDD_CPU_GPU_CV 8186mW/6963mW VDD_SOC 3929mW/3594mW
08-11-2026 21:46:06 RAM 5083/7607MB (lfb 21x4MB) SWAP 1528/16384MB (cached 75MB) CPU [3%@1344,70%@1344,0%@1344,3%@1344,1%@729,0%@729] GR3D_FREQ 97% cpu@55.125C soc2@54.093C soc0@54.625C gpu@56.812C tj@56.812C soc1@53.937C VDD_IN 17357mW/15430mW VDD_CPU_GPU_CV 8524mW/7017mW VDD_SOC 3851mW/3603mW
08-11-2026 21:46:07 RAM 5083/7607MB (lfb 21x4MB) SWAP 1528/16384MB (cached 75MB) CPU [3%@729,1%@729,3%@729,12%@729,49%@1036,1%@1036] GR3D_FREQ 98% cpu@55.281C soc2@54.156C soc0@54.906C gpu@57C tj@57C soc1@54.093C VDD_IN 17279mW/15492mW VDD_CPU_GPU_CV 8421mW/7064mW VDD_SOC 3851mW/3611mW
08-11-2026 21:46:08 RAM 5083/7607MB (lfb 21x4MB) SWAP 1528/16384MB (cached 75MB) CPU [2%@729,3%@729,1%@729,2%@729,57%@960,1%@960] GR3D_FREQ 97% cpu@55.187C soc2@54.25C soc0@55.093C gpu@57.031C tj@57.031C soc1@54.281C VDD_IN 17121mW/15544mW VDD_CPU_GPU_CV 8225mW/7101mW VDD_SOC 3890mW/3620mW
08-11-2026 21:46:09 RAM 5083/7607MB (lfb 21x4MB) SWAP 1528/16384MB (cached 75MB) CPU [2%@729,2%@729,3%@729,3%@729,58%@729,0%@729] GR3D_FREQ 97% cpu@55.375C soc2@54.375C soc0@55.187C gpu@57.093C tj@57.093C soc1@54.468C VDD_IN 16964mW/15589mW VDD_CPU_GPU_CV 7911mW/7127mW VDD_SOC 3929mW/3630mW
08-11-2026 21:46:10 RAM 5089/7607MB (lfb 21x4MB) SWAP 1528/16384MB (cached 75MB) CPU [8%@729,2%@729,14%@729,2%@729,61%@1344,3%@1344] GR3D_FREQ 97% cpu@55.531C soc2@54.343C soc0@55.312C gpu@57.031C tj@57.031C soc1@54.343C VDD_IN 16767mW/15624mW VDD_CPU_GPU_CV 7559mW/7140mW VDD_SOC 4008mW/3641mW
08-11-2026 21:46:11 RAM 5090/7607MB (lfb 21x4MB) SWAP 1528/16384MB (cached 75MB) CPU [2%@729,2%@729,5%@729,2%@729,26%@1267,35%@1267] GR3D_FREQ 99% cpu@56.062C soc2@54.593C soc0@55.343C gpu@56.687C tj@56.687C soc1@54.5C VDD_IN 16452mW/15649mW VDD_CPU_GPU_CV 7022mW/7136mW VDD_SOC 4093mW/3655mW
08-11-2026 21:46:12 RAM 5090/7607MB (lfb 21x4MB) SWAP 1528/16384MB (cached 75MB) CPU [9%@729,1%@729,1%@729,2%@729,0%@729,61%@729] GR3D_FREQ 80% cpu@55.812C soc2@54.656C soc0@55.468C gpu@56.812C tj@56.812C soc1@54.75C VDD_IN 16163mW/15663mW VDD_CPU_GPU_CV 7454mW/7145mW VDD_SOC 3817mW/3659mW
08-11-2026 21:46:13 RAM 5088/7607MB (lfb 21x4MB) SWAP 1528/16384MB (cached 75MB) CPU [3%@729,2%@729,3%@729,3%@729,0%@729,70%@729] GR3D_FREQ 98% cpu@55.843C soc2@54.875C soc0@55.656C gpu@57.375C tj@57.375C soc1@54.781C VDD_IN 17526mW/15715mW VDD_CPU_GPU_CV 8485mW/7183mW VDD_SOC 3968mW/3668mW
08-11-2026 21:46:14 RAM 5088/7607MB (lfb 21x4MB) SWAP 1528/16384MB (cached 75MB) CPU [6%@729,0%@729,2%@729,1%@729,0%@1344,66%@1344] GR3D_FREQ 98% cpu@56.125C soc2@55.031C soc0@55.781C gpu@57.5C tj@57.5C soc1@54.812C VDD_IN 17318mW/15759mW VDD_CPU_GPU_CV 8499mW/7218mW VDD_SOC 3851mW/3673mW
08-11-2026 21:46:15 RAM 5088/7607MB (lfb 21x4MB) SWAP 1528/16384MB (cached 75MB) CPU [7%@806,6%@806,3%@806,7%@806,1%@1344,59%@1344] GR3D_FREQ 97% cpu@56.406C soc2@55.125C soc0@55.843C gpu@57.593C tj@57.593C soc1@55.031C VDD_IN 17357mW/15801mW VDD_CPU_GPU_CV 8407mW/7250mW VDD_SOC 3890mW/3679mW
08-11-2026 21:46:16 RAM 5090/7607MB (lfb 21x4MB) SWAP 1527/16384MB (cached 75MB) CPU [5%@729,4%@729,8%@729,1%@729,0%@1344,58%@1344] GR3D_FREQ 97% cpu@56.718C soc2@55.218C soc0@56C gpu@57.656C tj@57.656C soc1@55.156C VDD_IN 17160mW/15835mW VDD_CPU_GPU_CV 8146mW/7273mW VDD_SOC 3929mW/3685mW
08-11-2026 21:46:17 RAM 5091/7607MB (lfb 21x4MB) SWAP 1527/16384MB (cached 75MB) CPU [2%@729,5%@729,1%@729,2%@729,0%@1344,58%@1344] GR3D_FREQ 98% cpu@56.531C soc2@55.312C soc0@56C gpu@57.593C tj@57.593C soc1@55.25C VDD_IN 16964mW/15864mW VDD_CPU_GPU_CV 7794mW/7286mW VDD_SOC 3968mW/3692mW
08-11-2026 21:46:18 RAM 5091/7607MB (lfb 21x4MB) SWAP 1527/16384MB (cached 75MB) CPU [4%@729,1%@729,3%@729,3%@729,0%@1344,58%@1344] GR3D_FREQ 97% cpu@56.437C soc2@55.406C soc0@56.218C gpu@57.562C tj@57.562C soc1@55.25C VDD_IN 16649mW/15883mW VDD_CPU_GPU_CV 7324mW/7287mW VDD_SOC 4047mW/3701mW
08-11-2026 21:46:19 RAM 5092/7607MB (lfb 21x4MB) SWAP 1527/16384MB (cached 75MB) CPU [3%@729,5%@729,2%@729,1%@729,0%@729,55%@729] GR3D_FREQ 96% cpu@56.5C soc2@55.562C soc0@56.375C gpu@57.281C tj@57.281C soc1@55.343C VDD_IN 16242mW/15891mW VDD_CPU_GPU_CV 7297mW/7287mW VDD_SOC 3936mW/3706mW
08-11-2026 21:46:20 RAM 5092/7607MB (lfb 21x4MB) SWAP 1527/16384MB (cached 75MB) CPU [2%@729,1%@729,4%@729,2%@729,0%@729,67%@729] GR3D_FREQ 99% cpu@56.5C soc2@55.593C soc0@56.281C gpu@57.562C tj@57.562C soc1@55.531C VDD_IN 16767mW/15912mW VDD_CPU_GPU_CV 7911mW/7301mW VDD_SOC 3851mW/3710mW
08-11-2026 21:46:21 RAM 5093/7607MB (lfb 21x4MB) SWAP 1525/16384MB (cached 75MB) CPU [9%@729,11%@729,12%@729,9%@729,1%@729,71%@729] GR3D_FREQ 97% cpu@56.968C soc2@55.875C soc0@56.468C gpu@58.156C tj@58.156C soc1@55.593C VDD_IN 17475mW/15947mW VDD_CPU_GPU_CV 8602mW/7331mW VDD_SOC 3851mW/3713mW
08-11-2026 21:46:22 RAM 5094/7607MB (lfb 21x4MB) SWAP 1525/16384MB (cached 75MB) CPU [5%@729,3%@729,9%@729,3%@729,1%@729,58%@729] GR3D_FREQ 98% cpu@56.843C soc2@55.843C soc0@56.593C gpu@58.25C tj@58.25C soc1@55.781C VDD_IN 17239mW/15976mW VDD_CPU_GPU_CV 8381mW/7354mW VDD_SOC 3890mW/3717mW
08-11-2026 21:46:23 RAM 5095/7607MB (lfb 21x4MB) SWAP 1525/16384MB (cached 75MB) CPU [1%@729,2%@729,6%@729,2%@729,0%@1344,58%@1344] GR3D_FREQ 97% cpu@56.718C soc2@56C soc0@56.781C gpu@58.281C tj@58.281C soc1@55.968C VDD_IN 17121mW/16001mW VDD_CPU_GPU_CV 8146mW/7371mW VDD_SOC 3890mW/3721mW
08-11-2026 21:46:24 RAM 5095/7607MB (lfb 21x4MB) SWAP 1525/16384MB (cached 75MB) CPU [7%@1344,0%@1344,2%@1344,1%@1344,0%@1344,58%@1344] GR3D_FREQ 93% cpu@56.906C soc2@56.062C soc0@56.718C gpu@58.5C tj@58.5C soc1@55.875C VDD_IN 17003mW/16022mW VDD_CPU_GPU_CV 7911mW/7383mW VDD_SOC 3929mW/3725mW
08-11-2026 21:46:25 RAM 5095/7607MB (lfb 21x4MB) SWAP 1525/16384MB (cached 75MB) CPU [1%@729,2%@729,6%@729,2%@729,0%@1344,60%@1344] GR3D_FREQ 94% cpu@57.25C soc2@56.093C soc0@56.781C gpu@58.281C tj@58.281C soc1@56.031C VDD_IN 16846mW/16039mW VDD_CPU_GPU_CV 7598mW/7387mW VDD_SOC 4008mW/3731mW
08-11-2026 21:46:26 RAM 5096/7607MB (lfb 21x4MB) SWAP 1525/16384MB (cached 75MB) CPU [2%@729,2%@729,1%@729,5%@729,0%@1344,59%@1344] GR3D_FREQ 97% cpu@57.75C soc2@56.187C soc0@56.968C gpu@58.125C tj@58.125C soc1@56.093C VDD_IN 16570mW/16050mW VDD_CPU_GPU_CV 7167mW/7383mW VDD_SOC 4086mW/3738mW
08-11-2026 21:46:27 RAM 5109/7607MB (lfb 21x4MB) SWAP 1524/16384MB (cached 75MB) CPU [9%@729,7%@729,20%@729,6%@729,2%@729,61%@729] GR3D_FREQ 0% cpu@57.031C soc2@56.281C soc0@57.093C gpu@57.531C tj@57.531C soc1@56.156C VDD_IN 15651mW/16042mW VDD_CPU_GPU_CV 7140mW/7378mW VDD_SOC 3699mW/3737mW
