
slorado base-caller version 0.5.0-beta
model path:         models/dna_r10.4.1_e8.2_400bps_fast@v5.0.0
input path:         test/PGXXXX230339/reads_20k.blow5
output path:        /dev/null
device:             cuda:all
chunk size:         12288
read batch size:    4096
gpu batch size:     128
no. threads:        8
overlap:            150

[basecaller_main::0.731*1.83] 4096 Entries (201.7M bytes) loaded
[basecaller_main::41.694*0.25] 4096 Entries (201.7M bytes) processed
[basecaller_main::42.256*0.25] 4096 Entries (212.8M bytes) loaded
[basecaller_main::83.316*0.22] 4096 Entries (212.8M bytes) processed
[basecaller_main::83.825*0.22] 4096 Entries (198.2M bytes) loaded
[basecaller_main::122.400*0.21] 4096 Entries (198.2M bytes) processed
[basecaller_main::122.922*0.21] 4096 Entries (203.8M bytes) loaded
[basecaller_main::162.406*0.21] 4096 Entries (203.8M bytes) processed
[basecaller_main::162.864*0.21] 3616 Entries (181.5M bytes) loaded
[basecaller_main::198.170*0.20] 3616 Entries (181.5M bytes) processed
[basecaller_main] total entries: 20000
[basecaller_main] total bytes: 998.1 M
[basecaller_main] model initialization: 0.187 sec (0.1%)
[basecaller_main] data loading: 2.483 sec (1.3%)
[basecaller_main] data processing: 195.387 sec (98.6%)
[basecaller_main]     - parse: 4.006 sec (2.0%)
[basecaller_main]     - preprocess: 0.348 sec (0.2%)
[basecaller_main]     - runners: 190.772 sec (96.2%)
[basecaller_main]          - synchronisation: 0.000 sec (0.0%)
[basecaller_main]          - model runner [0]: 190.766 sec (96.2% util)
[basecaller_main]             - accept: 5.501 sec (2.8% util)
[basecaller_main]             - basecall: 185.264 sec (93.4% util)
[basecaller_main]                 - inference: 117.663 sec (59.3% util)
[basecaller_main]                     - conv_stack: 27.709 sec (14.0% util)
[basecaller_main]                     - rnns: 84.514 sec (42.6% util)
[basecaller_main]                     - crf_1: 3.049 sec (1.5% util)
[basecaller_main]                     - crf_2: 0.000 sec (0.0% util)
[basecaller_main]                     - clamp: 2.374 sec (1.2% util)
[basecaller_main]                 - decode: 66.980 sec (33.8% util)
[basecaller_main]             - modcall: 0.000 sec (0.0% util)
[basecaller_main]     - postprocess: 0.261 sec (0.1%)
[basecaller_main]     - mod_preprocess: 0.000 sec (0.0%)
[basecaller_main]     - mod_postprocess: 0.000 sec (0.0%)
[basecaller_main] data output: 0.120 sec (0.1%)
[basecaller_main] data free: 0.079 sec (0.0%)
[main] Version: 0.5.0-beta
[main] CMD: ./slorado basecaller -C 128 -c 12288 -K 4096 -p 150 --cpu-beam=no -o /dev/null models/dna_r10.4.1_e8.2_400bps_fast@v5.0.0 test/PGXXXX230339/reads_20k.blow5
[main] Real time: 198.269 sec; CPU time: 40.212 sec; Peak RAM: 4.472 GB

