08-11-2026 23:04:52 RAM 2005/7607MB (lfb 214x4MB) SWAP 1428/16384MB (cached 137MB) CPU [2%@1036,2%@1036,3%@1036,2%@1036,0%@729,0%@729] GR3D_FREQ 0% cpu@55.375C soc2@54.5C soc0@56.156C gpu@55.468C tj@56.156C soc1@55.843C VDD_IN 5136mW/5136mW VDD_CPU_GPU_CV 600mW/600mW VDD_SOC 1442mW/1442mW
08-11-2026 23:04:53 RAM 2230/7607MB (lfb 214x4MB) SWAP 1428/16384MB (cached 137MB) CPU [12%@1344,9%@1344,14%@1344,72%@1344,6%@729,7%@729] GR3D_FREQ 0% cpu@55.75C soc2@54.5C soc0@55.937C gpu@55.125C tj@56.031C soc1@55.718C VDD_IN 5800mW/5468mW VDD_CPU_GPU_CV 1078mW/839mW VDD_SOC 1520mW/1481mW
08-11-2026 23:04:54 RAM 2767/7607MB (lfb 196x4MB) SWAP 1428/16384MB (cached 137MB) CPU [31%@1344,34%@1344,48%@1344,34%@1344,31%@1344,36%@1344] GR3D_FREQ 0% cpu@55.593C soc2@54.531C soc0@55.937C gpu@55.093C tj@55.937C soc1@55.687C VDD_IN 6600mW/5845mW VDD_CPU_GPU_CV 1637mW/1105mW VDD_SOC 1557mW/1506mW
08-11-2026 23:04:55 RAM 3531/7607MB (lfb 197x4MB) SWAP 1428/16384MB (cached 137MB) CPU [61%@960,54%@1113,55%@1113,57%@1113,60%@729,63%@729] GR3D_FREQ 0% cpu@55.75C soc2@54.562C soc0@55.937C gpu@55.062C tj@55.937C soc1@55.406C VDD_IN 7028mW/6141mW VDD_CPU_GPU_CV 1913mW/1307mW VDD_SOC 1637mW/1539mW
08-11-2026 23:04:56 RAM 4513/7607MB (lfb 171x4MB) SWAP 1428/16384MB (cached 137MB) CPU [26%@729,2%@729,2%@729,41%@729,0%@729,0%@729] GR3D_FREQ 99% cpu@55.437C soc2@54.468C soc0@55.687C gpu@56.156C tj@56.156C soc1@55.406C VDD_IN 8412mW/6595mW VDD_CPU_GPU_CV 2742mW/1594mW VDD_SOC 1870mW/1605mW
08-11-2026 23:04:57 RAM 4515/7607MB (lfb 170x4MB) SWAP 1428/16384MB (cached 137MB) CPU [7%@1344,1%@1344,2%@1344,3%@1344,0%@729,2%@729] GR3D_FREQ 61% cpu@56C soc2@54.843C soc0@55.843C gpu@56.906C tj@56.906C soc1@55.468C VDD_IN 12142mW/7520mW VDD_CPU_GPU_CV 5251mW/2204mW VDD_SOC 2495mW/1754mW
08-11-2026 23:04:58 RAM 4517/7607MB (lfb 170x4MB) SWAP 1428/16384MB (cached 137MB) CPU [10%@729,1%@729,2%@729,1%@729,0%@729,0%@729] GR3D_FREQ 99% cpu@56.218C soc2@55.187C soc0@56.093C gpu@57.406C tj@57.406C soc1@55.562C VDD_IN 14040mW/8451mW VDD_CPU_GPU_CV 5913mW/2733mW VDD_SOC 3514mW/2005mW
08-11-2026 23:04:59 RAM 4520/7607MB (lfb 171x4MB) SWAP 1428/16384MB (cached 137MB) CPU [6%@1344,4%@1344,5%@1344,5%@1344,0%@729,0%@729] GR3D_FREQ 99% cpu@56.687C soc2@55.312C soc0@56.281C gpu@57.281C tj@57.281C soc1@55.718C VDD_IN 14571mW/9216mW VDD_CPU_GPU_CV 6179mW/3164mW VDD_SOC 3711mW/2218mW
08-11-2026 23:05:00 RAM 4527/7607MB (lfb 171x4MB) SWAP 1428/16384MB (cached 137MB) CPU [3%@729,11%@729,18%@729,8%@729,0%@729,1%@729] GR3D_FREQ 98% cpu@56.156C soc2@55.375C soc0@56.312C gpu@57.343C tj@57.343C soc1@55.562C VDD_IN 14436mW/9796mW VDD_CPU_GPU_CV 6100mW/3490mW VDD_SOC 3711mW/2384mW
08-11-2026 23:05:01 RAM 4529/7607MB (lfb 171x4MB) SWAP 1428/16384MB (cached 137MB) CPU [2%@729,10%@729,8%@729,3%@729,2%@729,1%@729] GR3D_FREQ 99% cpu@56.312C soc2@55.375C soc0@56.343C gpu@57.062C tj@57.062C soc1@55.656C VDD_IN 14080mW/10225mW VDD_CPU_GPU_CV 5904mW/3732mW VDD_SOC 3593mW/2505mW
08-11-2026 23:05:02 RAM 4532/7607MB (lfb 170x4MB) SWAP 1428/16384MB (cached 137MB) CPU [2%@729,11%@729,1%@729,1%@729,0%@729,1%@729] GR3D_FREQ 99% cpu@56.781C soc2@55.437C soc0@56.375C gpu@57.375C tj@57.375C soc1@55.781C VDD_IN 14120mW/10579mW VDD_CPU_GPU_CV 5825mW/3922mW VDD_SOC 3672mW/2611mW
08-11-2026 23:05:03 RAM 4531/7607MB (lfb 170x4MB) SWAP 1428/16384MB (cached 137MB) CPU [1%@729,9%@729,2%@729,2%@729,0%@729,0%@729] GR3D_FREQ 99% cpu@56.562C soc2@55.593C soc0@56.5C gpu@57.625C tj@57.625C soc1@55.906C VDD_IN 14396mW/10897mW VDD_CPU_GPU_CV 6022mW/4097mW VDD_SOC 3711mW/2703mW
08-11-2026 23:05:04 RAM 4533/7607MB (lfb 170x4MB) SWAP 1428/16384MB (cached 137MB) CPU [2%@729,4%@729,7%@729,1%@729,0%@729,1%@729] GR3D_FREQ 99% cpu@56.531C soc2@55.75C soc0@56.468C gpu@57.75C tj@57.75C soc1@55.75C VDD_IN 14610mW/11182mW VDD_CPU_GPU_CV 6100mW/4251mW VDD_SOC 3751mW/2783mW
08-11-2026 23:05:05 RAM 4536/7607MB (lfb 171x4MB) SWAP 1428/16384MB (cached 137MB) CPU [7%@729,7%@729,8%@729,19%@729,0%@729,0%@729] GR3D_FREQ 99% cpu@56.375C soc2@55.625C soc0@56.468C gpu@57.531C tj@57.531C soc1@55.781C VDD_IN 14238mW/11401mW VDD_CPU_GPU_CV 6022mW/4378mW VDD_SOC 3632mW/2844mW
08-11-2026 23:05:06 RAM 4537/7607MB (lfb 171x4MB) SWAP 1428/16384MB (cached 137MB) CPU [1%@729,4%@729,6%@729,1%@729,0%@729,1%@729] GR3D_FREQ 71% cpu@56.625C soc2@55.718C soc0@56.468C gpu@57.468C tj@57.468C soc1@55.937C VDD_IN 14001mW/11574mW VDD_CPU_GPU_CV 5825mW/4474mW VDD_SOC 3632mW/2897mW
08-11-2026 23:05:07 RAM 4539/7607MB (lfb 171x4MB) SWAP 1428/16384MB (cached 137MB) CPU [1%@729,2%@729,8%@729,3%@729,0%@729,0%@729] GR3D_FREQ 99% cpu@56.875C soc2@55.718C soc0@56.593C gpu@57.625C tj@57.625C soc1@55.937C VDD_IN 14357mW/11748mW VDD_CPU_GPU_CV 5982mW/4568mW VDD_SOC 3711mW/2947mW
08-11-2026 23:05:08 RAM 4541/7607MB (lfb 170x4MB) SWAP 1428/16384MB (cached 137MB) CPU [2%@729,6%@729,3%@729,1%@729,0%@729,2%@729] GR3D_FREQ 99% cpu@56.593C soc2@55.812C soc0@56.75C gpu@57.687C tj@57.687C soc1@56.062C VDD_IN 14492mW/11909mW VDD_CPU_GPU_CV 6100mW/4658mW VDD_SOC 3751mW/2995mW
08-11-2026 23:05:09 RAM 4543/7607MB (lfb 170x4MB) SWAP 1428/16384MB (cached 137MB) CPU [0%@729,8%@729,2%@729,2%@729,0%@729,0%@729] GR3D_FREQ 99% cpu@56.562C soc2@55.812C soc0@56.718C gpu@57.781C tj@57.781C soc1@56C VDD_IN 14396mW/12048mW VDD_CPU_GPU_CV 6100mW/4739mW VDD_SOC 3672mW/3032mW
08-11-2026 23:05:10 RAM 4546/7607MB (lfb 171x4MB) SWAP 1428/16384MB (cached 137MB) CPU [7%@729,11%@729,7%@729,3%@729,0%@729,0%@729] GR3D_FREQ 99% cpu@56.812C soc2@55.843C soc0@56.562C gpu@57.375C tj@57.5C soc1@55.968C VDD_IN 14040mW/12152mW VDD_CPU_GPU_CV 5864mW/4798mW VDD_SOC 3593mW/3062mW
08-11-2026 23:05:11 RAM 4547/7607MB (lfb 171x4MB) SWAP 1428/16384MB (cached 137MB) CPU [1%@729,5%@729,11%@729,16%@729,0%@729,1%@729] GR3D_FREQ 98% cpu@56.812C soc2@55.906C soc0@56.781C gpu@58C tj@58C soc1@56.031C VDD_IN 14238mW/12257mW VDD_CPU_GPU_CV 5904mW/4853mW VDD_SOC 3672mW/3092mW
08-11-2026 23:05:12 RAM 4547/7607MB (lfb 171x4MB) SWAP 1428/16384MB (cached 137MB) CPU [2%@729,2%@729,9%@729,2%@729,0%@729,0%@729] GR3D_FREQ 99% cpu@57.218C soc2@56.031C soc0@56.781C gpu@58.093C tj@58.093C soc1@56.125C VDD_IN 14452mW/12361mW VDD_CPU_GPU_CV 6061mW/4911mW VDD_SOC 3711mW/3122mW
08-11-2026 23:05:13 RAM 4549/7607MB (lfb 171x4MB) SWAP 1428/16384MB (cached 137MB) CPU [1%@729,1%@729,10%@729,1%@729,0%@729,0%@729] GR3D_FREQ 99% cpu@56.75C soc2@55.937C soc0@56.875C gpu@58.25C tj@58.25C soc1@56.218C VDD_IN 14571mW/12462mW VDD_CPU_GPU_CV 6140mW/4966mW VDD_SOC 3711mW/3149mW
08-11-2026 23:05:14 RAM 4550/7607MB (lfb 170x4MB) SWAP 1428/16384MB (cached 137MB) CPU [2%@729,2%@729,9%@729,2%@729,1%@729,0%@729] GR3D_FREQ 99% cpu@56.781C soc2@55.937C soc0@57C gpu@57.843C tj@57.843C soc1@56.156C VDD_IN 14120mW/12534mW VDD_CPU_GPU_CV 5864mW/5005mW VDD_SOC 3593mW/3168mW
08-11-2026 23:05:15 RAM 4552/7607MB (lfb 170x4MB) SWAP 1428/16384MB (cached 137MB) CPU [2%@729,5%@729,5%@729,1%@729,0%@729,0%@729] GR3D_FREQ 99% cpu@57.125C soc2@56C soc0@56.843C gpu@58.093C tj@58.093C soc1@56.187C VDD_IN 14199mW/12603mW VDD_CPU_GPU_CV 5864mW/5041mW VDD_SOC 3672mW/3189mW
08-11-2026 23:05:16 RAM 4559/7607MB (lfb 170x4MB) SWAP 1428/16384MB (cached 137MB) CPU [5%@729,8%@729,7%@729,8%@729,16%@729,1%@729] GR3D_FREQ 99% cpu@56.968C soc2@56.031C soc0@56.937C gpu@58C tj@58C soc1@56.156C VDD_IN 14492mW/12679mW VDD_CPU_GPU_CV 6100mW/5084mW VDD_SOC 3711mW/3210mW
08-11-2026 23:05:17 RAM 4561/7607MB (lfb 170x4MB) SWAP 1428/16384MB (cached 137MB) CPU [2%@729,2%@729,2%@729,1%@729,8%@729,0%@729] GR3D_FREQ 96% cpu@57.25C soc2@56.093C soc0@56.906C gpu@58C tj@58C soc1@56.281C VDD_IN 14610mW/12753mW VDD_CPU_GPU_CV 6140mW/5124mW VDD_SOC 3790mW/3232mW
08-11-2026 23:05:18 RAM 4563/7607MB (lfb 171x4MB) SWAP 1428/16384MB (cached 137MB) CPU [2%@729,1%@729,2%@729,1%@729,8%@729,0%@729] GR3D_FREQ 99% cpu@56.781C soc2@56.093C soc0@57.062C gpu@57.812C tj@57.812C soc1@56.437C VDD_IN 14238mW/12808mW VDD_CPU_GPU_CV 5982mW/5156mW VDD_SOC 3632mW/3247mW
08-11-2026 23:05:19 RAM 4565/7607MB (lfb 171x4MB) SWAP 1428/16384MB (cached 137MB) CPU [0%@729,2%@729,3%@729,1%@729,9%@729,0%@729] GR3D_FREQ 99% cpu@57.062C soc2@56.25C soc0@57.093C gpu@57.906C tj@57.906C soc1@56.218C VDD_IN 14080mW/12853mW VDD_CPU_GPU_CV 5825mW/5180mW VDD_SOC 3632mW/3261mW
08-11-2026 23:05:20 RAM 4567/7607MB (lfb 170x4MB) SWAP 1428/16384MB (cached 137MB) CPU [1%@729,1%@729,0%@729,3%@729,8%@729,0%@729] GR3D_FREQ 99% cpu@57.281C soc2@56.156C soc0@57.031C gpu@58.093C tj@58.093C soc1@56.343C VDD_IN 14357mW/12905mW VDD_CPU_GPU_CV 5982mW/5208mW VDD_SOC 3711mW/3276mW
08-11-2026 23:05:21 RAM 4569/7607MB (lfb 170x4MB) SWAP 1428/16384MB (cached 137MB) CPU [9%@729,2%@729,2%@729,3%@729,9%@729,0%@729] GR3D_FREQ 97% cpu@57.25C soc2@56.312C soc0@57.062C gpu@58.5C tj@58.5C soc1@56.375C VDD_IN 14729mW/12966mW VDD_CPU_GPU_CV 6218mW/5241mW VDD_SOC 3784mW/3293mW
08-11-2026 23:05:22 RAM 4571/7607MB (lfb 171x4MB) SWAP 1428/16384MB (cached 137MB) CPU [13%@729,3%@729,5%@729,3%@729,7%@729,0%@729] GR3D_FREQ 99% cpu@57.312C soc2@56.25C soc0@57.187C gpu@58.187C tj@58.187C soc1@56.468C VDD_IN 14238mW/13007mW VDD_CPU_GPU_CV 5982mW/5265mW VDD_SOC 3632mW/3304mW
08-11-2026 23:05:23 RAM 4574/7607MB (lfb 171x4MB) SWAP 1428/16384MB (cached 137MB) CPU [2%@729,1%@729,2%@729,1%@729,10%@729,0%@729] GR3D_FREQ 48% cpu@56.937C soc2@56.25C soc0@57.218C gpu@58.25C tj@58.25C soc1@56.375C VDD_IN 13882mW/13034mW VDD_CPU_GPU_CV 5755mW/5280mW VDD_SOC 3593mW/3313mW
08-11-2026 23:05:24 RAM 4576/7607MB (lfb 170x4MB) SWAP 1428/16384MB (cached 137MB) CPU [1%@729,2%@729,1%@729,1%@729,9%@729,0%@729] GR3D_FREQ 99% cpu@57.25C soc2@56.281C soc0@57.125C gpu@58C tj@58C soc1@56.406C VDD_IN 14317mW/13073mW VDD_CPU_GPU_CV 5943mW/5301mW VDD_SOC 3672mW/3324mW
08-11-2026 23:05:25 RAM 4577/7607MB (lfb 170x4MB) SWAP 1428/16384MB (cached 137MB) CPU [0%@729,1%@729,2%@729,3%@729,7%@729,0%@729] GR3D_FREQ 99% cpu@57.281C soc2@56.25C soc0@57.125C gpu@58.156C tj@58.156C soc1@56.468C VDD_IN 14452mW/13114mW VDD_CPU_GPU_CV 6061mW/5323mW VDD_SOC 3751mW/3337mW
08-11-2026 23:05:26 RAM 4579/7607MB (lfb 171x4MB) SWAP 1428/16384MB (cached 137MB) CPU [6%@729,1%@729,3%@729,2%@729,9%@729,0%@729] GR3D_FREQ 97% cpu@57.125C soc2@56.312C soc0@57.187C gpu@58.281C tj@58.281C soc1@56.468C VDD_IN 14531mW/13154mW VDD_CPU_GPU_CV 6140mW/5346mW VDD_SOC 3711mW/3347mW
08-11-2026 23:05:27 RAM 4580/7607MB (lfb 171x4MB) SWAP 1428/16384MB (cached 137MB) CPU [3%@729,16%@729,3%@729,9%@729,8%@729,0%@729] GR3D_FREQ 99% cpu@57.312C soc2@56.25C soc0@57.156C gpu@57.812C tj@57.812C soc1@56.625C VDD_IN 14120mW/13181mW VDD_CPU_GPU_CV 5904mW/5362mW VDD_SOC 3593mW/3354mW
08-11-2026 23:05:28 RAM 4582/7607MB (lfb 170x4MB) SWAP 1428/16384MB (cached 137MB) CPU [3%@729,2%@729,2%@729,1%@729,10%@729,0%@729] GR3D_FREQ 99% cpu@57.218C soc2@56.343C soc0@57.281C gpu@58.312C tj@58.312C soc1@56.437C VDD_IN 14040mW/13204mW VDD_CPU_GPU_CV 5785mW/5373mW VDD_SOC 3672mW/3363mW
08-11-2026 23:05:29 RAM 4584/7607MB (lfb 170x4MB) SWAP 1428/16384MB (cached 137MB) CPU [2%@729,1%@729,5%@729,1%@729,8%@729,0%@729] GR3D_FREQ 99% cpu@57.25C soc2@56.312C soc0@57.281C gpu@58.406C tj@58.406C soc1@56.5C VDD_IN 14373mW/13235mW VDD_CPU_GPU_CV 6022mW/5390mW VDD_SOC 3711mW/3372mW
08-11-2026 23:05:30 RAM 4586/7607MB (lfb 170x4MB) SWAP 1428/16384MB (cached 137MB) CPU [3%@729,1%@729,0%@729,0%@729,8%@729,0%@729] GR3D_FREQ 96% cpu@57.375C soc2@56.343C soc0@57.218C gpu@58.593C tj@58.593C soc1@56.562C VDD_IN 14571mW/13269mW VDD_CPU_GPU_CV 6140mW/5409mW VDD_SOC 3751mW/3382mW
08-11-2026 23:05:31 RAM 4588/7607MB (lfb 171x4MB) SWAP 1428/16384MB (cached 137MB) CPU [3%@729,1%@729,1%@729,1%@729,8%@729,0%@729] GR3D_FREQ 99% cpu@57.5C soc2@56.281C soc0@57.281C gpu@58.093C tj@58.093C soc1@56.625C VDD_IN 14080mW/13290mW VDD_CPU_GPU_CV 5864mW/5421mW VDD_SOC 3593mW/3387mW
08-11-2026 23:05:32 RAM 4591/7607MB (lfb 170x4MB) SWAP 1428/16384MB (cached 137MB) CPU [3%@729,5%@729,6%@729,3%@729,10%@729,0%@729] GR3D_FREQ 99% cpu@57.781C soc2@56.468C soc0@57.281C gpu@58.093C tj@58.093C soc1@56.656C VDD_IN 14278mW/13314mW VDD_CPU_GPU_CV 5943mW/5434mW VDD_SOC 3672mW/3394mW
08-11-2026 23:05:33 RAM 4592/7607MB (lfb 170x4MB) SWAP 1428/16384MB (cached 137MB) CPU [6%@729,5%@729,5%@729,4%@729,0%@729,8%@729] GR3D_FREQ 99% cpu@57.343C soc2@56.375C soc0@57.406C gpu@58.312C tj@58.312C soc1@56.5C VDD_IN 14334mW/13338mW VDD_CPU_GPU_CV 6022mW/5448mW VDD_SOC 3711mW/3401mW
08-11-2026 23:05:34 RAM 4593/7607MB (lfb 171x4MB) SWAP 1428/16384MB (cached 137MB) CPU [3%@729,1%@729,0%@729,1%@729,0%@729,8%@729] GR3D_FREQ 97% cpu@57.281C soc2@56.406C soc0@57.437C gpu@58.375C tj@58.375C soc1@56.531C VDD_IN 14610mW/13368mW VDD_CPU_GPU_CV 6140mW/5464mW VDD_SOC 3745mW/3409mW
08-11-2026 23:05:35 RAM 4816/7607MB (lfb 83x4MB) SWAP 1428/16384MB (cached 137MB) CPU [33%@1344,33%@1344,29%@1344,30%@1344,51%@1344,37%@1344] GR3D_FREQ 0% cpu@57.468C soc2@55.875C soc0@57.062C gpu@56.312C tj@57.468C soc1@56.437C VDD_IN 7854mW/13242mW VDD_CPU_GPU_CV 2388mW/5394mW VDD_SOC 1913mW/3375mW
08-11-2026 23:05:36 RAM 5095/7607MB (lfb 81x4MB) SWAP 1428/16384MB (cached 137MB) CPU [51%@729,51%@729,50%@729,48%@729,47%@729,50%@729] GR3D_FREQ 99% cpu@57.375C soc2@55.875C soc0@56.843C gpu@57.562C tj@57.562C soc1@56.5C VDD_IN 11229mW/13198mW VDD_CPU_GPU_CV 4469mW/5373mW VDD_SOC 2499mW/3356mW
08-11-2026 23:05:37 RAM 5095/7607MB (lfb 81x4MB) SWAP 1428/16384MB (cached 137MB) CPU [3%@729,9%@729,2%@729,2%@729,0%@729,1%@729] GR3D_FREQ 99% cpu@56.781C soc2@56.062C soc0@57.093C gpu@58.125C tj@58.125C soc1@56.468C VDD_IN 13803mW/13211mW VDD_CPU_GPU_CV 5874mW/5384mW VDD_SOC 3316mW/3355mW
08-11-2026 23:05:38 RAM 5102/7607MB (lfb 81x4MB) SWAP 1428/16384MB (cached 137MB) CPU [10%@729,10%@729,6%@729,18%@729,0%@729,0%@729] GR3D_FREQ 99% cpu@56.968C soc2@56.187C soc0@57.281C gpu@57.781C tj@57.781C soc1@56.343C VDD_IN 13961mW/13227mW VDD_CPU_GPU_CV 5834mW/5394mW VDD_SOC 3553mW/3359mW
08-11-2026 23:05:39 RAM 5102/7607MB (lfb 81x4MB) SWAP 1428/16384MB (cached 137MB) CPU [3%@729,8%@729,3%@729,0%@729,0%@729,1%@729] GR3D_FREQ 99% cpu@57.125C soc2@56.25C soc0@57.093C gpu@58.406C tj@58.406C soc1@56.5C VDD_IN 14238mW/13248mW VDD_CPU_GPU_CV 5904mW/5404mW VDD_SOC 3672mW/3366mW
08-11-2026 23:05:40 RAM 5102/7607MB (lfb 81x4MB) SWAP 1428/16384MB (cached 137MB) CPU [2%@729,10%@729,2%@729,1%@729,0%@729,0%@729] GR3D_FREQ 99% cpu@57.281C soc2@56.375C soc0@57.156C gpu@58.5C tj@58.5C soc1@56.562C VDD_IN 14452mW/13272mW VDD_CPU_GPU_CV 6061mW/5418mW VDD_SOC 3711mW/3373mW
08-11-2026 23:05:41 RAM 5102/7607MB (lfb 81x4MB) SWAP 1428/16384MB (cached 137MB) CPU [2%@729,9%@729,3%@729,2%@729,0%@729,0%@729] GR3D_FREQ 99% cpu@57.5C soc2@56.281C soc0@57.281C gpu@58.687C tj@58.687C soc1@56.531C VDD_IN 14531mW/13298mW VDD_CPU_GPU_CV 6140mW/5432mW VDD_SOC 3711mW/3380mW
08-11-2026 23:05:42 RAM 5102/7607MB (lfb 81x4MB) SWAP 1428/16384MB (cached 137MB) CPU [2%@729,10%@729,1%@729,2%@729,1%@729,1%@729] GR3D_FREQ 98% cpu@57.156C soc2@56.312C soc0@57.25C gpu@57.968C tj@57.968C soc1@56.5C VDD_IN 14040mW/13312mW VDD_CPU_GPU_CV 5864mW/5441mW VDD_SOC 3593mW/3384mW
08-11-2026 23:05:43 RAM 5103/7607MB (lfb 81x4MB) SWAP 1428/16384MB (cached 137MB) CPU [4%@806,12%@883,13%@883,3%@883,1%@729,0%@729] GR3D_FREQ 98% cpu@57.562C soc2@56.406C soc0@57.375C gpu@58.187C tj@58.187C soc1@56.531C VDD_IN 14294mW/13331mW VDD_CPU_GPU_CV 5982mW/5451mW VDD_SOC 3672mW/3389mW
08-11-2026 23:05:44 RAM 5102/7607MB (lfb 81x4MB) SWAP 1428/16384MB (cached 137MB) CPU [6%@729,6%@729,1%@729,8%@729,0%@729,0%@729] GR3D_FREQ 99% cpu@57.718C soc2@56.531C soc0@57.343C gpu@58.437C tj@58.437C soc1@56.562C VDD_IN 14689mW/13357mW VDD_CPU_GPU_CV 6179mW/5465mW VDD_SOC 3745mW/3396mW
08-11-2026 23:05:45 RAM 5102/7607MB (lfb 81x4MB) SWAP 1428/16384MB (cached 137MB) CPU [0%@729,4%@729,1%@729,9%@729,0%@729,1%@729] GR3D_FREQ 99% cpu@57.312C soc2@56.468C soc0@57.343C gpu@58.781C tj@58.781C soc1@56.656C VDD_IN 14492mW/13378mW VDD_CPU_GPU_CV 6140mW/5477mW VDD_SOC 3711mW/3402mW
08-11-2026 23:05:46 RAM 5102/7607MB (lfb 81x4MB) SWAP 1428/16384MB (cached 137MB) CPU [3%@729,1%@729,2%@729,9%@729,1%@729,0%@729] GR3D_FREQ 98% cpu@57.25C soc2@56.406C soc0@57.375C gpu@58.187C tj@58.187C soc1@56.531C VDD_IN 13922mW/13387mW VDD_CPU_GPU_CV 5795mW/5483mW VDD_SOC 3593mW/3405mW
08-11-2026 23:05:47 RAM 5103/7607MB (lfb 81x4MB) SWAP 1428/16384MB (cached 137MB) CPU [1%@729,2%@729,1%@729,9%@729,0%@729,0%@729] GR3D_FREQ 99% cpu@57.406C soc2@56.468C soc0@57.281C gpu@58.75C tj@58.75C soc1@56.625C VDD_IN 14278mW/13403mW VDD_CPU_GPU_CV 5943mW/5491mW VDD_SOC 3672mW/3410mW
08-11-2026 23:05:48 RAM 5103/7607MB (lfb 81x4MB) SWAP 1428/16384MB (cached 137MB) CPU [2%@729,3%@729,1%@729,8%@729,0%@729,0%@729] GR3D_FREQ 99% cpu@57.5C soc2@56.562C soc0@57.468C gpu@58.562C tj@58.562C soc1@56.687C VDD_IN 14452mW/13422mW VDD_CPU_GPU_CV 6061mW/5501mW VDD_SOC 3711mW/3415mW
08-11-2026 23:05:49 RAM 5103/7607MB (lfb 81x4MB) SWAP 1428/16384MB (cached 137MB) CPU [6%@729,17%@729,9%@729,9%@729,0%@729,0%@729] GR3D_FREQ 98% cpu@57.75C soc2@56.531C soc0@57.406C gpu@58.75C tj@58.75C soc1@56.687C VDD_IN 14571mW/13442mW VDD_CPU_GPU_CV 6218mW/5514mW VDD_SOC 3711mW/3420mW
08-11-2026 23:05:50 RAM 5103/7607MB (lfb 81x4MB) SWAP 1428/16384MB (cached 137MB) CPU [1%@729,1%@729,1%@729,9%@729,0%@729,1%@729] GR3D_FREQ 99% cpu@57.25C soc2@56.593C soc0@57.468C gpu@58.187C tj@58.187C soc1@56.812C VDD_IN 14080mW/13452mW VDD_CPU_GPU_CV 5864mW/5520mW VDD_SOC 3632mW/3424mW
08-11-2026 23:05:51 RAM 5103/7607MB (lfb 81x4MB) SWAP 1428/16384MB (cached 137MB) CPU [2%@729,3%@729,10%@729,2%@729,0%@729,0%@729] GR3D_FREQ 97% cpu@57.562C soc2@56.781C soc0@57.656C gpu@58.531C tj@58.531C soc1@56.656C VDD_IN 14278mW/13466mW VDD_CPU_GPU_CV 5943mW/5527mW VDD_SOC 3711mW/3429mW
08-11-2026 23:05:52 RAM 5103/7607MB (lfb 81x4MB) SWAP 1428/16384MB (cached 137MB) CPU [2%@729,8%@729,1%@729,1%@729,0%@729,0%@729] GR3D_FREQ 99% cpu@57.718C soc2@56.687C soc0@57.656C gpu@58.718C tj@58.718C soc1@56.718C VDD_IN 14531mW/13484mW VDD_CPU_GPU_CV 6140mW/5537mW VDD_SOC 3751mW/3434mW
08-11-2026 23:05:53 RAM 5103/7607MB (lfb 81x4MB) SWAP 1428/16384MB (cached 137MB) CPU [3%@729,9%@729,2%@729,1%@729,0%@729,1%@729] GR3D_FREQ 99% cpu@57.531C soc2@56.562C soc0@57.468C gpu@58.781C tj@58.781C soc1@56.843C VDD_IN 14492mW/13500mW VDD_CPU_GPU_CV 6140mW/5546mW VDD_SOC 3711mW/3439mW
08-11-2026 23:05:54 RAM 5105/7607MB (lfb 81x4MB) SWAP 1428/16384MB (cached 137MB) CPU [3%@960,21%@960,8%@960,3%@960,0%@729,0%@729] GR3D_FREQ 99% cpu@58.125C soc2@56.656C soc0@57.593C gpu@58.125C tj@58.125C soc1@56.906C VDD_IN 14080mW/13509mW VDD_CPU_GPU_CV 5943mW/5553mW VDD_SOC 3593mW/3441mW
08-11-2026 23:05:55 RAM 5106/7607MB (lfb 81x4MB) SWAP 1428/16384MB (cached 137MB) CPU [4%@729,3%@729,2%@729,10%@729,0%@729,0%@729] GR3D_FREQ 99% cpu@57.531C soc2@56.75C soc0@57.718C gpu@58.5C tj@58.5C soc1@57.031C VDD_IN 14317mW/13522mW VDD_CPU_GPU_CV 5943mW/5559mW VDD_SOC 3672mW/3445mW
08-11-2026 23:05:56 RAM 5106/7607MB (lfb 81x4MB) SWAP 1428/16384MB (cached 137MB) CPU [2%@729,1%@729,1%@729,9%@729,1%@729,0%@729] GR3D_FREQ 99% cpu@57.593C soc2@56.75C soc0@57.718C gpu@58.625C tj@58.625C soc1@56.843C VDD_IN 14492mW/13537mW VDD_CPU_GPU_CV 6061mW/5567mW VDD_SOC 3711mW/3449mW
08-11-2026 23:05:57 RAM 5106/7607MB (lfb 81x4MB) SWAP 1428/16384MB (cached 137MB) CPU [2%@729,2%@729,2%@729,9%@729,0%@729,0%@729] GR3D_FREQ 99% cpu@57.687C soc2@56.718C soc0@57.593C gpu@58.562C tj@58.562C soc1@56.968C VDD_IN 14452mW/13551mW VDD_CPU_GPU_CV 6100mW/5575mW VDD_SOC 3672mW/3452mW
08-11-2026 23:05:58 RAM 5106/7607MB (lfb 81x4MB) SWAP 1428/16384MB (cached 137MB) CPU [1%@729,2%@729,1%@729,9%@729,1%@729,0%@729] GR3D_FREQ 87% cpu@57.75C soc2@56.718C soc0@57.687C gpu@58.25C tj@58.468C soc1@56.968C VDD_IN 13922mW/13556mW VDD_CPU_GPU_CV 5795mW/5578mW VDD_SOC 3593mW/3454mW
08-11-2026 23:05:59 RAM 5106/7607MB (lfb 81x4MB) SWAP 1428/16384MB (cached 137MB) CPU [5%@729,1%@729,1%@729,9%@729,0%@729,0%@729] GR3D_FREQ 99% cpu@58C soc2@56.781C soc0@57.75C gpu@58.875C tj@58.875C soc1@57C VDD_IN 14396mW/13568mW VDD_CPU_GPU_CV 5982mW/5584mW VDD_SOC 3711mW/3458mW
08-11-2026 23:06:00 RAM 5106/7607MB (lfb 81x4MB) SWAP 1428/16384MB (cached 137MB) CPU [10%@729,3%@729,7%@729,18%@729,0%@729,0%@729] GR3D_FREQ 99% cpu@57.593C soc2@56.906C soc0@57.75C gpu@58.968C tj@58.968C soc1@56.968C VDD_IN 14610mW/13584mW VDD_CPU_GPU_CV 6179mW/5592mW VDD_SOC 3745mW/3462mW
08-11-2026 23:06:01 RAM 5106/7607MB (lfb 81x4MB) SWAP 1428/16384MB (cached 137MB) CPU [4%@729,2%@729,10%@729,1%@729,0%@729,1%@729] GR3D_FREQ 99% cpu@57.593C soc2@56.812C soc0@57.843C gpu@58.687C tj@58.687C soc1@57.062C VDD_IN 14278mW/13593mW VDD_CPU_GPU_CV 6022mW/5599mW VDD_SOC 3632mW/3465mW
08-11-2026 23:06:02 RAM 5106/7607MB (lfb 81x4MB) SWAP 1428/16384MB (cached 137MB) CPU [10%@1344,0%@1344,1%@1344,3%@1344,0%@729,0%@729] GR3D_FREQ 40% cpu@57.875C soc2@56.875C soc0@57.812C gpu@58.531C tj@58.531C soc1@57C VDD_IN 14040mW/13600mW VDD_CPU_GPU_CV 5785mW/5601mW VDD_SOC 3632mW/3467mW
08-11-2026 23:06:03 RAM 5106/7607MB (lfb 81x4MB) SWAP 1428/16384MB (cached 137MB) CPU [10%@729,4%@729,1%@729,1%@729,0%@729,0%@729] GR3D_FREQ 99% cpu@58.218C soc2@56.968C soc0@57.843C gpu@58.781C tj@58.781C soc1@57.125C VDD_IN 14373mW/13610mW VDD_CPU_GPU_CV 6022mW/5607mW VDD_SOC 3711mW/3470mW
08-11-2026 23:06:04 RAM 5105/7607MB (lfb 81x4MB) SWAP 1428/16384MB (cached 137MB) CPU [2%@729,1%@729,8%@729,1%@729,0%@729,0%@729] GR3D_FREQ 99% cpu@57.75C soc2@56.937C soc0@57.843C gpu@58.812C tj@58.812C soc1@57.125C VDD_IN 14531mW/13623mW VDD_CPU_GPU_CV 6140mW/5614mW VDD_SOC 3751mW/3474mW
08-11-2026 23:06:05 RAM 5106/7607MB (lfb 81x4MB) SWAP 1428/16384MB (cached 137MB) CPU [5%@1190,22%@1190,1%@1190,9%@1190,0%@729,0%@729] GR3D_FREQ 99% cpu@57.812C soc2@56.937C soc0@57.875C gpu@58.531C tj@58.531C soc1@57.031C VDD_IN 14413mW/13634mW VDD_CPU_GPU_CV 6140mW/5621mW VDD_SOC 3632mW/3476mW
08-11-2026 23:06:06 RAM 5105/7607MB (lfb 81x4MB) SWAP 1428/16384MB (cached 137MB) CPU [3%@1344,2%@1344,5%@1344,12%@1344,0%@729,0%@729] GR3D_FREQ 99% cpu@58.218C soc2@56.968C soc0@57.812C gpu@58.937C tj@58.937C soc1@57.125C VDD_IN 14278mW/13642mW VDD_CPU_GPU_CV 5943mW/5626mW VDD_SOC 3711mW/3479mW
08-11-2026 23:06:07 RAM 5105/7607MB (lfb 81x4MB) SWAP 1428/16384MB (cached 137MB) CPU [1%@729,1%@729,1%@729,9%@729,1%@729,3%@729] GR3D_FREQ 99% cpu@58.062C soc2@57.031C soc0@57.843C gpu@59.218C tj@59.218C soc1@57.156C VDD_IN 14413mW/13652mW VDD_CPU_GPU_CV 6061mW/5631mW VDD_SOC 3751mW/3483mW
08-11-2026 23:06:08 RAM 5105/7607MB (lfb 81x4MB) SWAP 1428/16384MB (cached 137MB) CPU [1%@729,0%@729,0%@729,9%@729,3%@729,0%@729] GR3D_FREQ 99% cpu@58.312C soc2@57.125C soc0@58.031C gpu@59.406C tj@59.125C soc1@57.312C VDD_IN 14571mW/13664mW VDD_CPU_GPU_CV 6100mW/5638mW VDD_SOC 3751mW/3486mW
08-11-2026 23:06:09 RAM 5106/7607MB (lfb 81x4MB) SWAP 1428/16384MB (cached 137MB) CPU [2%@729,1%@729,1%@729,8%@729,0%@729,2%@729] GR3D_FREQ 98% cpu@57.75C soc2@57C soc0@58.031C gpu@58.5C tj@58.5C soc1@57.187C VDD_IN 14040mW/13669mW VDD_CPU_GPU_CV 5864mW/5640mW VDD_SOC 3632mW/3488mW
08-11-2026 23:06:10 RAM 5105/7607MB (lfb 81x4MB) SWAP 1428/16384MB (cached 137MB) CPU [9%@1344,5%@1344,2%@1344,3%@1344,0%@729,0%@729] GR3D_FREQ 99% cpu@58.093C soc2@57.062C soc0@57.906C gpu@58.781C tj@58.781C soc1@57.187C VDD_IN 14199mW/13676mW VDD_CPU_GPU_CV 5904mW/5644mW VDD_SOC 3672mW/3491mW
08-11-2026 23:06:11 RAM 5106/7607MB (lfb 81x4MB) SWAP 1428/16384MB (cached 137MB) CPU [17%@729,3%@729,11%@729,7%@729,1%@729,1%@729] GR3D_FREQ 99% cpu@58.343C soc2@57.156C soc0@57.968C gpu@59.156C tj@59.156C soc1@57.312C VDD_IN 14610mW/13688mW VDD_CPU_GPU_CV 6179mW/5650mW VDD_SOC 3745mW/3494mW
08-11-2026 23:06:12 RAM 5106/7607MB (lfb 81x4MB) SWAP 1428/16384MB (cached 137MB) CPU [0%@729,1%@729,10%@729,0%@729,0%@729,1%@729] GR3D_FREQ 99% cpu@57.812C soc2@57.25C soc0@58.031C gpu@59.187C tj@59.468C soc1@57.343C VDD_IN 14610mW/13699mW VDD_CPU_GPU_CV 6179mW/5657mW VDD_SOC 3745mW/3497mW
08-11-2026 23:06:13 RAM 5106/7607MB (lfb 81x4MB) SWAP 1428/16384MB (cached 137MB) CPU [3%@1113,1%@1113,9%@1113,2%@1113,0%@729,0%@729] GR3D_FREQ 99% cpu@57.906C soc2@57.187C soc0@58.062C gpu@58.968C tj@58.968C soc1@57.281C VDD_IN 14001mW/13703mW VDD_CPU_GPU_CV 5825mW/5659mW VDD_SOC 3593mW/3498mW
08-11-2026 23:06:14 RAM 5106/7607MB (lfb 81x4MB) SWAP 1428/16384MB (cached 137MB) CPU [3%@1036,10%@1036,1%@729,1%@729,0%@729,1%@729] GR3D_FREQ 99% cpu@58.218C soc2@57.125C soc0@57.968C gpu@59.468C tj@59.468C soc1@57.25C VDD_IN 14396mW/13711mW VDD_CPU_GPU_CV 5982mW/5663mW VDD_SOC 3711mW/3501mW
08-11-2026 23:06:15 RAM 5106/7607MB (lfb 81x4MB) SWAP 1428/16384MB (cached 137MB) CPU [2%@729,8%@729,1%@729,1%@729,0%@729,1%@729] GR3D_FREQ 99% cpu@58C soc2@57.187C soc0@58.093C gpu@59.125C tj@59.125C soc1@57.406C VDD_IN 14571mW/13721mW VDD_CPU_GPU_CV 6140mW/5669mW VDD_SOC 3751mW/3504mW
08-11-2026 23:06:17 RAM 5113/7607MB (lfb 59x4MB) SWAP 1428/16384MB (cached 137MB) CPU [24%@1344,11%@1344,23%@1344,7%@1344,6%@1113,7%@1113] GR3D_FREQ 0% cpu@57.687C soc2@56.781C soc0@57.968C gpu@57.531C tj@57.968C soc1@57.312C VDD_IN 9275mW/13669mW VDD_CPU_GPU_CV 2980mW/5637mW VDD_SOC 2507mW/3492mW
08-11-2026 23:06:18 RAM 5263/7607MB (lfb 51x4MB) SWAP 1428/16384MB (cached 137MB) CPU [72%@1113,68%@1113,69%@1113,70%@1113,69%@729,67%@729] GR3D_FREQ 97% cpu@57.531C soc2@56.562C soc0@57.656C gpu@58C tj@58C soc1@57.093C VDD_IN 9952mW/13626mW VDD_CPU_GPU_CV 3729mW/5615mW VDD_SOC 2146mW/3476mW
08-11-2026 23:06:19 RAM 5263/7607MB (lfb 51x4MB) SWAP 1428/16384MB (cached 137MB) CPU [9%@1344,2%@1344,2%@1344,2%@1344,0%@729,0%@729] GR3D_FREQ 99% cpu@57.906C soc2@56.781C soc0@57.75C gpu@58.031C tj@58.031C soc1@57.125C VDD_IN 13645mW/13626mW VDD_CPU_GPU_CV 5716mW/5616mW VDD_SOC 3395mW/3475mW
08-11-2026 23:06:20 RAM 5264/7607MB (lfb 51x4MB) SWAP 1428/16384MB (cached 137MB) CPU [2%@729,12%@729,1%@729,2%@729,0%@729,0%@729] GR3D_FREQ 60% cpu@58C soc2@56.906C soc0@57.75C gpu@58.437C tj@58.437C soc1@57.187C VDD_IN 14001mW/13630mW VDD_CPU_GPU_CV 5785mW/5618mW VDD_SOC 3632mW/3477mW
08-11-2026 23:06:21 RAM 5266/7607MB (lfb 51x4MB) SWAP 1428/16384MB (cached 137MB) CPU [10%@1344,3%@1344,3%@1344,1%@1344,0%@729,0%@729] GR3D_FREQ 99% cpu@57.781C soc2@57C soc0@57.843C gpu@58.656C tj@58.656C soc1@57.25C VDD_IN 14278mW/13638mW VDD_CPU_GPU_CV 5943mW/5622mW VDD_SOC 3711mW/3480mW
08-11-2026 23:06:22 RAM 5268/7607MB (lfb 52x4MB) SWAP 1428/16384MB (cached 137MB) CPU [13%@1344,2%@1344,1%@729,1%@729,0%@729,0%@729] GR3D_FREQ 99% cpu@57.875C soc2@56.968C soc0@57.906C gpu@58.75C tj@58.75C soc1@57.125C VDD_IN 14492mW/13647mW VDD_CPU_GPU_CV 6100mW/5627mW VDD_SOC 3751mW/3483mW
08-11-2026 23:06:23 RAM 5272/7607MB (lfb 51x4MB) SWAP 1428/16384MB (cached 137MB) CPU [10%@729,18%@729,6%@729,3%@729,0%@729,0%@729] GR3D_FREQ 99% cpu@58.031C soc2@57C soc0@57.843C gpu@58.687C tj@58.687C soc1@57.156C VDD_IN 14317mW/13654mW VDD_CPU_GPU_CV 6022mW/5631mW VDD_SOC 3632mW/3484mW
08-11-2026 23:06:24 RAM 5274/7607MB (lfb 51x4MB) SWAP 1428/16384MB (cached 137MB) CPU [10%@729,2%@729,2%@729,1%@729,0%@729,0%@729] GR3D_FREQ 83% cpu@58.125C soc2@57.031C soc0@57.937C gpu@58.687C tj@58.687C soc1@57.187C VDD_IN 13922mW/13657mW VDD_CPU_GPU_CV 5795mW/5633mW VDD_SOC 3593mW/3486mW
08-11-2026 23:06:25 RAM 5276/7607MB (lfb 52x4MB) SWAP 1428/16384MB (cached 137MB) CPU [3%@1344,9%@1344,1%@1344,1%@1344,0%@729,1%@729] GR3D_FREQ 99% cpu@57.781C soc2@57.125C soc0@57.968C gpu@58.687C tj@58.687C soc1@57.25C VDD_IN 14120mW/13662mW VDD_CPU_GPU_CV 5864mW/5635mW VDD_SOC 3672mW/3488mW
08-11-2026 23:06:26 RAM 5278/7607MB (lfb 52x4MB) SWAP 1428/16384MB (cached 137MB) CPU [11%@729,2%@729,2%@729,4%@729,0%@729,0%@729] GR3D_FREQ 99% cpu@57.937C soc2@57.125C soc0@58.031C gpu@58.875C tj@58.875C soc1@57.125C VDD_IN 14334mW/13669mW VDD_CPU_GPU_CV 6022mW/5640mW VDD_SOC 3711mW/3490mW
08-11-2026 23:06:27 RAM 5279/7607MB (lfb 51x4MB) SWAP 1428/16384MB (cached 137MB) CPU [1%@729,2%@729,2%@729,1%@729,9%@729,0%@729] GR3D_FREQ 95% cpu@57.843C soc2@57.093C soc0@57.906C gpu@58.968C tj@58.968C soc1@57.093C VDD_IN 14452mW/13678mW VDD_CPU_GPU_CV 6061mW/5644mW VDD_SOC 3711mW/3492mW
08-11-2026 23:06:28 RAM 5285/7607MB (lfb 52x4MB) SWAP 1428/16384MB (cached 137MB) CPU [5%@729,4%@729,2%@729,3%@729,4%@729,24%@729] GR3D_FREQ 99% cpu@58.093C soc2@57.093C soc0@57.968C gpu@58.5C tj@58.5C soc1@57.218C VDD_IN 14238mW/13683mW VDD_CPU_GPU_CV 6022mW/5648mW VDD_SOC 3593mW/3493mW
08-11-2026 23:06:29 RAM 5287/7607MB (lfb 51x4MB) SWAP 1428/16384MB (cached 137MB) CPU [3%@729,0%@729,1%@729,3%@729,3%@729,8%@729] GR3D_FREQ 99% cpu@58.406C soc2@57.093C soc0@58.031C gpu@58.843C tj@58.843C soc1@57.312C VDD_IN 14159mW/13688mW VDD_CPU_GPU_CV 5864mW/5650mW VDD_SOC 3672mW/3495mW
08-11-2026 23:06:30 RAM 5289/7607MB (lfb 51x4MB) SWAP 1428/16384MB (cached 137MB) CPU [1%@729,1%@729,2%@729,1%@729,1%@729,9%@729] GR3D_FREQ 99% cpu@58.062C soc2@57.218C soc0@58.062C gpu@58.937C tj@58.937C soc1@57.312C VDD_IN 14278mW/13694mW VDD_CPU_GPU_CV 5943mW/5653mW VDD_SOC 3711mW/3497mW
08-11-2026 23:06:31 RAM 5291/7607MB (lfb 52x4MB) SWAP 1428/16384MB (cached 137MB) CPU [2%@729,1%@729,1%@729,0%@729,1%@729,8%@729] GR3D_FREQ 99% cpu@57.968C soc2@57.281C soc0@58.093C gpu@59.125C tj@59.125C soc1@57.218C VDD_IN 14452mW/13702mW VDD_CPU_GPU_CV 6061mW/5657mW VDD_SOC 3751mW/3500mW
08-11-2026 23:06:32 RAM 5293/7607MB (lfb 52x4MB) SWAP 1428/16384MB (cached 137MB) CPU [2%@729,1%@729,0%@729,0%@729,1%@729,9%@729] GR3D_FREQ 99% cpu@57.843C soc2@57.093C soc0@58C gpu@59.125C tj@59.125C soc1@57.218C VDD_IN 14317mW/13708mW VDD_CPU_GPU_CV 5982mW/5661mW VDD_SOC 3632mW/3501mW
08-11-2026 23:06:33 RAM 5295/7607MB (lfb 51x4MB) SWAP 1428/16384MB (cached 137MB) CPU [1%@729,1%@729,1%@729,1%@729,0%@729,10%@729] GR3D_FREQ 48% cpu@58C soc2@57.125C soc0@58.062C gpu@58.906C tj@58.906C soc1@57.343C VDD_IN 13843mW/13710mW VDD_CPU_GPU_CV 5716mW/5661mW VDD_SOC 3593mW/3502mW
08-11-2026 23:06:34 RAM 5297/7607MB (lfb 51x4MB) SWAP 1428/16384MB (cached 137MB) CPU [5%@729,7%@729,1%@729,17%@729,1%@729,9%@729] GR3D_FREQ 99% cpu@58.343C soc2@57.218C soc0@58.062C gpu@59.343C tj@59.343C soc1@57.437C VDD_IN 14413mW/13716mW VDD_CPU_GPU_CV 6061mW/5665mW VDD_SOC 3711mW/3504mW
08-11-2026 23:06:35 RAM 5298/7607MB (lfb 51x4MB) SWAP 1428/16384MB (cached 137MB) CPU [3%@729,2%@729,1%@729,2%@729,0%@729,7%@729] GR3D_FREQ 99% cpu@58.093C soc2@57.218C soc0@58.125C gpu@59.312C tj@59.312C soc1@57.5C VDD_IN 14492mW/13724mW VDD_CPU_GPU_CV 6100mW/5669mW VDD_SOC 3751mW/3507mW
08-11-2026 23:06:36 RAM 5300/7607MB (lfb 52x4MB) SWAP 1428/16384MB (cached 137MB) CPU [2%@729,1%@729,2%@729,0%@729,0%@729,10%@729] GR3D_FREQ 95% cpu@58.093C soc2@57.281C soc0@58.187C gpu@59.125C tj@59.125C soc1@57.25C VDD_IN 14413mW/13731mW VDD_CPU_GPU_CV 6061mW/5673mW VDD_SOC 3711mW/3509mW
08-11-2026 23:06:37 RAM 5302/7607MB (lfb 52x4MB) SWAP 1428/16384MB (cached 137MB) CPU [2%@729,2%@729,2%@729,0%@729,1%@729,8%@729] GR3D_FREQ 99% cpu@58.031C soc2@57.125C soc0@58.031C gpu@58.656C tj@58.656C soc1@57.312C VDD_IN 13961mW/13733mW VDD_CPU_GPU_CV 5825mW/5674mW VDD_SOC 3593mW/3509mW
08-11-2026 23:06:38 RAM 5304/7607MB (lfb 51x4MB) SWAP 1428/16384MB (cached 137MB) CPU [2%@729,1%@729,1%@729,1%@729,1%@729,11%@729] GR3D_FREQ 99% cpu@58.218C soc2@57.218C soc0@58.093C gpu@59.062C tj@59.062C soc1@57.312C VDD_IN 14238mW/13738mW VDD_CPU_GPU_CV 5904mW/5677mW VDD_SOC 3672mW/3511mW
08-11-2026 23:06:39 RAM 5306/7607MB (lfb 51x4MB) SWAP 1428/16384MB (cached 137MB) CPU [7%@729,6%@729,7%@729,14%@729,0%@729,8%@729] GR3D_FREQ 99% cpu@58.531C soc2@57.312C soc0@58.031C gpu@59.25C tj@59.25C soc1@57.468C VDD_IN 14650mW/13746mW VDD_CPU_GPU_CV 6218mW/5682mW VDD_SOC 3745mW/3513mW
08-11-2026 23:06:40 RAM 5308/7607MB (lfb 52x4MB) SWAP 1428/16384MB (cached 137MB) CPU [2%@729,1%@729,3%@729,1%@729,0%@729,8%@729] GR3D_FREQ 96% cpu@57.937C soc2@57.25C soc0@58.156C gpu@59.312C tj@59.312C soc1@57.531C VDD_IN 14492mW/13753mW VDD_CPU_GPU_CV 6100mW/5686mW VDD_SOC 3711mW/3515mW
08-11-2026 23:06:41 RAM 5311/7607MB (lfb 51x4MB) SWAP 1428/16384MB (cached 137MB) CPU [4%@729,1%@729,0%@729,2%@729,1%@729,9%@729] GR3D_FREQ 99% cpu@58.093C soc2@57.25C soc0@58.25C gpu@58.968C tj@58.968C soc1@57.343C VDD_IN 14040mW/13756mW VDD_CPU_GPU_CV 5825mW/5687mW VDD_SOC 3593mW/3516mW
08-11-2026 23:06:42 RAM 5313/7607MB (lfb 51x4MB) SWAP 1428/16384MB (cached 137MB) CPU [1%@729,2%@729,1%@729,3%@729,0%@729,9%@729] GR3D_FREQ 99% cpu@58.375C soc2@57.281C soc0@58.093C gpu@59.406C tj@59.406C soc1@57.375C VDD_IN 14238mW/13760mW VDD_CPU_GPU_CV 5904mW/5689mW VDD_SOC 3672mW/3517mW
08-11-2026 23:06:43 RAM 5315/7607MB (lfb 52x4MB) SWAP 1428/16384MB (cached 137MB) CPU [3%@729,2%@729,1%@729,1%@729,0%@729,6%@729] GR3D_FREQ 99% cpu@58.187C soc2@57.281C soc0@58.125C gpu@59.156C tj@59.156C soc1@57.437C VDD_IN 14492mW/13767mW VDD_CPU_GPU_CV 6100mW/5693mW VDD_SOC 3751mW/3519mW
08-11-2026 23:06:44 RAM 5316/7607MB (lfb 52x4MB) SWAP 1428/16384MB (cached 137MB) CPU [2%@729,1%@729,1%@729,0%@729,0%@729,9%@729] GR3D_FREQ 96% cpu@58.343C soc2@57.281C soc0@58.187C gpu@59.156C tj@59.156C soc1@57.468C VDD_IN 14452mW/13773mW VDD_CPU_GPU_CV 6100mW/5696mW VDD_SOC 3711mW/3521mW
08-11-2026 23:06:45 RAM 5318/7607MB (lfb 52x4MB) SWAP 1428/16384MB (cached 137MB) CPU [8%@729,18%@729,3%@729,6%@729,1%@729,8%@729] GR3D_FREQ 99% cpu@58C soc2@57.343C soc0@58.25C gpu@58.656C tj@58.656C soc1@57.437C VDD_IN 14040mW/13775mW VDD_CPU_GPU_CV 5864mW/5698mW VDD_SOC 3593mW/3522mW
08-11-2026 23:06:46 RAM 5320/7607MB (lfb 51x4MB) SWAP 1428/16384MB (cached 137MB) CPU [1%@729,1%@729,1%@729,0%@729,1%@729,10%@729] GR3D_FREQ 99% cpu@58.187C soc2@57.25C soc0@58.125C gpu@59.093C tj@59.093C soc1@57.343C VDD_IN 14120mW/13778mW VDD_CPU_GPU_CV 5864mW/5699mW VDD_SOC 3672mW/3523mW
08-11-2026 23:06:47 RAM 5322/7607MB (lfb 51x4MB) SWAP 1428/16384MB (cached 137MB) CPU [1%@729,0%@729,1%@729,1%@729,2%@729,9%@729] GR3D_FREQ 99% cpu@58.437C soc2@57.312C soc0@58.218C gpu@59.281C tj@59.281C soc1@57.468C VDD_IN 14334mW/13783mW VDD_CPU_GPU_CV 5982mW/5702mW VDD_SOC 3711mW/3524mW
08-11-2026 23:06:48 RAM 5324/7607MB (lfb 52x4MB) SWAP 1428/16384MB (cached 137MB) CPU [0%@729,3%@729,1%@729,2%@729,0%@729,9%@729] GR3D_FREQ 99% cpu@58.156C soc2@57.312C soc0@58.25C gpu@59.468C tj@59.468C soc1@57.468C VDD_IN 14610mW/13790mW VDD_CPU_GPU_CV 6140mW/5705mW VDD_SOC 3784mW/3527mW
08-11-2026 23:06:49 RAM 5326/7607MB (lfb 52x4MB) SWAP 1428/16384MB (cached 137MB) CPU [5%@729,1%@729,3%@729,2%@729,0%@729,9%@729] GR3D_FREQ 99% cpu@58.312C soc2@57.343C soc0@58.187C gpu@59.031C tj@59.031C soc1@57.562C VDD_IN 14199mW/13794mW VDD_CPU_GPU_CV 5943mW/5707mW VDD_SOC 3632mW/3528mW
08-11-2026 23:06:50 RAM 5328/7607MB (lfb 51x4MB) SWAP 1428/16384MB (cached 137MB) CPU [6%@729,16%@729,6%@729,4%@729,0%@729,9%@729] GR3D_FREQ 47% cpu@58.125C soc2@57.406C soc0@58.375C gpu@59.125C tj@59.125C soc1@57.5C VDD_IN 14120mW/13796mW VDD_CPU_GPU_CV 5904mW/5709mW VDD_SOC 3632mW/3529mW
08-11-2026 23:06:51 RAM 5331/7607MB (lfb 52x4MB) SWAP 1428/16384MB (cached 137MB) CPU [1%@729,1%@729,2%@729,2%@729,0%@729,9%@729] GR3D_FREQ 99% cpu@58.312C soc2@57.343C soc0@58.156C gpu@59.187C tj@59.187C soc1@57.468C VDD_IN 14278mW/13800mW VDD_CPU_GPU_CV 5943mW/5711mW VDD_SOC 3672mW/3530mW
08-11-2026 23:06:52 RAM 5333/7607MB (lfb 52x4MB) SWAP 1428/16384MB (cached 137MB) CPU [2%@729,1%@729,3%@729,1%@729,0%@729,7%@729] GR3D_FREQ 99% cpu@58.468C soc2@57.437C soc0@58.281C gpu@59.281C tj@59.281C soc1@57.531C VDD_IN 14492mW/13806mW VDD_CPU_GPU_CV 6100mW/5714mW VDD_SOC 3751mW/3532mW
08-11-2026 23:06:53 RAM 5334/7607MB (lfb 52x4MB) SWAP 1428/16384MB (cached 137MB) CPU [2%@729,2%@729,2%@729,2%@729,1%@729,8%@729] GR3D_FREQ 99% cpu@57.968C soc2@57.343C soc0@58.312C gpu@59.156C tj@59.156C soc1@57.625C VDD_IN 14373mW/13811mW VDD_CPU_GPU_CV 6061mW/5717mW VDD_SOC 3672mW/3533mW
08-11-2026 23:06:54 RAM 5337/7607MB (lfb 51x4MB) SWAP 1428/16384MB (cached 137MB) CPU [1%@729,1%@729,2%@729,1%@729,0%@729,9%@729] GR3D_FREQ 49% cpu@58.406C soc2@57.406C soc0@58.25C gpu@58.968C tj@58.968C soc1@57.656C VDD_IN 14001mW/13812mW VDD_CPU_GPU_CV 5785mW/5718mW VDD_SOC 3632mW/3534mW
08-11-2026 23:06:55 RAM 5338/7607MB (lfb 51x4MB) SWAP 1428/16384MB (cached 137MB) CPU [4%@729,1%@729,2%@729,2%@729,0%@729,9%@729] GR3D_FREQ 99% cpu@58.312C soc2@57.375C soc0@58.406C gpu@59.281C tj@59.281C soc1@57.531C VDD_IN 14294mW/13816mW VDD_CPU_GPU_CV 5943mW/5719mW VDD_SOC 3711mW/3535mW
08-11-2026 23:06:56 RAM 5347/7607MB (lfb 52x4MB) SWAP 1428/16384MB (cached 137MB) CPU [21%@1344,15%@1344,27%@1344,13%@1344,29%@1344,14%@1344] GR3D_FREQ 0% cpu@58.156C soc2@56.843C soc0@58.031C gpu@57.625C tj@58.156C soc1@57.312C VDD_IN 8452mW/13773mW VDD_CPU_GPU_CV 2583mW/5694mW VDD_SOC 2229mW/3524mW
08-11-2026 23:06:57 RAM 5395/7607MB (lfb 51x4MB) SWAP 1428/16384MB (cached 137MB) CPU [62%@729,62%@729,62%@729,69%@729,61%@729,60%@729] GR3D_FREQ 97% cpu@57.75C soc2@56.781C soc0@57.718C gpu@58.125C tj@58.125C soc1@57.343C VDD_IN 9936mW/13742mW VDD_CPU_GPU_CV 3769mW/5679mW VDD_SOC 2106mW/3513mW
08-11-2026 23:06:58 RAM 5395/7607MB (lfb 51x4MB) SWAP 1428/16384MB (cached 137MB) CPU [1%@729,2%@729,1%@729,10%@729,0%@729,0%@729] GR3D_FREQ 99% cpu@57.75C soc2@57.062C soc0@58.031C gpu@59.031C tj@59.031C soc1@57.343C VDD_IN 13368mW/13739mW VDD_CPU_GPU_CV 5637mW/5678mW VDD_SOC 3164mW/3510mW
08-11-2026 23:06:59 RAM 5395/7607MB (lfb 51x4MB) SWAP 1428/16384MB (cached 137MB) CPU [2%@729,3%@729,1%@729,11%@729,0%@729,0%@729] GR3D_FREQ 99% cpu@57.937C soc2@57.25C soc0@58.187C gpu@59.375C tj@59.375C soc1@57.343C VDD_IN 14413mW/13745mW VDD_CPU_GPU_CV 6061mW/5681mW VDD_SOC 3711mW/3512mW
08-11-2026 23:07:00 RAM 5395/7607MB (lfb 51x4MB) SWAP 1428/16384MB (cached 137MB) CPU [10%@1344,2%@1344,3%@1344,2%@1344,0%@729,0%@729] GR3D_FREQ 99% cpu@58.062C soc2@57.218C soc0@58.031C gpu@59C tj@59C soc1@57.281C VDD_IN 14413mW/13750mW VDD_CPU_GPU_CV 6100mW/5685mW VDD_SOC 3672mW/3513mW
08-11-2026 23:07:01 RAM 5398/7607MB (lfb 51x4MB) SWAP 1428/16384MB (cached 137MB) CPU [14%@729,14%@729,7%@729,4%@729,1%@729,0%@729] GR3D_FREQ 99% cpu@58.156C soc2@57.281C soc0@58.062C gpu@58.5C tj@58.5C soc1@57.343C VDD_IN 14080mW/13752mW VDD_CPU_GPU_CV 5904mW/5686mW VDD_SOC 3593mW/3514mW
08-11-2026 23:07:02 RAM 5399/7607MB (lfb 51x4MB) SWAP 1428/16384MB (cached 137MB) CPU [3%@1344,1%@1344,1%@1344,0%@1344,9%@729,0%@729] GR3D_FREQ 99% cpu@58.281C soc2@57.218C soc0@58.156C gpu@59.062C tj@59.062C soc1@57.468C VDD_IN 14238mW/13756mW VDD_CPU_GPU_CV 5904mW/5688mW VDD_SOC 3672mW/3515mW
08-11-2026 23:07:03 RAM 5399/7607MB (lfb 51x4MB) SWAP 1428/16384MB (cached 137MB) CPU [1%@729,1%@729,1%@729,2%@729,5%@729,2%@729] GR3D_FREQ 99% cpu@58.218C soc2@57.25C soc0@58.125C gpu@59.156C tj@59.156C soc1@57.562C VDD_IN 14413mW/13761mW VDD_CPU_GPU_CV 6061mW/5691mW VDD_SOC 3711mW/3516mW
08-11-2026 23:07:04 RAM 5398/7607MB (lfb 51x4MB) SWAP 1428/16384MB (cached 137MB) CPU [2%@729,0%@729,1%@729,2%@729,0%@729,8%@729] GR3D_FREQ 99% cpu@58C soc2@57.343C soc0@58.25C gpu@59.25C tj@59.25C soc1@57.343C VDD_IN 14492mW/13767mW VDD_CPU_GPU_CV 6100mW/5694mW VDD_SOC 3711mW/3518mW
08-11-2026 23:07:05 RAM 5398/7607MB (lfb 51x4MB) SWAP 1428/16384MB (cached 137MB) CPU [2%@729,2%@729,2%@729,3%@729,0%@729,9%@729] GR3D_FREQ 99% cpu@58.187C soc2@57.25C soc0@58.031C gpu@59.031C tj@59.031C soc1@57.406C VDD_IN 14001mW/13768mW VDD_CPU_GPU_CV 5825mW/5695mW VDD_SOC 3593mW/3519mW
08-11-2026 23:07:06 RAM 5398/7607MB (lfb 51x4MB) SWAP 1428/16384MB (cached 137MB) CPU [3%@729,1%@729,2%@729,0%@729,0%@729,9%@729] GR3D_FREQ 99% cpu@58.5C soc2@57.281C soc0@58.156C gpu@59.468C tj@59.468C soc1@57.562C VDD_IN 14255mW/13772mW VDD_CPU_GPU_CV 5943mW/5697mW VDD_SOC 3672mW/3520mW
08-11-2026 23:07:07 RAM 5398/7607MB (lfb 51x4MB) SWAP 1428/16384MB (cached 137MB) CPU [2%@729,16%@729,10%@729,4%@729,0%@729,7%@729] GR3D_FREQ 99% cpu@58.25C soc2@57.25C soc0@58.156C gpu@59.593C tj@59.593C soc1@57.5C VDD_IN 14492mW/13777mW VDD_CPU_GPU_CV 6100mW/5700mW VDD_SOC 3711mW/3521mW
08-11-2026 23:07:08 RAM 5398/7607MB (lfb 51x4MB) SWAP 1428/16384MB (cached 137MB) CPU [3%@729,1%@729,1%@729,1%@729,0%@729,8%@729] GR3D_FREQ 98% cpu@58.031C soc2@57.312C soc0@58.25C gpu@59.343C tj@59.343C soc1@57.593C VDD_IN 14531mW/13783mW VDD_CPU_GPU_CV 6100mW/5703mW VDD_SOC 3705mW/3522mW
08-11-2026 23:07:09 RAM 5398/7607MB (lfb 51x4MB) SWAP 1428/16384MB (cached 137MB) CPU [1%@729,2%@729,1%@729,1%@729,1%@729,8%@729] GR3D_FREQ 99% cpu@58.093C soc2@57.343C soc0@58.281C gpu@58.656C tj@58.656C soc1@57.437C VDD_IN 14040mW/13785mW VDD_CPU_GPU_CV 5864mW/5704mW VDD_SOC 3593mW/3523mW
08-11-2026 23:07:10 RAM 5398/7607MB (lfb 51x4MB) SWAP 1428/16384MB (cached 137MB) CPU [2%@729,1%@729,5%@729,2%@729,0%@729,9%@729] GR3D_FREQ 99% cpu@58.312C soc2@57.281C soc0@58.062C gpu@58.968C tj@59.187C soc1@57.437C VDD_IN 14080mW/13787mW VDD_CPU_GPU_CV 5825mW/5705mW VDD_SOC 3672mW/3524mW
08-11-2026 23:07:11 RAM 5398/7607MB (lfb 51x4MB) SWAP 1428/16384MB (cached 137MB) CPU [1%@729,1%@729,1%@729,1%@729,0%@729,8%@729] GR3D_FREQ 99% cpu@58.562C soc2@57.343C soc0@58.156C gpu@59.375C tj@59.375C soc1@57.406C VDD_IN 14413mW/13792mW VDD_CPU_GPU_CV 6022mW/5707mW VDD_SOC 3711mW/3525mW
08-11-2026 23:07:12 RAM 5398/7607MB (lfb 51x4MB) SWAP 1428/16384MB (cached 137MB) CPU [8%@729,4%@729,12%@729,9%@729,2%@729,8%@729] GR3D_FREQ 96% cpu@58.281C soc2@57.406C soc0@58.218C gpu@59.5C tj@59.5C soc1@57.562C VDD_IN 14729mW/13798mW VDD_CPU_GPU_CV 6248mW/5711mW VDD_SOC 3784mW/3527mW
08-11-2026 23:07:13 RAM 5398/7607MB (lfb 51x4MB) SWAP 1428/16384MB (cached 137MB) CPU [3%@729,2%@729,1%@729,2%@729,0%@729,8%@729] GR3D_FREQ 99% cpu@58.343C soc2@57.343C soc0@58.343C gpu@59.062C tj@59.062C soc1@57.625C VDD_IN 14199mW/13801mW VDD_CPU_GPU_CV 5943mW/5713mW VDD_SOC 3632mW/3528mW
08-11-2026 23:07:14 RAM 5398/7607MB (lfb 51x4MB) SWAP 1428/16384MB (cached 137MB) CPU [2%@729,1%@729,2%@729,1%@729,0%@729,9%@729] GR3D_FREQ 59% cpu@58.218C soc2@57.25C soc0@58.468C gpu@59.156C tj@59.156C soc1@57.5C VDD_IN 13922mW/13802mW VDD_CPU_GPU_CV 5746mW/5713mW VDD_SOC 3593mW/3528mW
08-11-2026 23:07:15 RAM 5398/7607MB (lfb 51x4MB) SWAP 1428/16384MB (cached 137MB) CPU [1%@729,2%@729,1%@729,1%@729,2%@729,8%@729] GR3D_FREQ 99% cpu@58.312C soc2@57.406C soc0@58.187C gpu@59.406C tj@59.125C soc1@57.5C VDD_IN 14373mW/13806mW VDD_CPU_GPU_CV 5982mW/5715mW VDD_SOC 3711mW/3530mW
08-11-2026 23:07:16 RAM 5398/7607MB (lfb 51x4MB) SWAP 1428/16384MB (cached 137MB) CPU [3%@729,0%@729,2%@729,1%@729,0%@729,8%@729] GR3D_FREQ 99% cpu@58.562C soc2@57.375C soc0@58.25C gpu@59.218C tj@59.218C soc1@57.593C VDD_IN 14452mW/13810mW VDD_CPU_GPU_CV 6100mW/5717mW VDD_SOC 3711mW/3531mW
08-11-2026 23:07:17 RAM 5398/7607MB (lfb 51x4MB) SWAP 1428/16384MB (cached 137MB) CPU [0%@729,1%@729,1%@729,0%@729,0%@729,8%@729] GR3D_FREQ 99% cpu@58.062C soc2@57.375C soc0@58.312C gpu@59.125C tj@59.125C soc1@57.625C VDD_IN 14334mW/13814mW VDD_CPU_GPU_CV 6022mW/5720mW VDD_SOC 3672mW/3532mW
08-11-2026 23:07:18 RAM 5400/7607MB (lfb 51x4MB) SWAP 1428/16384MB (cached 137MB) CPU [7%@729,7%@729,3%@729,17%@729,0%@729,9%@729] GR3D_FREQ 47% cpu@58.25C soc2@57.437C soc0@58.281C gpu@59C tj@59C soc1@57.468C VDD_IN 13961mW/13815mW VDD_CPU_GPU_CV 5825mW/5720mW VDD_SOC 3632mW/3533mW
08-11-2026 23:07:19 RAM 5400/7607MB (lfb 51x4MB) SWAP 1428/16384MB (cached 137MB) CPU [3%@729,1%@729,2%@729,1%@729,1%@729,8%@729] GR3D_FREQ 99% cpu@58.25C soc2@57.312C soc0@58.281C gpu@59.25C tj@59.25C soc1@57.5C VDD_IN 14317mW/13818mW VDD_CPU_GPU_CV 5943mW/5722mW VDD_SOC 3711mW/3534mW
08-11-2026 23:07:20 RAM 5400/7607MB (lfb 51x4MB) SWAP 1428/16384MB (cached 137MB) CPU [2%@729,1%@729,2%@729,1%@729,0%@729,7%@729] GR3D_FREQ 99% cpu@58.312C soc2@57.437C soc0@58.375C gpu@59.343C tj@59.343C soc1@57.531C VDD_IN 14413mW/13822mW VDD_CPU_GPU_CV 6061mW/5724mW VDD_SOC 3711mW/3535mW
08-11-2026 23:07:21 RAM 5400/7607MB (lfb 51x4MB) SWAP 1428/16384MB (cached 137MB) CPU [4%@729,1%@729,1%@729,0%@729,0%@729,9%@729] GR3D_FREQ 98% cpu@58.5C soc2@57.312C soc0@58.25C gpu@59.687C tj@59.687C soc1@57.562C VDD_IN 14492mW/13827mW VDD_CPU_GPU_CV 6100mW/5727mW VDD_SOC 3711mW/3536mW
08-11-2026 23:07:22 RAM 5399/7607MB (lfb 51x4MB) SWAP 1428/16384MB (cached 137MB) CPU [2%@729,2%@729,0%@729,2%@729,0%@729,9%@729] GR3D_FREQ 99% cpu@58.062C soc2@57.437C soc0@58.343C gpu@59.031C tj@59.031C soc1@57.75C VDD_IN 13961mW/13828mW VDD_CPU_GPU_CV 5825mW/5727mW VDD_SOC 3593mW/3537mW
08-11-2026 23:07:23 RAM 5398/7607MB (lfb 51x4MB) SWAP 1428/16384MB (cached 137MB) CPU [4%@729,8%@729,7%@729,6%@729,10%@729,9%@729] GR3D_FREQ 98% cpu@58.312C soc2@57.375C soc0@58.5C gpu@59.562C tj@59.562C soc1@57.531C VDD_IN 14373mW/13831mW VDD_CPU_GPU_CV 6061mW/5729mW VDD_SOC 3711mW/3538mW
08-11-2026 23:07:24 RAM 5398/7607MB (lfb 51x4MB) SWAP 1428/16384MB (cached 137MB) CPU [2%@729,1%@729,0%@729,1%@729,0%@729,8%@729] GR3D_FREQ 99% cpu@58.468C soc2@57.406C soc0@58.312C gpu@59.406C tj@59.406C soc1@57.562C VDD_IN 14492mW/13836mW VDD_CPU_GPU_CV 6100mW/5732mW VDD_SOC 3705mW/3539mW
08-11-2026 23:07:25 RAM 5398/7607MB (lfb 51x4MB) SWAP 1428/16384MB (cached 137MB) CPU [2%@729,2%@729,2%@729,1%@729,0%@729,8%@729] GR3D_FREQ 92% cpu@58.281C soc2@57.5C soc0@58.25C gpu@59.375C tj@59.375C soc1@57.562C VDD_IN 14492mW/13840mW VDD_CPU_GPU_CV 6100mW/5734mW VDD_SOC 3705mW/3540mW
08-11-2026 23:07:26 RAM 5398/7607MB (lfb 51x4MB) SWAP 1428/16384MB (cached 137MB) CPU [2%@729,1%@729,3%@729,1%@729,6%@729,2%@729] GR3D_FREQ 97% cpu@58.406C soc2@57.406C soc0@58.343C gpu@58.843C tj@58.843C soc1@57.75C VDD_IN 13961mW/13841mW VDD_CPU_GPU_CV 5785mW/5735mW VDD_SOC 3593mW/3540mW
08-11-2026 23:07:27 RAM 5398/7607MB (lfb 51x4MB) SWAP 1428/16384MB (cached 137MB) CPU [1%@729,2%@729,0%@729,1%@729,9%@729,0%@729] GR3D_FREQ 99% cpu@58.25C soc2@57.531C soc0@58.406C gpu@59.125C tj@59.468C soc1@57.531C VDD_IN 14159mW/13843mW VDD_CPU_GPU_CV 5864mW/5735mW VDD_SOC 3672mW/3541mW
08-11-2026 23:07:28 RAM 5398/7607MB (lfb 51x4MB) SWAP 1428/16384MB (cached 137MB) CPU [2%@729,1%@729,3%@729,1%@729,7%@729,0%@729] GR3D_FREQ 99% cpu@58.375C soc2@57.531C soc0@58.343C gpu@59.687C tj@59.687C soc1@57.687C VDD_IN 14334mW/13846mW VDD_CPU_GPU_CV 6022mW/5737mW VDD_SOC 3711mW/3542mW
08-11-2026 23:07:29 RAM 5400/7607MB (lfb 51x4MB) SWAP 1428/16384MB (cached 137MB) CPU [7%@729,17%@729,5%@729,7%@729,0%@729,7%@729] GR3D_FREQ 96% cpu@58.5C soc2@57.406C soc0@58.343C gpu@59.843C tj@59.843C soc1@57.656C VDD_IN 14610mW/13851mW VDD_CPU_GPU_CV 6179mW/5740mW VDD_SOC 3745mW/3544mW
08-11-2026 23:07:30 RAM 5400/7607MB (lfb 51x4MB) SWAP 1428/16384MB (cached 137MB) CPU [1%@729,0%@729,2%@729,3%@729,0%@729,8%@729] GR3D_FREQ 99% cpu@58.125C soc2@57.468C soc0@58.437C gpu@59.312C tj@59.312C soc1@57.718C VDD_IN 14080mW/13852mW VDD_CPU_GPU_CV 5864mW/5741mW VDD_SOC 3593mW/3544mW
08-11-2026 23:07:31 RAM 5400/7607MB (lfb 51x4MB) SWAP 1428/16384MB (cached 137MB) CPU [2%@729,1%@729,2%@729,2%@729,0%@729,9%@729] GR3D_FREQ 99% cpu@58.375C soc2@57.406C soc0@58.5C gpu@59.343C tj@59.343C soc1@57.562C VDD_IN 14278mW/13855mW VDD_CPU_GPU_CV 5904mW/5742mW VDD_SOC 3711mW/3545mW
08-11-2026 23:07:32 RAM 5400/7607MB (lfb 51x4MB) SWAP 1428/16384MB (cached 137MB) CPU [0%@729,4%@729,2%@729,1%@729,0%@729,8%@729] GR3D_FREQ 99% cpu@58.406C soc2@57.531C soc0@58.375C gpu@59.468C tj@59.468C soc1@57.562C VDD_IN 14531mW/13859mW VDD_CPU_GPU_CV 6100mW/5744mW VDD_SOC 3745mW/3546mW
08-11-2026 23:07:33 RAM 5400/7607MB (lfb 51x4MB) SWAP 1428/16384MB (cached 137MB) CPU [0%@729,1%@729,2%@729,1%@729,0%@729,8%@729] GR3D_FREQ 99% cpu@58.5C soc2@57.468C soc0@58.312C gpu@59.625C tj@59.625C soc1@57.593C VDD_IN 14531mW/13863mW VDD_CPU_GPU_CV 6140mW/5747mW VDD_SOC 3705mW/3547mW
08-11-2026 23:07:34 RAM 5401/7607MB (lfb 52x4MB) SWAP 1428/16384MB (cached 137MB) CPU [6%@729,4%@729,7%@729,6%@729,5%@729,17%@729] GR3D_FREQ 98% cpu@58.375C soc2@57.468C soc0@58.406C gpu@58.968C tj@58.968C soc1@57.75C VDD_IN 14159mW/13865mW VDD_CPU_GPU_CV 5943mW/5748mW VDD_SOC 3593mW/3547mW
08-11-2026 23:07:35 RAM 5400/7607MB (lfb 52x4MB) SWAP 1428/16384MB (cached 137MB) CPU [3%@729,2%@729,1%@729,1%@729,9%@729,0%@729] GR3D_FREQ 99% cpu@58.281C soc2@57.5C soc0@58.437C gpu@59.218C tj@59.218C soc1@57.812C VDD_IN 14278mW/13868mW VDD_CPU_GPU_CV 5904mW/5749mW VDD_SOC 3711mW/3548mW
08-11-2026 23:07:36 RAM 5410/7607MB (lfb 51x4MB) SWAP 1428/16384MB (cached 137MB) CPU [43%@1344,39%@1344,42%@1344,41%@1344,53%@1344,45%@1344] GR3D_FREQ 0% cpu@58.375C soc2@57.156C soc0@58.25C gpu@57.312C tj@58.375C soc1@57.5C VDD_IN 8532mW/13835mW VDD_CPU_GPU_CV 2821mW/5731mW VDD_SOC 2030mW/3539mW
08-11-2026 23:07:37 RAM 5424/7607MB (lfb 53x4MB) SWAP 1428/16384MB (cached 137MB) CPU [32%@729,26%@729,25%@729,27%@729,23%@729,23%@729] GR3D_FREQ 99% cpu@57.968C soc2@57.093C soc0@58.062C gpu@58.625C tj@58.625C soc1@57.468C VDD_IN 12558mW/13828mW VDD_CPU_GPU_CV 5212mW/5728mW VDD_SOC 2966mW/3536mW
08-11-2026 23:07:38 RAM 5424/7607MB (lfb 53x4MB) SWAP 1428/16384MB (cached 137MB) CPU [2%@729,2%@729,1%@729,10%@729,0%@729,0%@729] GR3D_FREQ 99% cpu@58.343C soc2@57.218C soc0@58.156C gpu@58.468C tj@58.468C soc1@57.468C VDD_IN 13684mW/13827mW VDD_CPU_GPU_CV 5677mW/5728mW VDD_SOC 3514mW/3536mW
08-11-2026 23:07:39 RAM 5424/7607MB (lfb 53x4MB) SWAP 1428/16384MB (cached 137MB) CPU [2%@729,2%@729,3%@729,11%@729,0%@729,0%@729] GR3D_FREQ 97% cpu@58.218C soc2@57.312C soc0@58.281C gpu@59.25C tj@59.25C soc1@57.5C VDD_IN 14278mW/13829mW VDD_CPU_GPU_CV 5943mW/5729mW VDD_SOC 3672mW/3536mW
08-11-2026 23:07:40 RAM 5428/7607MB (lfb 52x4MB) SWAP 1428/16384MB (cached 137MB) CPU [22%@729,7%@729,7%@729,8%@729,0%@729,1%@729] GR3D_FREQ 99% cpu@58.25C soc2@57.5C soc0@58.281C gpu@59.437C tj@59.437C soc1@57.468C VDD_IN 14492mW/13833mW VDD_CPU_GPU_CV 6100mW/5731mW VDD_SOC 3705mW/3537mW
08-11-2026 23:07:41 RAM 5428/7607MB (lfb 52x4MB) SWAP 1428/16384MB (cached 137MB) CPU [9%@729,2%@729,1%@729,0%@729,0%@729,0%@729] GR3D_FREQ 99% cpu@58.062C soc2@57.312C soc0@58.25C gpu@59.375C tj@59.375C soc1@57.468C VDD_IN 14492mW/13837mW VDD_CPU_GPU_CV 6140mW/5733mW VDD_SOC 3705mW/3538mW
08-11-2026 23:07:42 RAM 5428/7607MB (lfb 52x4MB) SWAP 1428/16384MB (cached 137MB) CPU [7%@729,6%@729,1%@729,3%@729,0%@729,0%@729] GR3D_FREQ 99% cpu@58.25C soc2@57.406C soc0@58.156C gpu@58.906C tj@58.906C soc1@57.562C VDD_IN 13803mW/13837mW VDD_CPU_GPU_CV 5716mW/5733mW VDD_SOC 3593mW/3539mW
08-11-2026 23:07:43 RAM 5428/7607MB (lfb 52x4MB) SWAP 1428/16384MB (cached 137MB) CPU [2%@729,11%@729,1%@729,1%@729,0%@729,0%@729] GR3D_FREQ 99% cpu@58.593C soc2@57.375C soc0@58.281C gpu@59.406C tj@59.406C soc1@57.562C VDD_IN 14255mW/13839mW VDD_CPU_GPU_CV 5943mW/5735mW VDD_SOC 3672mW/3539mW
08-11-2026 23:07:44 RAM 5428/7607MB (lfb 52x4MB) SWAP 1428/16384MB (cached 137MB) CPU [2%@729,9%@729,3%@729,1%@729,0%@729,0%@729] GR3D_FREQ 99% cpu@58.218C soc2@57.468C soc0@58.25C gpu@59.437C tj@59.343C soc1@57.625C VDD_IN 14531mW/13843mW VDD_CPU_GPU_CV 6100mW/5737mW VDD_SOC 3745mW/3541mW
08-11-2026 23:07:45 RAM 5429/7607MB (lfb 52x4MB) SWAP 1428/16384MB (cached 137MB) CPU [8%@729,9%@729,5%@729,7%@729,11%@729,4%@729] GR3D_FREQ 99% cpu@58.218C soc2@57.406C soc0@58.406C gpu@59.468C tj@59.468C soc1@57.5C VDD_IN 14610mW/13848mW VDD_CPU_GPU_CV 6218mW/5739mW VDD_SOC 3705mW/3542mW
08-11-2026 23:07:46 RAM 5429/7607MB (lfb 52x4MB) SWAP 1428/16384MB (cached 137MB) CPU [6%@729,5%@729,2%@729,2%@729,0%@729,0%@729] GR3D_FREQ 99% cpu@58.218C soc2@57.343C soc0@58.343C gpu@58.781C tj@58.781C soc1@57.593C VDD_IN 14040mW/13849mW VDD_CPU_GPU_CV 5864mW/5740mW VDD_SOC 3593mW/3542mW
08-11-2026 23:07:47 RAM 5429/7607MB (lfb 52x4MB) SWAP 1428/16384MB (cached 137MB) CPU [3%@729,9%@729,2%@729,1%@729,0%@729,0%@729] GR3D_FREQ 97% cpu@58.406C soc2@57.343C soc0@58.343C gpu@59.281C tj@59.281C soc1@57.531C VDD_IN 14238mW/13851mW VDD_CPU_GPU_CV 5904mW/5741mW VDD_SOC 3672mW/3543mW
08-11-2026 23:07:48 RAM 5429/7607MB (lfb 52x4MB) SWAP 1428/16384MB (cached 137MB) CPU [10%@729,1%@729,1%@729,1%@729,0%@729,0%@729] GR3D_FREQ 99% cpu@58.625C soc2@57.5C soc0@58.343C gpu@59.312C tj@59.312C soc1@57.593C VDD_IN 14492mW/13855mW VDD_CPU_GPU_CV 6061mW/5743mW VDD_SOC 3745mW/3544mW
08-11-2026 23:07:49 RAM 5429/7607MB (lfb 52x4MB) SWAP 1427/16384MB (cached 137MB) CPU [10%@729,2%@729,2%@729,1%@729,0%@729,0%@729] GR3D_FREQ 98% cpu@58.187C soc2@57.562C soc0@58.281C gpu@59.468C tj@59.468C soc1@57.781C VDD_IN 14571mW/13859mW VDD_CPU_GPU_CV 6140mW/5745mW VDD_SOC 3705mW/3545mW
08-11-2026 23:07:50 RAM 5429/7607MB (lfb 52x4MB) SWAP 1427/16384MB (cached 137MB) CPU [10%@1190,2%@1190,3%@1190,2%@1190,0%@729,1%@729] GR3D_FREQ 99% cpu@58.468C soc2@57.468C soc0@58.5C gpu@59.062C tj@59.062C soc1@57.531C VDD_IN 14080mW/13860mW VDD_CPU_GPU_CV 5864mW/5746mW VDD_SOC 3632mW/3545mW
08-11-2026 23:07:51 RAM 5429/7607MB (lfb 52x4MB) SWAP 1427/16384MB (cached 137MB) CPU [8%@729,10%@729,17%@729,6%@729,1%@729,1%@729] GR3D_FREQ 99% cpu@58.562C soc2@57.343C soc0@58.312C gpu@59.468C tj@59.468C soc1@57.625C VDD_IN 14176mW/13862mW VDD_CPU_GPU_CV 5904mW/5747mW VDD_SOC 3672mW/3546mW
08-11-2026 23:07:52 RAM 5429/7607MB (lfb 52x4MB) SWAP 1427/16384MB (cached 137MB) CPU [4%@729,8%@729,0%@729,3%@729,0%@729,0%@729] GR3D_FREQ 99% cpu@58.375C soc2@57.468C soc0@58.375C gpu@59.625C tj@59.625C soc1@57.593C VDD_IN 14452mW/13865mW VDD_CPU_GPU_CV 6061mW/5748mW VDD_SOC 3745mW/3547mW
08-11-2026 23:07:53 RAM 5430/7607MB (lfb 52x4MB) SWAP 1427/16384MB (cached 137MB) CPU [9%@729,1%@729,3%@729,1%@729,2%@729,0%@729] GR3D_FREQ 96% cpu@58.593C soc2@57.5C soc0@58.406C gpu@59.843C tj@59.843C soc1@57.75C VDD_IN 14571mW/13869mW VDD_CPU_GPU_CV 6140mW/5751mW VDD_SOC 3745mW/3548mW
08-11-2026 23:07:54 RAM 5429/7607MB (lfb 52x4MB) SWAP 1427/16384MB (cached 137MB) CPU [10%@1113,0%@1113,2%@1113,3%@1113,0%@729,0%@729] GR3D_FREQ 99% cpu@58.218C soc2@57.5C soc0@58.437C gpu@59.343C tj@59.343C soc1@57.812C VDD_IN 14120mW/13870mW VDD_CPU_GPU_CV 5904mW/5751mW VDD_SOC 3632mW/3549mW
08-11-2026 23:07:55 RAM 5430/7607MB (lfb 52x4MB) SWAP 1427/16384MB (cached 137MB) CPU [10%@729,0%@729,2%@729,2%@729,0%@729,1%@729] GR3D_FREQ 99% cpu@58.375C soc2@57.593C soc0@58.468C gpu@59.187C tj@59.187C soc1@57.531C VDD_IN 14159mW/13872mW VDD_CPU_GPU_CV 5864mW/5752mW VDD_SOC 3672mW/3549mW
08-11-2026 23:07:56 RAM 5431/7607MB (lfb 52x4MB) SWAP 1427/16384MB (cached 137MB) CPU [10%@729,2%@729,5%@729,3%@729,14%@729,8%@729] GR3D_FREQ 99% cpu@58.625C soc2@57.656C soc0@58.343C gpu@59.531C tj@59.531C soc1@57.625C VDD_IN 14492mW/13875mW VDD_CPU_GPU_CV 6140mW/5754mW VDD_SOC 3705mW/3550mW
08-11-2026 23:07:57 RAM 5431/7607MB (lfb 52x4MB) SWAP 1427/16384MB (cached 137MB) CPU [5%@729,5%@729,2%@729,1%@729,0%@729,0%@729] GR3D_FREQ 99% cpu@58.312C soc2@57.468C soc0@58.437C gpu@59.437C tj@59.437C soc1@57.656C VDD_IN 14531mW/13879mW VDD_CPU_GPU_CV 6140mW/5756mW VDD_SOC 3745mW/3551mW
08-11-2026 23:07:58 RAM 5431/7607MB (lfb 52x4MB) SWAP 1427/16384MB (cached 137MB) CPU [6%@729,6%@729,0%@729,1%@729,0%@729,2%@729] GR3D_FREQ 99% cpu@58.531C soc2@57.562C soc0@58.437C gpu@59.281C tj@59.281C soc1@57.75C VDD_IN 14255mW/13881mW VDD_CPU_GPU_CV 5982mW/5757mW VDD_SOC 3632mW/3552mW
08-11-2026 23:07:59 RAM 5433/7607MB (lfb 51x4MB) SWAP 1427/16384MB (cached 137MB) CPU [5%@729,7%@729,2%@729,1%@729,0%@729,0%@729] GR3D_FREQ 74% cpu@58.218C soc2@57.562C soc0@58.562C gpu@59.187C tj@59.187C soc1@57.625C VDD_IN 14040mW/13882mW VDD_CPU_GPU_CV 5785mW/5758mW VDD_SOC 3632mW/3552mW
08-11-2026 23:08:00 RAM 5435/7607MB (lfb 51x4MB) SWAP 1427/16384MB (cached 137MB) CPU [1%@729,9%@729,1%@729,2%@729,0%@729,1%@729] GR3D_FREQ 99% cpu@58.437C soc2@57.593C soc0@58.343C gpu@59.312C tj@59.312C soc1@57.687C VDD_IN 14334mW/13884mW VDD_CPU_GPU_CV 5982mW/5759mW VDD_SOC 3711mW/3553mW
08-11-2026 23:08:01 RAM 5438/7607MB (lfb 52x4MB) SWAP 1427/16384MB (cached 137MB) CPU [5%@1344,10%@1344,1%@1344,1%@1344,0%@729,1%@729] GR3D_FREQ 99% cpu@58.718C soc2@57.687C soc0@58.437C gpu@59.343C tj@59.343C soc1@57.718C VDD_IN 14492mW/13887mW VDD_CPU_GPU_CV 6100mW/5761mW VDD_SOC 3705mW/3554mW
08-11-2026 23:08:02 RAM 5440/7607MB (lfb 52x4MB) SWAP 1427/16384MB (cached 137MB) CPU [7%@729,10%@729,14%@729,4%@729,0%@729,1%@729] GR3D_FREQ 96% cpu@58.218C soc2@57.562C soc0@58.343C gpu@59.468C tj@59.562C soc1@57.75C VDD_IN 14492mW/13891mW VDD_CPU_GPU_CV 6140mW/5763mW VDD_SOC 3705mW/3554mW
08-11-2026 23:08:03 RAM 5443/7607MB (lfb 51x4MB) SWAP 1427/16384MB (cached 137MB) CPU [1%@729,4%@729,8%@729,2%@729,0%@729,1%@729] GR3D_FREQ 99% cpu@58.437C soc2@57.562C soc0@58.531C gpu@58.968C tj@58.968C soc1@57.843C VDD_IN 13961mW/13891mW VDD_CPU_GPU_CV 5785mW/5763mW VDD_SOC 3593mW/3555mW
08-11-2026 23:08:04 RAM 5445/7607MB (lfb 52x4MB) SWAP 1427/16384MB (cached 137MB) CPU [2%@729,1%@729,10%@729,2%@729,0%@729,0%@729] GR3D_FREQ 99% cpu@58.468C soc2@57.562C soc0@58.562C gpu@59.468C tj@59.468C soc1@57.687C VDD_IN 14294mW/13893mW VDD_CPU_GPU_CV 5982mW/5764mW VDD_SOC 3711mW/3555mW
08-11-2026 23:08:05 RAM 5447/7607MB (lfb 52x4MB) SWAP 1427/16384MB (cached 137MB) CPU [1%@729,1%@729,9%@729,1%@729,0%@729,0%@729] GR3D_FREQ 99% cpu@58.468C soc2@57.562C soc0@58.312C gpu@59.656C tj@59.656C soc1@57.625C VDD_IN 14492mW/13896mW VDD_CPU_GPU_CV 6100mW/5766mW VDD_SOC 3705mW/3556mW
08-11-2026 23:08:06 RAM 5448/7607MB (lfb 51x4MB) SWAP 1427/16384MB (cached 137MB) CPU [2%@729,1%@729,8%@729,2%@729,1%@729,0%@729] GR3D_FREQ 94% cpu@58.531C soc2@57.562C soc0@58.406C gpu@59.687C tj@59.687C soc1@57.781C VDD_IN 14492mW/13899mW VDD_CPU_GPU_CV 6100mW/5767mW VDD_SOC 3705mW/3557mW
08-11-2026 23:08:07 RAM 5452/7607MB (lfb 52x4MB) SWAP 1427/16384MB (cached 137MB) CPU [7%@729,10%@729,8%@729,6%@729,5%@729,8%@729] GR3D_FREQ 99% cpu@58.375C soc2@57.5C soc0@58.5C gpu@59.031C tj@59.031C soc1@57.812C VDD_IN 14120mW/13900mW VDD_CPU_GPU_CV 5904mW/5768mW VDD_SOC 3593mW/3557mW
08-11-2026 23:08:08 RAM 5453/7607MB (lfb 52x4MB) SWAP 1427/16384MB (cached 137MB) CPU [2%@729,1%@729,10%@729,1%@729,2%@729,0%@729] GR3D_FREQ 99% cpu@58.5C soc2@57.593C soc0@58.593C gpu@59.406C tj@59.406C soc1@57.75C VDD_IN 14294mW/13902mW VDD_CPU_GPU_CV 5943mW/5769mW VDD_SOC 3672mW/3558mW
08-11-2026 23:08:09 RAM 5455/7607MB (lfb 52x4MB) SWAP 1427/16384MB (cached 137MB) CPU [2%@729,3%@729,7%@729,1%@729,0%@729,0%@729] GR3D_FREQ 99% cpu@58.531C soc2@57.687C soc0@58.5C gpu@59.468C tj@59.468C soc1@57.718C VDD_IN 14531mW/13906mW VDD_CPU_GPU_CV 6100mW/5771mW VDD_SOC 3745mW/3559mW
08-11-2026 23:08:10 RAM 5456/7607MB (lfb 51x4MB) SWAP 1427/16384MB (cached 137MB) CPU [5%@729,2%@729,9%@729,0%@729,0%@729,0%@729] GR3D_FREQ 99% cpu@58.562C soc2@57.531C soc0@58.531C gpu@59.562C tj@59.562C soc1@57.781C VDD_IN 14531mW/13909mW VDD_CPU_GPU_CV 6140mW/5773mW VDD_SOC 3705mW/3559mW
08-11-2026 23:08:11 RAM 5287/7607MB (lfb 53x4MB) SWAP 1427/16384MB (cached 137MB) CPU [11%@729,4%@729,8%@729,5%@729,30%@1344,5%@1344] GR3D_FREQ 0% cpu@58.312C soc2@57.25C soc0@58.406C gpu@58.093C tj@58.406C soc1@57.75C VDD_IN 11009mW/13894mW VDD_CPU_GPU_CV 3803mW/5763mW VDD_SOC 3095mW/3557mW
