
slorado base-caller version 0.5.0-beta
model path:         models/dna_r10.4.1_e8.2_400bps_fast@v5.0.0
input path:         test/PGXXXX230339/reads_1k.blow5
output path:        output_fast_1k_overlap-li-f12-narrow.fastq
device:             cuda:all
chunk size:         12288
read batch size:    4096
gpu batch size:     128
no. threads:        8
overlap:            150
overlap decode:     yes
fixed-c batch:      no (narrow partials)
flush threshold:    12

[parse_qscore_params::INFO][1;34m mean_qscore_start_pos not found in config toml, setting default to 60[0m
[basecaller_main::0.254*4.57] 1000 Entries (49.5M bytes) loaded
[basecaller_main::22.476*0.28] 1000 Entries (49.5M bytes) processed

[basecaller_main] total entries: 1000
[basecaller_main] total bytes: 49.5 M
[basecaller_main] model initialization: 0.205 sec
[basecaller_main] data loading: 0.047 sec
[basecaller_main] data processing: 22.222 sec
[basecaller_main]     - parse: 0.362 sec
[basecaller_main]     - preprocess: 0.015 sec
[basecaller_main]     - runners: 21.817 sec
[basecaller_main]          - synchronisation: 0.000 sec
[basecaller_main]          - model runner [0]: 21.814 sec
[basecaller_main]             - accept: 0.296 sec
[basecaller_main]             - basecall: 21.518 sec
[basecaller_main]                 - inference: 3.347 sec
[basecaller_main]                     - conv_stack: 0.714 sec
[basecaller_main]                         - input [N,C,T]: [12, 1, 12288]
[basecaller_main]                         - conv[0]: 0.337 sec
[basecaller_main]                             in  [N,C,T]: [12, 1, 12288]
[basecaller_main]                             out [N,C,T]: [12, 16, 12288]
[basecaller_main]                             op: 0.272 sec  act: 0.065 sec
[basecaller_main]                         - conv[1]: 0.201 sec
[basecaller_main]                             in  [N,C,T]: [12, 16, 12288]
[basecaller_main]                             out [N,C,T]: [12, 16, 12288]
[basecaller_main]                             op: 0.167 sec  act: 0.034 sec
[basecaller_main]                         - conv[2]: 0.173 sec
[basecaller_main]                             in  [N,C,T]: [12, 16, 12288]
[basecaller_main]                             out [N,C,T]: [12, 96, 2048]
[basecaller_main]                             op: 0.139 sec  act: 0.034 sec
[basecaller_main]                         - transpose: 0.003 sec
[basecaller_main]                             in  [N,C,T]: [12, 96, 2048]
[basecaller_main]                             out [N,T,C]: [12, 2048, 96]
[basecaller_main]                     - rnns: 2.295 sec
[basecaller_main]                         - rnn[0] (reverse): 0.685 sec
[basecaller_main]                             in  [N,T,C]: [12, 2048, 96]
[basecaller_main]                             out [N,T,C]: [12, 2048, 96]
[basecaller_main]                             flip: 0.043 sec  lstm: 0.642 sec
[basecaller_main]                         - rnn[1] (forward): 0.406 sec
[basecaller_main]                             in  [N,T,C]: [12, 2048, 96]
[basecaller_main]                             out [N,T,C]: [12, 2048, 96]
[basecaller_main]                             flip: 0.036 sec  lstm: 0.370 sec
[basecaller_main]                         - rnn[2] (reverse): 0.393 sec
[basecaller_main]                             in  [N,T,C]: [12, 2048, 96]
[basecaller_main]                             out [N,T,C]: [12, 2048, 96]
[basecaller_main]                             flip: 0.034 sec  lstm: 0.359 sec
[basecaller_main]                         - rnn[3] (forward): 0.389 sec
[basecaller_main]                             in  [N,T,C]: [12, 2048, 96]
[basecaller_main]                             out [N,T,C]: [12, 2048, 96]
[basecaller_main]                             flip: 0.034 sec  lstm: 0.355 sec
[basecaller_main]                         - rnn[4] (reverse): 0.386 sec
[basecaller_main]                             in  [N,T,C]: [12, 2048, 96]
[basecaller_main]                             out [N,T,C]: [12, 2048, 96]
[basecaller_main]                             flip: 0.033 sec  lstm: 0.353 sec
[basecaller_main]                         - rnn_out_flip: 0.035 sec
[basecaller_main]                             out [N,T,C]: [12, 2048, 96]
[basecaller_main]                     - crf_1: 0.104 sec
[basecaller_main]                         in  [N,T,C]: [12, 2048, 96]
[basecaller_main]                         out [N,T,C]: [12, 2048, 256]
[basecaller_main]                     - crf_2: 0.000 sec
[basecaller_main]                     - clamp: 0.022 sec
[basecaller_main]                 - decode: 21.041 sec
[basecaller_main]                     - scores [N,T,C]: [12, 2048, 256]
[basecaller_main]                     - bwd_scan: 1.117 sec
[basecaller_main]                     - beam_search: 13.087 sec
[basecaller_main]                     - fwd_post_scan: 3.838 sec
[basecaller_main]                     - qual_data: 2.185 sec
[basecaller_main]                     - gen_sequence: 0.929 sec
[basecaller_main]                     - d2h_copy: 0.008 sec
[basecaller_main]             - modcall: 0.000 sec
[basecaller_main] load-imbalance: 425 GPU batches (425 tail), 5100 real chunks, 49300 padded slots -> 90.6% of 54400 launched GPU slots wasted on padding
[basecaller_main]     - postprocess: 0.029 sec
[basecaller_main]     - mod_preprocess: 0.000 sec
[basecaller_main]     - mod_postprocess: 0.000 sec
[basecaller_main] data output: 0.033 sec
[basecaller_main] data free: 0.011 sec
[main] Version: 0.5.0-beta
[main] CMD: ./slorado basecaller -C 128 -c 12288 -K 4096 -p 150 --overlap-decode=yes --fixed-c-batch=no --flush-threshold=12 -o output_fast_1k_overlap-li-f12-narrow.fastq models/dna_r10.4.1_e8.2_400bps_fast@v5.0.0 test/PGXXXX230339/reads_1k.blow5
[main] Real time: 22.531 sec; CPU time: 6.282 sec; Peak RAM: 1.551 GB

