
slorado base-caller version 0.5.0-beta
model path:         models/dna_r10.4.1_e8.2_400bps_fast@v5.0.0
input path:         test/PGXXXX230339/reads_1k.blow5
output path:        output_fast_1k_overlap-li-f48-narrow.fastq
device:             cuda:all
chunk size:         12288
read batch size:    4096
gpu batch size:     128
no. threads:        8
overlap:            150
overlap decode:     yes
fixed-c batch:      no (narrow partials)
flush threshold:    48

[parse_qscore_params::INFO][1;34m mean_qscore_start_pos not found in config toml, setting default to 60[0m
[basecaller_main::0.250*4.54] 1000 Entries (49.5M bytes) loaded
[basecaller_main::10.450*0.40] 1000 Entries (49.5M bytes) processed

[basecaller_main] total entries: 1000
[basecaller_main] total bytes: 49.5 M
[basecaller_main] model initialization: 0.201 sec
[basecaller_main] data loading: 0.047 sec
[basecaller_main] data processing: 10.200 sec
[basecaller_main]     - parse: 0.382 sec
[basecaller_main]     - preprocess: 0.015 sec
[basecaller_main]     - runners: 9.780 sec
[basecaller_main]          - synchronisation: 0.000 sec
[basecaller_main]          - model runner [0]: 9.778 sec
[basecaller_main]             - accept: 0.234 sec
[basecaller_main]             - basecall: 9.544 sec
[basecaller_main]                 - inference: 4.035 sec
[basecaller_main]                     - conv_stack: 0.425 sec
[basecaller_main]                         - input [N,C,T]: [48, 1, 12288]
[basecaller_main]                         - conv[0]: 0.283 sec
[basecaller_main]                             in  [N,C,T]: [48, 1, 12288]
[basecaller_main]                             out [N,C,T]: [48, 16, 12288]
[basecaller_main]                             op: 0.246 sec  act: 0.037 sec
[basecaller_main]                         - conv[1]: 0.086 sec
[basecaller_main]                             in  [N,C,T]: [48, 16, 12288]
[basecaller_main]                             out [N,C,T]: [48, 16, 12288]
[basecaller_main]                             op: 0.077 sec  act: 0.009 sec
[basecaller_main]                         - conv[2]: 0.056 sec
[basecaller_main]                             in  [N,C,T]: [48, 16, 12288]
[basecaller_main]                             out [N,C,T]: [48, 96, 2048]
[basecaller_main]                             op: 0.047 sec  act: 0.009 sec
[basecaller_main]                         - transpose: 0.001 sec
[basecaller_main]                             in  [N,C,T]: [48, 96, 2048]
[basecaller_main]                             out [N,T,C]: [48, 2048, 96]
[basecaller_main]                     - rnns: 0.933 sec
[basecaller_main]                         - rnn[0] (reverse): 0.489 sec
[basecaller_main]                             in  [N,T,C]: [48, 2048, 96]
[basecaller_main]                             out [N,T,C]: [48, 2048, 96]
[basecaller_main]                             flip: 0.022 sec  lstm: 0.467 sec
[basecaller_main]                         - rnn[1] (forward): 0.115 sec
[basecaller_main]                             in  [N,T,C]: [48, 2048, 96]
[basecaller_main]                             out [N,T,C]: [48, 2048, 96]
[basecaller_main]                             flip: 0.009 sec  lstm: 0.105 sec
[basecaller_main]                         - rnn[2] (reverse): 0.108 sec
[basecaller_main]                             in  [N,T,C]: [48, 2048, 96]
[basecaller_main]                             out [N,T,C]: [48, 2048, 96]
[basecaller_main]                             flip: 0.008 sec  lstm: 0.100 sec
[basecaller_main]                         - rnn[3] (forward): 0.106 sec
[basecaller_main]                             in  [N,T,C]: [48, 2048, 96]
[basecaller_main]                             out [N,T,C]: [48, 2048, 96]
[basecaller_main]                             flip: 0.008 sec  lstm: 0.098 sec
[basecaller_main]                         - rnn[4] (reverse): 0.107 sec
[basecaller_main]                             in  [N,T,C]: [48, 2048, 96]
[basecaller_main]                             out [N,T,C]: [48, 2048, 96]
[basecaller_main]                             flip: 0.008 sec  lstm: 0.099 sec
[basecaller_main]                         - rnn_out_flip: 0.009 sec
[basecaller_main]                             out [N,T,C]: [48, 2048, 96]
[basecaller_main]                     - crf_1: 0.034 sec
[basecaller_main]                         in  [N,T,C]: [48, 2048, 96]
[basecaller_main]                         out [N,T,C]: [48, 2048, 256]
[basecaller_main]                     - crf_2: 0.000 sec
[basecaller_main]                     - clamp: 0.005 sec
[basecaller_main]                 - decode: 9.014 sec
[basecaller_main]                     - scores [N,T,C]: [12, 2048, 256]
[basecaller_main]                     - bwd_scan: 0.251 sec
[basecaller_main]                     - beam_search: 4.093 sec
[basecaller_main]                     - fwd_post_scan: 1.021 sec
[basecaller_main]                     - qual_data: 0.501 sec
[basecaller_main]                     - gen_sequence: 0.331 sec
[basecaller_main]                     - d2h_copy: 0.004 sec
[basecaller_main]             - modcall: 0.000 sec
[basecaller_main] load-imbalance: 107 GPU batches (107 tail), 5100 real chunks, 8596 padded slots -> 62.8% of 13696 launched GPU slots wasted on padding
[basecaller_main]     - postprocess: 0.024 sec
[basecaller_main]     - mod_preprocess: 0.000 sec
[basecaller_main]     - mod_postprocess: 0.000 sec
[basecaller_main] data output: 0.031 sec
[basecaller_main] data free: 0.010 sec
[main] Version: 0.5.0-beta
[main] CMD: ./slorado basecaller -C 128 -c 12288 -K 4096 -p 150 --overlap-decode=yes --fixed-c-batch=no --flush-threshold=48 -o output_fast_1k_overlap-li-f48-narrow.fastq models/dna_r10.4.1_e8.2_400bps_fast@v5.0.0 test/PGXXXX230339/reads_1k.blow5
[main] Real time: 10.502 sec; CPU time: 4.230 sec; Peak RAM: 2.227 GB

