
slorado base-caller version 0.5.0-beta
model path:         models/dna_r10.4.1_e8.2_400bps_fast@v5.0.0
input path:         test/PGXXXX230339/reads_1k.blow5
output path:        output_fast_1k_overlap-li-f12-fixedc.fastq
device:             cuda:all
chunk size:         12288
read batch size:    4096
gpu batch size:     128
no. threads:        8
overlap:            150
overlap decode:     yes
fixed-c batch:      yes (no narrow)
flush threshold:    12

[parse_qscore_params::INFO][1;34m mean_qscore_start_pos not found in config toml, setting default to 60[0m
[basecaller_main::0.244*4.69] 1000 Entries (49.5M bytes) loaded
[basecaller_main::85.048*0.10] 1000 Entries (49.5M bytes) processed

[basecaller_main] total entries: 1000
[basecaller_main] total bytes: 49.5 M
[basecaller_main] model initialization: 0.195 sec
[basecaller_main] data loading: 0.047 sec
[basecaller_main] data processing: 84.804 sec
[basecaller_main]     - parse: 0.337 sec
[basecaller_main]     - preprocess: 0.018 sec
[basecaller_main]     - runners: 84.424 sec
[basecaller_main]          - synchronisation: 0.000 sec
[basecaller_main]          - model runner [0]: 84.420 sec
[basecaller_main]             - accept: 0.306 sec
[basecaller_main]             - basecall: 84.115 sec
[basecaller_main]                 - inference: 54.444 sec
[basecaller_main]                     - conv_stack: 0.815 sec
[basecaller_main]                         - input [N,C,T]: [128, 1, 12288]
[basecaller_main]                         - conv[0]: 0.417 sec
[basecaller_main]                             in  [N,C,T]: [128, 1, 12288]
[basecaller_main]                             out [N,C,T]: [128, 16, 12288]
[basecaller_main]                             op: 0.350 sec  act: 0.067 sec
[basecaller_main]                         - conv[1]: 0.221 sec
[basecaller_main]                             in  [N,C,T]: [128, 16, 12288]
[basecaller_main]                             out [N,C,T]: [128, 16, 12288]
[basecaller_main]                             op: 0.187 sec  act: 0.034 sec
[basecaller_main]                         - conv[2]: 0.173 sec
[basecaller_main]                             in  [N,C,T]: [128, 16, 12288]
[basecaller_main]                             out [N,C,T]: [128, 96, 2048]
[basecaller_main]                             op: 0.140 sec  act: 0.033 sec
[basecaller_main]                         - transpose: 0.004 sec
[basecaller_main]                             in  [N,C,T]: [128, 96, 2048]
[basecaller_main]                             out [N,T,C]: [128, 2048, 96]
[basecaller_main]                     - rnns: 4.130 sec
[basecaller_main]                         - rnn[0] (reverse): 1.587 sec
[basecaller_main]                             in  [N,T,C]: [128, 2048, 96]
[basecaller_main]                             out [N,T,C]: [128, 2048, 96]
[basecaller_main]                             flip: 0.061 sec  lstm: 1.526 sec
[basecaller_main]                         - rnn[1] (forward): 0.639 sec
[basecaller_main]                             in  [N,T,C]: [128, 2048, 96]
[basecaller_main]                             out [N,T,C]: [128, 2048, 96]
[basecaller_main]                             flip: 0.036 sec  lstm: 0.603 sec
[basecaller_main]                         - rnn[2] (reverse): 0.626 sec
[basecaller_main]                             in  [N,T,C]: [128, 2048, 96]
[basecaller_main]                             out [N,T,C]: [128, 2048, 96]
[basecaller_main]                             flip: 0.033 sec  lstm: 0.592 sec
[basecaller_main]                         - rnn[3] (forward): 0.623 sec
[basecaller_main]                             in  [N,T,C]: [128, 2048, 96]
[basecaller_main]                             out [N,T,C]: [128, 2048, 96]
[basecaller_main]                             flip: 0.033 sec  lstm: 0.590 sec
[basecaller_main]                         - rnn[4] (reverse): 0.621 sec
[basecaller_main]                             in  [N,T,C]: [128, 2048, 96]
[basecaller_main]                             out [N,T,C]: [128, 2048, 96]
[basecaller_main]                             flip: 0.033 sec  lstm: 0.588 sec
[basecaller_main]                         - rnn_out_flip: 0.035 sec
[basecaller_main]                             out [N,T,C]: [128, 2048, 96]
[basecaller_main]                     - crf_1: 0.133 sec
[basecaller_main]                         in  [N,T,C]: [128, 2048, 96]
[basecaller_main]                         out [N,T,C]: [128, 2048, 256]
[basecaller_main]                     - crf_2: 0.000 sec
[basecaller_main]                     - clamp: 0.021 sec
[basecaller_main]                 - decode: 83.262 sec
[basecaller_main]                     - scores [N,T,C]: [128, 2048, 256]
[basecaller_main]                     - bwd_scan: 1.281 sec
[basecaller_main]                     - beam_search: 20.234 sec
[basecaller_main]                     - fwd_post_scan: 8.351 sec
[basecaller_main]                     - qual_data: 1.943 sec
[basecaller_main]                     - gen_sequence: 1.647 sec
[basecaller_main]                     - d2h_copy: 0.031 sec
[basecaller_main]             - modcall: 0.000 sec
[basecaller_main] load-imbalance: 425 GPU batches (425 tail), 5100 real chunks, 49300 padded slots -> 90.6% of 54400 launched GPU slots wasted on padding
[basecaller_main]     - postprocess: 0.024 sec
[basecaller_main]     - mod_preprocess: 0.000 sec
[basecaller_main]     - mod_postprocess: 0.000 sec
[basecaller_main] data output: 0.031 sec
[basecaller_main] data free: 0.010 sec
[main] Version: 0.5.0-beta
[main] CMD: ./slorado basecaller -C 128 -c 12288 -K 4096 -p 150 --overlap-decode=yes --fixed-c-batch=yes --flush-threshold=12 -o output_fast_1k_overlap-li-f12-fixedc.fastq models/dna_r10.4.1_e8.2_400bps_fast@v5.0.0 test/PGXXXX230339/reads_1k.blow5
[main] Real time: 85.103 sec; CPU time: 8.477 sec; Peak RAM: 3.643 GB

