
slorado base-caller version 0.5.0-beta
model path:         models/dna_r10.4.1_e8.2_400bps_fast@v5.0.0
input path:         test/PGXXXX230339/reads_1k.blow5
output path:        output_fast_1k_overlap-li-f48-fixedc.fastq
device:             cuda:all
chunk size:         12288
read batch size:    4096
gpu batch size:     128
no. threads:        8
overlap:            150
overlap decode:     yes
fixed-c batch:      yes (no narrow)
flush threshold:    48

[parse_qscore_params::INFO][1;34m mean_qscore_start_pos not found in config toml, setting default to 60[0m
[basecaller_main::0.248*3.94] 1000 Entries (49.5M bytes) loaded
[basecaller_main::23.140*0.21] 1000 Entries (49.5M bytes) processed

[basecaller_main] total entries: 1000
[basecaller_main] total bytes: 49.5 M
[basecaller_main] model initialization: 0.199 sec
[basecaller_main] data loading: 0.047 sec
[basecaller_main] data processing: 22.891 sec
[basecaller_main]     - parse: 0.367 sec
[basecaller_main]     - preprocess: 0.014 sec
[basecaller_main]     - runners: 22.487 sec
[basecaller_main]          - synchronisation: 0.000 sec
[basecaller_main]          - model runner [0]: 22.486 sec
[basecaller_main]             - accept: 0.234 sec
[basecaller_main]             - basecall: 22.252 sec
[basecaller_main]                 - inference: 14.263 sec
[basecaller_main]                     - conv_stack: 0.399 sec
[basecaller_main]                         - input [N,C,T]: [128, 1, 12288]
[basecaller_main]                         - conv[0]: 0.263 sec
[basecaller_main]                             in  [N,C,T]: [128, 1, 12288]
[basecaller_main]                             out [N,C,T]: [128, 16, 12288]
[basecaller_main]                             op: 0.225 sec  act: 0.038 sec
[basecaller_main]                         - conv[1]: 0.086 sec
[basecaller_main]                             in  [N,C,T]: [128, 16, 12288]
[basecaller_main]                             out [N,C,T]: [128, 16, 12288]
[basecaller_main]                             op: 0.077 sec  act: 0.009 sec
[basecaller_main]                         - conv[2]: 0.049 sec
[basecaller_main]                             in  [N,C,T]: [128, 16, 12288]
[basecaller_main]                             out [N,C,T]: [128, 96, 2048]
[basecaller_main]                             op: 0.041 sec  act: 0.008 sec
[basecaller_main]                         - transpose: 0.001 sec
[basecaller_main]                             in  [N,C,T]: [128, 96, 2048]
[basecaller_main]                             out [N,T,C]: [128, 2048, 96]
[basecaller_main]                     - rnns: 1.661 sec
[basecaller_main]                         - rnn[0] (reverse): 1.021 sec
[basecaller_main]                             in  [N,T,C]: [128, 2048, 96]
[basecaller_main]                             out [N,T,C]: [128, 2048, 96]
[basecaller_main]                             flip: 0.053 sec  lstm: 0.968 sec
[basecaller_main]                         - rnn[1] (forward): 0.161 sec
[basecaller_main]                             in  [N,T,C]: [128, 2048, 96]
[basecaller_main]                             out [N,T,C]: [128, 2048, 96]
[basecaller_main]                             flip: 0.009 sec  lstm: 0.152 sec
[basecaller_main]                         - rnn[2] (reverse): 0.157 sec
[basecaller_main]                             in  [N,T,C]: [128, 2048, 96]
[basecaller_main]                             out [N,T,C]: [128, 2048, 96]
[basecaller_main]                             flip: 0.008 sec  lstm: 0.149 sec
[basecaller_main]                         - rnn[3] (forward): 0.156 sec
[basecaller_main]                             in  [N,T,C]: [128, 2048, 96]
[basecaller_main]                             out [N,T,C]: [128, 2048, 96]
[basecaller_main]                             flip: 0.008 sec  lstm: 0.148 sec
[basecaller_main]                         - rnn[4] (reverse): 0.156 sec
[basecaller_main]                             in  [N,T,C]: [128, 2048, 96]
[basecaller_main]                             out [N,T,C]: [128, 2048, 96]
[basecaller_main]                             flip: 0.008 sec  lstm: 0.148 sec
[basecaller_main]                         - rnn_out_flip: 0.009 sec
[basecaller_main]                             out [N,T,C]: [128, 2048, 96]
[basecaller_main]                     - crf_1: 0.040 sec
[basecaller_main]                         in  [N,T,C]: [128, 2048, 96]
[basecaller_main]                         out [N,T,C]: [128, 2048, 256]
[basecaller_main]                     - crf_2: 0.000 sec
[basecaller_main]                     - clamp: 0.006 sec
[basecaller_main]                 - decode: 21.386 sec
[basecaller_main]                     - scores [N,T,C]: [128, 2048, 256]
[basecaller_main]                     - bwd_scan: 0.320 sec
[basecaller_main]                     - beam_search: 5.309 sec
[basecaller_main]                     - fwd_post_scan: 2.109 sec
[basecaller_main]                     - qual_data: 0.626 sec
[basecaller_main]                     - gen_sequence: 0.432 sec
[basecaller_main]                     - d2h_copy: 0.008 sec
[basecaller_main]             - modcall: 0.000 sec
[basecaller_main] load-imbalance: 107 GPU batches (107 tail), 5100 real chunks, 8596 padded slots -> 62.8% of 13696 launched GPU slots wasted on padding
[basecaller_main]     - postprocess: 0.022 sec
[basecaller_main]     - mod_preprocess: 0.000 sec
[basecaller_main]     - mod_postprocess: 0.000 sec
[basecaller_main] data output: 0.030 sec
[basecaller_main] data free: 0.010 sec
[main] Version: 0.5.0-beta
[main] CMD: ./slorado basecaller -C 128 -c 12288 -K 4096 -p 150 --overlap-decode=yes --fixed-c-batch=yes --flush-threshold=48 -o output_fast_1k_overlap-li-f48-fixedc.fastq models/dna_r10.4.1_e8.2_400bps_fast@v5.0.0 test/PGXXXX230339/reads_1k.blow5
[main] Real time: 23.193 sec; CPU time: 4.844 sec; Peak RAM: 3.642 GB

