
slorado base-caller version 0.5.0-beta
model path:         models/dna_r10.4.1_e8.2_400bps_fast@v5.0.0
input path:         test/PGXXXX230339/reads_1k.blow5
output path:        /dev/null
device:             cuda:all
chunk size:         12288
read batch size:    4096
gpu batch size:     128
no. threads:        8
overlap:            150

[basecaller_main::0.549*2.53] 1000 Entries (49.5M bytes) loaded
[basecaller_main::11.901*0.38] 1000 Entries (49.5M bytes) processed
[basecaller_main] total entries: 1000
[basecaller_main] total bytes: 49.5 M
[basecaller_main] model initialization: 0.501 sec (4.2%)
[basecaller_main] data loading: 0.045 sec (0.4%)
[basecaller_main] data processing: 11.352 sec (95.3%)
[basecaller_main]     - parse: 0.345 sec (2.9%)
[basecaller_main]     - preprocess: 0.020 sec (0.2%)
[basecaller_main]     - runners: 10.967 sec (92.0%)
[basecaller_main]          - synchronisation: 0.000 sec (0.0%)
[basecaller_main]          - model runner [0]: 10.966 sec (92.0% util)
[basecaller_main]             - accept: 0.285 sec (2.4% util)
[basecaller_main]             - basecall: 10.681 sec (89.6% util)
[basecaller_main]                 - inference: 7.233 sec (60.7% util)
[basecaller_main]                     - conv_stack: 2.026 sec (17.0% util)
[basecaller_main]                     - rnns: 4.911 sec (41.2% util)
[basecaller_main]                     - crf_1: 0.174 sec (1.5% util)
[basecaller_main]                     - crf_2: 0.000 sec (0.0% util)
[basecaller_main]                     - clamp: 0.122 sec (1.0% util)
[basecaller_main]                 - decode: 3.407 sec (28.6% util)
[basecaller_main]             - modcall: 0.000 sec (0.0% util)
[basecaller_main]     - postprocess: 0.020 sec (0.2%)
[basecaller_main]     - mod_preprocess: 0.000 sec (0.0%)
[basecaller_main]     - mod_postprocess: 0.000 sec (0.0%)
[basecaller_main] data output: 0.004 sec (0.0%)
[basecaller_main] data free: 0.010 sec (0.1%)
[main] Version: 0.5.0-beta
[main] CMD: ./slorado basecaller -C 128 -c 12288 -K 4096 -p 150 --cpu-beam=no -o /dev/null models/dna_r10.4.1_e8.2_400bps_fast@v5.0.0 test/PGXXXX230339/reads_1k.blow5
[main] Real time: 11.928 sec; CPU time: 4.490 sec; Peak RAM: 2.604 GB

