
slorado base-caller version 0.5.0-beta
model path:         models/dna_r10.4.1_e8.2_400bps_fast@v5.0.0
input path:         test/PGXXXX230339/reads_20k.blow5
output path:        /dev/null
device:             cuda:all
chunk size:         12288
read batch size:    4096
gpu batch size:     128
no. threads:        8
overlap:            150
overlap decode:     yes

[parse_qscore_params::INFO][1;34m mean_qscore_start_pos not found in config toml, setting default to 60[0m
[basecaller_main::0.415*3.15] 4096 Entries (201.7M bytes) loaded
[basecaller_main::36.755*0.29] 4096 Entries (201.7M bytes) processed
[basecaller_main::36.874*0.29] 4096 Entries (212.8M bytes) loaded
[basecaller_main::73.053*0.25] 4096 Entries (212.8M bytes) processed
[basecaller_main::73.622*0.25] 4096 Entries (198.2M bytes) loaded
[basecaller_main::107.437*0.24] 4096 Entries (198.2M bytes) processed
[basecaller_main::107.988*0.24] 4096 Entries (203.8M bytes) loaded
[basecaller_main::142.619*0.23] 4096 Entries (203.8M bytes) processed
[basecaller_main::143.099*0.23] 3616 Entries (181.5M bytes) loaded
[basecaller_main::174.086*0.22] 3616 Entries (181.5M bytes) processed

[basecaller_main] total entries: 20000
[basecaller_main] total bytes: 998.1 M
[basecaller_main] model initialization: 0.202 sec
[basecaller_main] data loading: 1.823 sec
[basecaller_main] data processing: 171.951 sec
[basecaller_main]     - parse: 4.087 sec
[basecaller_main]     - preprocess: 0.357 sec
[basecaller_main]     - runners: 167.246 sec
[basecaller_main]          - synchronisation: 0.000 sec
[basecaller_main]          - model runner [0]: 167.232 sec
[basecaller_main]             - accept: 4.472 sec
[basecaller_main]             - basecall: 162.760 sec
[basecaller_main]                 - inference: 82.315 sec
[basecaller_main]                     - conv_stack: 1.489 sec
[basecaller_main]                         - input [N,C,T]: [128, 1, 12288]
[basecaller_main]                         - conv[0]: 0.725 sec
[basecaller_main]                             in  [N,C,T]: [128, 1, 12288]
[basecaller_main]                             out [N,C,T]: [128, 16, 12288]
[basecaller_main]                             op: 0.612 sec  act: 0.113 sec
[basecaller_main]                         - conv[1]: 0.417 sec
[basecaller_main]                             in  [N,C,T]: [128, 16, 12288]
[basecaller_main]                             out [N,C,T]: [128, 16, 12288]
[basecaller_main]                             op: 0.354 sec  act: 0.063 sec
[basecaller_main]                         - conv[2]: 0.339 sec
[basecaller_main]                             in  [N,C,T]: [128, 16, 12288]
[basecaller_main]                             out [N,C,T]: [128, 96, 2048]
[basecaller_main]                             op: 0.277 sec  act: 0.062 sec
[basecaller_main]                         - transpose: 0.008 sec
[basecaller_main]                             in  [N,C,T]: [128, 96, 2048]
[basecaller_main]                             out [N,T,C]: [128, 2048, 96]
[basecaller_main]                     - rnns: 7.158 sec
[basecaller_main]                         - rnn[0] (reverse): 2.434 sec
[basecaller_main]                             in  [N,T,C]: [128, 2048, 96]
[basecaller_main]                             out [N,T,C]: [128, 2048, 96]
[basecaller_main]                             flip: 0.106 sec  lstm: 2.328 sec
[basecaller_main]                         - rnn[1] (forward): 1.190 sec
[basecaller_main]                             in  [N,T,C]: [128, 2048, 96]
[basecaller_main]                             out [N,T,C]: [128, 2048, 96]
[basecaller_main]                             flip: 0.068 sec  lstm: 1.122 sec
[basecaller_main]                         - rnn[2] (reverse): 1.161 sec
[basecaller_main]                             in  [N,T,C]: [128, 2048, 96]
[basecaller_main]                             out [N,T,C]: [128, 2048, 96]
[basecaller_main]                             flip: 0.062 sec  lstm: 1.099 sec
[basecaller_main]                         - rnn[3] (forward): 1.155 sec
[basecaller_main]                             in  [N,T,C]: [128, 2048, 96]
[basecaller_main]                             out [N,T,C]: [128, 2048, 96]
[basecaller_main]                             flip: 0.061 sec  lstm: 1.094 sec
[basecaller_main]                         - rnn[4] (reverse): 1.154 sec
[basecaller_main]                             in  [N,T,C]: [128, 2048, 96]
[basecaller_main]                             out [N,T,C]: [128, 2048, 96]
[basecaller_main]                             flip: 0.061 sec  lstm: 1.093 sec
[basecaller_main]                         - rnn_out_flip: 0.065 sec
[basecaller_main]                             out [N,T,C]: [128, 2048, 96]
[basecaller_main]                     - crf_1: 0.248 sec
[basecaller_main]                         in  [N,T,C]: [128, 2048, 96]
[basecaller_main]                         out [N,T,C]: [128, 2048, 256]
[basecaller_main]                     - crf_2: 0.000 sec
[basecaller_main]                     - clamp: 0.040 sec
[basecaller_main]                 - decode: 161.849 sec
[basecaller_main]                     - scores [N,T,C]: [128, 2048, 256]
[basecaller_main]                     - bwd_scan: 2.413 sec
[basecaller_main]                     - beam_search: 54.724 sec
[basecaller_main]                     - fwd_post_scan: 16.010 sec
[basecaller_main]                     - qual_data: 5.349 sec
[basecaller_main]                     - gen_sequence: 8.589 sec
[basecaller_main]                     - d2h_copy: 0.050 sec
[basecaller_main]             - modcall: 0.000 sec
[basecaller_main]     - postprocess: 0.261 sec
[basecaller_main]     - mod_preprocess: 0.000 sec
[basecaller_main]     - mod_postprocess: 0.000 sec
[basecaller_main] data output: 0.119 sec
[basecaller_main] data free: 0.085 sec
[main] Version: 0.5.0-beta
[main] CMD: ./slorado basecaller -C 128 -c 12288 -K 4096 -p 150 --overlap-decode=yes -o /dev/null models/dna_r10.4.1_e8.2_400bps_fast@v5.0.0 test/PGXXXX230339/reads_20k.blow5
[main] Real time: 174.192 sec; CPU time: 39.196 sec; Peak RAM: 5.558 GB

