08-11-2026 20:57:13 RAM 2052/7607MB (lfb 147x4MB) SWAP 1376/16384MB (cached 136MB) CPU [2%@729,2%@729,1%@729,2%@729,2%@1036,1%@1036] GR3D_FREQ 35% cpu@56.281C soc2@55.281C soc0@56.937C gpu@55.75C tj@56.937C soc1@56.656C VDD_IN 5176mW/5176mW VDD_CPU_GPU_CV 642mW/642mW VDD_SOC 1484mW/1484mW
08-11-2026 20:57:14 RAM 2324/7607MB (lfb 147x4MB) SWAP 1376/16384MB (cached 136MB) CPU [61%@729,25%@729,10%@729,9%@729,14%@1344,8%@1344] GR3D_FREQ 32% cpu@56.218C soc2@55.312C soc0@56.875C gpu@55.75C tj@56.875C soc1@56.343C VDD_IN 5920mW/5548mW VDD_CPU_GPU_CV 1118mW/880mW VDD_SOC 1517mW/1501mW
08-11-2026 20:57:15 RAM 3137/7607MB (lfb 147x4MB) SWAP 1376/16384MB (cached 136MB) CPU [48%@1267,48%@1267,43%@1267,47%@1267,65%@1267,53%@1267] GR3D_FREQ 0% cpu@56.312C soc2@55.281C soc0@56.625C gpu@55.656C tj@56.625C soc1@56.312C VDD_IN 6749mW/5948mW VDD_CPU_GPU_CV 1754mW/1171mW VDD_SOC 1557mW/1519mW
08-11-2026 20:57:16 RAM 4041/7607MB (lfb 56x4MB) SWAP 1376/16384MB (cached 136MB) CPU [37%@1344,68%@1344,38%@1344,39%@1344,39%@729,40%@729] GR3D_FREQ 4% cpu@56.281C soc2@55.187C soc0@56.562C gpu@55.625C tj@56.562C soc1@56.218C VDD_IN 7108mW/6238mW VDD_CPU_GPU_CV 1794mW/1327mW VDD_SOC 1714mW/1568mW
08-11-2026 20:57:17 RAM 5628/7607MB (lfb 6x2MB) SWAP 1376/16384MB (cached 136MB) CPU [5%@729,71%@729,10%@729,17%@729,2%@729,4%@729] GR3D_FREQ 99% cpu@56.343C soc2@55.218C soc0@56.531C gpu@56.75C tj@56.75C soc1@56.25C VDD_IN 8373mW/6665mW VDD_CPU_GPU_CV 2702mW/1602mW VDD_SOC 1870mW/1628mW
08-11-2026 20:57:18 RAM 5629/7607MB (lfb 6x2MB) SWAP 1376/16384MB (cached 136MB) CPU [2%@729,8%@729,1%@729,1%@729,1%@729,1%@729] GR3D_FREQ 99% cpu@56.625C soc2@55.75C soc0@56.812C gpu@57.781C tj@57.781C soc1@56.187C VDD_IN 14255mW/7930mW VDD_CPU_GPU_CV 6179mW/2365mW VDD_SOC 3316mW/1910mW
08-11-2026 20:57:19 RAM 5632/7607MB (lfb 6x2MB) SWAP 1376/16384MB (cached 136MB) CPU [3%@729,10%@729,1%@729,3%@729,0%@729,0%@729] GR3D_FREQ 99% cpu@57.031C soc2@56.125C soc0@57.125C gpu@58.218C tj@58.218C soc1@56.312C VDD_IN 15335mW/8988mW VDD_CPU_GPU_CV 6641mW/2976mW VDD_SOC 3824mW/2183mW
08-11-2026 20:57:20 RAM 5634/7607MB (lfb 6x2MB) SWAP 1376/16384MB (cached 136MB) CPU [2%@729,11%@729,1%@729,1%@729,0%@729,0%@729] GR3D_FREQ 99% cpu@57.156C soc2@56.156C soc0@56.968C gpu@58.468C tj@58.468C soc1@56.375C VDD_IN 15414mW/9791mW VDD_CPU_GPU_CV 6719mW/3444mW VDD_SOC 3857mW/2392mW
08-11-2026 20:57:21 RAM 5637/7607MB (lfb 6x2MB) SWAP 1376/16384MB (cached 136MB) CPU [2%@729,8%@729,1%@729,2%@729,0%@729,0%@729] GR3D_FREQ 99% cpu@57.343C soc2@56.343C soc0@57.125C gpu@58.437C tj@58.437C soc1@56.593C VDD_IN 15572mW/10434mW VDD_CPU_GPU_CV 6747mW/3811mW VDD_SOC 3936mW/2564mW
08-11-2026 20:57:22 RAM 5639/7607MB (lfb 6x2MB) SWAP 1376/16384MB (cached 136MB) CPU [1%@729,11%@729,0%@729,2%@729,1%@729,2%@729] GR3D_FREQ 99% cpu@57.562C soc2@56.468C soc0@57.281C gpu@58.468C tj@58.468C soc1@56.687C VDD_IN 15572mW/10947mW VDD_CPU_GPU_CV 6787mW/4108mW VDD_SOC 3896mW/2697mW
08-11-2026 20:57:23 RAM 5650/7607MB (lfb 6x2MB) SWAP 1376/16384MB (cached 136MB) CPU [6%@729,10%@729,9%@729,18%@729,1%@729,4%@729] GR3D_FREQ 99% cpu@57.406C soc2@56.531C soc0@57.375C gpu@58.5C tj@58.5C soc1@56.75C VDD_IN 15690mW/11379mW VDD_CPU_GPU_CV 6865mW/4359mW VDD_SOC 3896mW/2806mW
08-11-2026 20:57:24 RAM 5650/7607MB (lfb 6x2MB) SWAP 1376/16384MB (cached 136MB) CPU [1%@729,3%@729,2%@729,1%@729,0%@729,7%@729] GR3D_FREQ 99% cpu@57.5C soc2@56.531C soc0@57.437C gpu@58.437C tj@58.437C soc1@56.625C VDD_IN 15493mW/11721mW VDD_CPU_GPU_CV 6708mW/4555mW VDD_SOC 3896mW/2897mW
08-11-2026 20:57:25 RAM 5652/7607MB (lfb 6x2MB) SWAP 1376/16384MB (cached 136MB) CPU [2%@729,2%@729,1%@729,1%@729,0%@729,8%@729] GR3D_FREQ 99% cpu@57.718C soc2@56.656C soc0@57.312C gpu@58.687C tj@58.687C soc1@56.781C VDD_IN 15533mW/12015mW VDD_CPU_GPU_CV 6747mW/4723mW VDD_SOC 3896mW/2974mW
08-11-2026 20:57:26 RAM 5655/7607MB (lfb 4x2MB) SWAP 1376/16384MB (cached 136MB) CPU [1%@729,2%@729,1%@729,1%@729,0%@729,9%@729] GR3D_FREQ 99% cpu@57.562C soc2@56.687C soc0@57.593C gpu@58.781C tj@58.781C soc1@56.781C VDD_IN 15414mW/12257mW VDD_CPU_GPU_CV 6719mW/4866mW VDD_SOC 3857mW/3037mW
08-11-2026 20:57:27 RAM 5657/7607MB (lfb 3x2MB) SWAP 1376/16384MB (cached 136MB) CPU [2%@729,2%@729,1%@729,2%@729,1%@729,9%@729] GR3D_FREQ 99% cpu@57.843C soc2@56.718C soc0@57.531C gpu@58.906C tj@58.906C soc1@56.968C VDD_IN 15533mW/12476mW VDD_CPU_GPU_CV 6708mW/4989mW VDD_SOC 3896mW/3094mW
08-11-2026 20:57:28 RAM 5659/7607MB (lfb 2x2MB) SWAP 1376/16384MB (cached 136MB) CPU [2%@729,2%@729,1%@729,1%@729,0%@729,9%@729] GR3D_FREQ 99% cpu@57.593C soc2@56.843C soc0@57.593C gpu@59.031C tj@59.031C soc1@56.968C VDD_IN 15572mW/12669mW VDD_CPU_GPU_CV 6747mW/5099mW VDD_SOC 3896mW/3144mW
08-11-2026 20:57:29 RAM 5667/7607MB (lfb 2x4MB) SWAP 1376/16384MB (cached 136MB) CPU [3%@729,9%@729,11%@729,8%@729,4%@729,8%@729] GR3D_FREQ 99% cpu@58C soc2@56.843C soc0@57.75C gpu@59.187C tj@59.187C soc1@56.937C VDD_IN 15848mW/12856mW VDD_CPU_GPU_CV 6983mW/5209mW VDD_SOC 3936mW/3191mW
08-11-2026 20:57:30 RAM 5668/7607MB (lfb 2x4MB) SWAP 1376/16384MB (cached 136MB) CPU [1%@729,2%@729,2%@729,1%@729,9%@729,0%@729] GR3D_FREQ 99% cpu@57.937C soc2@56.906C soc0@57.718C gpu@59.218C tj@59.218C soc1@56.937C VDD_IN 15572mW/13007mW VDD_CPU_GPU_CV 6747mW/5295mW VDD_SOC 3896mW/3230mW
08-11-2026 20:57:31 RAM 5670/7607MB (lfb 1x4MB) SWAP 1376/16384MB (cached 136MB) CPU [1%@729,2%@729,1%@729,2%@729,8%@729,0%@729] GR3D_FREQ 99% cpu@57.812C soc2@57.031C soc0@57.75C gpu@59.156C tj@59.156C soc1@57.031C VDD_IN 15493mW/13138mW VDD_CPU_GPU_CV 6719mW/5370mW VDD_SOC 3896mW/3265mW
08-11-2026 20:57:32 RAM 5672/7607MB (lfb 1x4MB) SWAP 1376/16384MB (cached 136MB) CPU [2%@729,2%@729,2%@729,2%@729,9%@729,0%@729] GR3D_FREQ 99% cpu@58.156C soc2@57.031C soc0@57.812C gpu@59.093C tj@59.093C soc1@57.156C VDD_IN 15533mW/13258mW VDD_CPU_GPU_CV 6747mW/5439mW VDD_SOC 3896mW/3297mW
08-11-2026 20:57:33 RAM 5675/7607MB (lfb 2x4MB) SWAP 1376/16384MB (cached 136MB) CPU [1%@729,1%@729,2%@729,2%@729,9%@729,0%@729] GR3D_FREQ 99% cpu@57.781C soc2@57.031C soc0@57.937C gpu@59.156C tj@59.156C soc1@57.031C VDD_IN 15414mW/13360mW VDD_CPU_GPU_CV 6708mW/5499mW VDD_SOC 3896mW/3325mW
08-11-2026 20:57:34 RAM 5677/7607MB (lfb 2x4MB) SWAP 1376/16384MB (cached 136MB) CPU [1%@729,3%@729,0%@729,2%@729,9%@729,0%@729] GR3D_FREQ 99% cpu@58C soc2@57.062C soc0@57.781C gpu@59.312C tj@59.312C soc1@57.156C VDD_IN 15572mW/13461mW VDD_CPU_GPU_CV 6747mW/5556mW VDD_SOC 3936mW/3353mW
08-11-2026 20:57:35 RAM 5679/7607MB (lfb 1x4MB) SWAP 1376/16384MB (cached 136MB) CPU [1%@1113,2%@1113,1%@1113,2%@1113,7%@729,0%@729] GR3D_FREQ 99% cpu@58.406C soc2@57.187C soc0@57.937C gpu@59.25C tj@59.25C soc1@57.281C VDD_IN 15611mW/13554mW VDD_CPU_GPU_CV 6787mW/5609mW VDD_SOC 3936mW/3378mW
08-11-2026 20:57:36 RAM 5683/7607MB (lfb 1x4MB) SWAP 1376/16384MB (cached 136MB) CPU [7%@729,16%@729,5%@729,3%@729,10%@729,1%@729] GR3D_FREQ 99% cpu@58.125C soc2@57.281C soc0@58.031C gpu@59.593C tj@59.593C soc1@57.375C VDD_IN 15690mW/13643mW VDD_CPU_GPU_CV 6787mW/5658mW VDD_SOC 3936mW/3402mW
08-11-2026 20:57:37 RAM 5685/7607MB (lfb 1x4MB) SWAP 1376/16384MB (cached 136MB) CPU [1%@729,1%@729,2%@729,1%@729,10%@729,1%@729] GR3D_FREQ 99% cpu@58.406C soc2@57.312C soc0@58.125C gpu@59.156C tj@59.156C soc1@57.437C VDD_IN 15493mW/13717mW VDD_CPU_GPU_CV 6708mW/5700mW VDD_SOC 3896mW/3421mW
08-11-2026 20:57:38 RAM 5687/7607MB (lfb 1x4MB) SWAP 1376/16384MB (cached 136MB) CPU [2%@729,0%@729,1%@729,1%@729,8%@729,0%@729] GR3D_FREQ 99% cpu@58.218C soc2@57.25C soc0@58.187C gpu@59.125C tj@59.125C soc1@57.281C VDD_IN 15533mW/13787mW VDD_CPU_GPU_CV 6708mW/5739mW VDD_SOC 3896mW/3440mW
08-11-2026 20:57:39 RAM 5689/7607MB (lfb 1x4MB) SWAP 1376/16384MB (cached 136MB) CPU [2%@729,2%@729,1%@729,0%@729,7%@729,2%@729] GR3D_FREQ 99% cpu@58.218C soc2@57.281C soc0@58.187C gpu@59.25C tj@59.25C soc1@57.375C VDD_IN 15533mW/13852mW VDD_CPU_GPU_CV 6747mW/5776mW VDD_SOC 3896mW/3456mW
08-11-2026 20:57:40 RAM 5692/7607MB (lfb 1x4MB) SWAP 1376/16384MB (cached 136MB) CPU [2%@729,1%@729,2%@729,1%@729,8%@729,0%@729] GR3D_FREQ 99% cpu@58.343C soc2@57.25C soc0@58.031C gpu@59.5C tj@59.5C soc1@57.437C VDD_IN 15454mW/13909mW VDD_CPU_GPU_CV 6708mW/5810mW VDD_SOC 3896mW/3472mW
08-11-2026 20:57:41 RAM 5695/7607MB (lfb 2x4MB) SWAP 1376/16384MB (cached 136MB) CPU [2%@729,3%@729,2%@729,1%@729,9%@729,1%@729] GR3D_FREQ 99% cpu@58.125C soc2@57.5C soc0@58.218C gpu@59.625C tj@59.625C soc1@57.437C VDD_IN 15611mW/13968mW VDD_CPU_GPU_CV 6747mW/5842mW VDD_SOC 3896mW/3487mW
08-11-2026 20:57:42 RAM 5704/7607MB (lfb 1x4MB) SWAP 1376/16384MB (cached 136MB) CPU [4%@806,3%@806,7%@806,14%@806,9%@729,0%@729] GR3D_FREQ 99% cpu@58.5C soc2@57.437C soc0@58.312C gpu@59.531C tj@59.531C soc1@57.5C VDD_IN 15809mW/14029mW VDD_CPU_GPU_CV 6865mW/5876mW VDD_SOC 3975mW/3503mW
08-11-2026 20:57:43 RAM 5707/7607MB (lfb 1x4MB) SWAP 1376/16384MB (cached 136MB) CPU [3%@729,1%@729,2%@729,2%@729,10%@729,0%@729] GR3D_FREQ 99% cpu@58.437C soc2@57.343C soc0@58.218C gpu@59.625C tj@59.625C soc1@57.531C VDD_IN 15572mW/14079mW VDD_CPU_GPU_CV 6747mW/5904mW VDD_SOC 3896mW/3516mW
08-11-2026 20:57:44 RAM 5709/7607MB (lfb 1x4MB) SWAP 1376/16384MB (cached 136MB) CPU [1%@729,2%@729,1%@729,2%@729,9%@729,0%@729] GR3D_FREQ 99% cpu@58.656C soc2@57.562C soc0@58.375C gpu@59.468C tj@59.468C soc1@57.593C VDD_IN 15533mW/14124mW VDD_CPU_GPU_CV 6708mW/5929mW VDD_SOC 3896mW/3528mW
08-11-2026 20:57:45 RAM 5707/7607MB (lfb 1x4MB) SWAP 1376/16384MB (cached 136MB) CPU [3%@729,0%@729,2%@729,1%@729,10%@729,0%@729] GR3D_FREQ 99% cpu@58.531C soc2@57.531C soc0@58.343C gpu@59.468C tj@59.468C soc1@57.687C VDD_IN 15572mW/14168mW VDD_CPU_GPU_CV 6747mW/5954mW VDD_SOC 3896mW/3539mW
08-11-2026 20:57:46 RAM 5708/7607MB (lfb 1x4MB) SWAP 1376/16384MB (cached 136MB) CPU [1%@729,2%@729,2%@729,2%@729,6%@729,3%@729] GR3D_FREQ 99% cpu@58.5C soc2@57.687C soc0@58.437C gpu@59.531C tj@59.531C soc1@57.593C VDD_IN 15611mW/14211mW VDD_CPU_GPU_CV 6747mW/5977mW VDD_SOC 3936mW/3550mW
08-11-2026 20:57:47 RAM 5710/7607MB (lfb 1x4MB) SWAP 1376/16384MB (cached 136MB) CPU [1%@729,1%@729,0%@729,2%@729,8%@729,0%@729] GR3D_FREQ 99% cpu@58.437C soc2@57.593C soc0@58.375C gpu@59.687C tj@59.687C soc1@57.562C VDD_IN 15493mW/14247mW VDD_CPU_GPU_CV 6708mW/5998mW VDD_SOC 3896mW/3560mW
08-11-2026 20:57:48 RAM 5712/7607MB (lfb 1x4MB) SWAP 1376/16384MB (cached 136MB) CPU [8%@729,6%@729,6%@729,18%@729,9%@729,0%@729] GR3D_FREQ 99% cpu@58.593C soc2@57.656C soc0@58.375C gpu@59.937C tj@59.937C soc1@57.718C VDD_IN 15690mW/14287mW VDD_CPU_GPU_CV 6826mW/6021mW VDD_SOC 3936mW/3571mW
08-11-2026 20:57:49 RAM 5714/7607MB (lfb 1x4MB) SWAP 1376/16384MB (cached 136MB) CPU [2%@729,0%@729,0%@729,0%@729,4%@729,4%@729] GR3D_FREQ 99% cpu@58.843C soc2@57.687C soc0@58.593C gpu@59.937C tj@59.937C soc1@57.781C VDD_IN 15572mW/14322mW VDD_CPU_GPU_CV 6747mW/6041mW VDD_SOC 3936mW/3581mW
08-11-2026 20:57:50 RAM 5716/7607MB (lfb 1x4MB) SWAP 1376/16384MB (cached 136MB) CPU [3%@729,1%@729,2%@729,0%@729,1%@729,8%@729] GR3D_FREQ 99% cpu@58.531C soc2@57.812C soc0@58.656C gpu@59.937C tj@59.937C soc1@57.625C VDD_IN 15611mW/14356mW VDD_CPU_GPU_CV 6747mW/6060mW VDD_SOC 3936mW/3590mW
08-11-2026 20:57:51 RAM 6113/7607MB (lfb 2x2MB) SWAP 1376/16384MB (cached 136MB) CPU [65%@1344,65%@1344,67%@1344,77%@1344,71%@1344,67%@1344] GR3D_FREQ 0% cpu@58.5C soc2@57.25C soc0@58.343C gpu@57.875C tj@58.562C soc1@57.625C VDD_IN 9116mW/14222mW VDD_CPU_GPU_CV 3179mW/5986mW VDD_SOC 2149mW/3553mW
08-11-2026 20:57:52 RAM 6213/7607MB (lfb 3x4MB) SWAP 1376/16384MB (cached 136MB) CPU [13%@729,24%@729,16%@729,16%@729,19%@729,20%@729] GR3D_FREQ 99% cpu@58.531C soc2@57.343C soc0@58.218C gpu@59.5C tj@59.5C soc1@57.625C VDD_IN 14215mW/14222mW VDD_CPU_GPU_CV 6022mW/5987mW VDD_SOC 3514mW/3552mW
08-11-2026 20:57:53 RAM 6213/7607MB (lfb 3x4MB) SWAP 1376/16384MB (cached 136MB) CPU [2%@729,10%@729,2%@729,2%@729,0%@729,0%@729] GR3D_FREQ 99% cpu@58.531C soc2@57.531C soc0@58.343C gpu@59.437C tj@59.437C soc1@57.718C VDD_IN 15454mW/14252mW VDD_CPU_GPU_CV 6719mW/6004mW VDD_SOC 3896mW/3560mW
08-11-2026 20:57:54 RAM 6223/7607MB (lfb 2x4MB) SWAP 1374/16384MB (cached 134MB) CPU [22%@1267,34%@1267,18%@1267,18%@1267,20%@729,21%@729] GR3D_FREQ 99% cpu@59.156C soc2@57.843C soc0@58.468C gpu@59.687C tj@59.687C soc1@57.781C VDD_IN 16413mW/14303mW VDD_CPU_GPU_CV 7441mW/6039mW VDD_SOC 3968mW/3570mW
08-11-2026 20:57:55 RAM 6222/7607MB (lfb 2x4MB) SWAP 1374/16384MB (cached 134MB) CPU [11%@729,0%@729,2%@729,3%@729,4%@729,1%@729] GR3D_FREQ 99% cpu@58.5C soc2@57.75C soc0@58.718C gpu@59.75C tj@59.75C soc1@57.875C VDD_IN 15572mW/14333mW VDD_CPU_GPU_CV 6787mW/6056mW VDD_SOC 3896mW/3578mW
08-11-2026 20:57:56 RAM 6225/7607MB (lfb 2x4MB) SWAP 1374/16384MB (cached 134MB) CPU [12%@729,7%@729,3%@729,3%@729,2%@729,0%@729] GR3D_FREQ 99% cpu@58.593C soc2@57.812C soc0@58.718C gpu@59.906C tj@59.906C soc1@57.75C VDD_IN 15611mW/14362mW VDD_CPU_GPU_CV 6747mW/6072mW VDD_SOC 3896mW/3585mW
08-11-2026 20:57:57 RAM 6227/7607MB (lfb 2x4MB) SWAP 1374/16384MB (cached 134MB) CPU [9%@729,2%@729,3%@729,1%@729,0%@729,0%@729] GR3D_FREQ 99% cpu@58.75C soc2@57.781C soc0@58.656C gpu@59.875C tj@59.875C soc1@57.812C VDD_IN 15611mW/14389mW VDD_CPU_GPU_CV 6787mW/6088mW VDD_SOC 3936mW/3593mW
08-11-2026 20:57:58 RAM 6230/7607MB (lfb 2x4MB) SWAP 1374/16384MB (cached 134MB) CPU [10%@729,2%@729,3%@729,1%@729,0%@729,0%@729] GR3D_FREQ 99% cpu@58.812C soc2@57.75C soc0@58.718C gpu@60.156C tj@60.156C soc1@57.812C VDD_IN 15651mW/14417mW VDD_CPU_GPU_CV 6787mW/6103mW VDD_SOC 3936mW/3600mW
08-11-2026 20:57:59 RAM 6232/7607MB (lfb 2x4MB) SWAP 1374/16384MB (cached 134MB) CPU [11%@729,2%@729,1%@729,1%@729,0%@729,1%@729] GR3D_FREQ 99% cpu@58.906C soc2@57.906C soc0@58.718C gpu@60.25C tj@60.25C soc1@58C VDD_IN 15611mW/14442mW VDD_CPU_GPU_CV 6747mW/6117mW VDD_SOC 3896mW/3607mW
08-11-2026 20:58:00 RAM 6236/7607MB (lfb 1x4MB) SWAP 1374/16384MB (cached 134MB) CPU [9%@1344,2%@1344,1%@1344,4%@1344,1%@729,0%@729] GR3D_FREQ 99% cpu@58.875C soc2@57.875C soc0@58.75C gpu@60.031C tj@60.031C soc1@58C VDD_IN 15533mW/14465mW VDD_CPU_GPU_CV 6747mW/6130mW VDD_SOC 3896mW/3613mW
08-11-2026 20:58:01 RAM 6235/7607MB (lfb 1x4MB) SWAP 1374/16384MB (cached 134MB) CPU [9%@729,8%@729,9%@729,8%@729,3%@729,2%@729] GR3D_FREQ 99% cpu@58.812C soc2@57.875C soc0@58.875C gpu@59.875C tj@59.875C soc1@57.906C VDD_IN 15651mW/14489mW VDD_CPU_GPU_CV 6826mW/6144mW VDD_SOC 3896mW/3618mW
08-11-2026 20:58:02 RAM 6237/7607MB (lfb 1x4MB) SWAP 1374/16384MB (cached 134MB) CPU [4%@729,2%@729,1%@729,9%@729,0%@729,0%@729] GR3D_FREQ 99% cpu@58.875C soc2@57.906C soc0@58.75C gpu@59.937C tj@59.937C soc1@57.968C VDD_IN 15454mW/14508mW VDD_CPU_GPU_CV 6708mW/6155mW VDD_SOC 3857mW/3623mW
08-11-2026 20:58:03 RAM 6236/7607MB (lfb 1x4MB) SWAP 1374/16384MB (cached 134MB) CPU [10%@729,2%@729,1%@729,1%@729,0%@729,1%@729] GR3D_FREQ 99% cpu@58.937C soc2@57.906C soc0@58.781C gpu@60.093C tj@60.093C soc1@58.093C VDD_IN 15690mW/14532mW VDD_CPU_GPU_CV 6787mW/6168mW VDD_SOC 3975mW/3630mW
08-11-2026 20:58:04 RAM 6240/7607MB (lfb 1x4MB) SWAP 1374/16384MB (cached 134MB) CPU [9%@729,2%@729,1%@729,1%@729,0%@729,0%@729] GR3D_FREQ 99% cpu@59.187C soc2@58.125C soc0@58.875C gpu@60.156C tj@60.156C soc1@58.062C VDD_IN 15690mW/14554mW VDD_CPU_GPU_CV 6826mW/6180mW VDD_SOC 3936mW/3636mW
08-11-2026 20:58:05 RAM 6243/7607MB (lfb 2x4MB) SWAP 1374/16384MB (cached 134MB) CPU [9%@729,1%@729,2%@729,2%@729,1%@729,1%@729] GR3D_FREQ 99% cpu@58.75C soc2@58.187C soc0@58.906C gpu@60.125C tj@60.125C soc1@58.062C VDD_IN 15572mW/14573mW VDD_CPU_GPU_CV 6747mW/6191mW VDD_SOC 3936mW/3642mW
08-11-2026 20:58:06 RAM 6245/7607MB (lfb 1x4MB) SWAP 1374/16384MB (cached 134MB) CPU [12%@729,1%@729,2%@729,1%@729,0%@729,3%@729] GR3D_FREQ 99% cpu@59.062C soc2@58.093C soc0@58.843C gpu@60.187C tj@60.187C soc1@58.062C VDD_IN 15651mW/14593mW VDD_CPU_GPU_CV 6787mW/6202mW VDD_SOC 3936mW/3647mW
08-11-2026 20:58:07 RAM 6250/7607MB (lfb 3x4MB) SWAP 1374/16384MB (cached 134MB) CPU [14%@729,9%@729,11%@729,11%@729,5%@729,2%@729] GR3D_FREQ 99% cpu@59.156C soc2@58.187C soc0@58.875C gpu@60.062C tj@60.062C soc1@58.125C VDD_IN 15651mW/14612mW VDD_CPU_GPU_CV 6787mW/6213mW VDD_SOC 3936mW/3652mW
08-11-2026 20:58:08 RAM 6252/7607MB (lfb 3x4MB) SWAP 1374/16384MB (cached 134MB) CPU [1%@729,1%@729,3%@729,9%@729,1%@729,0%@729] GR3D_FREQ 99% cpu@58.875C soc2@58.125C soc0@59C gpu@60.156C tj@60.156C soc1@58.25C VDD_IN 15572mW/14629mW VDD_CPU_GPU_CV 6787mW/6223mW VDD_SOC 3896mW/3657mW
08-11-2026 20:58:09 RAM 6254/7607MB (lfb 3x4MB) SWAP 1374/16384MB (cached 134MB) CPU [10%@729,2%@729,1%@729,2%@729,0%@729,0%@729] GR3D_FREQ 99% cpu@59.343C soc2@58.25C soc0@59.031C gpu@60.156C tj@60.156C soc1@58.375C VDD_IN 15454mW/14644mW VDD_CPU_GPU_CV 6719mW/6232mW VDD_SOC 3857mW/3660mW
08-11-2026 20:58:10 RAM 6256/7607MB (lfb 3x4MB) SWAP 1374/16384MB (cached 134MB) CPU [8%@729,2%@729,0%@729,1%@729,1%@729,1%@729] GR3D_FREQ 99% cpu@59C soc2@58.218C soc0@59.156C gpu@60.343C tj@60.343C soc1@58.125C VDD_IN 15690mW/14662mW VDD_CPU_GPU_CV 6787mW/6241mW VDD_SOC 3936mW/3665mW
08-11-2026 20:58:12 RAM 6258/7607MB (lfb 2x4MB) SWAP 1374/16384MB (cached 134MB) CPU [10%@729,0%@729,2%@729,2%@729,0%@729,1%@729] GR3D_FREQ 99% cpu@59.156C soc2@58.218C soc0@59C gpu@60.156C tj@60.156C soc1@58.218C VDD_IN 15651mW/14679mW VDD_CPU_GPU_CV 6787mW/6250mW VDD_SOC 3936mW/3669mW
08-11-2026 20:58:13 RAM 6261/7607MB (lfb 2x4MB) SWAP 1374/16384MB (cached 134MB) CPU [9%@729,2%@729,1%@729,2%@729,0%@729,0%@729] GR3D_FREQ 99% cpu@59.218C soc2@58.218C soc0@59.031C gpu@60.437C tj@60.437C soc1@58.25C VDD_IN 15690mW/14696mW VDD_CPU_GPU_CV 6787mW/6259mW VDD_SOC 3936mW/3674mW
08-11-2026 20:58:14 RAM 6266/7607MB (lfb 2x4MB) SWAP 1374/16384MB (cached 134MB) CPU [7%@729,11%@729,6%@729,10%@729,10%@729,1%@729] GR3D_FREQ 99% cpu@59.093C soc2@58.25C soc0@59.062C gpu@60.437C tj@60.437C soc1@58.375C VDD_IN 15730mW/14712mW VDD_CPU_GPU_CV 6865mW/6269mW VDD_SOC 3936mW/3678mW
08-11-2026 20:58:15 RAM 6269/7607MB (lfb 1x4MB) SWAP 1374/16384MB (cached 134MB) CPU [1%@729,1%@729,1%@729,10%@729,0%@729,3%@729] GR3D_FREQ 99% cpu@59.187C soc2@58.375C soc0@59.187C gpu@60.437C tj@60.437C soc1@58.531C VDD_IN 15533mW/14726mW VDD_CPU_GPU_CV 6747mW/6277mW VDD_SOC 3896mW/3682mW
08-11-2026 20:58:16 RAM 6271/7607MB (lfb 1x4MB) SWAP 1374/16384MB (cached 134MB) CPU [3%@729,1%@729,1%@729,9%@729,0%@729,0%@729] GR3D_FREQ 99% cpu@59.187C soc2@58.343C soc0@59.25C gpu@60.5C tj@60.5C soc1@58.25C VDD_IN 15611mW/14740mW VDD_CPU_GPU_CV 6747mW/6284mW VDD_SOC 3896mW/3685mW
08-11-2026 20:58:17 RAM 6274/7607MB (lfb 1x4MB) SWAP 1374/16384MB (cached 134MB) CPU [10%@729,1%@729,1%@729,1%@729,1%@729,1%@729] GR3D_FREQ 99% cpu@59.156C soc2@58.25C soc0@59.156C gpu@60.656C tj@60.656C soc1@58.406C VDD_IN 15454mW/14751mW VDD_CPU_GPU_CV 6708mW/6291mW VDD_SOC 3896mW/3688mW
08-11-2026 20:58:18 RAM 6275/7607MB (lfb 1x4MB) SWAP 1374/16384MB (cached 134MB) CPU [13%@729,2%@729,0%@729,1%@729,1%@729,1%@729] GR3D_FREQ 99% cpu@59.375C soc2@58.343C soc0@59.187C gpu@60.437C tj@60.437C soc1@58.437C VDD_IN 15690mW/14765mW VDD_CPU_GPU_CV 6787mW/6299mW VDD_SOC 3936mW/3692mW
08-11-2026 20:58:19 RAM 6277/7607MB (lfb 1x4MB) SWAP 1374/16384MB (cached 134MB) CPU [7%@729,1%@729,2%@729,2%@729,0%@729,0%@729] GR3D_FREQ 99% cpu@59.218C soc2@58.437C soc0@59.218C gpu@60.343C tj@60.343C soc1@58.437C VDD_IN 15651mW/14779mW VDD_CPU_GPU_CV 6787mW/6306mW VDD_SOC 3936mW/3696mW
08-11-2026 20:58:20 RAM 6279/7607MB (lfb 1x4MB) SWAP 1374/16384MB (cached 134MB) CPU [14%@729,4%@729,18%@729,7%@729,1%@729,3%@729] GR3D_FREQ 99% cpu@59.218C soc2@58.593C soc0@59.312C gpu@60.375C tj@60.375C soc1@58.406C VDD_IN 15809mW/14794mW VDD_CPU_GPU_CV 6904mW/6315mW VDD_SOC 3936mW/3700mW
08-11-2026 20:58:21 RAM 6281/7607MB (lfb 1x4MB) SWAP 1374/16384MB (cached 134MB) CPU [11%@729,1%@729,1%@729,1%@729,0%@729,1%@729] GR3D_FREQ 99% cpu@59.375C soc2@58.5C soc0@59.156C gpu@60.406C tj@60.406C soc1@58.406C VDD_IN 15611mW/14806mW VDD_CPU_GPU_CV 6787mW/6322mW VDD_SOC 3936mW/3703mW
08-11-2026 20:58:22 RAM 6282/7607MB (lfb 1x4MB) SWAP 1374/16384MB (cached 134MB) CPU [5%@729,2%@729,1%@729,6%@729,0%@729,0%@729] GR3D_FREQ 99% cpu@59.531C soc2@58.437C soc0@59.281C gpu@60.343C tj@60.343C soc1@58.437C VDD_IN 15572mW/14817mW VDD_CPU_GPU_CV 6708mW/6328mW VDD_SOC 3896mW/3706mW
08-11-2026 20:58:23 RAM 6283/7607MB (lfb 1x4MB) SWAP 1374/16384MB (cached 134MB) CPU [2%@729,2%@729,1%@729,9%@729,2%@729,1%@729] GR3D_FREQ 99% cpu@59.468C soc2@58.5C soc0@59.281C gpu@60.843C tj@60.843C soc1@58.468C VDD_IN 15572mW/14828mW VDD_CPU_GPU_CV 6747mW/6334mW VDD_SOC 3896mW/3708mW
08-11-2026 20:58:24 RAM 6285/7607MB (lfb 1x4MB) SWAP 1374/16384MB (cached 134MB) CPU [10%@729,1%@729,1%@729,1%@729,0%@729,1%@729] GR3D_FREQ 99% cpu@59.187C soc2@58.5C soc0@59.437C gpu@60.812C tj@60.812C soc1@58.593C VDD_IN 15533mW/14838mW VDD_CPU_GPU_CV 6747mW/6339mW VDD_SOC 3896mW/3711mW
08-11-2026 20:58:25 RAM 6288/7607MB (lfb 1x4MB) SWAP 1374/16384MB (cached 134MB) CPU [5%@729,2%@729,2%@729,5%@729,0%@729,1%@729] GR3D_FREQ 99% cpu@59.375C soc2@58.468C soc0@59.343C gpu@60.968C tj@60.968C soc1@58.437C VDD_IN 15730mW/14850mW VDD_CPU_GPU_CV 6826mW/6346mW VDD_SOC 3936mW/3714mW
08-11-2026 20:58:26 RAM 6295/7607MB (lfb 1x4MB) SWAP 1374/16384MB (cached 134MB) CPU [7%@1036,17%@1036,2%@1036,8%@1036,3%@729,2%@729] GR3D_FREQ 99% cpu@59.656C soc2@58.625C soc0@59.375C gpu@60.937C tj@60.937C soc1@58.5C VDD_IN 15927mW/14865mW VDD_CPU_GPU_CV 6983mW/6355mW VDD_SOC 3975mW/3718mW
08-11-2026 20:58:27 RAM 6296/7607MB (lfb 1x4MB) SWAP 1374/16384MB (cached 134MB) CPU [3%@729,1%@729,1%@729,10%@729,4%@729,3%@729] GR3D_FREQ 99% cpu@59.656C soc2@58.531C soc0@59.312C gpu@60.656C tj@60.656C soc1@58.593C VDD_IN 15651mW/14876mW VDD_CPU_GPU_CV 6787mW/6361mW VDD_SOC 3936mW/3721mW
08-11-2026 20:58:28 RAM 6315/7607MB (lfb 1x4MB) SWAP 1374/16384MB (cached 134MB) CPU [26%@1344,26%@1344,17%@1344,17%@1344,31%@1344,14%@1344] GR3D_FREQ 0% cpu@59.25C soc2@57.937C soc0@59.218C gpu@58.968C tj@59.25C soc1@58.437C VDD_IN 8717mW/14794mW VDD_CPU_GPU_CV 2662mW/6311mW VDD_SOC 2388mW/3703mW
08-11-2026 20:58:29 RAM 6448/7607MB (lfb 3x2MB) SWAP 1374/16384MB (cached 133MB) CPU [63%@729,62%@729,65%@729,62%@729,61%@729,61%@729] GR3D_FREQ 99% cpu@59C soc2@57.937C soc0@58.812C gpu@59.656C tj@59.656C soc1@58.343C VDD_IN 11546mW/14751mW VDD_CPU_GPU_CV 4548mW/6288mW VDD_SOC 2693mW/3690mW
08-11-2026 20:58:30 RAM 6448/7607MB (lfb 3x2MB) SWAP 1374/16384MB (cached 133MB) CPU [3%@1344,1%@1344,10%@1344,7%@1344,0%@729,0%@729] GR3D_FREQ 99% cpu@59.406C soc2@58.187C soc0@59.093C gpu@60.156C tj@60.156C soc1@58.437C VDD_IN 15217mW/14757mW VDD_CPU_GPU_CV 6562mW/6292mW VDD_SOC 3824mW/3691mW
08-11-2026 20:58:31 RAM 6448/7607MB (lfb 3x2MB) SWAP 1374/16384MB (cached 133MB) CPU [4%@729,2%@729,8%@729,1%@729,0%@729,0%@729] GR3D_FREQ 99% cpu@59.125C soc2@58.437C soc0@59.218C gpu@60.437C tj@60.437C soc1@58.531C VDD_IN 15651mW/14768mW VDD_CPU_GPU_CV 6787mW/6298mW VDD_SOC 3936mW/3695mW
08-11-2026 20:58:32 RAM 6448/7607MB (lfb 3x2MB) SWAP 1374/16384MB (cached 133MB) CPU [3%@729,2%@729,10%@729,2%@729,0%@729,0%@729] GR3D_FREQ 99% cpu@59.187C soc2@58.375C soc0@59.218C gpu@60.468C tj@60.468C soc1@58.343C VDD_IN 15533mW/14778mW VDD_CPU_GPU_CV 6747mW/6304mW VDD_SOC 3896mW/3697mW
08-11-2026 20:58:33 RAM 6455/7607MB (lfb 3x2MB) SWAP 1374/16384MB (cached 133MB) CPU [9%@729,12%@729,17%@729,4%@729,2%@729,1%@729] GR3D_FREQ 99% cpu@59.25C soc2@58.343C soc0@59.218C gpu@60.687C tj@60.687C soc1@58.468C VDD_IN 15611mW/14789mW VDD_CPU_GPU_CV 6787mW/6310mW VDD_SOC 3896mW/3700mW
08-11-2026 20:58:34 RAM 6456/7607MB (lfb 3x2MB) SWAP 1374/16384MB (cached 133MB) CPU [3%@729,8%@729,2%@729,1%@729,0%@729,0%@729] GR3D_FREQ 99% cpu@59.312C soc2@58.468C soc0@59.218C gpu@60.531C tj@60.531C soc1@58.468C VDD_IN 15690mW/14800mW VDD_CPU_GPU_CV 6787mW/6316mW VDD_SOC 3975mW/3703mW
08-11-2026 20:58:35 RAM 6456/7607MB (lfb 3x2MB) SWAP 1374/16384MB (cached 133MB) CPU [5%@729,9%@729,1%@729,2%@729,0%@729,0%@729] GR3D_FREQ 99% cpu@59.437C soc2@58.468C soc0@59.312C gpu@60.437C tj@60.437C soc1@58.562C VDD_IN 15690mW/14811mW VDD_CPU_GPU_CV 6826mW/6322mW VDD_SOC 3936mW/3706mW
08-11-2026 20:58:36 RAM 6456/7607MB (lfb 3x2MB) SWAP 1374/16384MB (cached 133MB) CPU [1%@729,9%@729,3%@729,2%@729,0%@729,0%@729] GR3D_FREQ 99% cpu@59.25C soc2@58.562C soc0@59.406C gpu@60.437C tj@60.437C soc1@58.5C VDD_IN 15611mW/14820mW VDD_CPU_GPU_CV 6787mW/6328mW VDD_SOC 3936mW/3709mW
08-11-2026 20:58:37 RAM 6456/7607MB (lfb 3x2MB) SWAP 1374/16384MB (cached 133MB) CPU [2%@729,9%@729,2%@729,1%@729,0%@729,0%@729] GR3D_FREQ 99% cpu@59.375C soc2@58.531C soc0@59.437C gpu@60.437C tj@60.437C soc1@58.5C VDD_IN 15690mW/14831mW VDD_CPU_GPU_CV 6787mW/6333mW VDD_SOC 3936mW/3711mW
08-11-2026 20:58:38 RAM 6456/7607MB (lfb 3x2MB) SWAP 1374/16384MB (cached 133MB) CPU [3%@729,10%@729,1%@729,3%@729,0%@729,0%@729] GR3D_FREQ 99% cpu@59.562C soc2@58.593C soc0@59.375C gpu@60.687C tj@60.687C soc1@58.531C VDD_IN 15572mW/14839mW VDD_CPU_GPU_CV 6787mW/6338mW VDD_SOC 3896mW/3714mW
08-11-2026 20:58:39 RAM 6462/7607MB (lfb 3x2MB) SWAP 1374/16384MB (cached 133MB) CPU [9%@729,16%@729,19%@729,3%@729,1%@729,0%@729] GR3D_FREQ 99% cpu@59.718C soc2@58.562C soc0@59.468C gpu@60.875C tj@60.875C soc1@58.593C VDD_IN 15611mW/14848mW VDD_CPU_GPU_CV 6826mW/6344mW VDD_SOC 3896mW/3716mW
08-11-2026 20:58:40 RAM 6462/7607MB (lfb 3x2MB) SWAP 1374/16384MB (cached 133MB) CPU [3%@729,5%@729,6%@729,2%@729,0%@729,0%@729] GR3D_FREQ 99% cpu@59.562C soc2@58.593C soc0@59.406C gpu@60.906C tj@60.906C soc1@58.75C VDD_IN 15611mW/14857mW VDD_CPU_GPU_CV 6787mW/6349mW VDD_SOC 3936mW/3718mW
08-11-2026 20:58:41 RAM 6462/7607MB (lfb 3x2MB) SWAP 1374/16384MB (cached 133MB) CPU [6%@729,0%@729,5%@729,2%@729,0%@729,0%@729] GR3D_FREQ 99% cpu@59.593C soc2@58.687C soc0@59.562C gpu@60.812C tj@60.812C soc1@58.625C VDD_IN 15690mW/14866mW VDD_CPU_GPU_CV 6826mW/6355mW VDD_SOC 3975mW/3721mW
08-11-2026 20:58:42 RAM 6462/7607MB (lfb 3x2MB) SWAP 1374/16384MB (cached 133MB) CPU [10%@729,2%@729,2%@729,1%@729,0%@729,0%@729] GR3D_FREQ 99% cpu@59.5C soc2@58.625C soc0@59.468C gpu@60.718C tj@60.718C soc1@58.687C VDD_IN 15690mW/14876mW VDD_CPU_GPU_CV 6826mW/6360mW VDD_SOC 3936mW/3724mW
08-11-2026 20:58:43 RAM 6462/7607MB (lfb 3x2MB) SWAP 1374/16384MB (cached 133MB) CPU [10%@729,2%@729,2%@729,1%@729,0%@729,0%@729] GR3D_FREQ 99% cpu@59.656C soc2@58.75C soc0@59.437C gpu@60.562C tj@60.562C soc1@58.656C VDD_IN 15611mW/14884mW VDD_CPU_GPU_CV 6787mW/6365mW VDD_SOC 3936mW/3726mW
08-11-2026 20:58:44 RAM 6463/7607MB (lfb 3x2MB) SWAP 1374/16384MB (cached 133MB) CPU [10%@729,1%@729,1%@729,1%@729,0%@729,0%@729] GR3D_FREQ 99% cpu@59.812C soc2@58.687C soc0@59.5C gpu@60.656C tj@60.656C soc1@58.781C VDD_IN 15690mW/14893mW VDD_CPU_GPU_CV 6787mW/6369mW VDD_SOC 3936mW/3728mW
08-11-2026 20:58:45 RAM 6466/7607MB (lfb 3x2MB) SWAP 1374/16384MB (cached 133MB) CPU [14%@729,2%@729,15%@729,10%@729,0%@729,1%@729] GR3D_FREQ 99% cpu@59.5C soc2@58.75C soc0@59.656C gpu@60.812C tj@60.812C soc1@58.593C VDD_IN 15730mW/14902mW VDD_CPU_GPU_CV 6904mW/6375mW VDD_SOC 3896mW/3730mW
08-11-2026 20:58:46 RAM 6466/7607MB (lfb 3x2MB) SWAP 1374/16384MB (cached 133MB) CPU [10%@729,2%@729,0%@729,1%@729,0%@729,0%@729] GR3D_FREQ 99% cpu@59.531C soc2@58.75C soc0@59.718C gpu@60.843C tj@60.843C soc1@58.75C VDD_IN 15572mW/14909mW VDD_CPU_GPU_CV 6787mW/6379mW VDD_SOC 3896mW/3732mW
08-11-2026 20:58:47 RAM 6466/7607MB (lfb 3x2MB) SWAP 1374/16384MB (cached 133MB) CPU [8%@729,4%@729,2%@729,1%@729,1%@729,0%@729] GR3D_FREQ 99% cpu@59.718C soc2@58.75C soc0@59.531C gpu@61.125C tj@61.125C soc1@58.718C VDD_IN 15730mW/14918mW VDD_CPU_GPU_CV 6787mW/6384mW VDD_SOC 3936mW/3734mW
08-11-2026 20:58:48 RAM 6466/7607MB (lfb 3x2MB) SWAP 1374/16384MB (cached 133MB) CPU [3%@729,10%@729,1%@729,2%@729,0%@729,0%@729] GR3D_FREQ 99% cpu@59.687C soc2@58.781C soc0@59.593C gpu@61.062C tj@61.062C soc1@58.781C VDD_IN 15730mW/14926mW VDD_CPU_GPU_CV 6826mW/6388mW VDD_SOC 3936mW/3736mW
08-11-2026 20:58:49 RAM 6466/7607MB (lfb 3x2MB) SWAP 1374/16384MB (cached 133MB) CPU [1%@729,9%@729,1%@729,4%@729,0%@729,0%@729] GR3D_FREQ 99% cpu@59.875C soc2@58.812C soc0@59.718C gpu@61.062C tj@61.062C soc1@58.937C VDD_IN 15651mW/14934mW VDD_CPU_GPU_CV 6787mW/6393mW VDD_SOC 3936mW/3738mW
08-11-2026 20:58:50 RAM 6467/7607MB (lfb 3x2MB) SWAP 1374/16384MB (cached 133MB) CPU [2%@729,5%@729,6%@729,2%@729,1%@729,0%@729] GR3D_FREQ 99% cpu@59.593C soc2@58.812C soc0@59.75C gpu@61.093C tj@61.093C soc1@58.718C VDD_IN 15651mW/14941mW VDD_CPU_GPU_CV 6747mW/6396mW VDD_SOC 3936mW/3740mW
08-11-2026 20:58:51 RAM 6468/7607MB (lfb 3x2MB) SWAP 1374/16384MB (cached 133MB) CPU [13%@729,11%@729,8%@729,7%@729,1%@729,1%@729] GR3D_FREQ 99% cpu@59.625C soc2@58.875C soc0@59.75C gpu@60.906C tj@60.906C soc1@58.75C VDD_IN 15690mW/14949mW VDD_CPU_GPU_CV 6865mW/6401mW VDD_SOC 3936mW/3742mW
08-11-2026 20:58:52 RAM 6468/7607MB (lfb 3x2MB) SWAP 1374/16384MB (cached 133MB) CPU [2%@729,2%@729,8%@729,2%@729,0%@729,0%@729] GR3D_FREQ 99% cpu@59.843C soc2@58.843C soc0@59.656C gpu@60.843C tj@60.843C soc1@58.812C VDD_IN 15651mW/14956mW VDD_CPU_GPU_CV 6826mW/6405mW VDD_SOC 3936mW/3744mW
08-11-2026 20:58:53 RAM 6468/7607MB (lfb 3x2MB) SWAP 1374/16384MB (cached 133MB) CPU [3%@729,5%@729,6%@729,2%@729,1%@729,0%@729] GR3D_FREQ 99% cpu@59.718C soc2@58.906C soc0@59.656C gpu@60.968C tj@60.968C soc1@58.875C VDD_IN 15611mW/14963mW VDD_CPU_GPU_CV 6787mW/6409mW VDD_SOC 3896mW/3746mW
08-11-2026 20:58:54 RAM 6468/7607MB (lfb 3x2MB) SWAP 1374/16384MB (cached 133MB) CPU [2%@729,1%@729,11%@729,1%@729,1%@729,1%@729] GR3D_FREQ 99% cpu@60.093C soc2@58.875C soc0@59.718C gpu@60.968C tj@60.968C soc1@58.937C VDD_IN 15730mW/14970mW VDD_CPU_GPU_CV 6826mW/6413mW VDD_SOC 3975mW/3748mW
08-11-2026 20:58:55 RAM 6468/7607MB (lfb 3x2MB) SWAP 1374/16384MB (cached 133MB) CPU [1%@729,1%@729,7%@729,2%@729,0%@729,1%@729] GR3D_FREQ 99% cpu@59.656C soc2@59C soc0@59.75C gpu@60.906C tj@60.906C soc1@58.812C VDD_IN 15730mW/14978mW VDD_CPU_GPU_CV 6826mW/6417mW VDD_SOC 3936mW/3750mW
08-11-2026 20:58:56 RAM 6468/7607MB (lfb 3x2MB) SWAP 1374/16384MB (cached 133MB) CPU [2%@729,7%@729,5%@729,1%@729,0%@729,1%@729] GR3D_FREQ 99% cpu@59.843C soc2@58.843C soc0@59.687C gpu@60.906C tj@60.906C soc1@58.843C VDD_IN 15690mW/14984mW VDD_CPU_GPU_CV 6787mW/6421mW VDD_SOC 3936mW/3752mW
08-11-2026 20:58:57 RAM 6467/7607MB (lfb 3x2MB) SWAP 1374/16384MB (cached 133MB) CPU [17%@729,10%@729,7%@729,6%@729,0%@729,0%@729] GR3D_FREQ 99% cpu@60C soc2@58.875C soc0@59.75C gpu@60.843C tj@60.843C soc1@58.937C VDD_IN 15809mW/14992mW VDD_CPU_GPU_CV 6944mW/6426mW VDD_SOC 3936mW/3753mW
08-11-2026 20:58:58 RAM 6467/7607MB (lfb 3x2MB) SWAP 1374/16384MB (cached 133MB) CPU [1%@729,2%@729,9%@729,2%@729,0%@729,0%@729] GR3D_FREQ 99% cpu@59.781C soc2@59C soc0@59.718C gpu@60.906C tj@60.906C soc1@59.031C VDD_IN 15730mW/14999mW VDD_CPU_GPU_CV 6826mW/6430mW VDD_SOC 3936mW/3755mW
08-11-2026 20:58:59 RAM 6467/7607MB (lfb 3x2MB) SWAP 1374/16384MB (cached 133MB) CPU [1%@729,1%@729,9%@729,3%@729,0%@729,1%@729] GR3D_FREQ 99% cpu@59.687C soc2@58.968C soc0@59.843C gpu@60.937C tj@60.937C soc1@58.875C VDD_IN 15611mW/15005mW VDD_CPU_GPU_CV 6787mW/6433mW VDD_SOC 3936mW/3757mW
08-11-2026 20:59:00 RAM 6467/7607MB (lfb 3x2MB) SWAP 1374/16384MB (cached 133MB) CPU [2%@729,2%@729,9%@729,2%@729,0%@729,2%@729] GR3D_FREQ 99% cpu@59.625C soc2@59.031C soc0@59.875C gpu@60.937C tj@60.937C soc1@58.906C VDD_IN 15611mW/15011mW VDD_CPU_GPU_CV 6747mW/6436mW VDD_SOC 3896mW/3758mW
08-11-2026 20:59:01 RAM 6469/7607MB (lfb 3x2MB) SWAP 1374/16384MB (cached 133MB) CPU [1%@729,2%@729,8%@729,3%@729,0%@729,0%@729] GR3D_FREQ 99% cpu@60C soc2@58.968C soc0@59.718C gpu@61.187C tj@61.187C soc1@58.906C VDD_IN 15809mW/15018mW VDD_CPU_GPU_CV 6826mW/6440mW VDD_SOC 3975mW/3760mW
08-11-2026 20:59:02 RAM 6453/7607MB (lfb 2x2MB) SWAP 1374/16384MB (cached 131MB) CPU [16%@1267,3%@1267,28%@1267,13%@1267,3%@729,4%@729] GR3D_FREQ 0% cpu@59.812C soc2@58.5C soc0@59.625C gpu@59.25C tj@59.812C soc1@58.906C VDD_IN 9474mW/14967mW VDD_CPU_GPU_CV 2896mW/6407mW VDD_SOC 2742mW/3751mW
08-11-2026 20:59:03 RAM 6536/7607MB (lfb 1x2MB) SWAP 1374/16384MB (cached 130MB) CPU [79%@883,87%@883,72%@883,74%@883,69%@729,71%@729] GR3D_FREQ 99% cpu@59.218C soc2@58.406C soc0@59.406C gpu@59.937C tj@59.937C soc1@58.906C VDD_IN 10015mW/14922mW VDD_CPU_GPU_CV 3803mW/6383mW VDD_SOC 2146mW/3736mW
08-11-2026 20:59:04 RAM 6536/7607MB (lfb 1x4MB) SWAP 1374/16384MB (cached 130MB) CPU [6%@729,6%@729,10%@729,8%@729,1%@729,0%@729] GR3D_FREQ 99% cpu@59.468C soc2@58.562C soc0@59.75C gpu@60.531C tj@60.531C soc1@58.718C VDD_IN 15257mW/14925mW VDD_CPU_GPU_CV 6601mW/6385mW VDD_SOC 3817mW/3737mW
08-11-2026 20:59:05 RAM 6537/7607MB (lfb 1x4MB) SWAP 1374/16384MB (cached 130MB) CPU [0%@729,2%@729,9%@729,2%@729,0%@729,2%@729] GR3D_FREQ 99% cpu@59.812C soc2@58.812C soc0@59.562C gpu@60.687C tj@60.687C soc1@58.75C VDD_IN 15651mW/14932mW VDD_CPU_GPU_CV 6787mW/6389mW VDD_SOC 3936mW/3739mW
08-11-2026 20:59:06 RAM 6537/7607MB (lfb 1x4MB) SWAP 1374/16384MB (cached 130MB) CPU [1%@729,2%@729,9%@729,2%@729,0%@729,0%@729] GR3D_FREQ 99% cpu@60C soc2@58.812C soc0@59.687C gpu@60.625C tj@60.625C soc1@58.937C VDD_IN 15690mW/14939mW VDD_CPU_GPU_CV 6787mW/6393mW VDD_SOC 3936mW/3740mW
08-11-2026 20:59:07 RAM 6537/7607MB (lfb 1x4MB) SWAP 1374/16384MB (cached 130MB) CPU [2%@729,1%@729,10%@729,1%@729,0%@729,0%@729] GR3D_FREQ 99% cpu@59.781C soc2@58.812C soc0@59.687C gpu@60.843C tj@60.843C soc1@58.875C VDD_IN 15651mW/14945mW VDD_CPU_GPU_CV 6787mW/6396mW VDD_SOC 3936mW/3742mW
08-11-2026 20:59:08 RAM 6537/7607MB (lfb 1x4MB) SWAP 1374/16384MB (cached 130MB) CPU [3%@729,3%@729,8%@729,1%@729,0%@729,0%@729] GR3D_FREQ 99% cpu@59.687C soc2@58.812C soc0@59.718C gpu@61.125C tj@61.125C soc1@58.812C VDD_IN 15611mW/14951mW VDD_CPU_GPU_CV 6787mW/6399mW VDD_SOC 3896mW/3744mW
08-11-2026 20:59:09 RAM 6537/7607MB (lfb 1x4MB) SWAP 1374/16384MB (cached 130MB) CPU [3%@729,2%@729,10%@729,3%@729,0%@729,0%@729] GR3D_FREQ 99% cpu@59.656C soc2@58.906C soc0@59.656C gpu@61.031C tj@61.031C soc1@58.875C VDD_IN 15690mW/14957mW VDD_CPU_GPU_CV 6787mW/6403mW VDD_SOC 3936mW/3745mW
08-11-2026 20:59:10 RAM 6544/7607MB (lfb 1x4MB) SWAP 1374/16384MB (cached 130MB) CPU [8%@729,17%@729,7%@729,12%@729,0%@729,0%@729] GR3D_FREQ 99% cpu@59.843C soc2@58.843C soc0@59.687C gpu@61.125C tj@61.125C soc1@58.906C VDD_IN 15809mW/14964mW VDD_CPU_GPU_CV 6904mW/6407mW VDD_SOC 3975mW/3747mW
08-11-2026 20:59:11 RAM 6546/7607MB (lfb 1x4MB) SWAP 1374/16384MB (cached 130MB) CPU [1%@729,11%@729,1%@729,2%@729,0%@729,0%@729] GR3D_FREQ 99% cpu@60.125C soc2@59C soc0@59.781C gpu@61.156C tj@61.156C soc1@58.937C VDD_IN 15730mW/14971mW VDD_CPU_GPU_CV 6826mW/6411mW VDD_SOC 3936mW/3749mW
08-11-2026 20:59:12 RAM 6548/7607MB (lfb 1x4MB) SWAP 1374/16384MB (cached 130MB) CPU [2%@729,11%@729,2%@729,2%@729,0%@729,0%@729] GR3D_FREQ 99% cpu@59.75C soc2@59C soc0@59.75C gpu@61.218C tj@61.218C soc1@59.031C VDD_IN 15690mW/14977mW VDD_CPU_GPU_CV 6787mW/6414mW VDD_SOC 3936mW/3750mW
08-11-2026 20:59:13 RAM 6550/7607MB (lfb 1x4MB) SWAP 1374/16384MB (cached 130MB) CPU [2%@1344,9%@1344,1%@1344,2%@1344,0%@729,0%@729] GR3D_FREQ 99% cpu@59.781C soc2@58.906C soc0@59.843C gpu@60.875C tj@60.875C soc1@58.937C VDD_IN 15651mW/14982mW VDD_CPU_GPU_CV 6787mW/6417mW VDD_SOC 3936mW/3752mW
08-11-2026 20:59:14 RAM 6553/7607MB (lfb 1x4MB) SWAP 1374/16384MB (cached 130MB) CPU [1%@729,11%@729,2%@729,2%@729,0%@729,0%@729] GR3D_FREQ 99% cpu@59.968C soc2@58.937C soc0@59.75C gpu@61C tj@61C soc1@59.031C VDD_IN 15651mW/14988mW VDD_CPU_GPU_CV 6787mW/6420mW VDD_SOC 3936mW/3753mW
08-11-2026 20:59:15 RAM 6555/7607MB (lfb 1x4MB) SWAP 1374/16384MB (cached 130MB) CPU [1%@729,8%@729,1%@729,1%@729,0%@729,1%@729] GR3D_FREQ 99% cpu@59.937C soc2@58.937C soc0@59.812C gpu@61C tj@61C soc1@59.031C VDD_IN 15533mW/14992mW VDD_CPU_GPU_CV 6747mW/6423mW VDD_SOC 3896mW/3755mW
08-11-2026 20:59:16 RAM 6556/7607MB (lfb 1x4MB) SWAP 1374/16384MB (cached 130MB) CPU [5%@729,5%@729,20%@729,12%@729,1%@729,0%@729] GR3D_FREQ 99% cpu@60.281C soc2@59.062C soc0@59.812C gpu@61.343C tj@61.343C soc1@59.093C VDD_IN 15848mW/14999mW VDD_CPU_GPU_CV 6865mW/6426mW VDD_SOC 3975mW/3756mW
08-11-2026 20:59:17 RAM 6557/7607MB (lfb 1x4MB) SWAP 1374/16384MB (cached 130MB) CPU [2%@729,0%@729,8%@729,1%@729,1%@729,0%@729] GR3D_FREQ 99% cpu@59.812C soc2@59.031C soc0@59.937C gpu@61.343C tj@61.343C soc1@58.968C VDD_IN 15690mW/15005mW VDD_CPU_GPU_CV 6826mW/6429mW VDD_SOC 3936mW/3758mW
08-11-2026 20:59:18 RAM 6559/7607MB (lfb 1x4MB) SWAP 1374/16384MB (cached 130MB) CPU [2%@729,0%@729,10%@729,0%@729,1%@729,1%@729] GR3D_FREQ 99% cpu@60C soc2@58.968C soc0@59.937C gpu@61.343C tj@61.343C soc1@59C VDD_IN 15690mW/15010mW VDD_CPU_GPU_CV 6826mW/6433mW VDD_SOC 3936mW/3759mW
08-11-2026 20:59:19 RAM 6561/7607MB (lfb 1x4MB) SWAP 1374/16384MB (cached 130MB) CPU [1%@729,1%@729,8%@729,2%@729,0%@729,1%@729] GR3D_FREQ 99% cpu@60.125C soc2@59C soc0@59.812C gpu@61.312C tj@61.312C soc1@59C VDD_IN 15651mW/15016mW VDD_CPU_GPU_CV 6747mW/6435mW VDD_SOC 3936mW/3761mW
08-11-2026 20:59:20 RAM 6564/7607MB (lfb 1x4MB) SWAP 1374/16384MB (cached 130MB) CPU [1%@729,1%@729,9%@729,2%@729,1%@729,1%@729] GR3D_FREQ 99% cpu@59.906C soc2@59.031C soc0@59.843C gpu@60.906C tj@60.906C soc1@59.031C VDD_IN 15690mW/15021mW VDD_CPU_GPU_CV 6826mW/6438mW VDD_SOC 3936mW/3762mW
08-11-2026 20:59:21 RAM 6566/7607MB (lfb 1x4MB) SWAP 1374/16384MB (cached 130MB) CPU [1%@729,2%@729,10%@729,2%@729,0%@729,0%@729] GR3D_FREQ 99% cpu@60.187C soc2@59.093C soc0@59.968C gpu@61.25C tj@61.25C soc1@59.156C VDD_IN 15651mW/15026mW VDD_CPU_GPU_CV 6826mW/6441mW VDD_SOC 3936mW/3763mW
08-11-2026 20:59:22 RAM 6574/7607MB (lfb 1x4MB) SWAP 1374/16384MB (cached 130MB) CPU [6%@729,13%@729,19%@729,5%@729,1%@729,0%@729] GR3D_FREQ 99% cpu@59.843C soc2@59.031C soc0@59.968C gpu@61.218C tj@61.218C soc1@59.031C VDD_IN 15769mW/15032mW VDD_CPU_GPU_CV 6865mW/6444mW VDD_SOC 3936mW/3765mW
08-11-2026 20:59:23 RAM 6575/7607MB (lfb 1x4MB) SWAP 1374/16384MB (cached 130MB) CPU [4%@729,7%@729,1%@729,2%@729,0%@729,0%@729] GR3D_FREQ 99% cpu@59.968C soc2@59.156C soc0@59.843C gpu@61.125C tj@61.125C soc1@59.062C VDD_IN 15769mW/15037mW VDD_CPU_GPU_CV 6865mW/6448mW VDD_SOC 3975mW/3766mW
08-11-2026 20:59:24 RAM 6578/7607MB (lfb 1x4MB) SWAP 1374/16384MB (cached 130MB) CPU [2%@729,10%@729,1%@729,2%@729,0%@729,0%@729] GR3D_FREQ 99% cpu@60.343C soc2@59.125C soc0@59.906C gpu@61.218C tj@61.218C soc1@59.156C VDD_IN 15730mW/15042mW VDD_CPU_GPU_CV 6826mW/6451mW VDD_SOC 3936mW/3768mW
08-11-2026 20:59:25 RAM 6580/7607MB (lfb 1x4MB) SWAP 1374/16384MB (cached 130MB) CPU [1%@729,8%@729,3%@729,1%@729,0%@729,0%@729] GR3D_FREQ 99% cpu@60C soc2@59.156C soc0@59.968C gpu@61.187C tj@61.187C soc1@59.125C VDD_IN 15651mW/15047mW VDD_CPU_GPU_CV 6787mW/6453mW VDD_SOC 3936mW/3769mW
08-11-2026 20:59:26 RAM 6582/7607MB (lfb 1x4MB) SWAP 1374/16384MB (cached 130MB) CPU [2%@729,9%@729,1%@729,2%@729,0%@729,0%@729] GR3D_FREQ 99% cpu@60.062C soc2@59.187C soc0@59.968C gpu@61.062C tj@60.968C soc1@59.093C VDD_IN 15651mW/15052mW VDD_CPU_GPU_CV 6787mW/6456mW VDD_SOC 3936mW/3770mW
08-11-2026 20:59:27 RAM 6584/7607MB (lfb 1x4MB) SWAP 1374/16384MB (cached 130MB) CPU [2%@729,9%@729,1%@729,0%@729,0%@729,0%@729] GR3D_FREQ 99% cpu@60C soc2@59.187C soc0@60.187C gpu@61.093C tj@61.093C soc1@59.156C VDD_IN 15651mW/15056mW VDD_CPU_GPU_CV 6787mW/6458mW VDD_SOC 3936mW/3771mW
08-11-2026 20:59:28 RAM 6585/7607MB (lfb 1x4MB) SWAP 1374/16384MB (cached 130MB) CPU [4%@729,11%@729,7%@729,21%@729,0%@729,0%@729] GR3D_FREQ 99% cpu@60C soc2@59.218C soc0@60C gpu@61.281C tj@61.281C soc1@59.187C VDD_IN 15769mW/15061mW VDD_CPU_GPU_CV 6904mW/6461mW VDD_SOC 3936mW/3773mW
08-11-2026 20:59:29 RAM 6585/7607MB (lfb 1x4MB) SWAP 1374/16384MB (cached 130MB) CPU [9%@729,1%@729,1%@729,3%@729,0%@729,0%@729] GR3D_FREQ 99% cpu@60.25C soc2@59.187C soc0@60.031C gpu@61.125C tj@61.125C soc1@59.25C VDD_IN 15651mW/15066mW VDD_CPU_GPU_CV 6826mW/6464mW VDD_SOC 3896mW/3774mW
08-11-2026 20:59:30 RAM 6585/7607MB (lfb 1x4MB) SWAP 1374/16384MB (cached 130MB) CPU [9%@729,2%@729,1%@729,3%@729,0%@729,0%@729] GR3D_FREQ 99% cpu@60.187C soc2@59.343C soc0@60.125C gpu@61.187C tj@61.187C soc1@59.312C VDD_IN 15887mW/15072mW VDD_CPU_GPU_CV 6904mW/6467mW VDD_SOC 4014mW/3775mW
08-11-2026 20:59:31 RAM 6587/7607MB (lfb 1x4MB) SWAP 1374/16384MB (cached 130MB) CPU [2%@729,9%@729,1%@729,3%@729,0%@729,0%@729] GR3D_FREQ 99% cpu@60.156C soc2@59.312C soc0@60.125C gpu@61.406C tj@61.406C soc1@59.25C VDD_IN 15769mW/15077mW VDD_CPU_GPU_CV 6826mW/6470mW VDD_SOC 3975mW/3777mW
08-11-2026 20:59:32 RAM 6588/7607MB (lfb 1x4MB) SWAP 1374/16384MB (cached 130MB) CPU [10%@729,2%@729,1%@729,2%@729,0%@729,0%@729] GR3D_FREQ 99% cpu@60.187C soc2@59.281C soc0@60.187C gpu@61.406C tj@61.406C soc1@59.281C VDD_IN 15690mW/15081mW VDD_CPU_GPU_CV 6826mW/6472mW VDD_SOC 3936mW/3778mW
08-11-2026 20:59:33 RAM 6589/7607MB (lfb 1x4MB) SWAP 1374/16384MB (cached 130MB) CPU [8%@729,2%@729,1%@729,2%@729,0%@729,0%@729] GR3D_FREQ 99% cpu@60.125C soc2@59.25C soc0@60.093C gpu@61.437C tj@61.437C soc1@59.218C VDD_IN 15730mW/15086mW VDD_CPU_GPU_CV 6826mW/6475mW VDD_SOC 3975mW/3779mW
08-11-2026 20:59:34 RAM 6597/7607MB (lfb 1x4MB) SWAP 1374/16384MB (cached 130MB) CPU [7%@729,19%@729,6%@729,6%@729,3%@729,0%@729] GR3D_FREQ 99% cpu@60.343C soc2@59.343C soc0@60.125C gpu@61.406C tj@61.406C soc1@59.218C VDD_IN 15769mW/15091mW VDD_CPU_GPU_CV 6865mW/6478mW VDD_SOC 3936mW/3780mW
08-11-2026 20:59:35 RAM 6599/7607MB (lfb 1x4MB) SWAP 1374/16384MB (cached 130MB) CPU [6%@729,7%@729,1%@729,2%@729,0%@729,0%@729] GR3D_FREQ 99% cpu@59.937C soc2@59.312C soc0@60.125C gpu@61.593C tj@61.593C soc1@59.281C VDD_IN 15651mW/15095mW VDD_CPU_GPU_CV 6826mW/6480mW VDD_SOC 3936mW/3781mW
08-11-2026 20:59:36 RAM 6600/7607MB (lfb 1x4MB) SWAP 1374/16384MB (cached 130MB) CPU [3%@729,8%@729,4%@729,4%@729,0%@729,0%@729] GR3D_FREQ 99% cpu@60.156C soc2@59.375C soc0@60.125C gpu@61.312C tj@61.312C soc1@59.218C VDD_IN 15651mW/15098mW VDD_CPU_GPU_CV 6826mW/6483mW VDD_SOC 3896mW/3782mW
08-11-2026 20:59:37 RAM 6601/7607MB (lfb 1x4MB) SWAP 1375/16384MB (cached 128MB) CPU [16%@1344,27%@1344,19%@1344,14%@1344,6%@1344,5%@1344] GR3D_FREQ 0% cpu@60.187C soc2@58.781C soc0@59.843C gpu@59.343C tj@60.187C soc1@59.125C VDD_IN 9474mW/15059mW VDD_CPU_GPU_CV 2936mW/6458mW VDD_SOC 2702mW/3775mW
08-11-2026 20:59:38 RAM 6615/7607MB (lfb 1x4MB) SWAP 1375/16384MB (cached 128MB) CPU [64%@729,58%@729,59%@729,58%@729,59%@729,59%@729] GR3D_FREQ 99% cpu@60C soc2@58.718C soc0@59.687C gpu@60.562C tj@60.562C soc1@59.093C VDD_IN 12201mW/15040mW VDD_CPU_GPU_CV 4896mW/6447mW VDD_SOC 2891mW/3769mW
08-11-2026 20:59:39 RAM 6617/7607MB (lfb 1x4MB) SWAP 1375/16384MB (cached 128MB) CPU [11%@729,3%@729,3%@729,6%@729,0%@729,0%@729] GR3D_FREQ 99% cpu@60.093C soc2@58.968C soc0@59.843C gpu@60.937C tj@60.937C soc1@59.125C VDD_IN 15454mW/15043mW VDD_CPU_GPU_CV 6669mW/6449mW VDD_SOC 3857mW/3769mW
08-11-2026 20:59:40 RAM 6623/7607MB (lfb 1x4MB) SWAP 1375/16384MB (cached 128MB) CPU [10%@729,8%@729,20%@729,5%@729,0%@729,0%@729] GR3D_FREQ 99% cpu@59.812C soc2@59.093C soc0@59.875C gpu@60.968C tj@61.312C soc1@59C VDD_IN 15809mW/15048mW VDD_CPU_GPU_CV 6904mW/6452mW VDD_SOC 3936mW/3770mW
08-11-2026 20:59:41 RAM 6623/7607MB (lfb 1x4MB) SWAP 1375/16384MB (cached 128MB) CPU [10%@729,2%@729,2%@729,2%@729,0%@729,0%@729] GR3D_FREQ 99% cpu@59.875C soc2@59.093C soc0@59.906C gpu@61.187C tj@61.187C soc1@59.031C VDD_IN 15651mW/15052mW VDD_CPU_GPU_CV 6747mW/6454mW VDD_SOC 3936mW/3772mW
08-11-2026 20:59:42 RAM 6623/7607MB (lfb 1x4MB) SWAP 1375/16384MB (cached 128MB) CPU [9%@729,1%@729,1%@729,1%@729,0%@729,0%@729] GR3D_FREQ 99% cpu@60.031C soc2@59.093C soc0@59.843C gpu@61.437C tj@61.437C soc1@59.125C VDD_IN 15651mW/15056mW VDD_CPU_GPU_CV 6787mW/6456mW VDD_SOC 3936mW/3773mW
08-11-2026 20:59:43 RAM 6623/7607MB (lfb 1x4MB) SWAP 1375/16384MB (cached 128MB) CPU [10%@729,2%@729,1%@729,3%@729,0%@729,0%@729] GR3D_FREQ 99% cpu@60.218C soc2@59.062C soc0@59.906C gpu@61.531C tj@61.531C soc1@59.125C VDD_IN 15572mW/15059mW VDD_CPU_GPU_CV 6787mW/6458mW VDD_SOC 3936mW/3774mW
08-11-2026 20:59:44 RAM 6623/7607MB (lfb 1x4MB) SWAP 1375/16384MB (cached 128MB) CPU [10%@729,1%@729,0%@729,2%@729,0%@729,0%@729] GR3D_FREQ 99% cpu@60.156C soc2@59.187C soc0@59.968C gpu@61.593C tj@61.593C soc1@59.25C VDD_IN 15769mW/15064mW VDD_CPU_GPU_CV 6826mW/6461mW VDD_SOC 3975mW/3775mW
08-11-2026 20:59:45 RAM 6623/7607MB (lfb 1x4MB) SWAP 1375/16384MB (cached 128MB) CPU [4%@1344,1%@1344,1%@1344,8%@1344,0%@729,0%@729] GR3D_FREQ 99% cpu@60.062C soc2@59.187C soc0@60.031C gpu@61.125C tj@61.125C soc1@59.093C VDD_IN 15690mW/15068mW VDD_CPU_GPU_CV 6826mW/6463mW VDD_SOC 3936mW/3776mW
08-11-2026 20:59:46 RAM 6626/7607MB (lfb 1x4MB) SWAP 1375/16384MB (cached 128MB) CPU [4%@729,9%@729,17%@729,11%@729,0%@729,0%@729] GR3D_FREQ 99% cpu@60.187C soc2@59.156C soc0@60.062C gpu@61.25C tj@61.25C soc1@58.968C VDD_IN 15966mW/15074mW VDD_CPU_GPU_CV 7022mW/6467mW VDD_SOC 3975mW/3777mW
08-11-2026 20:59:47 RAM 6616/7607MB (lfb 1x4MB) SWAP 1375/16384MB (cached 128MB) CPU [3%@729,1%@729,10%@729,3%@729,0%@729,1%@729] GR3D_FREQ 99% cpu@60.125C soc2@59.187C soc0@59.968C gpu@61.187C tj@61.187C soc1@59.125C VDD_IN 15690mW/15078mW VDD_CPU_GPU_CV 6787mW/6469mW VDD_SOC 3936mW/3778mW
08-11-2026 20:59:48 RAM 6616/7607MB (lfb 1x4MB) SWAP 1375/16384MB (cached 128MB) CPU [9%@729,2%@729,1%@729,2%@729,0%@729,0%@729] GR3D_FREQ 99% cpu@60.281C soc2@59.25C soc0@59.968C gpu@61.125C tj@61.125C soc1@59.093C VDD_IN 15690mW/15082mW VDD_CPU_GPU_CV 6826mW/6471mW VDD_SOC 3936mW/3779mW
08-11-2026 20:59:49 RAM 6616/7607MB (lfb 1x4MB) SWAP 1375/16384MB (cached 128MB) CPU [12%@729,2%@729,4%@729,1%@729,0%@729,1%@729] GR3D_FREQ 99% cpu@59.937C soc2@59.187C soc0@60.093C gpu@61.343C tj@61.125C soc1@59.062C VDD_IN 15651mW/15086mW VDD_CPU_GPU_CV 6826mW/6473mW VDD_SOC 3936mW/3780mW
08-11-2026 20:59:50 RAM 6616/7607MB (lfb 1x4MB) SWAP 1375/16384MB (cached 128MB) CPU [10%@729,2%@729,2%@729,3%@729,0%@729,0%@729] GR3D_FREQ 99% cpu@59.875C soc2@59.187C soc0@60.156C gpu@61.156C tj@61.156C soc1@59.062C VDD_IN 15611mW/15089mW VDD_CPU_GPU_CV 6787mW/6475mW VDD_SOC 3896mW/3781mW
08-11-2026 20:59:51 RAM 6617/7607MB (lfb 1x4MB) SWAP 1375/16384MB (cached 128MB) CPU [9%@729,2%@729,2%@729,1%@729,0%@729,1%@729] GR3D_FREQ 99% cpu@60.125C soc2@59.187C soc0@59.968C gpu@61.093C tj@61.093C soc1@59.093C VDD_IN 15848mW/15094mW VDD_CPU_GPU_CV 6865mW/6478mW VDD_SOC 3975mW/3782mW
08-11-2026 20:59:52 RAM 6620/7607MB (lfb 1x4MB) SWAP 1375/16384MB (cached 128MB) CPU [8%@806,2%@806,6%@806,10%@806,2%@729,1%@729] GR3D_FREQ 99% cpu@60.312C soc2@59.187C soc0@59.968C gpu@61.125C tj@61.125C soc1@59.156C VDD_IN 15927mW/15099mW VDD_CPU_GPU_CV 6983mW/6481mW VDD_SOC 3975mW/3784mW
08-11-2026 20:59:53 RAM 6624/7607MB (lfb 1x4MB) SWAP 1375/16384MB (cached 128MB) CPU [10%@729,4%@729,1%@729,7%@729,0%@729,3%@729] GR3D_FREQ 99% cpu@60.218C soc2@59.187C soc0@59.968C gpu@61.125C tj@61.125C soc1@59.187C VDD_IN 15769mW/15103mW VDD_CPU_GPU_CV 6865mW/6483mW VDD_SOC 3975mW/3785mW
08-11-2026 20:59:54 RAM 6624/7607MB (lfb 1x4MB) SWAP 1375/16384MB (cached 128MB) CPU [2%@729,10%@729,2%@729,2%@729,0%@729,0%@729] GR3D_FREQ 99% cpu@60.156C soc2@59.218C soc0@60.125C gpu@61.093C tj@61.093C soc1@59.125C VDD_IN 15769mW/15107mW VDD_CPU_GPU_CV 6865mW/6486mW VDD_SOC 3936mW/3786mW
08-11-2026 20:59:55 RAM 6624/7607MB (lfb 1x4MB) SWAP 1375/16384MB (cached 128MB) CPU [2%@729,10%@729,4%@729,1%@729,0%@729,0%@729] GR3D_FREQ 99% cpu@60.062C soc2@59.281C soc0@60.187C gpu@61.218C tj@61.218C soc1@59.156C VDD_IN 15730mW/15111mW VDD_CPU_GPU_CV 6826mW/6488mW VDD_SOC 3936mW/3787mW
08-11-2026 20:59:56 RAM 6624/7607MB (lfb 1x4MB) SWAP 1375/16384MB (cached 128MB) CPU [2%@729,9%@729,2%@729,1%@729,0%@729,0%@729] GR3D_FREQ 99% cpu@60.187C soc2@59.187C soc0@60C gpu@61.437C tj@61.437C soc1@59.125C VDD_IN 15730mW/15115mW VDD_CPU_GPU_CV 6865mW/6490mW VDD_SOC 3936mW/3788mW
08-11-2026 20:59:57 RAM 6624/7607MB (lfb 1x4MB) SWAP 1375/16384MB (cached 128MB) CPU [2%@729,10%@729,2%@729,2%@729,0%@729,0%@729] GR3D_FREQ 99% cpu@60.156C soc2@59.187C soc0@60C gpu@61.437C tj@61.437C soc1@59.218C VDD_IN 15572mW/15118mW VDD_CPU_GPU_CV 6747mW/6492mW VDD_SOC 3896mW/3788mW
08-11-2026 20:59:58 RAM 6624/7607MB (lfb 1x4MB) SWAP 1375/16384MB (cached 128MB) CPU [1%@1344,9%@1344,5%@1344,2%@1344,0%@806,0%@806] GR3D_FREQ 99% cpu@60.312C soc2@59.312C soc0@60.093C gpu@61.562C tj@61.562C soc1@59.25C VDD_IN 15848mW/15122mW VDD_CPU_GPU_CV 6904mW/6494mW VDD_SOC 3975mW/3789mW
08-11-2026 20:59:59 RAM 6625/7607MB (lfb 1x4MB) SWAP 1375/16384MB (cached 128MB) CPU [13%@729,6%@729,12%@729,4%@729,0%@729,0%@729] GR3D_FREQ 99% cpu@59.937C soc2@59.218C soc0@60.062C gpu@61.468C tj@61.468C soc1@59.156C VDD_IN 15809mW/15126mW VDD_CPU_GPU_CV 6904mW/6497mW VDD_SOC 3975mW/3791mW
08-11-2026 21:00:00 RAM 6625/7607MB (lfb 1x4MB) SWAP 1375/16384MB (cached 128MB) CPU [2%@729,10%@729,2%@729,1%@729,0%@729,1%@729] GR3D_FREQ 99% cpu@60.093C soc2@59.125C soc0@60.187C gpu@61.187C tj@61.187C soc1@59.187C VDD_IN 15690mW/15130mW VDD_CPU_GPU_CV 6826mW/6499mW VDD_SOC 3936mW/3791mW
08-11-2026 21:00:01 RAM 6625/7607MB (lfb 1x4MB) SWAP 1375/16384MB (cached 128MB) CPU [1%@729,9%@729,2%@729,1%@729,1%@729,1%@729] GR3D_FREQ 99% cpu@60.25C soc2@59.25C soc0@60.062C gpu@61.25C tj@61.25C soc1@59.156C VDD_IN 15690mW/15133mW VDD_CPU_GPU_CV 6787mW/6500mW VDD_SOC 3936mW/3792mW
08-11-2026 21:00:02 RAM 6625/7607MB (lfb 1x4MB) SWAP 1375/16384MB (cached 128MB) CPU [2%@729,8%@729,2%@729,1%@729,1%@729,0%@729] GR3D_FREQ 99% cpu@60.093C soc2@59.281C soc0@60.031C gpu@61.093C tj@61.093C soc1@59.25C VDD_IN 15730mW/15137mW VDD_CPU_GPU_CV 6826mW/6502mW VDD_SOC 3936mW/3793mW
08-11-2026 21:00:03 RAM 6625/7607MB (lfb 1x4MB) SWAP 1375/16384MB (cached 128MB) CPU [10%@1113,1%@1113,1%@1113,2%@1113,1%@729,0%@729] GR3D_FREQ 99% cpu@60.343C soc2@59.312C soc0@60.031C gpu@61.312C tj@61.312C soc1@59.312C VDD_IN 15690mW/15140mW VDD_CPU_GPU_CV 6826mW/6504mW VDD_SOC 3936mW/3794mW
08-11-2026 21:00:04 RAM 6625/7607MB (lfb 1x4MB) SWAP 1375/16384MB (cached 128MB) CPU [9%@1036,1%@1036,1%@1036,0%@1036,1%@729,2%@729] GR3D_FREQ 99% cpu@60C soc2@59.281C soc0@60.125C gpu@61.406C tj@61.406C soc1@59.156C VDD_IN 15572mW/15142mW VDD_CPU_GPU_CV 6787mW/6506mW VDD_SOC 3896mW/3795mW
08-11-2026 21:00:05 RAM 6621/7607MB (lfb 1x4MB) SWAP 1375/16384MB (cached 128MB) CPU [11%@1344,9%@1344,4%@1344,16%@1344,1%@729,1%@729] GR3D_FREQ 99% cpu@60.218C soc2@59.187C soc0@60.031C gpu@61.718C tj@61.718C soc1@59.25C VDD_IN 15809mW/15146mW VDD_CPU_GPU_CV 6865mW/6508mW VDD_SOC 3975mW/3796mW
08-11-2026 21:00:06 RAM 6624/7607MB (lfb 1x4MB) SWAP 1375/16384MB (cached 128MB) CPU [1%@1344,8%@1344,1%@1344,2%@1344,1%@729,1%@729] GR3D_FREQ 99% cpu@60.312C soc2@59.281C soc0@60.031C gpu@61.625C tj@61.625C soc1@59.218C VDD_IN 15769mW/15150mW VDD_CPU_GPU_CV 6865mW/6510mW VDD_SOC 3975mW/3797mW
08-11-2026 21:00:07 RAM 6626/7607MB (lfb 1x4MB) SWAP 1375/16384MB (cached 128MB) CPU [2%@1113,8%@1113,1%@1113,1%@1113,2%@729,1%@729] GR3D_FREQ 99% cpu@60.125C soc2@59.25C soc0@60.093C gpu@61.312C tj@61.312C soc1@59.343C VDD_IN 15769mW/15153mW VDD_CPU_GPU_CV 6865mW/6512mW VDD_SOC 3975mW/3798mW
08-11-2026 21:00:08 RAM 6461/7607MB (lfb 2x4MB) SWAP 1375/16384MB (cached 128MB) CPU [9%@729,3%@729,4%@729,5%@729,9%@1344,27%@1344] GR3D_FREQ 0% cpu@60.031C soc2@59C soc0@60.125C gpu@59.937C tj@60.125C soc1@59.156C VDD_IN 11924mW/15135mW VDD_CPU_GPU_CV 4383mW/6500mW VDD_SOC 3288mW/3795mW
