
slorado base-caller version 0.5.0-beta
model path:         models/dna_r10.4.1_e8.2_400bps_fast@v5.0.0
input path:         test/PGXXXX230339/reads_1k.blow5
output path:        /dev/null
device:             cuda:all
chunk size:         12288
read batch size:    4096
gpu batch size:     128
no. threads:        8
overlap:            150
overlap decode:     yes
fixed-c batch:      no (narrow partials)
flush threshold:    64
speculative decode: yes
spec repair thr:    10.00
spec margin thr:    2.00
spec overlap repair:no
spec agreement:     no

[parse_qscore_params::INFO][1;34m mean_qscore_start_pos not found in config toml, setting default to 60[0m
[basecaller_main::0.241*4.76] 1000 Entries (49.5M bytes) loaded
[basecaller_main::9.769*0.44] 1000 Entries (49.5M bytes) processed

[basecaller_main] total entries: 1000
[basecaller_main] total bytes: 49.5 M
[basecaller_main] model initialization: 0.194 sec
[basecaller_main] data loading: 0.045 sec
[basecaller_main] data processing: 9.528 sec
[basecaller_main]     - parse: 0.429 sec
[basecaller_main]     - preprocess: 0.015 sec
[basecaller_main]     - runners: 9.058 sec
[basecaller_main]          - synchronisation: 0.000 sec
[basecaller_main]          - model runner [0]: 9.057 sec
[basecaller_main]             - accept: 0.238 sec
[basecaller_main]             - basecall: 8.818 sec
[basecaller_main]                 - inference: 1.800 sec
[basecaller_main]                     - conv_stack: 0.357 sec
[basecaller_main]                         - input [N,C,T]: [64, 1, 12288]
[basecaller_main]                         - conv[0]: 0.233 sec
[basecaller_main]                             in  [N,C,T]: [64, 1, 12288]
[basecaller_main]                             out [N,C,T]: [64, 16, 12288]
[basecaller_main]                             op: 0.199 sec  act: 0.034 sec
[basecaller_main]                         - conv[1]: 0.076 sec
[basecaller_main]                             in  [N,C,T]: [64, 16, 12288]
[basecaller_main]                             out [N,C,T]: [64, 16, 12288]
[basecaller_main]                             op: 0.069 sec  act: 0.007 sec
[basecaller_main]                         - conv[2]: 0.047 sec
[basecaller_main]                             in  [N,C,T]: [64, 16, 12288]
[basecaller_main]                             out [N,C,T]: [64, 96, 2048]
[basecaller_main]                             op: 0.041 sec  act: 0.006 sec
[basecaller_main]                         - transpose: 0.001 sec
[basecaller_main]                             in  [N,C,T]: [64, 96, 2048]
[basecaller_main]                             out [N,T,C]: [64, 2048, 96]
[basecaller_main]                     - rnns: 0.945 sec
[basecaller_main]                         - rnn[0] (reverse): 0.576 sec
[basecaller_main]                             in  [N,T,C]: [64, 2048, 96]
[basecaller_main]                             out [N,T,C]: [64, 2048, 96]
[basecaller_main]                             flip: 0.026 sec  lstm: 0.549 sec
[basecaller_main]                         - rnn[1] (forward): 0.094 sec
[basecaller_main]                             in  [N,T,C]: [64, 2048, 96]
[basecaller_main]                             out [N,T,C]: [64, 2048, 96]
[basecaller_main]                             flip: 0.007 sec  lstm: 0.086 sec
[basecaller_main]                         - rnn[2] (reverse): 0.091 sec
[basecaller_main]                             in  [N,T,C]: [64, 2048, 96]
[basecaller_main]                             out [N,T,C]: [64, 2048, 96]
[basecaller_main]                             flip: 0.007 sec  lstm: 0.084 sec
[basecaller_main]                         - rnn[3] (forward): 0.089 sec
[basecaller_main]                             in  [N,T,C]: [64, 2048, 96]
[basecaller_main]                             out [N,T,C]: [64, 2048, 96]
[basecaller_main]                             flip: 0.006 sec  lstm: 0.083 sec
[basecaller_main]                         - rnn[4] (reverse): 0.089 sec
[basecaller_main]                             in  [N,T,C]: [64, 2048, 96]
[basecaller_main]                             out [N,T,C]: [64, 2048, 96]
[basecaller_main]                             flip: 0.006 sec  lstm: 0.083 sec
[basecaller_main]                         - rnn_out_flip: 0.007 sec
[basecaller_main]                             out [N,T,C]: [64, 2048, 96]
[basecaller_main]                     - crf_1: 0.030 sec
[basecaller_main]                         in  [N,T,C]: [64, 2048, 96]
[basecaller_main]                         out [N,T,C]: [64, 2048, 256]
[basecaller_main]                     - crf_2: 0.000 sec
[basecaller_main]                     - clamp: 0.004 sec
[basecaller_main]                 - decode: 8.308 sec
[basecaller_main]                     - scores [N,T,C]: [13, 2048, 256]
[basecaller_main]                     - bwd_scan: 0.506 sec
[basecaller_main]                     - beam_search: 2.939 sec
[basecaller_main]                     - draft (greedy): 0.370 sec
[basecaller_main]                     - fwd_post_scan: 1.741 sec
[basecaller_main]                     - qual_data: 0.773 sec
[basecaller_main]                     - gen_sequence: 0.685 sec
[basecaller_main]                     - d2h_copy: 0.006 sec
[basecaller_main]             - modcall: 0.000 sec
[basecaller_main] load-imbalance: 80 GPU batches (80 tail), 5100 real chunks, 5140 padded slots -> 50.2% of 10240 launched GPU slots wasted on padding
[basecaller_main] speculative: drafted 5100, repaired 1220 (alpha=0.761 accept), draft 0.104s repair 5.342s
[basecaller_main]     - postprocess: 0.026 sec
[basecaller_main]     - mod_preprocess: 0.000 sec
[basecaller_main]     - mod_postprocess: 0.000 sec
[basecaller_main] data output: 0.005 sec
[basecaller_main] data free: 0.010 sec
[main] Version: 0.5.0-beta
[main] CMD: ./slorado basecaller -C 128 -c 12288 -K 4096 -p 150 --overlap-decode=yes --fixed-c-batch=no --flush-threshold=64 -o /dev/null --speculative-decode=yes --spec-repair-threshold=10 --spec-margin-threshold=2 models/dna_r10.4.1_e8.2_400bps_fast@v5.0.0 test/PGXXXX230339/reads_1k.blow5
[main] Real time: 9.794 sec; CPU time: 4.341 sec; Peak RAM: 2.737 GB

