
slorado base-caller version 0.5.0-beta
model path:         models/dna_r10.4.1_e8.2_400bps_fast@v5.0.0
input path:         test/PGXXXX230339/reads_1k.blow5
output path:        /dev/null
device:             cuda:all
chunk size:         12288
read batch size:    4096
gpu batch size:     128
no. threads:        8
overlap:            150
overlap decode:     yes
fixed-c batch:      no (narrow partials)
flush threshold:    64
speculative decode: yes
spec repair thr:    10.00
spec margin thr:    3.00
spec overlap repair:yes
spec agreement:     no

[parse_qscore_params::INFO][1;34m mean_qscore_start_pos not found in config toml, setting default to 60[0m
[basecaller_main::0.240*4.77] 1000 Entries (49.5M bytes) loaded
[basecaller_main::10.504*0.41] 1000 Entries (49.5M bytes) processed

[basecaller_main] total entries: 1000
[basecaller_main] total bytes: 49.5 M
[basecaller_main] model initialization: 0.193 sec
[basecaller_main] data loading: 0.045 sec
[basecaller_main] data processing: 10.264 sec
[basecaller_main]     - parse: 0.351 sec
[basecaller_main]     - preprocess: 0.014 sec
[basecaller_main]     - runners: 9.875 sec
[basecaller_main]          - synchronisation: 0.000 sec
[basecaller_main]          - model runner [0]: 9.874 sec
[basecaller_main]             - accept: 0.236 sec
[basecaller_main]             - basecall: 9.638 sec
[basecaller_main]                 - inference: 6.477 sec
[basecaller_main]                     - conv_stack: 0.364 sec
[basecaller_main]                         - input [N,C,T]: [64, 1, 12288]
[basecaller_main]                         - conv[0]: 0.240 sec
[basecaller_main]                             in  [N,C,T]: [64, 1, 12288]
[basecaller_main]                             out [N,C,T]: [64, 16, 12288]
[basecaller_main]                             op: 0.202 sec  act: 0.038 sec
[basecaller_main]                         - conv[1]: 0.077 sec
[basecaller_main]                             in  [N,C,T]: [64, 16, 12288]
[basecaller_main]                             out [N,C,T]: [64, 16, 12288]
[basecaller_main]                             op: 0.070 sec  act: 0.007 sec
[basecaller_main]                         - conv[2]: 0.046 sec
[basecaller_main]                             in  [N,C,T]: [64, 16, 12288]
[basecaller_main]                             out [N,C,T]: [64, 96, 2048]
[basecaller_main]                             op: 0.040 sec  act: 0.006 sec
[basecaller_main]                         - transpose: 0.001 sec
[basecaller_main]                             in  [N,C,T]: [64, 96, 2048]
[basecaller_main]                             out [N,T,C]: [64, 2048, 96]
[basecaller_main]                     - rnns: 0.943 sec
[basecaller_main]                         - rnn[0] (reverse): 0.582 sec
[basecaller_main]                             in  [N,T,C]: [64, 2048, 96]
[basecaller_main]                             out [N,T,C]: [64, 2048, 96]
[basecaller_main]                             flip: 0.027 sec  lstm: 0.555 sec
[basecaller_main]                         - rnn[1] (forward): 0.091 sec
[basecaller_main]                             in  [N,T,C]: [64, 2048, 96]
[basecaller_main]                             out [N,T,C]: [64, 2048, 96]
[basecaller_main]                             flip: 0.007 sec  lstm: 0.084 sec
[basecaller_main]                         - rnn[2] (reverse): 0.088 sec
[basecaller_main]                             in  [N,T,C]: [64, 2048, 96]
[basecaller_main]                             out [N,T,C]: [64, 2048, 96]
[basecaller_main]                             flip: 0.006 sec  lstm: 0.082 sec
[basecaller_main]                         - rnn[3] (forward): 0.088 sec
[basecaller_main]                             in  [N,T,C]: [64, 2048, 96]
[basecaller_main]                             out [N,T,C]: [64, 2048, 96]
[basecaller_main]                             flip: 0.006 sec  lstm: 0.081 sec
[basecaller_main]                         - rnn[4] (reverse): 0.088 sec
[basecaller_main]                             in  [N,T,C]: [64, 2048, 96]
[basecaller_main]                             out [N,T,C]: [64, 2048, 96]
[basecaller_main]                             flip: 0.006 sec  lstm: 0.081 sec
[basecaller_main]                         - rnn_out_flip: 0.007 sec
[basecaller_main]                             out [N,T,C]: [64, 2048, 96]
[basecaller_main]                     - crf_1: 0.031 sec
[basecaller_main]                         in  [N,T,C]: [64, 2048, 96]
[basecaller_main]                         out [N,T,C]: [64, 2048, 256]
[basecaller_main]                     - crf_2: 0.000 sec
[basecaller_main]                     - clamp: 0.004 sec
[basecaller_main]                 - decode: 9.116 sec
[basecaller_main]                     - scores [N,T,C]: [35, 2048, 256]
[basecaller_main]                     - bwd_scan: 0.533 sec
[basecaller_main]                     - beam_search: 3.196 sec
[basecaller_main]                     - draft (greedy): 0.390 sec
[basecaller_main]                     - fwd_post_scan: 1.797 sec
[basecaller_main]                     - qual_data: 0.916 sec
[basecaller_main]                     - gen_sequence: 0.558 sec
[basecaller_main]                     - d2h_copy: 0.006 sec
[basecaller_main]             - modcall: 0.000 sec
[basecaller_main] load-imbalance: 80 GPU batches (80 tail), 5100 real chunks, 5140 padded slots -> 50.2% of 10240 launched GPU slots wasted on padding
[basecaller_main] speculative: drafted 5100, repaired 4627 (alpha=0.093 accept), draft 0.095s repair 0.519s
[basecaller_main]     - postprocess: 0.025 sec
[basecaller_main]     - mod_preprocess: 0.000 sec
[basecaller_main]     - mod_postprocess: 0.000 sec
[basecaller_main] data output: 0.006 sec
[basecaller_main] data free: 0.010 sec
[main] Version: 0.5.0-beta
[main] CMD: ./slorado basecaller -C 128 -c 12288 -K 4096 -p 150 --overlap-decode=yes --fixed-c-batch=no --flush-threshold=64 -o /dev/null --speculative-decode=yes --spec-repair-threshold=10 --spec-margin-threshold=3 --spec-overlap-repair=yes models/dna_r10.4.1_e8.2_400bps_fast@v5.0.0 test/PGXXXX230339/reads_1k.blow5
[main] Real time: 10.530 sec; CPU time: 4.282 sec; Peak RAM: 2.683 GB

