
slorado base-caller version 0.5.0-beta
model path:         models/dna_r10.4.1_e8.2_400bps_fast@v5.0.0
input path:         test/PGXXXX230339/reads_1k.blow5
output path:        docs-riley/spec-decode-sweep/20260802T110631Z/fastq/output_fast_1k_q10_m2_brave.fastq
device:             cuda:all
chunk size:         12288
read batch size:    4096
gpu batch size:     128
no. threads:        8
overlap:            150
overlap decode:     yes
fixed-c batch:      no (narrow partials)
flush threshold:    64
speculative decode: yes
spec repair thr:    10.00
spec margin thr:    2.00
spec overlap repair:yes
spec agreement:     no

[parse_qscore_params::INFO][1;34m mean_qscore_start_pos not found in config toml, setting default to 60[0m
[basecaller_main::0.240*4.76] 1000 Entries (49.5M bytes) loaded
[basecaller_main::9.013*0.48] 1000 Entries (49.5M bytes) processed

[basecaller_main] total entries: 1000
[basecaller_main] total bytes: 49.5 M
[basecaller_main] model initialization: 0.193 sec
[basecaller_main] data loading: 0.045 sec
[basecaller_main] data processing: 8.773 sec
[basecaller_main]     - parse: 0.358 sec
[basecaller_main]     - preprocess: 0.014 sec
[basecaller_main]     - runners: 8.374 sec
[basecaller_main]          - synchronisation: 0.000 sec
[basecaller_main]          - model runner [0]: 8.373 sec
[basecaller_main]             - accept: 0.239 sec
[basecaller_main]             - basecall: 8.133 sec
[basecaller_main]                 - inference: 2.046 sec
[basecaller_main]                     - conv_stack: 0.356 sec
[basecaller_main]                         - input [N,C,T]: [64, 1, 12288]
[basecaller_main]                         - conv[0]: 0.233 sec
[basecaller_main]                             in  [N,C,T]: [64, 1, 12288]
[basecaller_main]                             out [N,C,T]: [64, 16, 12288]
[basecaller_main]                             op: 0.197 sec  act: 0.035 sec
[basecaller_main]                         - conv[1]: 0.076 sec
[basecaller_main]                             in  [N,C,T]: [64, 16, 12288]
[basecaller_main]                             out [N,C,T]: [64, 16, 12288]
[basecaller_main]                             op: 0.070 sec  act: 0.007 sec
[basecaller_main]                         - conv[2]: 0.046 sec
[basecaller_main]                             in  [N,C,T]: [64, 16, 12288]
[basecaller_main]                             out [N,C,T]: [64, 96, 2048]
[basecaller_main]                             op: 0.040 sec  act: 0.006 sec
[basecaller_main]                         - transpose: 0.001 sec
[basecaller_main]                             in  [N,C,T]: [64, 96, 2048]
[basecaller_main]                             out [N,T,C]: [64, 2048, 96]
[basecaller_main]                     - rnns: 0.947 sec
[basecaller_main]                         - rnn[0] (reverse): 0.577 sec
[basecaller_main]                             in  [N,T,C]: [64, 2048, 96]
[basecaller_main]                             out [N,T,C]: [64, 2048, 96]
[basecaller_main]                             flip: 0.027 sec  lstm: 0.551 sec
[basecaller_main]                         - rnn[1] (forward): 0.093 sec
[basecaller_main]                             in  [N,T,C]: [64, 2048, 96]
[basecaller_main]                             out [N,T,C]: [64, 2048, 96]
[basecaller_main]                             flip: 0.007 sec  lstm: 0.086 sec
[basecaller_main]                         - rnn[2] (reverse): 0.091 sec
[basecaller_main]                             in  [N,T,C]: [64, 2048, 96]
[basecaller_main]                             out [N,T,C]: [64, 2048, 96]
[basecaller_main]                             flip: 0.007 sec  lstm: 0.084 sec
[basecaller_main]                         - rnn[3] (forward): 0.090 sec
[basecaller_main]                             in  [N,T,C]: [64, 2048, 96]
[basecaller_main]                             out [N,T,C]: [64, 2048, 96]
[basecaller_main]                             flip: 0.006 sec  lstm: 0.084 sec
[basecaller_main]                         - rnn[4] (reverse): 0.089 sec
[basecaller_main]                             in  [N,T,C]: [64, 2048, 96]
[basecaller_main]                             out [N,T,C]: [64, 2048, 96]
[basecaller_main]                             flip: 0.006 sec  lstm: 0.083 sec
[basecaller_main]                         - rnn_out_flip: 0.007 sec
[basecaller_main]                             out [N,T,C]: [64, 2048, 96]
[basecaller_main]                     - crf_1: 0.031 sec
[basecaller_main]                         in  [N,T,C]: [64, 2048, 96]
[basecaller_main]                         out [N,T,C]: [64, 2048, 256]
[basecaller_main]                     - crf_2: 0.000 sec
[basecaller_main]                     - clamp: 0.004 sec
[basecaller_main]                 - decode: 7.616 sec
[basecaller_main]                     - scores [N,T,C]: [23, 2048, 256]
[basecaller_main]                     - bwd_scan: 0.480 sec
[basecaller_main]                     - beam_search: 3.184 sec
[basecaller_main]                     - draft (greedy): 0.281 sec
[basecaller_main]                     - fwd_post_scan: 1.564 sec
[basecaller_main]                     - qual_data: 0.804 sec
[basecaller_main]                     - gen_sequence: 0.578 sec
[basecaller_main]                     - d2h_copy: 0.005 sec
[basecaller_main]             - modcall: 0.000 sec
[basecaller_main] load-imbalance: 80 GPU batches (80 tail), 5100 real chunks, 5140 padded slots -> 50.2% of 10240 launched GPU slots wasted on padding
[basecaller_main] speculative: drafted 5100, repaired 1230 (alpha=0.759 accept), draft 0.096s repair 3.906s
[basecaller_main]     - postprocess: 0.027 sec
[basecaller_main]     - mod_preprocess: 0.000 sec
[basecaller_main]     - mod_postprocess: 0.000 sec
[basecaller_main] data output: 0.023 sec
[basecaller_main] data free: 0.010 sec
[main] Version: 0.5.0-beta
[main] CMD: ./slorado basecaller -C 128 -c 12288 -K 4096 -p 150 --overlap-decode=yes --fixed-c-batch=no --flush-threshold=64 -o docs-riley/spec-decode-sweep/20260802T110631Z/fastq/output_fast_1k_q10_m2_brave.fastq --speculative-decode=yes --spec-repair-threshold=10 --spec-margin-threshold=2 --spec-overlap-repair=yes models/dna_r10.4.1_e8.2_400bps_fast@v5.0.0 test/PGXXXX230339/reads_1k.blow5
[main] Real time: 9.056 sec; CPU time: 4.324 sec; Peak RAM: 2.732 GB

