
slorado base-caller version 0.5.0-beta
model path:         models/dna_r10.4.1_e8.2_400bps_fast@v5.0.0
input path:         test/PGXXXX230339/reads_20k.blow5
output path:        docs-riley/spec-decode-sweep/20260802T110631Z/fastq/output_fast_20k_q10_m2_brave.fastq
device:             cuda:all
chunk size:         12288
read batch size:    4096
gpu batch size:     128
no. threads:        8
overlap:            150
overlap decode:     yes
fixed-c batch:      no (narrow partials)
flush threshold:    64
speculative decode: yes
spec repair thr:    10.00
spec margin thr:    2.00
spec overlap repair:yes
spec agreement:     no

[parse_qscore_params::INFO][1;34m mean_qscore_start_pos not found in config toml, setting default to 60[0m
[basecaller_main::0.390*3.15] 4096 Entries (201.7M bytes) loaded
[basecaller_main::33.298*0.35] 4096 Entries (201.7M bytes) processed
[basecaller_main::33.448*0.36] 4096 Entries (212.8M bytes) loaded
[basecaller_main::66.596*0.32] 4096 Entries (212.8M bytes) processed
[basecaller_main::66.736*0.32] 4096 Entries (198.2M bytes) loaded
[basecaller_main::97.900*0.30] 4096 Entries (198.2M bytes) processed
[basecaller_main::98.046*0.30] 4096 Entries (203.8M bytes) loaded
[basecaller_main::129.517*0.29] 4096 Entries (203.8M bytes) processed
[basecaller_main::129.853*0.30] 3616 Entries (181.5M bytes) loaded
[basecaller_main::158.369*0.29] 3616 Entries (181.5M bytes) processed

[basecaller_main] total entries: 20000
[basecaller_main] total bytes: 998.1 M
[basecaller_main] model initialization: 0.202 sec
[basecaller_main] data loading: 0.615 sec
[basecaller_main] data processing: 157.208 sec
[basecaller_main]     - parse: 4.003 sec
[basecaller_main]     - preprocess: 0.382 sec
[basecaller_main]     - runners: 152.537 sec
[basecaller_main]          - synchronisation: 0.000 sec
[basecaller_main]          - model runner [0]: 152.513 sec
[basecaller_main]             - accept: 4.917 sec
[basecaller_main]             - basecall: 147.596 sec
[basecaller_main]                 - inference: 55.032 sec
[basecaller_main]                     - conv_stack: 2.577 sec
[basecaller_main]                         - input [N,C,T]: [64, 1, 12288]
[basecaller_main]                         - conv[0]: 1.049 sec
[basecaller_main]                             in  [N,C,T]: [64, 1, 12288]
[basecaller_main]                             out [N,C,T]: [64, 16, 12288]
[basecaller_main]                             op: 0.860 sec  act: 0.189 sec
[basecaller_main]                         - conv[1]: 0.800 sec
[basecaller_main]                             in  [N,C,T]: [64, 16, 12288]
[basecaller_main]                             out [N,C,T]: [64, 16, 12288]
[basecaller_main]                             op: 0.664 sec  act: 0.136 sec
[basecaller_main]                         - conv[2]: 0.713 sec
[basecaller_main]                             in  [N,C,T]: [64, 16, 12288]
[basecaller_main]                             out [N,C,T]: [64, 96, 2048]
[basecaller_main]                             op: 0.581 sec  act: 0.132 sec
[basecaller_main]                         - transpose: 0.015 sec
[basecaller_main]                             in  [N,C,T]: [64, 96, 2048]
[basecaller_main]                             out [N,T,C]: [64, 2048, 96]
[basecaller_main]                     - rnns: 10.300 sec
[basecaller_main]                         - rnn[0] (reverse): 2.840 sec
[basecaller_main]                             in  [N,T,C]: [64, 2048, 96]
[basecaller_main]                             out [N,T,C]: [64, 2048, 96]
[basecaller_main]                             flip: 0.136 sec  lstm: 2.704 sec
[basecaller_main]                         - rnn[1] (forward): 1.871 sec
[basecaller_main]                             in  [N,T,C]: [64, 2048, 96]
[basecaller_main]                             out [N,T,C]: [64, 2048, 96]
[basecaller_main]                             flip: 0.139 sec  lstm: 1.732 sec
[basecaller_main]                         - rnn[2] (reverse): 1.824 sec
[basecaller_main]                             in  [N,T,C]: [64, 2048, 96]
[basecaller_main]                             out [N,T,C]: [64, 2048, 96]
[basecaller_main]                             flip: 0.129 sec  lstm: 1.695 sec
[basecaller_main]                         - rnn[3] (forward): 1.815 sec
[basecaller_main]                             in  [N,T,C]: [64, 2048, 96]
[basecaller_main]                             out [N,T,C]: [64, 2048, 96]
[basecaller_main]                             flip: 0.127 sec  lstm: 1.688 sec
[basecaller_main]                         - rnn[4] (reverse): 1.814 sec
[basecaller_main]                             in  [N,T,C]: [64, 2048, 96]
[basecaller_main]                             out [N,T,C]: [64, 2048, 96]
[basecaller_main]                             flip: 0.126 sec  lstm: 1.688 sec
[basecaller_main]                         - rnn_out_flip: 0.136 sec
[basecaller_main]                             out [N,T,C]: [64, 2048, 96]
[basecaller_main]                     - crf_1: 0.444 sec
[basecaller_main]                         in  [N,T,C]: [64, 2048, 96]
[basecaller_main]                         out [N,T,C]: [64, 2048, 256]
[basecaller_main]                     - crf_2: 0.000 sec
[basecaller_main]                     - clamp: 0.083 sec
[basecaller_main]                 - decode: 147.033 sec
[basecaller_main]                     - scores [N,T,C]: [3, 2048, 256]
[basecaller_main]                     - bwd_scan: 9.726 sec
[basecaller_main]                     - beam_search: 62.014 sec
[basecaller_main]                     - draft (greedy): 6.552 sec
[basecaller_main]                     - fwd_post_scan: 32.068 sec
[basecaller_main]                     - qual_data: 16.721 sec
[basecaller_main]                     - gen_sequence: 11.311 sec
[basecaller_main]                     - d2h_copy: 0.101 sec
[basecaller_main]             - modcall: 0.000 sec
[basecaller_main] load-imbalance: 1598 GPU batches (1598 tail), 102089 real chunks, 102455 padded slots -> 50.1% of 204544 launched GPU slots wasted on padding
[basecaller_main] speculative: drafted 102089, repaired 27538 (alpha=0.730 accept), draft 0.482s repair 48.296s
[basecaller_main]     - postprocess: 0.285 sec
[basecaller_main]     - mod_preprocess: 0.000 sec
[basecaller_main]     - mod_postprocess: 0.000 sec
[basecaller_main] data output: 0.411 sec
[basecaller_main] data free: 0.073 sec
[main] Version: 0.5.0-beta
[main] CMD: ./slorado basecaller -C 128 -c 12288 -K 4096 -p 150 --overlap-decode=yes --fixed-c-batch=no --flush-threshold=64 -o docs-riley/spec-decode-sweep/20260802T110631Z/fastq/output_fast_20k_q10_m2_brave.fastq --speculative-decode=yes --spec-repair-threshold=10 --spec-margin-threshold=2 --spec-overlap-repair=yes models/dna_r10.4.1_e8.2_400bps_fast@v5.0.0 test/PGXXXX230339/reads_20k.blow5
[main] Real time: 158.519 sec; CPU time: 46.136 sec; Peak RAM: 4.899 GB

