
slorado base-caller version 0.5.0-beta
model path:         models/dna_r10.4.1_e8.2_400bps_fast@v5.0.0
input path:         test/PGXXXX230339/reads_20k.blow5
output path:        docs-riley/spec-decode-sweep/20260802T110631Z/fastq/output_fast_20k_q8_m2.fastq
device:             cuda:all
chunk size:         12288
read batch size:    4096
gpu batch size:     128
no. threads:        8
overlap:            150
overlap decode:     yes
fixed-c batch:      no (narrow partials)
flush threshold:    64
speculative decode: yes
spec repair thr:    8.00
spec margin thr:    2.00
spec overlap repair:no
spec agreement:     no

[parse_qscore_params::INFO][1;34m mean_qscore_start_pos not found in config toml, setting default to 60[0m
[basecaller_main::0.409*3.14] 4096 Entries (201.7M bytes) loaded
[basecaller_main::35.722*0.32] 4096 Entries (201.7M bytes) processed
[basecaller_main::35.869*0.33] 4096 Entries (212.8M bytes) loaded
[basecaller_main::70.847*0.29] 4096 Entries (212.8M bytes) processed
[basecaller_main::70.988*0.29] 4096 Entries (198.2M bytes) loaded
[basecaller_main::104.169*0.28] 4096 Entries (198.2M bytes) processed
[basecaller_main::104.313*0.28] 4096 Entries (203.8M bytes) loaded
[basecaller_main::138.141*0.27] 4096 Entries (203.8M bytes) processed
[basecaller_main::138.291*0.27] 3616 Entries (181.5M bytes) loaded
[basecaller_main::168.459*0.27] 3616 Entries (181.5M bytes) processed

[basecaller_main] total entries: 20000
[basecaller_main] total bytes: 998.1 M
[basecaller_main] model initialization: 0.201 sec
[basecaller_main] data loading: 0.453 sec
[basecaller_main] data processing: 167.468 sec
[basecaller_main]     - parse: 3.973 sec
[basecaller_main]     - preprocess: 0.369 sec
[basecaller_main]     - runners: 162.853 sec
[basecaller_main]          - synchronisation: 0.000 sec
[basecaller_main]          - model runner [0]: 162.836 sec
[basecaller_main]             - accept: 4.629 sec
[basecaller_main]             - basecall: 158.206 sec
[basecaller_main]                 - inference: 24.460 sec
[basecaller_main]                     - conv_stack: 2.572 sec
[basecaller_main]                         - input [N,C,T]: [64, 1, 12288]
[basecaller_main]                         - conv[0]: 1.060 sec
[basecaller_main]                             in  [N,C,T]: [64, 1, 12288]
[basecaller_main]                             out [N,C,T]: [64, 16, 12288]
[basecaller_main]                             op: 0.874 sec  act: 0.187 sec
[basecaller_main]                         - conv[1]: 0.795 sec
[basecaller_main]                             in  [N,C,T]: [64, 16, 12288]
[basecaller_main]                             out [N,C,T]: [64, 16, 12288]
[basecaller_main]                             op: 0.664 sec  act: 0.131 sec
[basecaller_main]                         - conv[2]: 0.703 sec
[basecaller_main]                             in  [N,C,T]: [64, 16, 12288]
[basecaller_main]                             out [N,C,T]: [64, 96, 2048]
[basecaller_main]                             op: 0.577 sec  act: 0.125 sec
[basecaller_main]                         - transpose: 0.014 sec
[basecaller_main]                             in  [N,C,T]: [64, 96, 2048]
[basecaller_main]                             out [N,T,C]: [64, 2048, 96]
[basecaller_main]                     - rnns: 10.132 sec
[basecaller_main]                         - rnn[0] (reverse): 2.790 sec
[basecaller_main]                             in  [N,T,C]: [64, 2048, 96]
[basecaller_main]                             out [N,T,C]: [64, 2048, 96]
[basecaller_main]                             flip: 0.135 sec  lstm: 2.656 sec
[basecaller_main]                         - rnn[1] (forward): 1.854 sec
[basecaller_main]                             in  [N,T,C]: [64, 2048, 96]
[basecaller_main]                             out [N,T,C]: [64, 2048, 96]
[basecaller_main]                             flip: 0.137 sec  lstm: 1.717 sec
[basecaller_main]                         - rnn[2] (reverse): 1.800 sec
[basecaller_main]                             in  [N,T,C]: [64, 2048, 96]
[basecaller_main]                             out [N,T,C]: [64, 2048, 96]
[basecaller_main]                             flip: 0.127 sec  lstm: 1.673 sec
[basecaller_main]                         - rnn[3] (forward): 1.781 sec
[basecaller_main]                             in  [N,T,C]: [64, 2048, 96]
[basecaller_main]                             out [N,T,C]: [64, 2048, 96]
[basecaller_main]                             flip: 0.124 sec  lstm: 1.657 sec
[basecaller_main]                         - rnn[4] (reverse): 1.775 sec
[basecaller_main]                             in  [N,T,C]: [64, 2048, 96]
[basecaller_main]                             out [N,T,C]: [64, 2048, 96]
[basecaller_main]                             flip: 0.123 sec  lstm: 1.652 sec
[basecaller_main]                         - rnn_out_flip: 0.131 sec
[basecaller_main]                             out [N,T,C]: [64, 2048, 96]
[basecaller_main]                     - crf_1: 0.442 sec
[basecaller_main]                         in  [N,T,C]: [64, 2048, 96]
[basecaller_main]                         out [N,T,C]: [64, 2048, 256]
[basecaller_main]                     - crf_2: 0.000 sec
[basecaller_main]                     - clamp: 0.084 sec
[basecaller_main]                 - decode: 157.629 sec
[basecaller_main]                     - scores [N,T,C]: [2, 2048, 256]
[basecaller_main]                     - bwd_scan: 9.101 sec
[basecaller_main]                     - beam_search: 60.043 sec
[basecaller_main]                     - draft (greedy): 7.006 sec
[basecaller_main]                     - fwd_post_scan: 33.354 sec
[basecaller_main]                     - qual_data: 15.615 sec
[basecaller_main]                     - gen_sequence: 13.764 sec
[basecaller_main]                     - d2h_copy: 0.131 sec
[basecaller_main]             - modcall: 0.000 sec
[basecaller_main] load-imbalance: 1598 GPU batches (1598 tail), 102089 real chunks, 102455 padded slots -> 50.1% of 204544 launched GPU slots wasted on padding
[basecaller_main] speculative: drafted 102089, repaired 26447 (alpha=0.741 accept), draft 0.476s repair 102.497s
[basecaller_main]     - postprocess: 0.274 sec
[basecaller_main]     - mod_preprocess: 0.000 sec
[basecaller_main]     - mod_postprocess: 0.000 sec
[basecaller_main] data output: 0.384 sec
[basecaller_main] data free: 0.076 sec
[main] Version: 0.5.0-beta
[main] CMD: ./slorado basecaller -C 128 -c 12288 -K 4096 -p 150 --overlap-decode=yes --fixed-c-batch=no --flush-threshold=64 -o docs-riley/spec-decode-sweep/20260802T110631Z/fastq/output_fast_20k_q8_m2.fastq --speculative-decode=yes --spec-repair-threshold=8 --spec-margin-threshold=2 models/dna_r10.4.1_e8.2_400bps_fast@v5.0.0 test/PGXXXX230339/reads_20k.blow5
[main] Real time: 168.593 sec; CPU time: 45.532 sec; Peak RAM: 4.762 GB

