
slorado base-caller version 0.5.0-beta
model path:         models/dna_r10.4.1_e8.2_400bps_fast@v5.0.0
input path:         test/PGXXXX230339/reads_20k.blow5
output path:        docs-riley/spec-decode-sweep/20260802T110631Z/fastq/output_fast_20k_q12_m2.fastq
device:             cuda:all
chunk size:         12288
read batch size:    4096
gpu batch size:     128
no. threads:        8
overlap:            150
overlap decode:     yes
fixed-c batch:      no (narrow partials)
flush threshold:    64
speculative decode: yes
spec repair thr:    12.00
spec margin thr:    2.00
spec overlap repair:no
spec agreement:     no

[parse_qscore_params::INFO][1;34m mean_qscore_start_pos not found in config toml, setting default to 60[0m
[basecaller_main::0.382*3.30] 4096 Entries (201.7M bytes) loaded
[basecaller_main::35.975*0.33] 4096 Entries (201.7M bytes) processed
[basecaller_main::36.129*0.33] 4096 Entries (212.8M bytes) loaded
[basecaller_main::71.293*0.29] 4096 Entries (212.8M bytes) processed
[basecaller_main::71.432*0.29] 4096 Entries (198.2M bytes) loaded
[basecaller_main::104.859*0.28] 4096 Entries (198.2M bytes) processed
[basecaller_main::105.005*0.28] 4096 Entries (203.8M bytes) loaded
[basecaller_main::139.103*0.27] 4096 Entries (203.8M bytes) processed
[basecaller_main::139.288*0.27] 3616 Entries (181.5M bytes) loaded
[basecaller_main::169.793*0.27] 3616 Entries (181.5M bytes) processed

[basecaller_main] total entries: 20000
[basecaller_main] total bytes: 998.1 M
[basecaller_main] model initialization: 0.194 sec
[basecaller_main] data loading: 0.465 sec
[basecaller_main] data processing: 168.786 sec
[basecaller_main]     - parse: 4.106 sec
[basecaller_main]     - preprocess: 0.384 sec
[basecaller_main]     - runners: 164.031 sec
[basecaller_main]          - synchronisation: 0.000 sec
[basecaller_main]          - model runner [0]: 164.014 sec
[basecaller_main]             - accept: 4.531 sec
[basecaller_main]             - basecall: 159.483 sec
[basecaller_main]                 - inference: 25.644 sec
[basecaller_main]                     - conv_stack: 2.561 sec
[basecaller_main]                         - input [N,C,T]: [64, 1, 12288]
[basecaller_main]                         - conv[0]: 1.042 sec
[basecaller_main]                             in  [N,C,T]: [64, 1, 12288]
[basecaller_main]                             out [N,C,T]: [64, 16, 12288]
[basecaller_main]                             op: 0.861 sec  act: 0.181 sec
[basecaller_main]                         - conv[1]: 0.796 sec
[basecaller_main]                             in  [N,C,T]: [64, 16, 12288]
[basecaller_main]                             out [N,C,T]: [64, 16, 12288]
[basecaller_main]                             op: 0.666 sec  act: 0.130 sec
[basecaller_main]                         - conv[2]: 0.708 sec
[basecaller_main]                             in  [N,C,T]: [64, 16, 12288]
[basecaller_main]                             out [N,C,T]: [64, 96, 2048]
[basecaller_main]                             op: 0.583 sec  act: 0.125 sec
[basecaller_main]                         - transpose: 0.014 sec
[basecaller_main]                             in  [N,C,T]: [64, 96, 2048]
[basecaller_main]                             out [N,T,C]: [64, 2048, 96]
[basecaller_main]                     - rnns: 10.272 sec
[basecaller_main]                         - rnn[0] (reverse): 2.844 sec
[basecaller_main]                             in  [N,T,C]: [64, 2048, 96]
[basecaller_main]                             out [N,T,C]: [64, 2048, 96]
[basecaller_main]                             flip: 0.135 sec  lstm: 2.709 sec
[basecaller_main]                         - rnn[1] (forward): 1.870 sec
[basecaller_main]                             in  [N,T,C]: [64, 2048, 96]
[basecaller_main]                             out [N,T,C]: [64, 2048, 96]
[basecaller_main]                             flip: 0.138 sec  lstm: 1.732 sec
[basecaller_main]                         - rnn[2] (reverse): 1.821 sec
[basecaller_main]                             in  [N,T,C]: [64, 2048, 96]
[basecaller_main]                             out [N,T,C]: [64, 2048, 96]
[basecaller_main]                             flip: 0.128 sec  lstm: 1.693 sec
[basecaller_main]                         - rnn[3] (forward): 1.804 sec
[basecaller_main]                             in  [N,T,C]: [64, 2048, 96]
[basecaller_main]                             out [N,T,C]: [64, 2048, 96]
[basecaller_main]                             flip: 0.125 sec  lstm: 1.678 sec
[basecaller_main]                         - rnn[4] (reverse): 1.799 sec
[basecaller_main]                             in  [N,T,C]: [64, 2048, 96]
[basecaller_main]                             out [N,T,C]: [64, 2048, 96]
[basecaller_main]                             flip: 0.124 sec  lstm: 1.675 sec
[basecaller_main]                         - rnn_out_flip: 0.133 sec
[basecaller_main]                             out [N,T,C]: [64, 2048, 96]
[basecaller_main]                     - crf_1: 0.444 sec
[basecaller_main]                         in  [N,T,C]: [64, 2048, 96]
[basecaller_main]                         out [N,T,C]: [64, 2048, 256]
[basecaller_main]                     - crf_2: 0.000 sec
[basecaller_main]                     - clamp: 0.085 sec
[basecaller_main]                 - decode: 158.915 sec
[basecaller_main]                     - scores [N,T,C]: [5, 2048, 256]
[basecaller_main]                     - bwd_scan: 9.339 sec
[basecaller_main]                     - beam_search: 59.793 sec
[basecaller_main]                     - draft (greedy): 7.290 sec
[basecaller_main]                     - fwd_post_scan: 33.675 sec
[basecaller_main]                     - qual_data: 15.381 sec
[basecaller_main]                     - gen_sequence: 13.740 sec
[basecaller_main]                     - d2h_copy: 0.125 sec
[basecaller_main]             - modcall: 0.000 sec
[basecaller_main] load-imbalance: 1598 GPU batches (1598 tail), 102089 real chunks, 102455 padded slots -> 50.1% of 204544 launched GPU slots wasted on padding
[basecaller_main] speculative: drafted 102089, repaired 28400 (alpha=0.722 accept), draft 0.475s repair 102.312s
[basecaller_main]     - postprocess: 0.265 sec
[basecaller_main]     - mod_preprocess: 0.000 sec
[basecaller_main]     - mod_postprocess: 0.000 sec
[basecaller_main] data output: 0.413 sec
[basecaller_main] data free: 0.071 sec
[main] Version: 0.5.0-beta
[main] CMD: ./slorado basecaller -C 128 -c 12288 -K 4096 -p 150 --overlap-decode=yes --fixed-c-batch=no --flush-threshold=64 -o docs-riley/spec-decode-sweep/20260802T110631Z/fastq/output_fast_20k_q12_m2.fastq --speculative-decode=yes --spec-repair-threshold=12 --spec-margin-threshold=2 models/dna_r10.4.1_e8.2_400bps_fast@v5.0.0 test/PGXXXX230339/reads_20k.blow5
[main] Real time: 169.941 sec; CPU time: 45.654 sec; Peak RAM: 4.890 GB

