
slorado base-caller version 0.5.0-beta
model path:         models/dna_r10.4.1_e8.2_400bps_fast@v5.0.0
input path:         test/PGXXXX230339/reads_20k.blow5
output path:        docs-riley/spec-decode-sweep/20260802T110631Z/fastq/output_fast_20k_baseline.fastq
device:             cuda:all
chunk size:         12288
read batch size:    4096
gpu batch size:     128
no. threads:        8
overlap:            150
overlap decode:     yes
fixed-c batch:      no (narrow partials)
flush threshold:    64
speculative decode: no

[parse_qscore_params::INFO][1;34m mean_qscore_start_pos not found in config toml, setting default to 60[0m
[basecaller_main::0.408*3.13] 4096 Entries (201.7M bytes) loaded
[basecaller_main::36.403*0.31] 4096 Entries (201.7M bytes) processed
[basecaller_main::36.567*0.31] 4096 Entries (212.8M bytes) loaded
[basecaller_main::72.526*0.28] 4096 Entries (212.8M bytes) processed
[basecaller_main::72.679*0.28] 4096 Entries (198.2M bytes) loaded
[basecaller_main::106.453*0.26] 4096 Entries (198.2M bytes) processed
[basecaller_main::106.630*0.27] 4096 Entries (203.8M bytes) loaded
[basecaller_main::141.214*0.26] 4096 Entries (203.8M bytes) processed
[basecaller_main::141.388*0.26] 3616 Entries (181.5M bytes) loaded
[basecaller_main::172.203*0.26] 3616 Entries (181.5M bytes) processed

[basecaller_main] total entries: 20000
[basecaller_main] total bytes: 998.1 M
[basecaller_main] model initialization: 0.215 sec
[basecaller_main] data loading: 0.510 sec
[basecaller_main] data processing: 171.126 sec
[basecaller_main]     - parse: 4.006 sec
[basecaller_main]     - preprocess: 0.352 sec
[basecaller_main]     - runners: 166.499 sec
[basecaller_main]          - synchronisation: 0.000 sec
[basecaller_main]          - model runner [0]: 166.481 sec
[basecaller_main]             - accept: 4.760 sec
[basecaller_main]             - basecall: 161.721 sec
[basecaller_main]                 - inference: 73.004 sec
[basecaller_main]                     - conv_stack: 2.616 sec
[basecaller_main]                         - input [N,C,T]: [64, 1, 12288]
[basecaller_main]                         - conv[0]: 1.117 sec
[basecaller_main]                             in  [N,C,T]: [64, 1, 12288]
[basecaller_main]                             out [N,C,T]: [64, 16, 12288]
[basecaller_main]                             op: 0.931 sec  act: 0.185 sec
[basecaller_main]                         - conv[1]: 0.790 sec
[basecaller_main]                             in  [N,C,T]: [64, 16, 12288]
[basecaller_main]                             out [N,C,T]: [64, 16, 12288]
[basecaller_main]                             op: 0.662 sec  act: 0.128 sec
[basecaller_main]                         - conv[2]: 0.694 sec
[basecaller_main]                             in  [N,C,T]: [64, 16, 12288]
[basecaller_main]                             out [N,C,T]: [64, 96, 2048]
[basecaller_main]                             op: 0.572 sec  act: 0.123 sec
[basecaller_main]                         - transpose: 0.015 sec
[basecaller_main]                             in  [N,C,T]: [64, 96, 2048]
[basecaller_main]                             out [N,T,C]: [64, 2048, 96]
[basecaller_main]                     - rnns: 10.176 sec
[basecaller_main]                         - rnn[0] (reverse): 2.840 sec
[basecaller_main]                             in  [N,T,C]: [64, 2048, 96]
[basecaller_main]                             out [N,T,C]: [64, 2048, 96]
[basecaller_main]                             flip: 0.135 sec  lstm: 2.706 sec
[basecaller_main]                         - rnn[1] (forward): 1.850 sec
[basecaller_main]                             in  [N,T,C]: [64, 2048, 96]
[basecaller_main]                             out [N,T,C]: [64, 2048, 96]
[basecaller_main]                             flip: 0.136 sec  lstm: 1.714 sec
[basecaller_main]                         - rnn[2] (reverse): 1.796 sec
[basecaller_main]                             in  [N,T,C]: [64, 2048, 96]
[basecaller_main]                             out [N,T,C]: [64, 2048, 96]
[basecaller_main]                             flip: 0.128 sec  lstm: 1.669 sec
[basecaller_main]                         - rnn[3] (forward): 1.781 sec
[basecaller_main]                             in  [N,T,C]: [64, 2048, 96]
[basecaller_main]                             out [N,T,C]: [64, 2048, 96]
[basecaller_main]                             flip: 0.125 sec  lstm: 1.656 sec
[basecaller_main]                         - rnn[4] (reverse): 1.776 sec
[basecaller_main]                             in  [N,T,C]: [64, 2048, 96]
[basecaller_main]                             out [N,T,C]: [64, 2048, 96]
[basecaller_main]                             flip: 0.124 sec  lstm: 1.652 sec
[basecaller_main]                         - rnn_out_flip: 0.132 sec
[basecaller_main]                             out [N,T,C]: [64, 2048, 96]
[basecaller_main]                     - crf_1: 0.443 sec
[basecaller_main]                         in  [N,T,C]: [64, 2048, 96]
[basecaller_main]                         out [N,T,C]: [64, 2048, 256]
[basecaller_main]                     - crf_2: 0.000 sec
[basecaller_main]                     - clamp: 0.079 sec
[basecaller_main]                 - decode: 161.111 sec
[basecaller_main]                     - scores [N,T,C]: [9, 2048, 256]
[basecaller_main]                     - bwd_scan: 3.846 sec
[basecaller_main]                     - beam_search: 67.037 sec
[basecaller_main]                     - fwd_post_scan: 16.057 sec
[basecaller_main]                     - qual_data: 7.856 sec
[basecaller_main]                     - gen_sequence: 5.191 sec
[basecaller_main]                     - d2h_copy: 0.069 sec
[basecaller_main]             - modcall: 0.000 sec
[basecaller_main] load-imbalance: 1598 GPU batches (1598 tail), 102089 real chunks, 102455 padded slots -> 50.1% of 204544 launched GPU slots wasted on padding
[basecaller_main]     - postprocess: 0.269 sec
[basecaller_main]     - mod_preprocess: 0.000 sec
[basecaller_main]     - mod_postprocess: 0.000 sec
[basecaller_main] data output: 0.423 sec
[basecaller_main] data free: 0.076 sec
[main] Version: 0.5.0-beta
[main] CMD: ./slorado basecaller -C 128 -c 12288 -K 4096 -p 150 --overlap-decode=yes --fixed-c-batch=no --flush-threshold=64 -o docs-riley/spec-decode-sweep/20260802T110631Z/fastq/output_fast_20k_baseline.fastq models/dna_r10.4.1_e8.2_400bps_fast@v5.0.0 test/PGXXXX230339/reads_20k.blow5
[main] Real time: 172.361 sec; CPU time: 44.084 sec; Peak RAM: 4.476 GB

