
slorado base-caller version 0.5.0-beta
model path:         models/dna_r10.4.1_e8.2_400bps_fast@v5.0.0
input path:         test/PGXXXX230339/reads_20k.blow5
output path:        /dev/null
device:             cuda:all
chunk size:         12288
read batch size:    4096
gpu batch size:     128
no. threads:        8
overlap:            150
overlap decode:     yes
fixed-c batch:      no (narrow partials)
flush threshold:    64
speculative decode: no

[parse_qscore_params::INFO][1;34m mean_qscore_start_pos not found in config toml, setting default to 60[0m
[basecaller_main::0.753*1.80] 4096 Entries (201.7M bytes) loaded
[basecaller_main::36.743*0.31] 4096 Entries (201.7M bytes) processed
[basecaller_main::37.298*0.31] 4096 Entries (212.8M bytes) loaded
[basecaller_main::73.212*0.28] 4096 Entries (212.8M bytes) processed
[basecaller_main::73.716*0.28] 4096 Entries (198.2M bytes) loaded
[basecaller_main::107.513*0.27] 4096 Entries (198.2M bytes) processed
[basecaller_main::108.045*0.27] 4096 Entries (203.8M bytes) loaded
[basecaller_main::142.671*0.26] 4096 Entries (203.8M bytes) processed
[basecaller_main::143.142*0.26] 3616 Entries (181.5M bytes) loaded
[basecaller_main::173.968*0.25] 3616 Entries (181.5M bytes) processed

[basecaller_main] total entries: 20000
[basecaller_main] total bytes: 998.1 M
[basecaller_main] model initialization: 0.198 sec
[basecaller_main] data loading: 2.512 sec
[basecaller_main] data processing: 171.151 sec
[basecaller_main]     - parse: 4.091 sec
[basecaller_main]     - preprocess: 0.354 sec
[basecaller_main]     - runners: 166.444 sec
[basecaller_main]          - synchronisation: 0.000 sec
[basecaller_main]          - model runner [0]: 166.426 sec
[basecaller_main]             - accept: 4.757 sec
[basecaller_main]             - basecall: 161.669 sec
[basecaller_main]                 - inference: 73.014 sec
[basecaller_main]                     - conv_stack: 2.628 sec
[basecaller_main]                         - input [N,C,T]: [64, 1, 12288]
[basecaller_main]                         - conv[0]: 1.103 sec
[basecaller_main]                             in  [N,C,T]: [64, 1, 12288]
[basecaller_main]                             out [N,C,T]: [64, 16, 12288]
[basecaller_main]                             op: 0.914 sec  act: 0.188 sec
[basecaller_main]                         - conv[1]: 0.804 sec
[basecaller_main]                             in  [N,C,T]: [64, 16, 12288]
[basecaller_main]                             out [N,C,T]: [64, 16, 12288]
[basecaller_main]                             op: 0.671 sec  act: 0.133 sec
[basecaller_main]                         - conv[2]: 0.707 sec
[basecaller_main]                             in  [N,C,T]: [64, 16, 12288]
[basecaller_main]                             out [N,C,T]: [64, 96, 2048]
[basecaller_main]                             op: 0.578 sec  act: 0.129 sec
[basecaller_main]                         - transpose: 0.015 sec
[basecaller_main]                             in  [N,C,T]: [64, 96, 2048]
[basecaller_main]                             out [N,T,C]: [64, 2048, 96]
[basecaller_main]                     - rnns: 10.263 sec
[basecaller_main]                         - rnn[0] (reverse): 2.895 sec
[basecaller_main]                             in  [N,T,C]: [64, 2048, 96]
[basecaller_main]                             out [N,T,C]: [64, 2048, 96]
[basecaller_main]                             flip: 0.138 sec  lstm: 2.757 sec
[basecaller_main]                         - rnn[1] (forward): 1.854 sec
[basecaller_main]                             in  [N,T,C]: [64, 2048, 96]
[basecaller_main]                             out [N,T,C]: [64, 2048, 96]
[basecaller_main]                             flip: 0.137 sec  lstm: 1.717 sec
[basecaller_main]                         - rnn[2] (reverse): 1.804 sec
[basecaller_main]                             in  [N,T,C]: [64, 2048, 96]
[basecaller_main]                             out [N,T,C]: [64, 2048, 96]
[basecaller_main]                             flip: 0.128 sec  lstm: 1.676 sec
[basecaller_main]                         - rnn[3] (forward): 1.788 sec
[basecaller_main]                             in  [N,T,C]: [64, 2048, 96]
[basecaller_main]                             out [N,T,C]: [64, 2048, 96]
[basecaller_main]                             flip: 0.126 sec  lstm: 1.662 sec
[basecaller_main]                         - rnn[4] (reverse): 1.789 sec
[basecaller_main]                             in  [N,T,C]: [64, 2048, 96]
[basecaller_main]                             out [N,T,C]: [64, 2048, 96]
[basecaller_main]                             flip: 0.125 sec  lstm: 1.664 sec
[basecaller_main]                         - rnn_out_flip: 0.133 sec
[basecaller_main]                             out [N,T,C]: [64, 2048, 96]
[basecaller_main]                     - crf_1: 0.443 sec
[basecaller_main]                         in  [N,T,C]: [64, 2048, 96]
[basecaller_main]                         out [N,T,C]: [64, 2048, 256]
[basecaller_main]                     - crf_2: 0.000 sec
[basecaller_main]                     - clamp: 0.080 sec
[basecaller_main]                 - decode: 161.041 sec
[basecaller_main]                     - scores [N,T,C]: [9, 2048, 256]
[basecaller_main]                     - bwd_scan: 3.860 sec
[basecaller_main]                     - beam_search: 67.028 sec
[basecaller_main]                     - fwd_post_scan: 16.100 sec
[basecaller_main]                     - qual_data: 7.856 sec
[basecaller_main]                     - gen_sequence: 5.191 sec
[basecaller_main]                     - d2h_copy: 0.068 sec
[basecaller_main]             - modcall: 0.000 sec
[basecaller_main] load-imbalance: 1598 GPU batches (1598 tail), 102089 real chunks, 102455 padded slots -> 50.1% of 204544 launched GPU slots wasted on padding
[basecaller_main]     - postprocess: 0.263 sec
[basecaller_main]     - mod_preprocess: 0.000 sec
[basecaller_main]     - mod_postprocess: 0.000 sec
[basecaller_main] data output: 0.115 sec
[basecaller_main] data free: 0.078 sec
[main] Version: 0.5.0-beta
[main] CMD: ./slorado basecaller -C 128 -c 12288 -K 4096 -p 150 --overlap-decode=yes --fixed-c-batch=no --flush-threshold=64 -o /dev/null models/dna_r10.4.1_e8.2_400bps_fast@v5.0.0 test/PGXXXX230339/reads_20k.blow5
[main] Real time: 174.065 sec; CPU time: 44.421 sec; Peak RAM: 4.478 GB

