
slorado base-caller version 0.5.0-beta
model path:         models/dna_r10.4.1_e8.2_400bps_fast@v5.0.0
input path:         test/PGXXXX230339/reads_20k.blow5
output path:        /dev/null
device:             cuda:all
chunk size:         12288
read batch size:    4096
gpu batch size:     128
no. threads:        8
overlap:            150
overlap decode:     yes
fixed-c batch:      no (narrow partials)
flush threshold:    64
speculative decode: yes
spec repair thr:    12.00
spec margin thr:    2.00
spec overlap repair:no
spec agreement:     no

[parse_qscore_params::INFO][1;34m mean_qscore_start_pos not found in config toml, setting default to 60[0m
[basecaller_main::0.663*2.01] 4096 Entries (201.7M bytes) loaded
[basecaller_main::35.816*0.33] 4096 Entries (201.7M bytes) processed
[basecaller_main::36.156*0.33] 4096 Entries (212.8M bytes) loaded
[basecaller_main::71.223*0.29] 4096 Entries (212.8M bytes) processed
[basecaller_main::71.552*0.29] 4096 Entries (198.2M bytes) loaded
[basecaller_main::104.670*0.28] 4096 Entries (198.2M bytes) processed
[basecaller_main::104.778*0.28] 4096 Entries (203.8M bytes) loaded
[basecaller_main::138.527*0.27] 4096 Entries (203.8M bytes) processed
[basecaller_main::138.649*0.27] 3616 Entries (181.5M bytes) loaded
[basecaller_main::168.716*0.27] 3616 Entries (181.5M bytes) processed

[basecaller_main] total entries: 20000
[basecaller_main] total bytes: 998.1 M
[basecaller_main] model initialization: 0.216 sec
[basecaller_main] data loading: 1.234 sec
[basecaller_main] data processing: 167.154 sec
[basecaller_main]     - parse: 4.061 sec
[basecaller_main]     - preprocess: 0.372 sec
[basecaller_main]     - runners: 162.444 sec
[basecaller_main]          - synchronisation: 0.000 sec
[basecaller_main]          - model runner [0]: 162.426 sec
[basecaller_main]             - accept: 4.725 sec
[basecaller_main]             - basecall: 157.700 sec
[basecaller_main]                 - inference: 22.748 sec
[basecaller_main]                     - conv_stack: 2.561 sec
[basecaller_main]                         - input [N,C,T]: [64, 1, 12288]
[basecaller_main]                         - conv[0]: 1.043 sec
[basecaller_main]                             in  [N,C,T]: [64, 1, 12288]
[basecaller_main]                             out [N,C,T]: [64, 16, 12288]
[basecaller_main]                             op: 0.861 sec  act: 0.182 sec
[basecaller_main]                         - conv[1]: 0.795 sec
[basecaller_main]                             in  [N,C,T]: [64, 16, 12288]
[basecaller_main]                             out [N,C,T]: [64, 16, 12288]
[basecaller_main]                             op: 0.665 sec  act: 0.130 sec
[basecaller_main]                         - conv[2]: 0.708 sec
[basecaller_main]                             in  [N,C,T]: [64, 16, 12288]
[basecaller_main]                             out [N,C,T]: [64, 96, 2048]
[basecaller_main]                             op: 0.583 sec  act: 0.126 sec
[basecaller_main]                         - transpose: 0.014 sec
[basecaller_main]                             in  [N,C,T]: [64, 96, 2048]
[basecaller_main]                             out [N,T,C]: [64, 2048, 96]
[basecaller_main]                     - rnns: 10.120 sec
[basecaller_main]                         - rnn[0] (reverse): 2.717 sec
[basecaller_main]                             in  [N,T,C]: [64, 2048, 96]
[basecaller_main]                             out [N,T,C]: [64, 2048, 96]
[basecaller_main]                             flip: 0.134 sec  lstm: 2.583 sec
[basecaller_main]                         - rnn[1] (forward): 1.865 sec
[basecaller_main]                             in  [N,T,C]: [64, 2048, 96]
[basecaller_main]                             out [N,T,C]: [64, 2048, 96]
[basecaller_main]                             flip: 0.137 sec  lstm: 1.728 sec
[basecaller_main]                         - rnn[2] (reverse): 1.814 sec
[basecaller_main]                             in  [N,T,C]: [64, 2048, 96]
[basecaller_main]                             out [N,T,C]: [64, 2048, 96]
[basecaller_main]                             flip: 0.127 sec  lstm: 1.687 sec
[basecaller_main]                         - rnn[3] (forward): 1.798 sec
[basecaller_main]                             in  [N,T,C]: [64, 2048, 96]
[basecaller_main]                             out [N,T,C]: [64, 2048, 96]
[basecaller_main]                             flip: 0.125 sec  lstm: 1.673 sec
[basecaller_main]                         - rnn[4] (reverse): 1.794 sec
[basecaller_main]                             in  [N,T,C]: [64, 2048, 96]
[basecaller_main]                             out [N,T,C]: [64, 2048, 96]
[basecaller_main]                             flip: 0.123 sec  lstm: 1.670 sec
[basecaller_main]                         - rnn_out_flip: 0.132 sec
[basecaller_main]                             out [N,T,C]: [64, 2048, 96]
[basecaller_main]                     - crf_1: 0.444 sec
[basecaller_main]                         in  [N,T,C]: [64, 2048, 96]
[basecaller_main]                         out [N,T,C]: [64, 2048, 256]
[basecaller_main]                     - crf_2: 0.000 sec
[basecaller_main]                     - clamp: 0.082 sec
[basecaller_main]                 - decode: 157.131 sec
[basecaller_main]                     - scores [N,T,C]: [5, 2048, 256]
[basecaller_main]                     - bwd_scan: 9.772 sec
[basecaller_main]                     - beam_search: 60.281 sec
[basecaller_main]                     - draft (greedy): 7.133 sec
[basecaller_main]                     - fwd_post_scan: 33.539 sec
[basecaller_main]                     - qual_data: 15.611 sec
[basecaller_main]                     - gen_sequence: 13.607 sec
[basecaller_main]                     - d2h_copy: 0.132 sec
[basecaller_main]             - modcall: 0.000 sec
[basecaller_main] load-imbalance: 1598 GPU batches (1598 tail), 102089 real chunks, 102455 padded slots -> 50.1% of 204544 launched GPU slots wasted on padding
[basecaller_main] speculative: drafted 102089, repaired 28400 (alpha=0.722 accept), draft 0.479s repair 103.583s
[basecaller_main]     - postprocess: 0.277 sec
[basecaller_main]     - mod_preprocess: 0.000 sec
[basecaller_main]     - mod_postprocess: 0.000 sec
[basecaller_main] data output: 0.120 sec
[basecaller_main] data free: 0.074 sec
[main] Version: 0.5.0-beta
[main] CMD: ./slorado basecaller -C 128 -c 12288 -K 4096 -p 150 --overlap-decode=yes --fixed-c-batch=no --flush-threshold=64 -o /dev/null --speculative-decode=yes --spec-repair-threshold=12 --spec-margin-threshold=2 models/dna_r10.4.1_e8.2_400bps_fast@v5.0.0 test/PGXXXX230339/reads_20k.blow5
[main] Real time: 168.809 sec; CPU time: 45.751 sec; Peak RAM: 4.816 GB

