
slorado base-caller version 0.5.0-beta
model path:         models/dna_r10.4.1_e8.2_400bps_fast@v5.0.0
input path:         test/PGXXXX230339/reads_20k.blow5
output path:        /dev/null
device:             cuda:all
chunk size:         12288
read batch size:    4096
gpu batch size:     128
no. threads:        8
overlap:            150
overlap decode:     yes
fixed-c batch:      no (narrow partials)
flush threshold:    64
speculative decode: yes
spec repair thr:    8.00
spec margin thr:    2.00
spec overlap repair:no
spec agreement:     no

[parse_qscore_params::INFO][1;34m mean_qscore_start_pos not found in config toml, setting default to 60[0m
[basecaller_main::0.381*3.30] 4096 Entries (201.7M bytes) loaded
[basecaller_main::35.800*0.33] 4096 Entries (201.7M bytes) processed
[basecaller_main::35.967*0.33] 4096 Entries (212.8M bytes) loaded
[basecaller_main::71.056*0.29] 4096 Entries (212.8M bytes) processed
[basecaller_main::71.242*0.29] 4096 Entries (198.2M bytes) loaded
[basecaller_main::104.482*0.28] 4096 Entries (198.2M bytes) processed
[basecaller_main::104.897*0.28] 4096 Entries (203.8M bytes) loaded
[basecaller_main::139.000*0.27] 4096 Entries (203.8M bytes) processed
[basecaller_main::139.120*0.27] 3616 Entries (181.5M bytes) loaded
[basecaller_main::169.451*0.27] 3616 Entries (181.5M bytes) processed

[basecaller_main] total entries: 20000
[basecaller_main] total bytes: 998.1 M
[basecaller_main] model initialization: 0.197 sec
[basecaller_main] data loading: 0.963 sec
[basecaller_main] data processing: 168.184 sec
[basecaller_main]     - parse: 4.011 sec
[basecaller_main]     - preprocess: 0.382 sec
[basecaller_main]     - runners: 163.522 sec
[basecaller_main]          - synchronisation: 0.000 sec
[basecaller_main]          - model runner [0]: 163.505 sec
[basecaller_main]             - accept: 4.766 sec
[basecaller_main]             - basecall: 158.739 sec
[basecaller_main]                 - inference: 25.945 sec
[basecaller_main]                     - conv_stack: 2.545 sec
[basecaller_main]                         - input [N,C,T]: [64, 1, 12288]
[basecaller_main]                         - conv[0]: 1.047 sec
[basecaller_main]                             in  [N,C,T]: [64, 1, 12288]
[basecaller_main]                             out [N,C,T]: [64, 16, 12288]
[basecaller_main]                             op: 0.868 sec  act: 0.180 sec
[basecaller_main]                         - conv[1]: 0.787 sec
[basecaller_main]                             in  [N,C,T]: [64, 16, 12288]
[basecaller_main]                             out [N,C,T]: [64, 16, 12288]
[basecaller_main]                             op: 0.658 sec  act: 0.128 sec
[basecaller_main]                         - conv[2]: 0.696 sec
[basecaller_main]                             in  [N,C,T]: [64, 16, 12288]
[basecaller_main]                             out [N,C,T]: [64, 96, 2048]
[basecaller_main]                             op: 0.570 sec  act: 0.126 sec
[basecaller_main]                         - transpose: 0.015 sec
[basecaller_main]                             in  [N,C,T]: [64, 96, 2048]
[basecaller_main]                             out [N,T,C]: [64, 2048, 96]
[basecaller_main]                     - rnns: 10.129 sec
[basecaller_main]                         - rnn[0] (reverse): 2.789 sec
[basecaller_main]                             in  [N,T,C]: [64, 2048, 96]
[basecaller_main]                             out [N,T,C]: [64, 2048, 96]
[basecaller_main]                             flip: 0.135 sec  lstm: 2.654 sec
[basecaller_main]                         - rnn[1] (forward): 1.850 sec
[basecaller_main]                             in  [N,T,C]: [64, 2048, 96]
[basecaller_main]                             out [N,T,C]: [64, 2048, 96]
[basecaller_main]                             flip: 0.136 sec  lstm: 1.714 sec
[basecaller_main]                         - rnn[2] (reverse): 1.797 sec
[basecaller_main]                             in  [N,T,C]: [64, 2048, 96]
[basecaller_main]                             out [N,T,C]: [64, 2048, 96]
[basecaller_main]                             flip: 0.128 sec  lstm: 1.669 sec
[basecaller_main]                         - rnn[3] (forward): 1.782 sec
[basecaller_main]                             in  [N,T,C]: [64, 2048, 96]
[basecaller_main]                             out [N,T,C]: [64, 2048, 96]
[basecaller_main]                             flip: 0.126 sec  lstm: 1.656 sec
[basecaller_main]                         - rnn[4] (reverse): 1.777 sec
[basecaller_main]                             in  [N,T,C]: [64, 2048, 96]
[basecaller_main]                             out [N,T,C]: [64, 2048, 96]
[basecaller_main]                             flip: 0.124 sec  lstm: 1.653 sec
[basecaller_main]                         - rnn_out_flip: 0.133 sec
[basecaller_main]                             out [N,T,C]: [64, 2048, 96]
[basecaller_main]                     - crf_1: 0.442 sec
[basecaller_main]                         in  [N,T,C]: [64, 2048, 96]
[basecaller_main]                         out [N,T,C]: [64, 2048, 256]
[basecaller_main]                     - crf_2: 0.000 sec
[basecaller_main]                     - clamp: 0.079 sec
[basecaller_main]                 - decode: 158.168 sec
[basecaller_main]                     - scores [N,T,C]: [2, 2048, 256]
[basecaller_main]                     - bwd_scan: 9.242 sec
[basecaller_main]                     - beam_search: 58.963 sec
[basecaller_main]                     - draft (greedy): 7.218 sec
[basecaller_main]                     - fwd_post_scan: 33.690 sec
[basecaller_main]                     - qual_data: 15.358 sec
[basecaller_main]                     - gen_sequence: 13.871 sec
[basecaller_main]                     - d2h_copy: 0.123 sec
[basecaller_main]             - modcall: 0.000 sec
[basecaller_main] load-imbalance: 1598 GPU batches (1598 tail), 102089 real chunks, 102455 padded slots -> 50.1% of 204544 launched GPU slots wasted on padding
[basecaller_main] speculative: drafted 102089, repaired 26447 (alpha=0.741 accept), draft 0.471s repair 101.226s
[basecaller_main]     - postprocess: 0.269 sec
[basecaller_main]     - mod_preprocess: 0.000 sec
[basecaller_main]     - mod_postprocess: 0.000 sec
[basecaller_main] data output: 0.116 sec
[basecaller_main] data free: 0.080 sec
[main] Version: 0.5.0-beta
[main] CMD: ./slorado basecaller -C 128 -c 12288 -K 4096 -p 150 --overlap-decode=yes --fixed-c-batch=no --flush-threshold=64 -o /dev/null --speculative-decode=yes --spec-repair-threshold=8 --spec-margin-threshold=2 models/dna_r10.4.1_e8.2_400bps_fast@v5.0.0 test/PGXXXX230339/reads_20k.blow5
[main] Real time: 169.550 sec; CPU time: 45.549 sec; Peak RAM: 4.834 GB

