
slorado base-caller version 0.5.0-beta
model path:         models/dna_r10.4.1_e8.2_400bps_fast@v5.0.0
input path:         test/PGXXXX230339/reads_20k.blow5
output path:        /dev/null
device:             cuda:all
chunk size:         12288
read batch size:    4096
gpu batch size:     128
no. threads:        8
overlap:            150
overlap decode:     yes
fixed-c batch:      no (narrow partials)
flush threshold:    64
speculative decode: yes
spec repair thr:    10.00
spec margin thr:    2.00
spec overlap repair:yes
spec agreement:     no

[parse_qscore_params::INFO][1;34m mean_qscore_start_pos not found in config toml, setting default to 60[0m
[basecaller_main::0.405*3.14] 4096 Entries (201.7M bytes) loaded
[basecaller_main::33.187*0.35] 4096 Entries (201.7M bytes) processed
[basecaller_main::33.301*0.36] 4096 Entries (212.8M bytes) loaded
[basecaller_main::66.426*0.31] 4096 Entries (212.8M bytes) processed
[basecaller_main::66.560*0.31] 4096 Entries (198.2M bytes) loaded
[basecaller_main::97.264*0.30] 4096 Entries (198.2M bytes) processed
[basecaller_main::97.558*0.30] 4096 Entries (203.8M bytes) loaded
[basecaller_main::129.206*0.29] 4096 Entries (203.8M bytes) processed
[basecaller_main::129.315*0.29] 3616 Entries (181.5M bytes) loaded
[basecaller_main::157.668*0.29] 3616 Entries (181.5M bytes) processed

[basecaller_main] total entries: 20000
[basecaller_main] total bytes: 998.1 M
[basecaller_main] model initialization: 0.204 sec
[basecaller_main] data loading: 0.742 sec
[basecaller_main] data processing: 156.612 sec
[basecaller_main]     - parse: 3.945 sec
[basecaller_main]     - preprocess: 0.373 sec
[basecaller_main]     - runners: 152.026 sec
[basecaller_main]          - synchronisation: 0.000 sec
[basecaller_main]          - model runner [0]: 152.002 sec
[basecaller_main]             - accept: 4.657 sec
[basecaller_main]             - basecall: 147.345 sec
[basecaller_main]                 - inference: 51.495 sec
[basecaller_main]                     - conv_stack: 2.567 sec
[basecaller_main]                         - input [N,C,T]: [64, 1, 12288]
[basecaller_main]                         - conv[0]: 1.049 sec
[basecaller_main]                             in  [N,C,T]: [64, 1, 12288]
[basecaller_main]                             out [N,C,T]: [64, 16, 12288]
[basecaller_main]                             op: 0.864 sec  act: 0.185 sec
[basecaller_main]                         - conv[1]: 0.798 sec
[basecaller_main]                             in  [N,C,T]: [64, 16, 12288]
[basecaller_main]                             out [N,C,T]: [64, 16, 12288]
[basecaller_main]                             op: 0.668 sec  act: 0.131 sec
[basecaller_main]                         - conv[2]: 0.706 sec
[basecaller_main]                             in  [N,C,T]: [64, 16, 12288]
[basecaller_main]                             out [N,C,T]: [64, 96, 2048]
[basecaller_main]                             op: 0.580 sec  act: 0.126 sec
[basecaller_main]                         - transpose: 0.014 sec
[basecaller_main]                             in  [N,C,T]: [64, 96, 2048]
[basecaller_main]                             out [N,T,C]: [64, 2048, 96]
[basecaller_main]                     - rnns: 10.176 sec
[basecaller_main]                         - rnn[0] (reverse): 2.733 sec
[basecaller_main]                             in  [N,T,C]: [64, 2048, 96]
[basecaller_main]                             out [N,T,C]: [64, 2048, 96]
[basecaller_main]                             flip: 0.134 sec  lstm: 2.598 sec
[basecaller_main]                         - rnn[1] (forward): 1.869 sec
[basecaller_main]                             in  [N,T,C]: [64, 2048, 96]
[basecaller_main]                             out [N,T,C]: [64, 2048, 96]
[basecaller_main]                             flip: 0.138 sec  lstm: 1.731 sec
[basecaller_main]                         - rnn[2] (reverse): 1.827 sec
[basecaller_main]                             in  [N,T,C]: [64, 2048, 96]
[basecaller_main]                             out [N,T,C]: [64, 2048, 96]
[basecaller_main]                             flip: 0.131 sec  lstm: 1.696 sec
[basecaller_main]                         - rnn[3] (forward): 1.810 sec
[basecaller_main]                             in  [N,T,C]: [64, 2048, 96]
[basecaller_main]                             out [N,T,C]: [64, 2048, 96]
[basecaller_main]                             flip: 0.127 sec  lstm: 1.683 sec
[basecaller_main]                         - rnn[4] (reverse): 1.803 sec
[basecaller_main]                             in  [N,T,C]: [64, 2048, 96]
[basecaller_main]                             out [N,T,C]: [64, 2048, 96]
[basecaller_main]                             flip: 0.127 sec  lstm: 1.676 sec
[basecaller_main]                         - rnn_out_flip: 0.135 sec
[basecaller_main]                             out [N,T,C]: [64, 2048, 96]
[basecaller_main]                     - crf_1: 0.445 sec
[basecaller_main]                         in  [N,T,C]: [64, 2048, 96]
[basecaller_main]                         out [N,T,C]: [64, 2048, 256]
[basecaller_main]                     - crf_2: 0.000 sec
[basecaller_main]                     - clamp: 0.084 sec
[basecaller_main]                 - decode: 146.775 sec
[basecaller_main]                     - scores [N,T,C]: [3, 2048, 256]
[basecaller_main]                     - bwd_scan: 9.730 sec
[basecaller_main]                     - beam_search: 62.493 sec
[basecaller_main]                     - draft (greedy): 6.474 sec
[basecaller_main]                     - fwd_post_scan: 31.875 sec
[basecaller_main]                     - qual_data: 16.623 sec
[basecaller_main]                     - gen_sequence: 11.115 sec
[basecaller_main]                     - d2h_copy: 0.100 sec
[basecaller_main]             - modcall: 0.000 sec
[basecaller_main] load-imbalance: 1598 GPU batches (1598 tail), 102089 real chunks, 102455 padded slots -> 50.1% of 204544 launched GPU slots wasted on padding
[basecaller_main] speculative: drafted 102089, repaired 27538 (alpha=0.730 accept), draft 0.483s repair 51.997s
[basecaller_main]     - postprocess: 0.269 sec
[basecaller_main]     - mod_preprocess: 0.000 sec
[basecaller_main]     - mod_postprocess: 0.000 sec
[basecaller_main] data output: 0.120 sec
[basecaller_main] data free: 0.079 sec
[main] Version: 0.5.0-beta
[main] CMD: ./slorado basecaller -C 128 -c 12288 -K 4096 -p 150 --overlap-decode=yes --fixed-c-batch=no --flush-threshold=64 -o /dev/null --speculative-decode=yes --spec-repair-threshold=10 --spec-margin-threshold=2 --spec-overlap-repair=yes models/dna_r10.4.1_e8.2_400bps_fast@v5.0.0 test/PGXXXX230339/reads_20k.blow5
[main] Real time: 157.768 sec; CPU time: 45.568 sec; Peak RAM: 4.777 GB

