
slorado base-caller version 0.5.0-beta
model path:         models/dna_r10.4.1_e8.2_400bps_fast@v5.0.0
input path:         test/PGXXXX230339/reads_20k.blow5
output path:        docs-riley/spec-decode-sweep/20260802T110631Z/fastq/output_fast_20k_q5_m2.fastq
device:             cuda:all
chunk size:         12288
read batch size:    4096
gpu batch size:     128
no. threads:        8
overlap:            150
overlap decode:     yes
fixed-c batch:      no (narrow partials)
flush threshold:    64
speculative decode: yes
spec repair thr:    5.00
spec margin thr:    2.00
spec overlap repair:no
spec agreement:     no

[parse_qscore_params::INFO][1;34m mean_qscore_start_pos not found in config toml, setting default to 60[0m
[basecaller_main::0.702*1.78] 4096 Entries (201.7M bytes) loaded
[basecaller_main::35.888*0.33] 4096 Entries (201.7M bytes) processed
[basecaller_main::36.199*0.33] 4096 Entries (212.8M bytes) loaded
[basecaller_main::71.005*0.30] 4096 Entries (212.8M bytes) processed
[basecaller_main::71.154*0.30] 4096 Entries (198.2M bytes) loaded
[basecaller_main::104.015*0.28] 4096 Entries (198.2M bytes) processed
[basecaller_main::104.434*0.28] 4096 Entries (203.8M bytes) loaded
[basecaller_main::138.194*0.28] 4096 Entries (203.8M bytes) processed
[basecaller_main::138.588*0.28] 3616 Entries (181.5M bytes) loaded
[basecaller_main::168.657*0.27] 3616 Entries (181.5M bytes) processed

[basecaller_main] total entries: 20000
[basecaller_main] total bytes: 998.1 M
[basecaller_main] model initialization: 0.205 sec
[basecaller_main] data loading: 1.440 sec
[basecaller_main] data processing: 166.682 sec
[basecaller_main]     - parse: 4.033 sec
[basecaller_main]     - preprocess: 0.400 sec
[basecaller_main]     - runners: 161.988 sec
[basecaller_main]          - synchronisation: 0.000 sec
[basecaller_main]          - model runner [0]: 161.971 sec
[basecaller_main]             - accept: 4.754 sec
[basecaller_main]             - basecall: 157.217 sec
[basecaller_main]                 - inference: 24.553 sec
[basecaller_main]                     - conv_stack: 2.555 sec
[basecaller_main]                         - input [N,C,T]: [64, 1, 12288]
[basecaller_main]                         - conv[0]: 1.036 sec
[basecaller_main]                             in  [N,C,T]: [64, 1, 12288]
[basecaller_main]                             out [N,C,T]: [64, 16, 12288]
[basecaller_main]                             op: 0.856 sec  act: 0.180 sec
[basecaller_main]                         - conv[1]: 0.797 sec
[basecaller_main]                             in  [N,C,T]: [64, 16, 12288]
[basecaller_main]                             out [N,C,T]: [64, 16, 12288]
[basecaller_main]                             op: 0.667 sec  act: 0.130 sec
[basecaller_main]                         - conv[2]: 0.708 sec
[basecaller_main]                             in  [N,C,T]: [64, 16, 12288]
[basecaller_main]                             out [N,C,T]: [64, 96, 2048]
[basecaller_main]                             op: 0.582 sec  act: 0.126 sec
[basecaller_main]                         - transpose: 0.014 sec
[basecaller_main]                             in  [N,C,T]: [64, 96, 2048]
[basecaller_main]                             out [N,T,C]: [64, 2048, 96]
[basecaller_main]                     - rnns: 10.276 sec
[basecaller_main]                         - rnn[0] (reverse): 2.820 sec
[basecaller_main]                             in  [N,T,C]: [64, 2048, 96]
[basecaller_main]                             out [N,T,C]: [64, 2048, 96]
[basecaller_main]                             flip: 0.134 sec  lstm: 2.686 sec
[basecaller_main]                         - rnn[1] (forward): 1.874 sec
[basecaller_main]                             in  [N,T,C]: [64, 2048, 96]
[basecaller_main]                             out [N,T,C]: [64, 2048, 96]
[basecaller_main]                             flip: 0.137 sec  lstm: 1.737 sec
[basecaller_main]                         - rnn[2] (reverse): 1.827 sec
[basecaller_main]                             in  [N,T,C]: [64, 2048, 96]
[basecaller_main]                             out [N,T,C]: [64, 2048, 96]
[basecaller_main]                             flip: 0.130 sec  lstm: 1.697 sec
[basecaller_main]                         - rnn[3] (forward): 1.811 sec
[basecaller_main]                             in  [N,T,C]: [64, 2048, 96]
[basecaller_main]                             out [N,T,C]: [64, 2048, 96]
[basecaller_main]                             flip: 0.128 sec  lstm: 1.683 sec
[basecaller_main]                         - rnn[4] (reverse): 1.808 sec
[basecaller_main]                             in  [N,T,C]: [64, 2048, 96]
[basecaller_main]                             out [N,T,C]: [64, 2048, 96]
[basecaller_main]                             flip: 0.127 sec  lstm: 1.681 sec
[basecaller_main]                         - rnn_out_flip: 0.136 sec
[basecaller_main]                             out [N,T,C]: [64, 2048, 96]
[basecaller_main]                     - crf_1: 0.450 sec
[basecaller_main]                         in  [N,T,C]: [64, 2048, 96]
[basecaller_main]                         out [N,T,C]: [64, 2048, 256]
[basecaller_main]                     - crf_2: 0.000 sec
[basecaller_main]                     - clamp: 0.078 sec
[basecaller_main]                 - decode: 156.641 sec
[basecaller_main]                     - scores [N,T,C]: [1, 2048, 256]
[basecaller_main]                     - bwd_scan: 9.951 sec
[basecaller_main]                     - beam_search: 58.704 sec
[basecaller_main]                     - draft (greedy): 7.210 sec
[basecaller_main]                     - fwd_post_scan: 33.809 sec
[basecaller_main]                     - qual_data: 15.196 sec
[basecaller_main]                     - gen_sequence: 13.864 sec
[basecaller_main]                     - d2h_copy: 0.121 sec
[basecaller_main]             - modcall: 0.000 sec
[basecaller_main] load-imbalance: 1598 GPU batches (1598 tail), 102089 real chunks, 102455 padded slots -> 50.1% of 204544 launched GPU slots wasted on padding
[basecaller_main] speculative: drafted 102089, repaired 24623 (alpha=0.759 accept), draft 0.470s repair 101.551s
[basecaller_main]     - postprocess: 0.262 sec
[basecaller_main]     - mod_preprocess: 0.000 sec
[basecaller_main]     - mod_postprocess: 0.000 sec
[basecaller_main] data output: 0.396 sec
[basecaller_main] data free: 0.067 sec
[main] Version: 0.5.0-beta
[main] CMD: ./slorado basecaller -C 128 -c 12288 -K 4096 -p 150 --overlap-decode=yes --fixed-c-batch=no --flush-threshold=64 -o docs-riley/spec-decode-sweep/20260802T110631Z/fastq/output_fast_20k_q5_m2.fastq --speculative-decode=yes --spec-repair-threshold=5 --spec-margin-threshold=2 models/dna_r10.4.1_e8.2_400bps_fast@v5.0.0 test/PGXXXX230339/reads_20k.blow5
[main] Real time: 168.800 sec; CPU time: 46.029 sec; Peak RAM: 4.851 GB

