
slorado base-caller version 0.5.0-beta
model path:         models/dna_r10.4.1_e8.2_400bps_fast@v5.0.0
input path:         test/PGXXXX230339/reads_20k.blow5
output path:        /dev/null
device:             cuda:all
chunk size:         12288
read batch size:    4096
gpu batch size:     128
no. threads:        8
overlap:            150

[parse_qscore_params::INFO][1;34m mean_qscore_start_pos not found in config toml, setting default to 60[0m
[basecaller_main::0.780*1.77] 4096 Entries (201.7M bytes) loaded
[basecaller_main::45.515*0.24] 4096 Entries (201.7M bytes) processed
[basecaller_main::46.054*0.24] 4096 Entries (212.8M bytes) loaded
[basecaller_main::91.242*0.21] 4096 Entries (212.8M bytes) processed
[basecaller_main::91.744*0.21] 4096 Entries (198.2M bytes) loaded
[basecaller_main::133.940*0.20] 4096 Entries (198.2M bytes) processed
[basecaller_main::134.452*0.20] 4096 Entries (203.8M bytes) loaded
[basecaller_main::177.716*0.20] 4096 Entries (203.8M bytes) processed
[basecaller_main::178.165*0.20] 3616 Entries (181.5M bytes) loaded
[basecaller_main::217.020*0.19] 3616 Entries (181.5M bytes) processed

[basecaller_main] total entries: 20000
[basecaller_main] total bytes: 998.1 M
[basecaller_main] model initialization: 0.196 sec
[basecaller_main] data loading: 2.492 sec
[basecaller_main] data processing: 214.238 sec
[basecaller_main]     - parse: 4.047 sec
[basecaller_main]     - preprocess: 0.340 sec
[basecaller_main]     - runners: 209.621 sec
[basecaller_main]          - synchronisation: 0.000 sec
[basecaller_main]          - model runner [0]: 209.614 sec
[basecaller_main]             - accept: 5.473 sec
[basecaller_main]             - basecall: 204.141 sec
[basecaller_main]                 - inference: 126.393 sec
[basecaller_main]                     - conv_stack: 28.624 sec
[basecaller_main]                         - input [N,C,T]: [128, 1, 12288]
[basecaller_main]                         - conv[0]: 7.349 sec
[basecaller_main]                             in  [N,C,T]: [128, 1, 12288]
[basecaller_main]                             out [N,C,T]: [128, 16, 12288]
[basecaller_main]                             op: 5.490 sec  act: 1.860 sec
[basecaller_main]                         - conv[1]: 10.393 sec
[basecaller_main]                             in  [N,C,T]: [128, 16, 12288]
[basecaller_main]                             out [N,C,T]: [128, 16, 12288]
[basecaller_main]                             op: 8.537 sec  act: 1.855 sec
[basecaller_main]                         - conv[2]: 10.857 sec
[basecaller_main]                             in  [N,C,T]: [128, 16, 12288]
[basecaller_main]                             out [N,C,T]: [128, 96, 2048]
[basecaller_main]                             op: 9.021 sec  act: 1.836 sec
[basecaller_main]                         - transpose: 0.025 sec
[basecaller_main]                             in  [N,C,T]: [128, 96, 2048]
[basecaller_main]                             out [N,T,C]: [128, 2048, 96]
[basecaller_main]                     - rnns: 89.817 sec
[basecaller_main]                         - rnn[0] (reverse): 21.832 sec
[basecaller_main]                             in  [N,T,C]: [128, 2048, 96]
[basecaller_main]                             out [N,T,C]: [128, 2048, 96]
[basecaller_main]                             flip: 2.002 sec  lstm: 19.830 sec
[basecaller_main]                         - rnn[1] (forward): 16.511 sec
[basecaller_main]                             in  [N,T,C]: [128, 2048, 96]
[basecaller_main]                             out [N,T,C]: [128, 2048, 96]
[basecaller_main]                             flip: 1.976 sec  lstm: 14.535 sec
[basecaller_main]                         - rnn[2] (reverse): 16.506 sec
[basecaller_main]                             in  [N,T,C]: [128, 2048, 96]
[basecaller_main]                             out [N,T,C]: [128, 2048, 96]
[basecaller_main]                             flip: 1.960 sec  lstm: 14.546 sec
[basecaller_main]                         - rnn[3] (forward): 16.482 sec
[basecaller_main]                             in  [N,T,C]: [128, 2048, 96]
[basecaller_main]                             out [N,T,C]: [128, 2048, 96]
[basecaller_main]                             flip: 1.969 sec  lstm: 14.513 sec
[basecaller_main]                         - rnn[4] (reverse): 16.518 sec
[basecaller_main]                             in  [N,T,C]: [128, 2048, 96]
[basecaller_main]                             out [N,T,C]: [128, 2048, 96]
[basecaller_main]                             flip: 1.957 sec  lstm: 14.561 sec
[basecaller_main]                         - rnn_out_flip: 1.968 sec
[basecaller_main]                             out [N,T,C]: [128, 2048, 96]
[basecaller_main]                     - crf_1: 4.938 sec
[basecaller_main]                         in  [N,T,C]: [128, 2048, 96]
[basecaller_main]                         out [N,T,C]: [128, 2048, 256]
[basecaller_main]                     - crf_2: 0.000 sec
[basecaller_main]                     - clamp: 2.351 sec
[basecaller_main]                 - decode: 72.501 sec
[basecaller_main]                     - scores [N,T,C]: [128, 2048, 256]
[basecaller_main]                     - bwd_scan: 2.419 sec
[basecaller_main]                     - beam_search: 52.357 sec
[basecaller_main]                     - fwd_post_scan: 11.374 sec
[basecaller_main]                     - qual_data: 3.334 sec
[basecaller_main]                     - gen_sequence: 1.909 sec
[basecaller_main]                     - d2h_copy: 0.325 sec
[basecaller_main]             - modcall: 0.000 sec
[basecaller_main]     - postprocess: 0.230 sec
[basecaller_main]     - mod_preprocess: 0.000 sec
[basecaller_main]     - mod_postprocess: 0.000 sec
[basecaller_main] data output: 0.099 sec
[basecaller_main] data free: 0.084 sec
[main] Version: 0.5.0-beta
[main] CMD: ./slorado basecaller -C 128 -c 12288 -K 4096 -p 150 -o /dev/null models/dna_r10.4.1_e8.2_400bps_fast@v5.0.0 test/PGXXXX230339/reads_20k.blow5
[main] Real time: 217.121 sec; CPU time: 42.174 sec; Peak RAM: 4.533 GB

