08-11-2026 21:46:37 RAM 1863/7607MB (lfb 162x4MB) SWAP 1524/16384MB (cached 75MB) CPU [1%@1036,1%@1036,3%@1036,3%@1036,0%@729,2%@729] GR3D_FREQ 0% cpu@54.343C soc2@53.593C soc0@55.218C gpu@54.218C tj@55.281C soc1@55.062C VDD_IN 5104mW/5104mW VDD_CPU_GPU_CV 561mW/561mW VDD_SOC 1444mW/1444mW
08-11-2026 21:46:38 RAM 2094/7607MB (lfb 162x4MB) SWAP 1523/16384MB (cached 75MB) CPU [20%@729,12%@729,16%@729,15%@729,76%@1344,10%@1344] GR3D_FREQ 0% cpu@54.531C soc2@53.562C soc0@55.281C gpu@54.187C tj@55.281C soc1@54.781C VDD_IN 5880mW/5492mW VDD_CPU_GPU_CV 1158mW/860mW VDD_SOC 1520mW/1482mW
08-11-2026 21:46:39 RAM 2629/7607MB (lfb 162x4MB) SWAP 1523/16384MB (cached 75MB) CPU [32%@806,30%@806,29%@806,29%@806,54%@1344,36%@1344] GR3D_FREQ 0% cpu@54.875C soc2@53.593C soc0@55.031C gpu@54.187C tj@55.031C soc1@54.718C VDD_IN 6429mW/5804mW VDD_CPU_GPU_CV 1555mW/1091mW VDD_SOC 1557mW/1507mW
08-11-2026 21:46:40 RAM 3388/7607MB (lfb 141x4MB) SWAP 1523/16384MB (cached 75MB) CPU [54%@1190,59%@1190,55%@1190,56%@1190,61%@729,63%@729] GR3D_FREQ 0% cpu@55.156C soc2@53.593C soc0@54.968C gpu@54.125C tj@55.156C soc1@54.625C VDD_IN 6988mW/6100mW VDD_CPU_GPU_CV 1834mW/1277mW VDD_SOC 1637mW/1540mW
08-11-2026 21:46:41 RAM 4366/7607MB (lfb 141x4MB) SWAP 1523/16384MB (cached 75MB) CPU [3%@729,66%@729,1%@729,1%@729,0%@729,0%@729] GR3D_FREQ 99% cpu@54.343C soc2@53.5C soc0@54.968C gpu@55.125C tj@55.125C soc1@54.656C VDD_IN 8014mW/6483mW VDD_CPU_GPU_CV 2507mW/1523mW VDD_SOC 1794mW/1590mW
08-11-2026 21:46:42 RAM 4369/7607MB (lfb 141x4MB) SWAP 1522/16384MB (cached 75MB) CPU [7%@729,3%@729,4%@729,2%@729,1%@729,0%@729] GR3D_FREQ 91% cpu@55C soc2@54.062C soc0@55.25C gpu@56.093C tj@56.093C soc1@54.562C VDD_IN 12320mW/7456mW VDD_CPU_GPU_CV 5330mW/2158mW VDD_SOC 2575mW/1755mW
08-11-2026 21:46:43 RAM 4371/7607MB (lfb 140x4MB) SWAP 1522/16384MB (cached 75MB) CPU [10%@729,2%@729,2%@729,2%@729,0%@729,0%@729] GR3D_FREQ 95% cpu@55C soc2@54.218C soc0@55.156C gpu@56.312C tj@56.312C soc1@54.625C VDD_IN 13231mW/8281mW VDD_CPU_GPU_CV 5598mW/2649mW VDD_SOC 3085mW/1945mW
08-11-2026 21:46:44 RAM 4375/7607MB (lfb 141x4MB) SWAP 1522/16384MB (cached 75MB) CPU [10%@729,6%@729,7%@729,13%@729,0%@729,1%@729] GR3D_FREQ 52% cpu@55.468C soc2@54.343C soc0@55.343C gpu@56.437C tj@56.437C soc1@54.781C VDD_IN 13684mW/8956mW VDD_CPU_GPU_CV 5637mW/3023mW VDD_SOC 3474mW/2136mW
08-11-2026 21:46:45 RAM 4376/7607MB (lfb 141x4MB) SWAP 1521/16384MB (cached 75MB) CPU [3%@729,8%@729,2%@729,1%@729,0%@729,1%@729] GR3D_FREQ 97% cpu@55.781C soc2@54.5C soc0@55.5C gpu@56.187C tj@56.187C soc1@54.968C VDD_IN 13764mW/9490mW VDD_CPU_GPU_CV 5716mW/3322mW VDD_SOC 3514mW/2289mW
08-11-2026 21:46:46 RAM 4378/7607MB (lfb 141x4MB) SWAP 1521/16384MB (cached 75MB) CPU [2%@729,11%@729,1%@729,2%@729,0%@729,1%@729] GR3D_FREQ 96% cpu@55.406C soc2@54.687C soc0@55.531C gpu@56.687C tj@56.687C soc1@55.062C VDD_IN 14159mW/9957mW VDD_CPU_GPU_CV 5864mW/3576mW VDD_SOC 3632mW/2423mW
08-11-2026 21:46:47 RAM 4380/7607MB (lfb 140x4MB) SWAP 1521/16384MB (cached 75MB) CPU [1%@729,10%@729,1%@729,0%@729,0%@729,0%@729] GR3D_FREQ 98% cpu@55.75C soc2@54.687C soc0@55.687C gpu@56.718C tj@56.718C soc1@55.062C VDD_IN 14238mW/10346mW VDD_CPU_GPU_CV 5943mW/3791mW VDD_SOC 3672mW/2537mW
08-11-2026 21:46:48 RAM 4381/7607MB (lfb 140x4MB) SWAP 1521/16384MB (cached 75MB) CPU [10%@729,4%@729,2%@729,1%@729,1%@729,1%@729] GR3D_FREQ 90% cpu@55.812C soc2@54.75C soc0@55.656C gpu@56.906C tj@56.906C soc1@55.156C VDD_IN 14199mW/10668mW VDD_CPU_GPU_CV 5904mW/3967mW VDD_SOC 3672mW/2631mW
08-11-2026 21:46:49 RAM 4385/7607MB (lfb 140x4MB) SWAP 1521/16384MB (cached 75MB) CPU [5%@729,9%@729,17%@729,6%@729,2%@729,2%@729] GR3D_FREQ 91% cpu@55.781C soc2@54.906C soc0@55.812C gpu@57.031C tj@57.031C soc1@55.125C VDD_IN 14334mW/10950mW VDD_CPU_GPU_CV 6022mW/4125mW VDD_SOC 3672mW/2711mW
08-11-2026 21:46:50 RAM 4387/7607MB (lfb 140x4MB) SWAP 1521/16384MB (cached 75MB) CPU [0%@729,1%@729,2%@729,1%@729,9%@729,1%@729] GR3D_FREQ 96% cpu@56.093C soc2@54.968C soc0@55.812C gpu@57.093C tj@57.093C soc1@55.343C VDD_IN 14001mW/11168mW VDD_CPU_GPU_CV 5785mW/4244mW VDD_SOC 3632mW/2777mW
08-11-2026 21:46:51 RAM 4389/7607MB (lfb 140x4MB) SWAP 1521/16384MB (cached 75MB) CPU [2%@729,1%@729,1%@729,1%@729,6%@729,1%@729] GR3D_FREQ 82% cpu@55.75C soc2@54.968C soc0@55.968C gpu@57.031C tj@57.031C soc1@55.156C VDD_IN 13764mW/11341mW VDD_CPU_GPU_CV 5637mW/4337mW VDD_SOC 3593mW/2832mW
08-11-2026 21:46:52 RAM 4390/7607MB (lfb 140x4MB) SWAP 1521/16384MB (cached 75MB) CPU [2%@729,1%@729,1%@729,0%@729,5%@729,5%@729] GR3D_FREQ 99% cpu@55.843C soc2@54.875C soc0@55.843C gpu@57C tj@57C soc1@55.281C VDD_IN 13764mW/11492mW VDD_CPU_GPU_CV 5716mW/4423mW VDD_SOC 3553mW/2877mW
08-11-2026 21:46:53 RAM 4392/7607MB (lfb 141x4MB) SWAP 1521/16384MB (cached 75MB) CPU [3%@729,1%@729,1%@729,2%@729,4%@729,2%@729] GR3D_FREQ 99% cpu@56.093C soc2@55.062C soc0@55.906C gpu@57.281C tj@57.281C soc1@55.281C VDD_IN 14120mW/11647mW VDD_CPU_GPU_CV 5864mW/4508mW VDD_SOC 3593mW/2919mW
08-11-2026 21:46:54 RAM 4394/7607MB (lfb 141x4MB) SWAP 1521/16384MB (cached 75MB) CPU [1%@729,2%@729,2%@729,2%@729,8%@729,0%@729] GR3D_FREQ 97% cpu@55.937C soc2@55.25C soc0@56C gpu@57.281C tj@57.281C soc1@55.5C VDD_IN 14334mW/11796mW VDD_CPU_GPU_CV 5982mW/4590mW VDD_SOC 3672mW/2961mW
08-11-2026 21:46:55 RAM 4396/7607MB (lfb 140x4MB) SWAP 1520/16384MB (cached 75MB) CPU [15%@729,6%@729,5%@729,8%@729,9%@729,2%@729] GR3D_FREQ 91% cpu@56.375C soc2@55.187C soc0@56.031C gpu@57.187C tj@57.187C soc1@55.562C VDD_IN 14255mW/11925mW VDD_CPU_GPU_CV 5982mW/4663mW VDD_SOC 3672mW/2998mW
08-11-2026 21:46:56 RAM 4398/7607MB (lfb 140x4MB) SWAP 1520/16384MB (cached 75MB) CPU [3%@729,1%@729,0%@729,1%@729,8%@729,0%@729] GR3D_FREQ 91% cpu@56.156C soc2@55.187C soc0@56.343C gpu@57.156C tj@57.156C soc1@55.5C VDD_IN 14120mW/12035mW VDD_CPU_GPU_CV 5825mW/4721mW VDD_SOC 3632mW/3030mW
08-11-2026 21:46:57 RAM 4400/7607MB (lfb 141x4MB) SWAP 1520/16384MB (cached 75MB) CPU [0%@729,1%@729,0%@729,1%@729,9%@729,1%@729] GR3D_FREQ 99% cpu@56.218C soc2@55.312C soc0@56.125C gpu@57.187C tj@57.187C soc1@55.625C VDD_IN 14001mW/12129mW VDD_CPU_GPU_CV 5746mW/4770mW VDD_SOC 3632mW/3058mW
08-11-2026 21:46:58 RAM 4402/7607MB (lfb 141x4MB) SWAP 1520/16384MB (cached 75MB) CPU [3%@729,1%@729,2%@729,1%@1344,9%@729,1%@729] GR3D_FREQ 94% cpu@56.468C soc2@55.406C soc0@56.218C gpu@57.531C tj@57.531C soc1@55.625C VDD_IN 13922mW/12210mW VDD_CPU_GPU_CV 5746mW/4814mW VDD_SOC 3632mW/3085mW
08-11-2026 21:46:59 RAM 4404/7607MB (lfb 140x4MB) SWAP 1520/16384MB (cached 75MB) CPU [3%@729,1%@729,1%@729,0%@729,10%@729,0%@729] GR3D_FREQ 99% cpu@56.031C soc2@55.281C soc0@56.312C gpu@57.156C tj@57.156C soc1@55.781C VDD_IN 13645mW/12273mW VDD_CPU_GPU_CV 5598mW/4848mW VDD_SOC 3514mW/3103mW
08-11-2026 21:47:00 RAM 4405/7607MB (lfb 140x4MB) SWAP 1520/16384MB (cached 75MB) CPU [5%@960,3%@960,10%@960,6%@960,8%@729,3%@729] GR3D_FREQ 99% cpu@56.625C soc2@55.437C soc0@56.406C gpu@57.562C tj@57.562C soc1@55.843C VDD_IN 14159mW/12351mW VDD_CPU_GPU_CV 5982mW/4896mW VDD_SOC 3593mW/3124mW
08-11-2026 21:47:01 RAM 4408/7607MB (lfb 141x4MB) SWAP 1520/16384MB (cached 75MB) CPU [3%@729,4%@729,3%@729,2%@729,5%@729,6%@729] GR3D_FREQ 98% cpu@56.531C soc2@55.437C soc0@56.562C gpu@57.625C tj@57.625C soc1@55.781C VDD_IN 14294mW/12429mW VDD_CPU_GPU_CV 5943mW/4937mW VDD_SOC 3672mW/3146mW
08-11-2026 21:47:02 RAM 4409/7607MB (lfb 141x4MB) SWAP 1520/16384MB (cached 75MB) CPU [1%@729,0%@729,0%@729,2%@729,7%@729,0%@729] GR3D_FREQ 91% cpu@56.437C soc2@55.625C soc0@56.406C gpu@57.437C tj@57.437C soc1@55.843C VDD_IN 14238mW/12499mW VDD_CPU_GPU_CV 5943mW/4976mW VDD_SOC 3672mW/3166mW
08-11-2026 21:47:03 RAM 4411/7607MB (lfb 140x4MB) SWAP 1520/16384MB (cached 75MB) CPU [1%@729,1%@729,3%@729,2%@729,9%@729,0%@729] GR3D_FREQ 91% cpu@56.718C soc2@55.562C soc0@56.5C gpu@57.343C tj@57.343C soc1@55.875C VDD_IN 14159mW/12560mW VDD_CPU_GPU_CV 5904mW/5010mW VDD_SOC 3672mW/3185mW
08-11-2026 21:47:04 RAM 4413/7607MB (lfb 140x4MB) SWAP 1520/16384MB (cached 75MB) CPU [1%@729,3%@729,1%@729,2%@729,8%@729,0%@729] GR3D_FREQ 99% cpu@56.468C soc2@55.687C soc0@56.5C gpu@57.75C tj@57.75C soc1@56C VDD_IN 14080mW/12614mW VDD_CPU_GPU_CV 5825mW/5040mW VDD_SOC 3632mW/3201mW
08-11-2026 21:47:06 RAM 4415/7607MB (lfb 140x4MB) SWAP 1520/16384MB (cached 75MB) CPU [3%@1190,2%@1190,1%@1190,1%@1190,1%@729,9%@729] GR3D_FREQ 97% cpu@56.593C soc2@55.687C soc0@56.75C gpu@57.593C tj@57.593C soc1@55.843C VDD_IN 13803mW/12655mW VDD_CPU_GPU_CV 5667mW/5061mW VDD_SOC 3593mW/3214mW
08-11-2026 21:47:07 RAM 4417/7607MB (lfb 141x4MB) SWAP 1519/16384MB (cached 74MB) CPU [6%@1344,7%@1344,6%@1344,10%@1344,10%@729,2%@729] GR3D_FREQ 99% cpu@56.687C soc2@55.812C soc0@56.625C gpu@57.093C tj@57.093C soc1@55.968C VDD_IN 13843mW/12695mW VDD_CPU_GPU_CV 5746mW/5084mW VDD_SOC 3553mW/3225mW
08-11-2026 21:47:08 RAM 4418/7607MB (lfb 141x4MB) SWAP 1519/16384MB (cached 74MB) CPU [1%@729,1%@729,2%@729,2%@729,0%@729,6%@729] GR3D_FREQ 99% cpu@56.875C soc2@55.843C soc0@56.75C gpu@57.593C tj@57.593C soc1@56.125C VDD_IN 14040mW/12738mW VDD_CPU_GPU_CV 5825mW/5108mW VDD_SOC 3593mW/3237mW
08-11-2026 21:47:09 RAM 4420/7607MB (lfb 140x4MB) SWAP 1519/16384MB (cached 74MB) CPU [4%@1036,0%@1036,3%@1036,2%@1036,0%@729,11%@729] GR3D_FREQ 97% cpu@56.75C soc2@55.906C soc0@56.875C gpu@57.968C tj@57.968C soc1@56.031C VDD_IN 14294mW/12787mW VDD_CPU_GPU_CV 5943mW/5134mW VDD_SOC 3672mW/3251mW
08-11-2026 21:47:10 RAM 4421/7607MB (lfb 140x4MB) SWAP 1519/16384MB (cached 74MB) CPU [2%@1344,1%@1344,1%@1344,3%@1344,0%@729,7%@729] GR3D_FREQ 94% cpu@57.062C soc2@55.906C soc0@56.781C gpu@57.906C tj@57.906C soc1@56.031C VDD_IN 14136mW/12828mW VDD_CPU_GPU_CV 5904mW/5157mW VDD_SOC 3632mW/3262mW
08-11-2026 21:47:11 RAM 4423/7607MB (lfb 141x4MB) SWAP 1519/16384MB (cached 74MB) CPU [2%@729,1%@729,6%@729,2%@729,0%@729,9%@729] GR3D_FREQ 91% cpu@57.343C soc2@55.968C soc0@56.812C gpu@57.656C tj@57.656C soc1@56.218C VDD_IN 14080mW/12865mW VDD_CPU_GPU_CV 5864mW/5178mW VDD_SOC 3632mW/3273mW
08-11-2026 21:47:12 RAM 4425/7607MB (lfb 141x4MB) SWAP 1519/16384MB (cached 74MB) CPU [2%@729,1%@729,2%@729,1%@729,0%@729,9%@729] GR3D_FREQ 96% cpu@56.937C soc2@56.031C soc0@56.875C gpu@57.781C tj@57.781C soc1@56.25C VDD_IN 13961mW/12896mW VDD_CPU_GPU_CV 5746mW/5194mW VDD_SOC 3632mW/3283mW
08-11-2026 21:47:13 RAM 4427/7607MB (lfb 140x4MB) SWAP 1519/16384MB (cached 74MB) CPU [10%@1344,5%@1344,10%@1344,14%@1344,0%@729,1%@729] GR3D_FREQ 97% cpu@57.093C soc2@56.125C soc0@56.968C gpu@57.687C tj@57.687C soc1@56.218C VDD_IN 13843mW/12922mW VDD_CPU_GPU_CV 5746mW/5210mW VDD_SOC 3593mW/3292mW
08-11-2026 21:47:14 RAM 4427/7607MB (lfb 140x4MB) SWAP 1519/16384MB (cached 74MB) CPU [3%@1344,8%@1344,1%@1344,3%@1344,0%@729,0%@729] GR3D_FREQ 99% cpu@56.937C soc2@56.031C soc0@57.062C gpu@57.531C tj@57.531C soc1@56.25C VDD_IN 13724mW/12944mW VDD_CPU_GPU_CV 5677mW/5222mW VDD_SOC 3553mW/3299mW
08-11-2026 21:47:15 RAM 4428/7607MB (lfb 140x4MB) SWAP 1519/16384MB (cached 74MB) CPU [1%@729,2%@729,11%@729,1%@729,0%@729,0%@729] GR3D_FREQ 99% cpu@57.125C soc2@56.125C soc0@56.968C gpu@57.937C tj@57.937C soc1@56.343C VDD_IN 14080mW/12974mW VDD_CPU_GPU_CV 5864mW/5239mW VDD_SOC 3632mW/3308mW
08-11-2026 21:47:16 RAM 4428/7607MB (lfb 140x4MB) SWAP 1519/16384MB (cached 74MB) CPU [5%@729,6%@729,3%@729,2%@729,1%@729,0%@729] GR3D_FREQ 97% cpu@57.281C soc2@56.156C soc0@57.031C gpu@57.937C tj@57.937C soc1@56.375C VDD_IN 14215mW/13006mW VDD_CPU_GPU_CV 5904mW/5256mW VDD_SOC 3711mW/3318mW
08-11-2026 21:47:17 RAM 4428/7607MB (lfb 140x4MB) SWAP 1519/16384MB (cached 74MB) CPU [13%@729,1%@729,0%@729,1%@729,1%@729,1%@729] GR3D_FREQ 99% cpu@56.968C soc2@56.281C soc0@57.125C gpu@58.218C tj@58.218C soc1@56.5C VDD_IN 14040mW/13031mW VDD_CPU_GPU_CV 5825mW/5270mW VDD_SOC 3672mW/3327mW
08-11-2026 21:47:18 RAM 4434/7607MB (lfb 141x4MB) SWAP 1519/16384MB (cached 74MB) CPU [12%@729,7%@729,8%@729,13%@729,0%@729,1%@729] GR3D_FREQ 93% cpu@57.218C soc2@56.312C soc0@57.281C gpu@58.343C tj@58.343C soc1@56.343C VDD_IN 14199mW/13060mW VDD_CPU_GPU_CV 5943mW/5287mW VDD_SOC 3632mW/3334mW
08-11-2026 21:47:19 RAM 4436/7607MB (lfb 140x4MB) SWAP 1519/16384MB (cached 74MB) CPU [11%@729,1%@729,1%@729,2%@729,0%@729,1%@729] GR3D_FREQ 96% cpu@57.343C soc2@56.281C soc0@57.312C gpu@58.406C tj@58.406C soc1@56.5C VDD_IN 13922mW/13080mW VDD_CPU_GPU_CV 5707mW/5297mW VDD_SOC 3632mW/3342mW
08-11-2026 21:47:20 RAM 4437/7607MB (lfb 140x4MB) SWAP 1519/16384MB (cached 74MB) CPU [9%@729,1%@729,2%@729,2%@729,1%@729,1%@729] GR3D_FREQ 53% cpu@57.25C soc2@56.281C soc0@57.218C gpu@58.312C tj@58.312C soc1@56.593C VDD_IN 13724mW/13095mW VDD_CPU_GPU_CV 5637mW/5305mW VDD_SOC 3593mW/3347mW
08-11-2026 21:47:21 RAM 4439/7607MB (lfb 140x4MB) SWAP 1519/16384MB (cached 74MB) CPU [1%@729,1%@729,7%@729,1%@729,0%@729,0%@729] GR3D_FREQ 99% cpu@57.343C soc2@56.281C soc0@57.218C gpu@58.093C tj@58.093C soc1@56.625C VDD_IN 13764mW/13111mW VDD_CPU_GPU_CV 5677mW/5313mW VDD_SOC 3553mW/3352mW
08-11-2026 21:47:22 RAM 4441/7607MB (lfb 141x4MB) SWAP 1519/16384MB (cached 74MB) CPU [2%@729,3%@729,10%@729,2%@729,0%@729,0%@729] GR3D_FREQ 99% cpu@57.093C soc2@56.375C soc0@57.25C gpu@58.062C tj@58.062C soc1@56.75C VDD_IN 14040mW/13131mW VDD_CPU_GPU_CV 5864mW/5325mW VDD_SOC 3593mW/3357mW
08-11-2026 21:47:23 RAM 4442/7607MB (lfb 141x4MB) SWAP 1519/16384MB (cached 74MB) CPU [9%@729,2%@729,2%@729,2%@729,0%@729,0%@729] GR3D_FREQ 97% cpu@57.312C soc2@56.468C soc0@57.406C gpu@58.5C tj@58.5C soc1@56.531C VDD_IN 14255mW/13156mW VDD_CPU_GPU_CV 5943mW/5339mW VDD_SOC 3711mW/3365mW
08-11-2026 21:47:24 RAM 4521/7607MB (lfb 140x4MB) SWAP 1518/16384MB (cached 74MB) CPU [10%@729,9%@729,13%@729,9%@729,14%@729,8%@729] GR3D_FREQ 0% cpu@57.25C soc2@56.281C soc0@57.281C gpu@57.343C tj@57.406C soc1@56.593C VDD_IN 12062mW/13132mW VDD_CPU_GPU_CV 4620mW/5324mW VDD_SOC 3248mW/3363mW
08-11-2026 21:47:25 RAM 4787/7607MB (lfb 68x4MB) SWAP 1518/16384MB (cached 74MB) CPU [53%@1344,51%@1344,63%@1344,57%@1344,50%@1344,50%@1344] GR3D_FREQ 45% cpu@57.406C soc2@55.812C soc0@57.031C gpu@56.406C tj@57.5C soc1@56.5C VDD_IN 7974mW/13025mW VDD_CPU_GPU_CV 2587mW/5267mW VDD_SOC 1794mW/3330mW
08-11-2026 21:47:26 RAM 4952/7607MB (lfb 64x4MB) SWAP 1518/16384MB (cached 74MB) CPU [23%@729,30%@729,27%@729,26%@729,24%@729,24%@729] GR3D_FREQ 99% cpu@56.781C soc2@55.843C soc0@56.937C gpu@57.625C tj@57.625C soc1@56.5C VDD_IN 10651mW/12977mW VDD_CPU_GPU_CV 4278mW/5246mW VDD_SOC 2261mW/3308mW
08-11-2026 21:47:27 RAM 4952/7607MB (lfb 64x4MB) SWAP 1518/16384MB (cached 74MB) CPU [3%@729,7%@729,0%@729,3%@729,2%@729,0%@729] GR3D_FREQ 99% cpu@56.812C soc2@56.093C soc0@57.125C gpu@58.468C tj@58.468C soc1@56.375C VDD_IN 13447mW/12986mW VDD_CPU_GPU_CV 5716mW/5256mW VDD_SOC 3243mW/3307mW
08-11-2026 21:47:28 RAM 4952/7607MB (lfb 64x4MB) SWAP 1518/16384MB (cached 74MB) CPU [1%@729,6%@729,3%@729,1%@729,1%@729,0%@729] GR3D_FREQ 91% cpu@57.031C soc2@56.156C soc0@57.281C gpu@58C tj@58C soc1@56.531C VDD_IN 14001mW/13006mW VDD_CPU_GPU_CV 5904mW/5269mW VDD_SOC 3514mW/3311mW
08-11-2026 21:47:29 RAM 4955/7607MB (lfb 64x4MB) SWAP 1517/16384MB (cached 74MB) CPU [7%@1267,13%@1267,12%@1267,7%@1267,0%@729,0%@729] GR3D_FREQ 93% cpu@57.656C soc2@56.281C soc0@57.125C gpu@58.062C tj@58.062C soc1@56.562C VDD_IN 14373mW/13032mW VDD_CPU_GPU_CV 6100mW/5285mW VDD_SOC 3666mW/3318mW
08-11-2026 21:47:30 RAM 4957/7607MB (lfb 64x4MB) SWAP 1517/16384MB (cached 74MB) CPU [6%@729,6%@729,1%@729,8%@729,0%@729,1%@729] GR3D_FREQ 92% cpu@57.562C soc2@56.343C soc0@57.312C gpu@58.156C tj@58.156C soc1@56.593C VDD_IN 14136mW/13053mW VDD_CPU_GPU_CV 5904mW/5296mW VDD_SOC 3672mW/3324mW
08-11-2026 21:47:31 RAM 4957/7607MB (lfb 64x4MB) SWAP 1517/16384MB (cached 74MB) CPU [5%@729,2%@729,9%@729,0%@729,0%@729,0%@729] GR3D_FREQ 97% cpu@57.5C soc2@56.437C soc0@57.406C gpu@58.343C tj@58.343C soc1@56.75C VDD_IN 13922mW/13069mW VDD_CPU_GPU_CV 5746mW/5305mW VDD_SOC 3632mW/3330mW
08-11-2026 21:47:32 RAM 4958/7607MB (lfb 64x4MB) SWAP 1517/16384MB (cached 74MB) CPU [1%@729,7%@729,3%@729,2%@729,0%@729,0%@729] GR3D_FREQ 36% cpu@57.25C soc2@56.468C soc0@57.468C gpu@58.312C tj@58.312C soc1@56.937C VDD_IN 13684mW/13080mW VDD_CPU_GPU_CV 5598mW/5310mW VDD_SOC 3553mW/3334mW
08-11-2026 21:47:33 RAM 4960/7607MB (lfb 64x4MB) SWAP 1517/16384MB (cached 74MB) CPU [3%@729,1%@729,9%@729,0%@729,0%@729,0%@729] GR3D_FREQ 99% cpu@57.25C soc2@56.5C soc0@57.562C gpu@58.062C tj@58.062C soc1@56.687C VDD_IN 13764mW/13092mW VDD_CPU_GPU_CV 5677mW/5316mW VDD_SOC 3553mW/3338mW
08-11-2026 21:47:34 RAM 4962/7607MB (lfb 64x4MB) SWAP 1517/16384MB (cached 74MB) CPU [2%@729,7%@729,3%@729,4%@729,0%@729,0%@729] GR3D_FREQ 99% cpu@57.375C soc2@56.468C soc0@57.406C gpu@58.187C tj@58.187C soc1@56.718C VDD_IN 14001mW/13108mW VDD_CPU_GPU_CV 5864mW/5326mW VDD_SOC 3593mW/3343mW
08-11-2026 21:47:35 RAM 4966/7607MB (lfb 64x4MB) SWAP 1517/16384MB (cached 74MB) CPU [7%@729,10%@729,6%@729,17%@729,0%@729,0%@729] GR3D_FREQ 99% cpu@57.656C soc2@56.531C soc0@57.406C gpu@58.718C tj@58.718C soc1@56.843C VDD_IN 14334mW/13130mW VDD_CPU_GPU_CV 6022mW/5338mW VDD_SOC 3632mW/3348mW
08-11-2026 21:47:36 RAM 4967/7607MB (lfb 64x4MB) SWAP 1517/16384MB (cached 74MB) CPU [1%@729,2%@729,6%@729,2%@729,0%@729,0%@729] GR3D_FREQ 98% cpu@57.687C soc2@56.656C soc0@57.531C gpu@58.656C tj@58.531C soc1@56.875C VDD_IN 14334mW/13150mW VDD_CPU_GPU_CV 5982mW/5349mW VDD_SOC 3711mW/3354mW
08-11-2026 21:47:37 RAM 4969/7607MB (lfb 64x4MB) SWAP 1517/16384MB (cached 74MB) CPU [4%@729,4%@729,2%@729,5%@729,0%@729,0%@729] GR3D_FREQ 99% cpu@57.656C soc2@56.718C soc0@57.625C gpu@58.468C tj@58.468C soc1@56.75C VDD_IN 14176mW/13167mW VDD_CPU_GPU_CV 5943mW/5359mW VDD_SOC 3672mW/3359mW
08-11-2026 21:47:38 RAM 4970/7607MB (lfb 64x4MB) SWAP 1517/16384MB (cached 74MB) CPU [10%@729,2%@729,1%@729,2%@729,0%@729,1%@729] GR3D_FREQ 92% cpu@57.531C soc2@56.625C soc0@57.656C gpu@58.593C tj@58.593C soc1@56.843C VDD_IN 14080mW/13182mW VDD_CPU_GPU_CV 5864mW/5367mW VDD_SOC 3632mW/3363mW
08-11-2026 21:47:39 RAM 4971/7607MB (lfb 64x4MB) SWAP 1517/16384MB (cached 74MB) CPU [10%@729,0%@729,1%@729,3%@729,1%@729,1%@729] GR3D_FREQ 96% cpu@57.718C soc2@56.687C soc0@57.562C gpu@58.531C tj@58.531C soc1@56.875C VDD_IN 13961mW/13195mW VDD_CPU_GPU_CV 5746mW/5373mW VDD_SOC 3632mW/3368mW
08-11-2026 21:47:40 RAM 4973/7607MB (lfb 64x4MB) SWAP 1517/16384MB (cached 74MB) CPU [10%@729,1%@729,1%@729,5%@729,0%@729,0%@729] GR3D_FREQ 49% cpu@57.843C soc2@56.781C soc0@57.718C gpu@58.5C tj@58.5C soc1@57C VDD_IN 13724mW/13203mW VDD_CPU_GPU_CV 5677mW/5378mW VDD_SOC 3593mW/3371mW
08-11-2026 21:47:41 RAM 4979/7607MB (lfb 64x4MB) SWAP 1517/16384MB (cached 74MB) CPU [19%@729,9%@729,6%@729,6%@729,1%@729,1%@729] GR3D_FREQ 99% cpu@57.406C soc2@56.781C soc0@57.718C gpu@58.156C tj@58.156C soc1@57C VDD_IN 13724mW/13211mW VDD_CPU_GPU_CV 5716mW/5383mW VDD_SOC 3553mW/3374mW
08-11-2026 21:47:42 RAM 4979/7607MB (lfb 64x4MB) SWAP 1517/16384MB (cached 74MB) CPU [4%@729,5%@729,0%@729,1%@729,0%@729,1%@729] GR3D_FREQ 99% cpu@57.468C soc2@56.843C soc0@57.781C gpu@58.687C tj@58.687C soc1@56.937C VDD_IN 13961mW/13223mW VDD_CPU_GPU_CV 5825mW/5390mW VDD_SOC 3593mW/3378mW
08-11-2026 21:47:43 RAM 4981/7607MB (lfb 64x4MB) SWAP 1517/16384MB (cached 74MB) CPU [5%@729,5%@729,3%@729,2%@729,1%@729,1%@729] GR3D_FREQ 99% cpu@57.625C soc2@56.812C soc0@57.687C gpu@59.031C tj@59.031C soc1@56.906C VDD_IN 14255mW/13238mW VDD_CPU_GPU_CV 5982mW/5399mW VDD_SOC 3672mW/3382mW
08-11-2026 21:47:44 RAM 4987/7607MB (lfb 64x4MB) SWAP 1513/16384MB (cached 76MB) CPU [22%@729,9%@729,7%@729,6%@729,11%@729,0%@729] GR3D_FREQ 98% cpu@58C soc2@56.875C soc0@57.687C gpu@59.125C tj@59.125C soc1@57.031C VDD_IN 14531mW/13258mW VDD_CPU_GPU_CV 6061mW/5409mW VDD_SOC 3745mW/3387mW
08-11-2026 21:47:45 RAM 4988/7607MB (lfb 64x4MB) SWAP 1513/16384MB (cached 77MB) CPU [3%@729,10%@729,3%@729,2%@729,0%@729,1%@729] GR3D_FREQ 92% cpu@58.062C soc2@56.781C soc0@57.875C gpu@59.031C tj@59.031C soc1@57.125C VDD_IN 14215mW/13272mW VDD_CPU_GPU_CV 5943mW/5417mW VDD_SOC 3672mW/3392mW
08-11-2026 21:47:46 RAM 4989/7607MB (lfb 64x4MB) SWAP 1512/16384MB (cached 77MB) CPU [13%@729,10%@729,5%@729,21%@729,1%@729,0%@729] GR3D_FREQ 91% cpu@57.812C soc2@57.093C soc0@57.812C gpu@59.093C tj@59.093C soc1@57.281C VDD_IN 14255mW/13286mW VDD_CPU_GPU_CV 6022mW/5426mW VDD_SOC 3672mW/3396mW
08-11-2026 21:47:47 RAM 4990/7607MB (lfb 64x4MB) SWAP 1511/16384MB (cached 77MB) CPU [8%@729,8%@729,2%@729,2%@729,0%@729,0%@729] GR3D_FREQ 96% cpu@57.781C soc2@57C soc0@58.031C gpu@58.906C tj@58.906C soc1@57.062C VDD_IN 14001mW/13296mW VDD_CPU_GPU_CV 5785mW/5431mW VDD_SOC 3632mW/3399mW
08-11-2026 21:47:48 RAM 4992/7607MB (lfb 64x4MB) SWAP 1511/16384MB (cached 77MB) CPU [6%@729,0%@729,0%@729,2%@729,1%@729,0%@729] GR3D_FREQ 59% cpu@58.062C soc2@56.906C soc0@57.812C gpu@58.812C tj@58.812C soc1@57.187C VDD_IN 13843mW/13304mW VDD_CPU_GPU_CV 5707mW/5435mW VDD_SOC 3593mW/3402mW
08-11-2026 21:47:49 RAM 4994/7607MB (lfb 64x4MB) SWAP 1511/16384MB (cached 77MB) CPU [3%@729,10%@729,1%@729,1%@729,1%@729,1%@729] GR3D_FREQ 99% cpu@57.843C soc2@57C soc0@57.875C gpu@58.531C tj@58.531C soc1@57.218C VDD_IN 13724mW/13310mW VDD_CPU_GPU_CV 5677mW/5438mW VDD_SOC 3553mW/3404mW
08-11-2026 21:47:50 RAM 4995/7607MB (lfb 64x4MB) SWAP 1511/16384MB (cached 77MB) CPU [9%@729,1%@729,2%@729,2%@729,1%@729,0%@729] GR3D_FREQ 99% cpu@58.156C soc2@57C soc0@57.843C gpu@58.875C tj@58.875C soc1@57.343C VDD_IN 14040mW/13320mW VDD_CPU_GPU_CV 5864mW/5444mW VDD_SOC 3593mW/3407mW
08-11-2026 21:47:51 RAM 4997/7607MB (lfb 64x4MB) SWAP 1511/16384MB (cached 77MB) CPU [8%@729,1%@729,3%@729,1%@729,1%@729,0%@729] GR3D_FREQ 99% cpu@57.781C soc2@57.093C soc0@58.031C gpu@59.093C tj@59.375C soc1@57.406C VDD_IN 14255mW/13332mW VDD_CPU_GPU_CV 5982mW/5451mW VDD_SOC 3672mW/3410mW
08-11-2026 21:47:52 RAM 5000/7607MB (lfb 64x4MB) SWAP 1511/16384MB (cached 77MB) CPU [11%@729,9%@729,12%@729,7%@729,0%@729,0%@729] GR3D_FREQ 99% cpu@58.093C soc2@57.125C soc0@58.062C gpu@59.375C tj@59.375C soc1@57.187C VDD_IN 14413mW/13347mW VDD_CPU_GPU_CV 6022mW/5459mW VDD_SOC 3745mW/3415mW
08-11-2026 21:47:53 RAM 5002/7607MB (lfb 64x4MB) SWAP 1511/16384MB (cached 77MB) CPU [6%@1344,7%@1344,1%@1344,2%@1344,1%@729,0%@729] GR3D_FREQ 91% cpu@58.187C soc2@57.218C soc0@58.031C gpu@58.875C tj@58.875C soc1@57.218C VDD_IN 14199mW/13358mW VDD_CPU_GPU_CV 5904mW/5465mW VDD_SOC 3672mW/3418mW
08-11-2026 21:47:54 RAM 5004/7607MB (lfb 64x4MB) SWAP 1511/16384MB (cached 77MB) CPU [8%@729,2%@729,1%@729,1%@729,1%@729,0%@729] GR3D_FREQ 91% cpu@58.218C soc2@57.25C soc0@57.968C gpu@58.937C tj@58.937C soc1@57.468C VDD_IN 14080mW/13367mW VDD_CPU_GPU_CV 5825mW/5469mW VDD_SOC 3672mW/3421mW
08-11-2026 21:47:55 RAM 5006/7607MB (lfb 64x4MB) SWAP 1511/16384MB (cached 77MB) CPU [7%@729,2%@729,1%@729,1%@729,1%@729,2%@729] GR3D_FREQ 97% cpu@58.375C soc2@57.187C soc0@58.187C gpu@58.875C tj@58.875C soc1@57.437C VDD_IN 13961mW/13375mW VDD_CPU_GPU_CV 5746mW/5473mW VDD_SOC 3632mW/3424mW
08-11-2026 21:47:56 RAM 5007/7607MB (lfb 64x4MB) SWAP 1511/16384MB (cached 77MB) CPU [9%@729,2%@729,2%@729,2%@729,0%@729,2%@729] GR3D_FREQ 60% cpu@57.968C soc2@57.187C soc0@58.25C gpu@58.875C tj@58.875C soc1@57.312C VDD_IN 13843mW/13381mW VDD_CPU_GPU_CV 5707mW/5476mW VDD_SOC 3593mW/3426mW
08-11-2026 21:47:57 RAM 5012/7607MB (lfb 64x4MB) SWAP 1510/16384MB (cached 77MB) CPU [9%@729,10%@729,12%@729,3%@729,1%@729,0%@729] GR3D_FREQ 99% cpu@57.937C soc2@57.218C soc0@58.031C gpu@58.75C tj@58.75C soc1@57.312C VDD_IN 13961mW/13388mW VDD_CPU_GPU_CV 5904mW/5481mW VDD_SOC 3553mW/3428mW
08-11-2026 21:47:58 RAM 5013/7607MB (lfb 64x4MB) SWAP 1510/16384MB (cached 77MB) CPU [1%@729,2%@729,10%@729,2%@729,0%@729,0%@729] GR3D_FREQ 99% cpu@58.218C soc2@57.125C soc0@58.125C gpu@59C tj@59C soc1@57.406C VDD_IN 14080mW/13397mW VDD_CPU_GPU_CV 5864mW/5486mW VDD_SOC 3593mW/3430mW
08-11-2026 21:47:59 RAM 5015/7607MB (lfb 64x4MB) SWAP 1510/16384MB (cached 77MB) CPU [1%@729,3%@729,9%@729,1%@729,0%@729,1%@729] GR3D_FREQ 96% cpu@58.156C soc2@57.25C soc0@58.125C gpu@59.406C tj@59.406C soc1@57.468C VDD_IN 14294mW/13408mW VDD_CPU_GPU_CV 5904mW/5491mW VDD_SOC 3711mW/3433mW
08-11-2026 21:48:00 RAM 5015/7607MB (lfb 64x4MB) SWAP 1510/16384MB (cached 77MB) CPU [4%@729,6%@729,2%@729,3%@729,1%@729,0%@729] GR3D_FREQ 91% cpu@58.375C soc2@57.343C soc0@58.25C gpu@59.312C tj@59.312C soc1@57.562C VDD_IN 14215mW/13417mW VDD_CPU_GPU_CV 5943mW/5496mW VDD_SOC 3672mW/3436mW
08-11-2026 21:48:01 RAM 5016/7607MB (lfb 64x4MB) SWAP 1510/16384MB (cached 77MB) CPU [4%@729,1%@729,8%@729,2%@729,0%@729,0%@729] GR3D_FREQ 91% cpu@58.125C soc2@57.312C soc0@58.25C gpu@59.218C tj@59.218C soc1@57.406C VDD_IN 14120mW/13426mW VDD_CPU_GPU_CV 5864mW/5501mW VDD_SOC 3672mW/3439mW
08-11-2026 21:48:02 RAM 5017/7607MB (lfb 64x4MB) SWAP 1510/16384MB (cached 77MB) CPU [10%@729,1%@729,1%@729,2%@729,0%@729,0%@729] GR3D_FREQ 99% cpu@58.25C soc2@57.218C soc0@58.25C gpu@59.343C tj@59.031C soc1@57.468C VDD_IN 14040mW/13433mW VDD_CPU_GPU_CV 5785mW/5504mW VDD_SOC 3632mW/3441mW
08-11-2026 21:48:03 RAM 5019/7607MB (lfb 64x4MB) SWAP 1510/16384MB (cached 77MB) CPU [5%@729,14%@729,8%@729,15%@729,0%@729,0%@729] GR3D_FREQ 98% cpu@58.406C soc2@57.25C soc0@58.093C gpu@59C tj@59C soc1@57.468C VDD_IN 14001mW/13440mW VDD_CPU_GPU_CV 5785mW/5507mW VDD_SOC 3632mW/3443mW
08-11-2026 21:48:04 RAM 5021/7607MB (lfb 64x4MB) SWAP 1510/16384MB (cached 77MB) CPU [6%@1344,6%@1344,2%@1344,1%@1344,0%@729,0%@729] GR3D_FREQ 91% cpu@58.031C soc2@57.312C soc0@58.156C gpu@58.906C tj@58.906C soc1@57.531C VDD_IN 13764mW/13443mW VDD_CPU_GPU_CV 5637mW/5509mW VDD_SOC 3553mW/3445mW
08-11-2026 21:48:05 RAM 5023/7607MB (lfb 64x4MB) SWAP 1510/16384MB (cached 77MB) CPU [7%@729,4%@729,2%@729,2%@1344,0%@729,1%@729] GR3D_FREQ 99% cpu@58.343C soc2@57.25C soc0@58.281C gpu@58.781C tj@58.781C soc1@57.718C VDD_IN 13843mW/13448mW VDD_CPU_GPU_CV 5746mW/5512mW VDD_SOC 3553mW/3446mW
08-11-2026 21:48:06 RAM 5024/7607MB (lfb 64x4MB) SWAP 1510/16384MB (cached 77MB) CPU [9%@729,1%@729,1%@729,2%@729,0%@729,0%@729] GR3D_FREQ 99% cpu@58.093C soc2@57.281C soc0@58.312C gpu@59.375C tj@59.375C soc1@57.5C VDD_IN 14176mW/13456mW VDD_CPU_GPU_CV 5943mW/5516mW VDD_SOC 3632mW/3448mW
08-11-2026 21:48:07 RAM 5026/7607MB (lfb 64x4MB) SWAP 1510/16384MB (cached 77MB) CPU [8%@729,3%@729,2%@729,2%@729,0%@729,0%@729] GR3D_FREQ 96% cpu@58.281C soc2@57.343C soc0@58.187C gpu@59.531C tj@59.531C soc1@57.468C VDD_IN 14334mW/13466mW VDD_CPU_GPU_CV 5943mW/5521mW VDD_SOC 3711mW/3451mW
08-11-2026 21:48:08 RAM 5029/7607MB (lfb 64x4MB) SWAP 1509/16384MB (cached 77MB) CPU [4%@729,12%@729,3%@729,7%@729,0%@729,0%@729] GR3D_FREQ 94% cpu@58.562C soc2@57.312C soc0@58.218C gpu@59.437C tj@59.437C soc1@57.531C VDD_IN 14255mW/13474mW VDD_CPU_GPU_CV 5982mW/5526mW VDD_SOC 3672mW/3453mW
08-11-2026 21:48:09 RAM 5031/7607MB (lfb 64x4MB) SWAP 1509/16384MB (cached 77MB) CPU [7%@729,12%@729,10%@729,4%@729,0%@729,1%@729] GR3D_FREQ 89% cpu@58.156C soc2@57.375C soc0@58.25C gpu@59.468C tj@59.468C soc1@57.687C VDD_IN 14136mW/13482mW VDD_CPU_GPU_CV 5864mW/5530mW VDD_SOC 3672mW/3456mW
08-11-2026 21:48:10 RAM 5058/7607MB (lfb 64x4MB) SWAP 1509/16384MB (cached 77MB) CPU [20%@1344,23%@1344,21%@1344,17%@1344,10%@1344,10%@1344] GR3D_FREQ 0% cpu@58.218C soc2@56.968C soc0@58.187C gpu@57.5C tj@58.218C soc1@57.375C VDD_IN 8479mW/13428mW VDD_CPU_GPU_CV 2662mW/5499mW VDD_SOC 2149mW/3442mW
08-11-2026 21:48:11 RAM 5184/7607MB (lfb 64x4MB) SWAP 1509/16384MB (cached 77MB) CPU [61%@729,62%@729,61%@729,60%@729,62%@729,58%@729] GR3D_FREQ 98% cpu@57.75C soc2@56.687C soc0@57.843C gpu@58.312C tj@58.312C soc1@57.312C VDD_IN 10134mW/13393mW VDD_CPU_GPU_CV 3961mW/5483mW VDD_SOC 2106mW/3427mW
08-11-2026 21:48:12 RAM 5184/7607MB (lfb 64x4MB) SWAP 1509/16384MB (cached 77MB) CPU [1%@729,2%@729,2%@729,1%@729,5%@729,0%@729] GR3D_FREQ 99% cpu@58.093C soc2@56.937C soc0@57.906C gpu@58.5C tj@58.5C soc1@57.437C VDD_IN 13012mW/13389mW VDD_CPU_GPU_CV 5479mW/5483mW VDD_SOC 3124mW/3424mW
08-11-2026 21:48:13 RAM 5184/7607MB (lfb 64x4MB) SWAP 1509/16384MB (cached 77MB) CPU [2%@729,2%@729,1%@729,1%@729,2%@729,6%@729] GR3D_FREQ 98% cpu@58.125C soc2@57.093C soc0@58.093C gpu@59.062C tj@59.062C soc1@57.468C VDD_IN 13961mW/13395mW VDD_CPU_GPU_CV 5904mW/5487mW VDD_SOC 3514mW/3425mW
08-11-2026 21:48:14 RAM 5187/7607MB (lfb 64x4MB) SWAP 1509/16384MB (cached 77MB) CPU [5%@729,11%@729,7%@729,10%@729,4%@729,5%@729] GR3D_FREQ 98% cpu@58.062C soc2@57.25C soc0@58.156C gpu@59.062C tj@59.437C soc1@57.562C VDD_IN 14413mW/13405mW VDD_CPU_GPU_CV 6061mW/5493mW VDD_SOC 3705mW/3428mW
08-11-2026 21:48:15 RAM 5186/7607MB (lfb 64x4MB) SWAP 1509/16384MB (cached 77MB) CPU [1%@729,1%@729,2%@729,1%@729,9%@729,0%@729] GR3D_FREQ 91% cpu@58.031C soc2@57.218C soc0@58.25C gpu@59.468C tj@59.468C soc1@57.406C VDD_IN 14176mW/13413mW VDD_CPU_GPU_CV 5943mW/5498mW VDD_SOC 3672mW/3431mW
08-11-2026 21:48:16 RAM 5186/7607MB (lfb 64x4MB) SWAP 1509/16384MB (cached 77MB) CPU [1%@729,2%@729,1%@729,1%@729,9%@729,0%@729] GR3D_FREQ 91% cpu@58.187C soc2@57.218C soc0@58.187C gpu@59.5C tj@59.5C soc1@57.468C VDD_IN 14080mW/13420mW VDD_CPU_GPU_CV 5825mW/5501mW VDD_SOC 3672mW/3433mW
08-11-2026 21:48:17 RAM 5186/7607MB (lfb 64x4MB) SWAP 1509/16384MB (cached 77MB) CPU [2%@729,2%@729,1%@729,0%@729,7%@729,0%@729] GR3D_FREQ 96% cpu@58.5C soc2@57.25C soc0@58.093C gpu@59.468C tj@59.468C soc1@57.5C VDD_IN 14040mW/13426mW VDD_CPU_GPU_CV 5785mW/5504mW VDD_SOC 3632mW/3435mW
08-11-2026 21:48:18 RAM 5187/7607MB (lfb 64x4MB) SWAP 1509/16384MB (cached 77MB) CPU [1%@729,3%@729,1%@729,1%@729,9%@729,0%@729] GR3D_FREQ 68% cpu@57.968C soc2@57.25C soc0@58.218C gpu@58.781C tj@58.781C soc1@57.625C VDD_IN 13724mW/13429mW VDD_CPU_GPU_CV 5637mW/5505mW VDD_SOC 3553mW/3436mW
08-11-2026 21:48:19 RAM 5190/7607MB (lfb 64x4MB) SWAP 1508/16384MB (cached 78MB) CPU [3%@729,4%@729,1%@729,2%@729,3%@729,6%@729] GR3D_FREQ 99% cpu@57.968C soc2@57.25C soc0@58.25C gpu@58.656C tj@58.781C soc1@57.468C VDD_IN 13803mW/13433mW VDD_CPU_GPU_CV 5707mW/5507mW VDD_SOC 3553mW/3437mW
08-11-2026 21:48:20 RAM 5193/7607MB (lfb 64x4MB) SWAP 1507/16384MB (cached 78MB) CPU [9%@729,5%@729,9%@729,8%@729,0%@729,10%@729] GR3D_FREQ 99% cpu@58.125C soc2@57.25C soc0@58.218C gpu@59.156C tj@59.156C soc1@57.468C VDD_IN 14215mW/13440mW VDD_CPU_GPU_CV 5982mW/5512mW VDD_SOC 3632mW/3439mW
08-11-2026 21:48:21 RAM 5194/7607MB (lfb 64x4MB) SWAP 1507/16384MB (cached 78MB) CPU [3%@729,2%@729,2%@729,1%@729,0%@729,9%@729] GR3D_FREQ 97% cpu@58.406C soc2@57.437C soc0@58.25C gpu@59.343C tj@59.343C soc1@57.593C VDD_IN 14373mW/13449mW VDD_CPU_GPU_CV 5982mW/5516mW VDD_SOC 3745mW/3442mW
08-11-2026 21:48:22 RAM 5196/7607MB (lfb 64x4MB) SWAP 1507/16384MB (cached 78MB) CPU [1%@729,1%@729,3%@729,2%@729,9%@729,0%@729] GR3D_FREQ 92% cpu@58.531C soc2@57.312C soc0@58.25C gpu@59.343C tj@59.343C soc1@57.625C VDD_IN 14176mW/13456mW VDD_CPU_GPU_CV 5904mW/5520mW VDD_SOC 3672mW/3444mW
08-11-2026 21:48:23 RAM 5198/7607MB (lfb 64x4MB) SWAP 1507/16384MB (cached 78MB) CPU [3%@729,2%@729,2%@729,1%@729,9%@729,0%@729] GR3D_FREQ 91% cpu@58.218C soc2@57.343C soc0@58.25C gpu@59.375C tj@59.375C soc1@57.75C VDD_IN 14097mW/13462mW VDD_CPU_GPU_CV 5864mW/5523mW VDD_SOC 3672mW/3446mW
08-11-2026 21:48:24 RAM 5200/7607MB (lfb 64x4MB) SWAP 1507/16384MB (cached 78MB) CPU [1%@729,1%@729,2%@729,2%@729,5%@729,3%@729] GR3D_FREQ 96% cpu@58.218C soc2@57.375C soc0@58.406C gpu@59.062C tj@59.062C soc1@57.531C VDD_IN 14001mW/13467mW VDD_CPU_GPU_CV 5746mW/5525mW VDD_SOC 3632mW/3448mW
08-11-2026 21:48:25 RAM 5203/7607MB (lfb 64x4MB) SWAP 1507/16384MB (cached 78MB) CPU [4%@729,13%@729,8%@729,5%@729,8%@729,1%@729] GR3D_FREQ 52% cpu@58.562C soc2@57.343C soc0@58.218C gpu@59.031C tj@59.031C soc1@57.531C VDD_IN 14001mW/13472mW VDD_CPU_GPU_CV 5825mW/5528mW VDD_SOC 3593mW/3449mW
08-11-2026 21:48:26 RAM 5205/7607MB (lfb 64x4MB) SWAP 1507/16384MB (cached 78MB) CPU [1%@729,1%@729,1%@729,0%@729,0%@729,7%@729] GR3D_FREQ 99% cpu@58.218C soc2@57.343C soc0@58.25C gpu@58.875C tj@58.875C soc1@57.593C VDD_IN 13843mW/13476mW VDD_CPU_GPU_CV 5746mW/5530mW VDD_SOC 3553mW/3450mW
08-11-2026 21:48:27 RAM 5207/7607MB (lfb 64x4MB) SWAP 1507/16384MB (cached 78MB) CPU [3%@729,2%@729,1%@729,2%@729,0%@729,7%@729] GR3D_FREQ 99% cpu@58.531C soc2@57.375C soc0@58.343C gpu@59.125C tj@59.125C soc1@57.687C VDD_IN 14080mW/13481mW VDD_CPU_GPU_CV 5904mW/5533mW VDD_SOC 3632mW/3452mW
08-11-2026 21:48:28 RAM 5208/7607MB (lfb 64x4MB) SWAP 1507/16384MB (cached 78MB) CPU [1%@729,2%@729,1%@729,2%@729,0%@729,6%@729] GR3D_FREQ 98% cpu@58.218C soc2@57.468C soc0@58.375C gpu@59.437C tj@59.437C soc1@57.718C VDD_IN 14294mW/13488mW VDD_CPU_GPU_CV 5943mW/5537mW VDD_SOC 3711mW/3454mW
08-11-2026 21:48:29 RAM 5210/7607MB (lfb 64x4MB) SWAP 1507/16384MB (cached 78MB) CPU [2%@729,1%@729,1%@729,3%@729,0%@729,9%@729] GR3D_FREQ 91% cpu@58.375C soc2@57.562C soc0@58.468C gpu@59.343C tj@59.343C soc1@57.593C VDD_IN 14255mW/13495mW VDD_CPU_GPU_CV 5982mW/5541mW VDD_SOC 3711mW/3457mW
08-11-2026 21:48:30 RAM 5211/7607MB (lfb 64x4MB) SWAP 1507/16384MB (cached 78MB) CPU [4%@729,3%@729,5%@729,5%@729,1%@729,11%@729] GR3D_FREQ 90% cpu@58.562C soc2@57.593C soc0@58.375C gpu@59.468C tj@59.468C soc1@57.593C VDD_IN 14294mW/13502mW VDD_CPU_GPU_CV 5982mW/5545mW VDD_SOC 3672mW/3459mW
08-11-2026 21:48:31 RAM 5215/7607MB (lfb 64x4MB) SWAP 1506/16384MB (cached 78MB) CPU [8%@729,10%@729,11%@729,8%@729,2%@729,6%@729] GR3D_FREQ 99% cpu@58.437C soc2@57.5C soc0@58.406C gpu@59.5C tj@59.5C soc1@57.625C VDD_IN 14080mW/13507mW VDD_CPU_GPU_CV 5864mW/5548mW VDD_SOC 3632mW/3460mW
08-11-2026 21:48:32 RAM 5216/7607MB (lfb 64x4MB) SWAP 1506/16384MB (cached 78MB) CPU [6%@729,6%@729,2%@729,2%@729,0%@729,0%@729] GR3D_FREQ 98% cpu@58.593C soc2@57.5C soc0@58.5C gpu@59.531C tj@59.531C soc1@57.75C VDD_IN 13882mW/13511mW VDD_CPU_GPU_CV 5707mW/5549mW VDD_SOC 3632mW/3462mW
08-11-2026 21:48:33 RAM 5218/7607MB (lfb 64x4MB) SWAP 1506/16384MB (cached 78MB) CPU [1%@729,10%@729,2%@729,2%@729,0%@729,0%@729] GR3D_FREQ 99% cpu@58.281C soc2@57.5C soc0@58.5C gpu@59.125C tj@59.125C soc1@57.656C VDD_IN 13684mW/13512mW VDD_CPU_GPU_CV 5637mW/5550mW VDD_SOC 3553mW/3462mW
08-11-2026 21:48:34 RAM 5219/7607MB (lfb 64x4MB) SWAP 1506/16384MB (cached 78MB) CPU [3%@729,5%@729,1%@729,2%@729,0%@729,0%@729] GR3D_FREQ 98% cpu@58.343C soc2@57.562C soc0@58.375C gpu@59.031C tj@59.031C soc1@57.656C VDD_IN 13961mW/13516mW VDD_CPU_GPU_CV 5785mW/5552mW VDD_SOC 3593mW/3464mW
08-11-2026 21:48:35 RAM 5219/7607MB (lfb 64x4MB) SWAP 1506/16384MB (cached 78MB) CPU [3%@729,2%@729,2%@729,8%@729,0%@729,0%@729] GR3D_FREQ 99% cpu@58.593C soc2@57.437C soc0@58.375C gpu@59.468C tj@59.468C soc1@57.781C VDD_IN 14176mW/13522mW VDD_CPU_GPU_CV 5943mW/5555mW VDD_SOC 3632mW/3465mW
08-11-2026 21:48:36 RAM 5223/7607MB (lfb 64x4MB) SWAP 1506/16384MB (cached 78MB) CPU [3%@883,16%@883,3%@883,7%@883,1%@729,0%@729] GR3D_FREQ 96% cpu@58.656C soc2@57.625C soc0@58.5C gpu@59.562C tj@59.562C soc1@57.75C VDD_IN 14571mW/13530mW VDD_CPU_GPU_CV 6100mW/5560mW VDD_SOC 3745mW/3467mW
08-11-2026 21:48:37 RAM 5225/7607MB (lfb 64x4MB) SWAP 1506/16384MB (cached 78MB) CPU [2%@729,15%@729,4%@729,5%@729,0%@729,0%@729] GR3D_FREQ 91% cpu@58.687C soc2@57.562C soc0@58.5C gpu@59.468C tj@59.468C soc1@57.812C VDD_IN 14255mW/13536mW VDD_CPU_GPU_CV 5982mW/5563mW VDD_SOC 3711mW/3469mW
08-11-2026 21:48:38 RAM 5226/7607MB (lfb 64x4MB) SWAP 1506/16384MB (cached 78MB) CPU [2%@729,5%@729,6%@729,2%@729,0%@729,0%@729] GR3D_FREQ 91% cpu@58.468C soc2@57.75C soc0@58.531C gpu@59.468C tj@59.468C soc1@57.687C VDD_IN 14097mW/13541mW VDD_CPU_GPU_CV 5864mW/5566mW VDD_SOC 3672mW/3471mW
08-11-2026 21:48:39 RAM 5227/7607MB (lfb 64x4MB) SWAP 1506/16384MB (cached 78MB) CPU [2%@729,5%@729,7%@729,2%@729,0%@729,0%@729] GR3D_FREQ 99% cpu@58.468C soc2@57.531C soc0@58.5C gpu@59.406C tj@59.406C soc1@57.718C VDD_IN 14120mW/13546mW VDD_CPU_GPU_CV 5825mW/5568mW VDD_SOC 3672mW/3473mW
08-11-2026 21:48:40 RAM 5229/7607MB (lfb 64x4MB) SWAP 1506/16384MB (cached 78MB) CPU [1%@729,4%@729,7%@729,2%@729,0%@729,0%@729] GR3D_FREQ 98% cpu@58.687C soc2@57.593C soc0@58.437C gpu@59.781C tj@59.781C soc1@57.812C VDD_IN 13922mW/13549mW VDD_CPU_GPU_CV 5707mW/5569mW VDD_SOC 3632mW/3474mW
08-11-2026 21:48:41 RAM 5231/7607MB (lfb 64x4MB) SWAP 1506/16384MB (cached 78MB) CPU [2%@729,2%@729,9%@729,1%@729,0%@729,0%@729] GR3D_FREQ 99% cpu@58.437C soc2@57.593C soc0@58.562C gpu@59.312C tj@59.312C soc1@57.843C VDD_IN 13684mW/13550mW VDD_CPU_GPU_CV 5637mW/5570mW VDD_SOC 3553mW/3475mW
08-11-2026 21:48:42 RAM 5233/7607MB (lfb 64x4MB) SWAP 1505/16384MB (cached 78MB) CPU [9%@729,18%@729,8%@729,7%@729,0%@729,0%@729] GR3D_FREQ 99% cpu@58.656C soc2@57.656C soc0@58.656C gpu@59.031C tj@59.031C soc1@57.875C VDD_IN 14080mW/13554mW VDD_CPU_GPU_CV 5904mW/5572mW VDD_SOC 3593mW/3476mW
08-11-2026 21:48:43 RAM 5234/7607MB (lfb 64x4MB) SWAP 1505/16384MB (cached 78MB) CPU [11%@729,2%@729,1%@729,1%@729,0%@729,1%@729] GR3D_FREQ 98% cpu@58.5C soc2@57.656C soc0@58.718C gpu@59.531C tj@59.531C soc1@57.843C VDD_IN 14255mW/13560mW VDD_CPU_GPU_CV 5943mW/5575mW VDD_SOC 3672mW/3477mW
08-11-2026 21:48:44 RAM 5235/7607MB (lfb 64x4MB) SWAP 1505/16384MB (cached 78MB) CPU [8%@729,4%@729,2%@729,2%@729,0%@729,0%@729] GR3D_FREQ 98% cpu@58.562C soc2@57.687C soc0@58.468C gpu@59.593C tj@59.593C soc1@57.812C VDD_IN 14334mW/13566mW VDD_CPU_GPU_CV 5943mW/5578mW VDD_SOC 3751mW/3479mW
08-11-2026 21:48:45 RAM 5236/7607MB (lfb 64x4MB) SWAP 1505/16384MB (cached 78MB) CPU [2%@729,4%@729,7%@729,2%@729,0%@729,1%@729] GR3D_FREQ 90% cpu@58.718C soc2@57.75C soc0@58.718C gpu@59.687C tj@59.687C soc1@57.843C VDD_IN 14176mW/13571mW VDD_CPU_GPU_CV 5904mW/5581mW VDD_SOC 3672mW/3481mW
08-11-2026 21:48:46 RAM 5237/7607MB (lfb 64x4MB) SWAP 1505/16384MB (cached 78MB) CPU [2%@729,2%@729,8%@729,2%@729,0%@729,1%@729] GR3D_FREQ 94% cpu@58.531C soc2@57.75C soc0@58.625C gpu@59.656C tj@59.656C soc1@57.937C VDD_IN 14080mW/13575mW VDD_CPU_GPU_CV 5825mW/5583mW VDD_SOC 3632mW/3482mW
08-11-2026 21:48:47 RAM 5240/7607MB (lfb 64x4MB) SWAP 1505/16384MB (cached 78MB) CPU [3%@729,1%@729,8%@729,1%@729,0%@729,1%@729] GR3D_FREQ 98% cpu@58.562C soc2@57.75C soc0@58.718C gpu@59.5C tj@59.5C soc1@58C VDD_IN 14001mW/13578mW VDD_CPU_GPU_CV 5746mW/5584mW VDD_SOC 3632mW/3483mW
08-11-2026 21:48:48 RAM 5244/7607MB (lfb 64x4MB) SWAP 1505/16384MB (cached 77MB) CPU [7%@729,18%@729,7%@729,11%@729,0%@729,0%@729] GR3D_FREQ 68% cpu@58.656C soc2@57.75C soc0@58.687C gpu@59.5C tj@59.5C soc1@57.906C VDD_IN 13843mW/13580mW VDD_CPU_GPU_CV 5746mW/5585mW VDD_SOC 3593mW/3484mW
08-11-2026 21:48:49 RAM 5245/7607MB (lfb 64x4MB) SWAP 1505/16384MB (cached 77MB) CPU [4%@729,3%@729,9%@729,2%@729,1%@729,0%@729] GR3D_FREQ 98% cpu@58.75C soc2@57.687C soc0@58.625C gpu@59.156C tj@59.156C soc1@57.906C VDD_IN 13882mW/13582mW VDD_CPU_GPU_CV 5746mW/5586mW VDD_SOC 3553mW/3484mW
08-11-2026 21:48:50 RAM 5246/7607MB (lfb 64x4MB) SWAP 1505/16384MB (cached 77MB) CPU [1%@729,2%@729,9%@729,2%@729,0%@729,1%@729] GR3D_FREQ 99% cpu@58.687C soc2@57.687C soc0@58.687C gpu@59.562C tj@59.562C soc1@57.968C VDD_IN 14136mW/13586mW VDD_CPU_GPU_CV 5904mW/5589mW VDD_SOC 3632mW/3486mW
08-11-2026 21:48:51 RAM 5248/7607MB (lfb 64x4MB) SWAP 1505/16384MB (cached 77MB) CPU [2%@729,2%@729,4%@729,5%@729,0%@729,0%@729] GR3D_FREQ 92% cpu@58.531C soc2@57.843C soc0@58.75C gpu@59.687C tj@59.687C soc1@58.031C VDD_IN 14413mW/13592mW VDD_CPU_GPU_CV 5982mW/5592mW VDD_SOC 3705mW/3487mW
08-11-2026 21:48:52 RAM 5248/7607MB (lfb 64x4MB) SWAP 1505/16384MB (cached 77MB) CPU [5%@1113,9%@1113,8%@1113,8%@1113,2%@729,3%@729] GR3D_FREQ 0% cpu@58.562C soc2@57.781C soc0@58.812C gpu@58.5C tj@58.812C soc1@57.906C VDD_IN 12043mW/13581mW VDD_CPU_GPU_CV 4541mW/5584mW VDD_SOC 3288mW/3486mW
08-11-2026 21:48:53 RAM 5297/7607MB (lfb 47x4MB) SWAP 1504/16384MB (cached 77MB) CPU [64%@1344,73%@1344,66%@1344,62%@1344,62%@1344,61%@1344] GR3D_FREQ 0% cpu@58.75C soc2@57.25C soc0@58.218C gpu@57.75C tj@58.75C soc1@57.718C VDD_IN 8173mW/13541mW VDD_CPU_GPU_CV 2706mW/5563mW VDD_SOC 1794mW/3473mW
08-11-2026 21:48:54 RAM 5308/7607MB (lfb 48x4MB) SWAP 1504/16384MB (cached 77MB) CPU [13%@729,22%@729,15%@729,13%@729,12%@729,14%@729] GR3D_FREQ 99% cpu@58.375C soc2@57.281C soc0@58.25C gpu@59.281C tj@59.281C soc1@57.781C VDD_IN 12280mW/13532mW VDD_CPU_GPU_CV 5172mW/5560mW VDD_SOC 2773mW/3468mW
08-11-2026 21:48:55 RAM 5308/7607MB (lfb 48x4MB) SWAP 1504/16384MB (cached 77MB) CPU [4%@729,7%@729,4%@729,0%@729,0%@729,0%@729] GR3D_FREQ 99% cpu@58.562C soc2@57.531C soc0@58.5C gpu@59.562C tj@59.562C soc1@57.843C VDD_IN 13566mW/13532mW VDD_CPU_GPU_CV 5755mW/5561mW VDD_SOC 3277mW/3467mW
08-11-2026 21:48:56 RAM 5308/7607MB (lfb 48x4MB) SWAP 1504/16384MB (cached 77MB) CPU [4%@729,5%@729,3%@729,1%@729,0%@729,1%@729] GR3D_FREQ 91% cpu@58.343C soc2@57.5C soc0@58.5C gpu@59.625C tj@59.625C soc1@57.937C VDD_IN 14040mW/13536mW VDD_CPU_GPU_CV 5864mW/5563mW VDD_SOC 3593mW/3468mW
08-11-2026 21:48:57 RAM 5308/7607MB (lfb 48x4MB) SWAP 1504/16384MB (cached 77MB) CPU [5%@729,6%@729,1%@729,1%@729,2%@729,1%@729] GR3D_FREQ 96% cpu@58.468C soc2@57.593C soc0@58.593C gpu@59.406C tj@59.406C soc1@57.718C VDD_IN 14040mW/13540mW VDD_CPU_GPU_CV 5825mW/5565mW VDD_SOC 3672mW/3469mW
08-11-2026 21:48:58 RAM 5308/7607MB (lfb 48x4MB) SWAP 1504/16384MB (cached 77MB) CPU [2%@729,11%@729,1%@729,1%@729,0%@729,1%@729] GR3D_FREQ 96% cpu@58.625C soc2@57.687C soc0@58.562C gpu@59.406C tj@59.406C soc1@57.875C VDD_IN 13922mW/13542mW VDD_CPU_GPU_CV 5746mW/5566mW VDD_SOC 3632mW/3470mW
08-11-2026 21:48:59 RAM 5310/7607MB (lfb 48x4MB) SWAP 1504/16384MB (cached 77MB) CPU [13%@729,10%@729,10%@729,7%@729,3%@729,0%@729] GR3D_FREQ 99% cpu@59.062C soc2@57.687C soc0@58.625C gpu@59C tj@59.062C soc1@57.937C VDD_IN 13803mW/13544mW VDD_CPU_GPU_CV 5746mW/5568mW VDD_SOC 3553mW/3471mW
08-11-2026 21:49:00 RAM 5310/7607MB (lfb 48x4MB) SWAP 1504/16384MB (cached 77MB) CPU [0%@729,6%@729,5%@729,4%@729,1%@729,0%@729] GR3D_FREQ 99% cpu@58.343C soc2@57.687C soc0@58.656C gpu@59.281C tj@59.281C soc1@57.843C VDD_IN 14001mW/13547mW VDD_CPU_GPU_CV 5825mW/5570mW VDD_SOC 3593mW/3472mW
08-11-2026 21:49:01 RAM 5311/7607MB (lfb 48x4MB) SWAP 1504/16384MB (cached 77MB) CPU [2%@729,3%@729,2%@729,7%@729,0%@729,0%@729] GR3D_FREQ 99% cpu@58.468C soc2@57.75C soc0@58.718C gpu@59.687C tj@59.687C soc1@57.781C VDD_IN 14294mW/13552mW VDD_CPU_GPU_CV 6022mW/5573mW VDD_SOC 3672mW/3473mW
08-11-2026 21:49:02 RAM 5311/7607MB (lfb 48x4MB) SWAP 1504/16384MB (cached 78MB) CPU [1%@729,4%@729,5%@729,4%@729,1%@729,0%@729] GR3D_FREQ 97% cpu@58.718C soc2@57.75C soc0@58.562C gpu@59.937C tj@59.937C soc1@57.968C VDD_IN 14413mW/13558mW VDD_CPU_GPU_CV 6022mW/5576mW VDD_SOC 3745mW/3475mW
08-11-2026 21:49:03 RAM 5311/7607MB (lfb 48x4MB) SWAP 1504/16384MB (cached 78MB) CPU [1%@729,2%@729,8%@729,0%@729,1%@729,0%@729] GR3D_FREQ 91% cpu@58.718C soc2@57.75C soc0@58.625C gpu@59.937C tj@59.937C soc1@57.937C VDD_IN 14255mW/13563mW VDD_CPU_GPU_CV 5943mW/5578mW VDD_SOC 3711mW/3477mW
08-11-2026 21:49:04 RAM 5311/7607MB (lfb 48x4MB) SWAP 1504/16384MB (cached 78MB) CPU [0%@729,2%@729,7%@729,3%@729,0%@729,1%@729] GR3D_FREQ 91% cpu@58.812C soc2@57.812C soc0@58.687C gpu@59.906C tj@59.906C soc1@57.968C VDD_IN 14136mW/13567mW VDD_CPU_GPU_CV 5864mW/5580mW VDD_SOC 3672mW/3478mW
08-11-2026 21:49:05 RAM 5313/7607MB (lfb 47x4MB) SWAP 1503/16384MB (cached 77MB) CPU [7%@729,4%@729,5%@729,10%@729,15%@729,1%@729] GR3D_FREQ 96% cpu@58.593C soc2@57.906C soc0@58.687C gpu@59.875C tj@59.875C soc1@58.062C VDD_IN 14120mW/13571mW VDD_CPU_GPU_CV 5864mW/5582mW VDD_SOC 3672mW/3479mW
08-11-2026 21:49:06 RAM 5313/7607MB (lfb 47x4MB) SWAP 1503/16384MB (cached 77MB) CPU [3%@729,2%@729,1%@729,12%@729,0%@729,0%@729] GR3D_FREQ 97% cpu@58.718C soc2@57.781C soc0@58.812C gpu@59.593C tj@59.593C soc1@57.968C VDD_IN 13882mW/13573mW VDD_CPU_GPU_CV 5707mW/5583mW VDD_SOC 3632mW/3480mW
08-11-2026 21:49:07 RAM 5312/7607MB (lfb 47x4MB) SWAP 1503/16384MB (cached 77MB) CPU [2%@729,0%@729,5%@729,6%@729,1%@729,0%@729] GR3D_FREQ 99% cpu@58.593C soc2@57.812C soc0@58.718C gpu@59.156C tj@59.156C soc1@57.968C VDD_IN 13764mW/13574mW VDD_CPU_GPU_CV 5667mW/5584mW VDD_SOC 3553mW/3481mW
08-11-2026 21:49:08 RAM 5312/7607MB (lfb 47x4MB) SWAP 1503/16384MB (cached 77MB) CPU [2%@729,2%@729,1%@729,1%@729,6%@729,0%@729] GR3D_FREQ 99% cpu@58.625C soc2@57.781C soc0@58.656C gpu@59.656C tj@59.656C soc1@57.937C VDD_IN 14018mW/13577mW VDD_CPU_GPU_CV 5864mW/5585mW VDD_SOC 3593mW/3482mW
08-11-2026 21:49:09 RAM 5313/7607MB (lfb 47x4MB) SWAP 1503/16384MB (cached 77MB) CPU [3%@1344,2%@1344,1%@1344,1%@1344,8%@729,0%@729] GR3D_FREQ 97% cpu@59C soc2@57.812C soc0@58.812C gpu@59.875C tj@59.875C soc1@58.062C VDD_IN 14294mW/13582mW VDD_CPU_GPU_CV 6022mW/5588mW VDD_SOC 3711mW/3483mW
08-11-2026 21:49:10 RAM 5312/7607MB (lfb 47x4MB) SWAP 1503/16384MB (cached 77MB) CPU [9%@729,4%@729,19%@729,2%@729,9%@729,2%@729] GR3D_FREQ 91% cpu@58.718C soc2@57.875C soc0@58.843C gpu@59.812C tj@59.812C soc1@57.968C VDD_IN 14452mW/13587mW VDD_CPU_GPU_CV 6100mW/5592mW VDD_SOC 3705mW/3484mW
08-11-2026 21:49:11 RAM 5313/7607MB (lfb 47x4MB) SWAP 1503/16384MB (cached 77MB) CPU [3%@729,1%@729,1%@729,1%@729,9%@729,0%@729] GR3D_FREQ 98% cpu@58.812C soc2@57.812C soc0@58.875C gpu@59.812C tj@59.625C soc1@57.937C VDD_IN 14294mW/13592mW VDD_CPU_GPU_CV 5943mW/5594mW VDD_SOC 3666mW/3486mW
08-11-2026 21:49:12 RAM 5313/7607MB (lfb 47x4MB) SWAP 1503/16384MB (cached 77MB) CPU [1%@729,1%@729,2%@729,1%@729,9%@729,0%@729] GR3D_FREQ 92% cpu@59C soc2@58C soc0@58.687C gpu@59.718C tj@59.718C soc1@58C VDD_IN 14176mW/13596mW VDD_CPU_GPU_CV 5904mW/5596mW VDD_SOC 3672mW/3487mW
08-11-2026 21:49:13 RAM 5313/7607MB (lfb 47x4MB) SWAP 1503/16384MB (cached 77MB) CPU [1%@729,1%@729,2%@729,3%@729,8%@729,0%@729] GR3D_FREQ 97% cpu@58.843C soc2@57.937C soc0@58.781C gpu@59.718C tj@59.718C soc1@58.187C VDD_IN 14057mW/13599mW VDD_CPU_GPU_CV 5825mW/5597mW VDD_SOC 3632mW/3488mW
08-11-2026 21:49:14 RAM 5313/7607MB (lfb 47x4MB) SWAP 1503/16384MB (cached 77MB) CPU [3%@729,3%@729,3%@729,1%@729,6%@729,0%@729] GR3D_FREQ 90% cpu@59.125C soc2@57.968C soc0@58.875C gpu@59.531C tj@59.531C soc1@58.156C VDD_IN 13882mW/13601mW VDD_CPU_GPU_CV 5707mW/5598mW VDD_SOC 3593mW/3488mW
08-11-2026 21:49:15 RAM 5313/7607MB (lfb 47x4MB) SWAP 1503/16384MB (cached 77MB) CPU [1%@729,1%@729,1%@729,2%@729,8%@729,0%@729] GR3D_FREQ 99% cpu@58.625C soc2@57.968C soc0@58.875C gpu@59.375C tj@59.375C soc1@58.031C VDD_IN 13803mW/13602mW VDD_CPU_GPU_CV 5667mW/5599mW VDD_SOC 3553mW/3489mW
08-11-2026 21:49:16 RAM 5311/7607MB (lfb 47x4MB) SWAP 1503/16384MB (cached 77MB) CPU [13%@729,11%@729,7%@729,10%@729,2%@729,0%@729] GR3D_FREQ 99% cpu@58.718C soc2@57.875C soc0@58.781C gpu@59.625C tj@59.625C soc1@58.125C VDD_IN 14176mW/13605mW VDD_CPU_GPU_CV 5943mW/5601mW VDD_SOC 3632mW/3490mW
08-11-2026 21:49:17 RAM 5311/7607MB (lfb 47x4MB) SWAP 1503/16384MB (cached 77MB) CPU [11%@729,3%@729,1%@729,1%@729,1%@729,0%@729] GR3D_FREQ 97% cpu@58.937C soc2@57.968C soc0@58.875C gpu@60.062C tj@60.062C soc1@58.093C VDD_IN 14334mW/13610mW VDD_CPU_GPU_CV 5982mW/5603mW VDD_SOC 3705mW/3491mW
08-11-2026 21:49:18 RAM 5311/7607MB (lfb 47x4MB) SWAP 1503/16384MB (cached 77MB) CPU [10%@729,5%@729,0%@729,0%@729,1%@729,1%@729] GR3D_FREQ 91% cpu@58.75C soc2@58C soc0@58.968C gpu@60C tj@60C soc1@58.125C VDD_IN 14334mW/13615mW VDD_CPU_GPU_CV 5982mW/5605mW VDD_SOC 3705mW/3492mW
08-11-2026 21:49:19 RAM 5311/7607MB (lfb 47x4MB) SWAP 1503/16384MB (cached 77MB) CPU [8%@729,2%@729,3%@729,1%@729,0%@729,0%@729] GR3D_FREQ 91% cpu@59.125C soc2@58.093C soc0@58.968C gpu@59.968C tj@59.968C soc1@58.281C VDD_IN 14255mW/13618mW VDD_CPU_GPU_CV 5943mW/5608mW VDD_SOC 3672mW/3494mW
08-11-2026 21:49:20 RAM 5312/7607MB (lfb 47x4MB) SWAP 1503/16384MB (cached 77MB) CPU [4%@729,6%@729,1%@729,1%@729,0%@729,0%@729] GR3D_FREQ 91% cpu@58.75C soc2@58.031C soc0@59.031C gpu@59.937C tj@59.937C soc1@58.093C VDD_IN 14176mW/13622mW VDD_CPU_GPU_CV 5904mW/5609mW VDD_SOC 3672mW/3495mW
08-11-2026 21:49:21 RAM 5314/7607MB (lfb 47x4MB) SWAP 1502/16384MB (cached 77MB) CPU [14%@1267,14%@1267,6%@1267,2%@1267,0%@729,1%@729] GR3D_FREQ 96% cpu@59.093C soc2@58.031C soc0@58.968C gpu@60C tj@60C soc1@58.125C VDD_IN 14294mW/13626mW VDD_CPU_GPU_CV 6022mW/5612mW VDD_SOC 3666mW/3496mW
08-11-2026 21:49:22 RAM 5313/7607MB (lfb 47x4MB) SWAP 1502/16384MB (cached 77MB) CPU [11%@729,2%@729,1%@729,1%@729,1%@729,1%@729] GR3D_FREQ 96% cpu@59.156C soc2@58.062C soc0@58.968C gpu@59.843C tj@59.843C soc1@58.187C VDD_IN 14001mW/13628mW VDD_CPU_GPU_CV 5785mW/5613mW VDD_SOC 3632mW/3497mW
08-11-2026 21:49:23 RAM 5313/7607MB (lfb 47x4MB) SWAP 1502/16384MB (cached 77MB) CPU [3%@729,1%@729,1%@729,6%@729,1%@729,1%@729] GR3D_FREQ 99% cpu@58.812C soc2@58.093C soc0@58.937C gpu@59.343C tj@59.343C soc1@58.281C VDD_IN 13764mW/13629mW VDD_CPU_GPU_CV 5677mW/5613mW VDD_SOC 3553mW/3497mW
08-11-2026 21:49:24 RAM 5313/7607MB (lfb 47x4MB) SWAP 1502/16384MB (cached 77MB) CPU [1%@729,3%@729,1%@729,6%@729,0%@729,1%@729] GR3D_FREQ 99% cpu@58.75C soc2@58.062C soc0@58.937C gpu@59.687C tj@59.687C soc1@58.375C VDD_IN 14001mW/13631mW VDD_CPU_GPU_CV 5825mW/5615mW VDD_SOC 3593mW/3497mW
08-11-2026 21:49:25 RAM 5313/7607MB (lfb 47x4MB) SWAP 1502/16384MB (cached 77MB) CPU [9%@729,2%@729,0%@729,5%@729,1%@729,1%@729] GR3D_FREQ 99% cpu@58.875C soc2@58C soc0@59.093C gpu@60C tj@60C soc1@58.281C VDD_IN 14294mW/13635mW VDD_CPU_GPU_CV 5982mW/5617mW VDD_SOC 3666mW/3498mW
08-11-2026 21:49:26 RAM 5313/7607MB (lfb 47x4MB) SWAP 1502/16384MB (cached 77MB) CPU [11%@729,1%@729,0%@729,1%@729,1%@729,1%@729] GR3D_FREQ 98% cpu@59.031C soc2@58.125C soc0@58.968C gpu@60.281C tj@60.281C soc1@58.281C VDD_IN 14413mW/13640mW VDD_CPU_GPU_CV 5982mW/5619mW VDD_SOC 3745mW/3500mW
08-11-2026 21:49:27 RAM 5314/7607MB (lfb 48x4MB) SWAP 1502/16384MB (cached 77MB) CPU [8%@729,15%@729,6%@729,5%@729,3%@729,1%@729] GR3D_FREQ 89% cpu@59.156C soc2@58.093C soc0@59.031C gpu@60.218C tj@60.218C soc1@58.406C VDD_IN 14373mW/13644mW VDD_CPU_GPU_CV 6022mW/5621mW VDD_SOC 3705mW/3501mW
08-11-2026 21:49:28 RAM 5315/7607MB (lfb 48x4MB) SWAP 1502/16384MB (cached 77MB) CPU [2%@729,8%@729,1%@729,1%@729,2%@729,1%@729] GR3D_FREQ 91% cpu@58.937C soc2@58.218C soc0@59C gpu@60.312C tj@60.312C soc1@58.437C VDD_IN 14176mW/13647mW VDD_CPU_GPU_CV 5904mW/5623mW VDD_SOC 3672mW/3502mW
08-11-2026 21:49:29 RAM 5315/7607MB (lfb 48x4MB) SWAP 1502/16384MB (cached 77MB) CPU [1%@729,9%@729,1%@729,1%@729,0%@729,1%@729] GR3D_FREQ 92% cpu@58.968C soc2@58.156C soc0@59.156C gpu@60.218C tj@60.218C soc1@58.187C VDD_IN 14097mW/13650mW VDD_CPU_GPU_CV 5864mW/5624mW VDD_SOC 3672mW/3503mW
08-11-2026 21:49:30 RAM 5315/7607MB (lfb 48x4MB) SWAP 1502/16384MB (cached 77MB) CPU [2%@729,5%@729,6%@729,0%@729,1%@729,1%@729] GR3D_FREQ 96% cpu@59.218C soc2@58.125C soc0@59.093C gpu@59.968C tj@59.968C soc1@58.218C VDD_IN 13961mW/13652mW VDD_CPU_GPU_CV 5746mW/5625mW VDD_SOC 3632mW/3504mW
08-11-2026 21:49:31 RAM 5314/7607MB (lfb 48x4MB) SWAP 1502/16384MB (cached 77MB) CPU [4%@729,2%@729,8%@729,2%@729,0%@729,0%@729] GR3D_FREQ 45% cpu@59.5C soc2@58.093C soc0@59.031C gpu@59.656C tj@59.656C soc1@58.343C VDD_IN 13724mW/13652mW VDD_CPU_GPU_CV 5667mW/5625mW VDD_SOC 3553mW/3504mW
08-11-2026 21:49:32 RAM 5314/7607MB (lfb 48x4MB) SWAP 1502/16384MB (cached 77MB) CPU [6%@729,3%@729,8%@729,3%@729,0%@729,0%@729] GR3D_FREQ 99% cpu@59.156C soc2@58.218C soc0@59.093C gpu@59.781C tj@59.781C soc1@58.406C VDD_IN 14001mW/13654mW VDD_CPU_GPU_CV 5825mW/5626mW VDD_SOC 3593mW/3505mW
08-11-2026 21:49:33 RAM 5317/7607MB (lfb 48x4MB) SWAP 1501/16384MB (cached 77MB) CPU [12%@729,5%@729,2%@729,1%@729,14%@729,0%@729] GR3D_FREQ 99% cpu@58.906C soc2@58.218C soc0@59.125C gpu@60.031C tj@60.312C soc1@58.281C VDD_IN 14255mW/13658mW VDD_CPU_GPU_CV 5982mW/5628mW VDD_SOC 3632mW/3505mW
08-11-2026 21:49:34 RAM 5316/7607MB (lfb 48x4MB) SWAP 1501/16384MB (cached 77MB) CPU [6%@729,1%@729,1%@729,1%@729,0%@729,0%@729] GR3D_FREQ 96% cpu@59.093C soc2@58.218C soc0@59.062C gpu@60.187C tj@60.187C soc1@58.312C VDD_IN 14413mW/13662mW VDD_CPU_GPU_CV 5982mW/5630mW VDD_SOC 3705mW/3506mW
08-11-2026 21:49:35 RAM 5316/7607MB (lfb 48x4MB) SWAP 1501/16384MB (cached 77MB) CPU [5%@729,3%@729,3%@729,3%@729,0%@729,0%@729] GR3D_FREQ 91% cpu@59.156C soc2@58.218C soc0@59.031C gpu@60.031C tj@60.031C soc1@58.406C VDD_IN 14294mW/13665mW VDD_CPU_GPU_CV 5982mW/5632mW VDD_SOC 3711mW/3508mW
08-11-2026 21:49:36 RAM 5318/7607MB (lfb 32x4MB) SWAP 1501/16384MB (cached 77MB) CPU [23%@1344,35%@1344,26%@1344,22%@1344,19%@1344,18%@1344] GR3D_FREQ 0% cpu@59.468C soc2@57.812C soc0@58.937C gpu@58.156C tj@59.468C soc1@58.281C VDD_IN 8638mW/13637mW VDD_CPU_GPU_CV 2821mW/5617mW VDD_SOC 2149mW/3500mW
08-11-2026 21:49:37 RAM 5355/7607MB (lfb 23x4MB) SWAP 1501/16384MB (cached 77MB) CPU [47%@729,47%@729,45%@729,46%@729,51%@729,45%@729] GR3D_FREQ 98% cpu@58.656C soc2@57.687C soc0@58.718C gpu@59.25C tj@59.25C soc1@58.343C VDD_IN 11150mW/13623mW VDD_CPU_GPU_CV 4390mW/5610mW VDD_SOC 2499mW/3494mW
08-11-2026 21:49:38 RAM 5359/7607MB (lfb 22x4MB) SWAP 1501/16384MB (cached 77MB) CPU [5%@729,3%@729,16%@729,7%@729,9%@729,0%@729] GR3D_FREQ 91% cpu@58.687C soc2@57.875C soc0@58.906C gpu@59.687C tj@59.687C soc1@58.062C VDD_IN 13329mW/13622mW VDD_CPU_GPU_CV 5677mW/5610mW VDD_SOC 3119mW/3492mW
08-11-2026 21:49:39 RAM 5358/7607MB (lfb 22x4MB) SWAP 1501/16384MB (cached 77MB) CPU [2%@729,2%@729,3%@729,2%@729,7%@729,0%@729] GR3D_FREQ 98% cpu@59.062C soc2@57.812C soc0@58.875C gpu@59.812C tj@59.812C soc1@58.187C VDD_IN 13645mW/13622mW VDD_CPU_GPU_CV 5667mW/5611mW VDD_SOC 3435mW/3492mW
08-11-2026 21:49:40 RAM 5359/7607MB (lfb 22x4MB) SWAP 1501/16384MB (cached 77MB) CPU [2%@729,1%@729,1%@729,1%@729,9%@729,0%@729] GR3D_FREQ 99% cpu@58.718C soc2@57.906C soc0@58.812C gpu@59.468C tj@59.468C soc1@58.156C VDD_IN 13684mW/13622mW VDD_CPU_GPU_CV 5637mW/5611mW VDD_SOC 3514mW/3492mW
08-11-2026 21:49:41 RAM 5360/7607MB (lfb 22x4MB) SWAP 1501/16384MB (cached 77MB) CPU [2%@729,2%@729,0%@729,1%@729,7%@729,0%@729] GR3D_FREQ 99% cpu@59.062C soc2@58.062C soc0@58.875C gpu@59.593C tj@59.593C soc1@58.343C VDD_IN 13961mW/13624mW VDD_CPU_GPU_CV 5785mW/5612mW VDD_SOC 3593mW/3493mW
08-11-2026 21:49:42 RAM 5362/7607MB (lfb 22x4MB) SWAP 1501/16384MB (cached 77MB) CPU [2%@729,1%@729,1%@729,1%@729,9%@729,0%@729] GR3D_FREQ 97% cpu@58.687C soc2@58C soc0@59C gpu@60.156C tj@60.156C soc1@58.312C VDD_IN 14294mW/13628mW VDD_CPU_GPU_CV 5982mW/5614mW VDD_SOC 3666mW/3494mW
08-11-2026 21:49:43 RAM 5364/7607MB (lfb 21x4MB) SWAP 1501/16384MB (cached 77MB) CPU [2%@729,1%@729,1%@729,1%@729,9%@729,1%@729] GR3D_FREQ 98% cpu@59.031C soc2@58C soc0@59.031C gpu@59.843C tj@59.843C soc1@58.125C VDD_IN 14294mW/13631mW VDD_CPU_GPU_CV 5943mW/5615mW VDD_SOC 3705mW/3495mW
08-11-2026 21:49:44 RAM 5364/7607MB (lfb 21x4MB) SWAP 1500/16384MB (cached 78MB) CPU [11%@729,8%@729,15%@729,6%@729,1%@729,0%@729] GR3D_FREQ 90% cpu@59.125C soc2@58.062C soc0@58.843C gpu@59.906C tj@59.906C soc1@58.156C VDD_IN 14255mW/13635mW VDD_CPU_GPU_CV 5943mW/5617mW VDD_SOC 3672mW/3496mW
08-11-2026 21:49:45 RAM 5364/7607MB (lfb 21x4MB) SWAP 1500/16384MB (cached 78MB) CPU [7%@729,2%@729,5%@729,2%@729,0%@729,0%@729] GR3D_FREQ 90% cpu@58.937C soc2@58.093C soc0@58.937C gpu@59.781C tj@59.781C soc1@58.218C VDD_IN 14097mW/13637mW VDD_CPU_GPU_CV 5825mW/5618mW VDD_SOC 3672mW/3497mW
08-11-2026 21:49:46 RAM 5365/7607MB (lfb 21x4MB) SWAP 1500/16384MB (cached 78MB) CPU [1%@729,4%@729,9%@729,1%@729,0%@729,0%@729] GR3D_FREQ 96% cpu@59.156C soc2@58.031C soc0@58.906C gpu@59.75C tj@59.75C soc1@58.375C VDD_IN 13961mW/13639mW VDD_CPU_GPU_CV 5707mW/5619mW VDD_SOC 3632mW/3497mW
08-11-2026 21:49:47 RAM 5367/7607MB (lfb 20x4MB) SWAP 1500/16384MB (cached 78MB) CPU [13%@729,2%@729,3%@729,2%@729,0%@729,0%@729] GR3D_FREQ 69% cpu@58.718C soc2@58.093C soc0@58.968C gpu@59.625C tj@59.625C soc1@58.125C VDD_IN 13645mW/13639mW VDD_CPU_GPU_CV 5637mW/5619mW VDD_SOC 3553mW/3498mW
08-11-2026 21:49:48 RAM 5369/7607MB (lfb 20x4MB) SWAP 1500/16384MB (cached 78MB) CPU [5%@729,4%@729,3%@729,6%@729,0%@729,1%@729] GR3D_FREQ 99% cpu@58.812C soc2@58C soc0@58.843C gpu@59.781C tj@59.781C soc1@58.156C VDD_IN 14001mW/13641mW VDD_CPU_GPU_CV 5864mW/5620mW VDD_SOC 3593mW/3498mW
08-11-2026 21:49:49 RAM 5373/7607MB (lfb 18x4MB) SWAP 1500/16384MB (cached 78MB) CPU [8%@729,8%@729,17%@729,10%@729,0%@729,0%@729] GR3D_FREQ 99% cpu@59.156C soc2@58.062C soc0@58.875C gpu@60.312C tj@60.312C soc1@58.218C VDD_IN 14492mW/13645mW VDD_CPU_GPU_CV 6179mW/5623mW VDD_SOC 3666mW/3499mW
08-11-2026 21:49:50 RAM 5375/7607MB (lfb 18x4MB) SWAP 1500/16384MB (cached 78MB) CPU [3%@729,1%@729,13%@729,1%@729,0%@729,0%@729] GR3D_FREQ 91% cpu@58.875C soc2@58.031C soc0@58.906C gpu@60.031C tj@60.031C soc1@58.218C VDD_IN 14334mW/13649mW VDD_CPU_GPU_CV 5982mW/5625mW VDD_SOC 3705mW/3500mW
08-11-2026 21:49:51 RAM 5376/7607MB (lfb 18x4MB) SWAP 1500/16384MB (cached 78MB) CPU [5%@729,1%@729,9%@729,2%@729,0%@729,0%@729] GR3D_FREQ 98% cpu@59.093C soc2@57.968C soc0@58.937C gpu@60.031C tj@60.031C soc1@58.406C VDD_IN 14176mW/13651mW VDD_CPU_GPU_CV 5864mW/5626mW VDD_SOC 3672mW/3501mW
08-11-2026 21:49:52 RAM 5378/7607MB (lfb 17x4MB) SWAP 1500/16384MB (cached 78MB) CPU [2%@729,1%@729,10%@729,2%@729,0%@729,0%@729] GR3D_FREQ 99% cpu@58.843C soc2@58.156C soc0@59.062C gpu@59.906C tj@59.906C soc1@58.156C VDD_IN 14057mW/13654mW VDD_CPU_GPU_CV 5825mW/5627mW VDD_SOC 3672mW/3502mW
08-11-2026 21:49:53 RAM 5379/7607MB (lfb 17x4MB) SWAP 1500/16384MB (cached 78MB) CPU [8%@729,0%@729,3%@729,3%@729,0%@729,1%@729] GR3D_FREQ 98% cpu@58.937C soc2@58.031C soc0@58.875C gpu@59.875C tj@59.875C soc1@58.156C VDD_IN 13922mW/13655mW VDD_CPU_GPU_CV 5746mW/5628mW VDD_SOC 3632mW/3503mW
08-11-2026 21:49:54 RAM 5380/7607MB (lfb 17x4MB) SWAP 1500/16384MB (cached 78MB) CPU [1%@729,7%@729,3%@729,2%@729,0%@729,0%@729] GR3D_FREQ 98% cpu@58.906C soc2@58.062C soc0@58.875C gpu@59.468C tj@59.468C soc1@58.187C VDD_IN 13684mW/13655mW VDD_CPU_GPU_CV 5667mW/5628mW VDD_SOC 3553mW/3503mW
08-11-2026 21:49:56 RAM 5384/7607MB (lfb 16x4MB) SWAP 1499/16384MB (cached 78MB) CPU [10%@729,8%@729,4%@729,6%@729,1%@729,14%@729] GR3D_FREQ 99% cpu@58.687C soc2@58.125C soc0@58.937C gpu@59.625C tj@59.625C soc1@58.25C VDD_IN 14097mW/13657mW VDD_CPU_GPU_CV 5904mW/5629mW VDD_SOC 3593mW/3503mW
08-11-2026 21:49:57 RAM 5385/7607MB (lfb 15x4MB) SWAP 1499/16384MB (cached 78MB) CPU [3%@729,11%@729,1%@729,1%@729,0%@729,0%@729] GR3D_FREQ 98% cpu@58.843C soc2@58.125C soc0@59.031C gpu@60.281C tj@60.281C soc1@58.062C VDD_IN 14294mW/13661mW VDD_CPU_GPU_CV 5982mW/5631mW VDD_SOC 3705mW/3504mW
08-11-2026 21:49:58 RAM 5387/7607MB (lfb 15x4MB) SWAP 1499/16384MB (cached 78MB) CPU [2%@729,7%@729,1%@729,4%@729,1%@729,1%@729] GR3D_FREQ 99% cpu@59.062C soc2@58.031C soc0@58.812C gpu@60.25C tj@60.25C soc1@58.218C VDD_IN 14294mW/13664mW VDD_CPU_GPU_CV 5943mW/5633mW VDD_SOC 3705mW/3505mW
08-11-2026 21:49:59 RAM 5387/7607MB (lfb 15x4MB) SWAP 1499/16384MB (cached 78MB) CPU [1%@729,2%@729,2%@729,9%@729,0%@729,0%@729] GR3D_FREQ 97% cpu@59.187C soc2@57.968C soc0@58.781C gpu@60.218C tj@60.218C soc1@58.187C VDD_IN 14215mW/13666mW VDD_CPU_GPU_CV 5904mW/5634mW VDD_SOC 3672mW/3506mW
08-11-2026 21:50:00 RAM 5389/7607MB (lfb 15x4MB) SWAP 1499/16384MB (cached 78MB) CPU [2%@729,1%@729,2%@729,10%@729,0%@729,0%@729] GR3D_FREQ 92% cpu@59.125C soc2@57.937C soc0@58.968C gpu@59.656C tj@59.656C soc1@58.25C VDD_IN 14040mW/13668mW VDD_CPU_GPU_CV 5785mW/5635mW VDD_SOC 3632mW/3507mW
08-11-2026 21:50:01 RAM 5391/7607MB (lfb 14x4MB) SWAP 1499/16384MB (cached 78MB) CPU [8%@960,4%@960,3%@960,19%@960,0%@729,3%@729] GR3D_FREQ 96% cpu@59.062C soc2@58.093C soc0@58.937C gpu@59.687C tj@59.687C soc1@58.375C VDD_IN 14136mW/13671mW VDD_CPU_GPU_CV 5904mW/5636mW VDD_SOC 3672mW/3508mW
08-11-2026 21:50:02 RAM 5395/7607MB (lfb 13x4MB) SWAP 1499/16384MB (cached 78MB) CPU [0%@729,10%@729,3%@729,5%@729,1%@729,1%@729] GR3D_FREQ 59% cpu@58.687C soc2@58.062C soc0@59.031C gpu@59.593C tj@59.593C soc1@58.062C VDD_IN 13724mW/13671mW VDD_CPU_GPU_CV 5667mW/5636mW VDD_SOC 3553mW/3508mW
08-11-2026 21:50:03 RAM 5395/7607MB (lfb 13x4MB) SWAP 1499/16384MB (cached 78MB) CPU [9%@729,1%@729,1%@729,1%@729,0%@729,0%@729] GR3D_FREQ 99% cpu@58.812C soc2@58C soc0@58.875C gpu@59.656C tj@59.656C soc1@58.156C VDD_IN 13922mW/13672mW VDD_CPU_GPU_CV 5785mW/5637mW VDD_SOC 3593mW/3508mW
08-11-2026 21:50:04 RAM 5396/7607MB (lfb 13x4MB) SWAP 1499/16384MB (cached 78MB) CPU [4%@729,2%@729,1%@729,11%@729,0%@729,0%@729] GR3D_FREQ 99% cpu@59.125C soc2@58.031C soc0@58.812C gpu@60.062C tj@60.062C soc1@58.187C VDD_IN 14255mW/13675mW VDD_CPU_GPU_CV 5982mW/5639mW VDD_SOC 3672mW/3509mW
08-11-2026 21:50:05 RAM 5398/7607MB (lfb 12x4MB) SWAP 1499/16384MB (cached 78MB) CPU [1%@1344,0%@1344,1%@1344,10%@1344,0%@729,0%@729] GR3D_FREQ 89% cpu@59C soc2@58.062C soc0@58.906C gpu@59.875C tj@59.875C soc1@58.312C VDD_IN 14294mW/13678mW VDD_CPU_GPU_CV 5943mW/5640mW VDD_SOC 3705mW/3510mW
08-11-2026 21:50:06 RAM 5399/7607MB (lfb 12x4MB) SWAP 1499/16384MB (cached 78MB) CPU [6%@729,1%@729,1%@729,7%@729,0%@729,1%@729] GR3D_FREQ 91% cpu@58.687C soc2@58.093C soc0@59C gpu@59.875C tj@59.875C soc1@58.343C VDD_IN 14215mW/13680mW VDD_CPU_GPU_CV 5943mW/5642mW VDD_SOC 3672mW/3511mW
08-11-2026 21:50:07 RAM 5403/7607MB (lfb 11x4MB) SWAP 1499/16384MB (cached 78MB) CPU [14%@729,7%@729,2%@729,15%@729,1%@729,0%@729] GR3D_FREQ 89% cpu@58.843C soc2@58C soc0@58.875C gpu@59.718C tj@59.718C soc1@58.125C VDD_IN 14176mW/13683mW VDD_CPU_GPU_CV 5904mW/5643mW VDD_SOC 3672mW/3512mW
08-11-2026 21:50:08 RAM 5403/7607MB (lfb 11x4MB) SWAP 1499/16384MB (cached 78MB) CPU [11%@729,2%@729,0%@729,1%@729,1%@729,1%@729] GR3D_FREQ 96% cpu@59C soc2@58.031C soc0@58.875C gpu@59.718C tj@59.718C soc1@58.187C VDD_IN 14080mW/13685mW VDD_CPU_GPU_CV 5785mW/5644mW VDD_SOC 3672mW/3512mW
08-11-2026 21:50:09 RAM 5405/7607MB (lfb 10x4MB) SWAP 1499/16384MB (cached 78MB) CPU [3%@1344,3%@1344,1%@1344,8%@1344,1%@729,1%@729] GR3D_FREQ 95% cpu@59.187C soc2@57.906C soc0@58.812C gpu@59.562C tj@59.562C soc1@58.281C VDD_IN 13605mW/13684mW VDD_CPU_GPU_CV 5558mW/5643mW VDD_SOC 3553mW/3512mW
08-11-2026 21:50:10 RAM 5406/7607MB (lfb 10x4MB) SWAP 1499/16384MB (cached 78MB) CPU [4%@1113,1%@1113,1%@1113,4%@1113,2%@729,2%@729] GR3D_FREQ 99% cpu@58.718C soc2@58.093C soc0@59.093C gpu@59.656C tj@59.656C soc1@58.25C VDD_IN 13922mW/13685mW VDD_CPU_GPU_CV 5785mW/5644mW VDD_SOC 3593mW/3513mW
08-11-2026 21:50:11 RAM 5408/7607MB (lfb 10x4MB) SWAP 1499/16384MB (cached 78MB) CPU [2%@1190,2%@1190,1%@1190,8%@1190,4%@729,1%@729] GR3D_FREQ 96% cpu@58.968C soc2@58.093C soc0@59.062C gpu@60.156C tj@60.156C soc1@58.187C VDD_IN 14255mW/13688mW VDD_CPU_GPU_CV 5943mW/5645mW VDD_SOC 3666mW/3514mW
08-11-2026 21:50:12 RAM 5411/7607MB (lfb 9x4MB) SWAP 1499/16384MB (cached 78MB) CPU [2%@1344,2%@1344,2%@1344,8%@1344,2%@729,1%@729] GR3D_FREQ 97% cpu@59.25C soc2@58.125C soc0@58.843C gpu@59.812C tj@59.812C soc1@58.156C VDD_IN 14373mW/13691mW VDD_CPU_GPU_CV 6022mW/5647mW VDD_SOC 3745mW/3515mW
08-11-2026 21:50:13 RAM 5415/7607MB (lfb 8x4MB) SWAP 1498/16384MB (cached 78MB) CPU [9%@1344,4%@1344,4%@1344,3%@1344,4%@729,16%@729] GR3D_FREQ 96% cpu@58.812C soc2@58.093C soc0@59C gpu@59.843C tj@59.843C soc1@58.343C VDD_IN 14334mW/13694mW VDD_CPU_GPU_CV 6022mW/5649mW VDD_SOC 3705mW/3516mW
08-11-2026 21:50:14 RAM 5416/7607MB (lfb 8x4MB) SWAP 1498/16384MB (cached 78MB) CPU [6%@1190,8%@1190,4%@1190,1%@1190,0%@729,0%@729] GR3D_FREQ 90% cpu@59C soc2@58.156C soc0@59.031C gpu@60.031C tj@60.031C soc1@58.187C VDD_IN 14215mW/13697mW VDD_CPU_GPU_CV 5943mW/5650mW VDD_SOC 3672mW/3516mW
08-11-2026 21:50:15 RAM 5418/7607MB (lfb 7x4MB) SWAP 1498/16384MB (cached 78MB) CPU [13%@729,2%@729,1%@729,1%@729,0%@729,0%@729] GR3D_FREQ 99% cpu@59.125C soc2@58.125C soc0@58.843C gpu@59.937C tj@59.937C soc1@58.312C VDD_IN 14097mW/13699mW VDD_CPU_GPU_CV 5825mW/5651mW VDD_SOC 3672mW/3517mW
08-11-2026 21:50:16 RAM 3775/7607MB (lfb 22x4MB) SWAP 1498/16384MB (cached 78MB) CPU [8%@1344,4%@1344,40%@1344,22%@1344,3%@729,7%@729] GR3D_FREQ 0% cpu@58.843C soc2@57.562C soc0@58.718C gpu@58.375C tj@58.843C soc1@58.156C VDD_IN 8518mW/13675mW VDD_CPU_GPU_CV 2583mW/5637mW VDD_SOC 2229mW/3511mW
