
slorado base-caller version 0.5.0-beta
model path:         models/dna_r10.4.1_e8.2_400bps_hac@v5.0.0
input path:         test/PGXXXX230339/reads_20k.blow5
output path:        /dev/null
device:             cuda:all
chunk size:         12288
read batch size:    4096
gpu batch size:     128
no. threads:        8
overlap:            150

[basecaller_main::0.396*3.22] 4096 Entries (201.7M bytes) loaded
[basecaller_main::182.437*0.80] 4096 Entries (201.7M bytes) processed
[basecaller_main::182.535*0.80] 4096 Entries (212.8M bytes) loaded
[basecaller_main::371.646*0.80] 4096 Entries (212.8M bytes) processed
[basecaller_main::372.177*0.80] 4096 Entries (198.2M bytes) loaded
[basecaller_main::548.983*0.79] 4096 Entries (198.2M bytes) processed
[basecaller_main::549.522*0.79] 4096 Entries (203.8M bytes) loaded
[basecaller_main::730.750*0.79] 4096 Entries (203.8M bytes) processed
[basecaller_main::731.222*0.79] 3616 Entries (181.5M bytes) loaded
[basecaller_main::893.530*0.79] 3616 Entries (181.5M bytes) processed
[basecaller_main] total entries: 20000
[basecaller_main] total bytes: 998.1 M
[basecaller_main] model initialization: 0.219 sec (0.0%)
[basecaller_main] data loading: 1.709 sec (0.2%)
[basecaller_main] data processing: 891.494 sec (99.8%)
[basecaller_main]     - parse: 4.250 sec (0.5%)
[basecaller_main]     - preprocess: 0.348 sec (0.0%)
[basecaller_main]     - runners: 886.606 sec (99.2%)
[basecaller_main]          - synchronisation: 0.000 sec (0.0%)
[basecaller_main]          - model runner [0]: 886.599 sec (99.2% util)
[basecaller_main]             - accept: 5.295 sec (0.6% util)
[basecaller_main]             - basecall: 881.304 sec (98.6% util)
[basecaller_main]                 - inference: 796.892 sec (89.2% util)
[basecaller_main]                     - conv_stack: 56.388 sec (6.3% util)
[basecaller_main]                     - rnns: 706.322 sec (79.0% util)
[basecaller_main]                     - crf_1: 25.017 sec (2.8% util)
[basecaller_main]                     - crf_2: 0.000 sec (0.0% util)
[basecaller_main]                     - clamp: 9.150 sec (1.0% util)
[basecaller_main]                 - decode: 83.790 sec (9.4% util)
[basecaller_main]             - modcall: 0.000 sec (0.0% util)
[basecaller_main]     - postprocess: 0.290 sec (0.0%)
[basecaller_main]     - mod_preprocess: 0.000 sec (0.0%)
[basecaller_main]     - mod_postprocess: 0.000 sec (0.0%)
[basecaller_main] data output: 0.113 sec (0.0%)
[basecaller_main] data free: 0.091 sec (0.0%)
[main] Version: 0.5.0-beta
[main] CMD: ./slorado basecaller -C 128 -c 12288 -K 4096 -p 150 --cpu-beam=no -o /dev/null models/dna_r10.4.1_e8.2_400bps_hac@v5.0.0 test/PGXXXX230339/reads_20k.blow5
[main] Real time: 893.652 sec; CPU time: 708.711 sec; Peak RAM: 5.639 GB

